2026-02-23 10:14:02,703 - experiment_chaotic_lorenz_full_chaotic_run_0 - INFO - Initialized experiment: chaotic_lorenz_full_chaotic_run_0
2026-02-23 10:14:02,704 - experiment_chaotic_lorenz_full_chaotic_run_0 - INFO - Device: cuda
2026-02-23 10:14:02,704 - experiment_chaotic_lorenz_full_chaotic_run_0 - INFO - Output directory: /scratch/project_2003370/yueyao/Model/experiments/configs/chaotic_system_comparsion/lorenz/experiments/chaotic_lorenz_full_chaotic_run_0
2026-02-23 10:14:02,705 - experiment_chaotic_lorenz_full_chaotic_run_0 - INFO - [SYNC LOSS] Enabled with mode: standard
2026-02-23 10:14:02,705 - experiment_chaotic_lorenz_full_chaotic_run_0 - INFO - [SYNC LOSS] Warmup epochs: 20
2026-02-23 10:14:02,706 - experiment_chaotic_lorenz_full_chaotic_run_0 - INFO - Initialized chaotic network experiment with lorenz system
2026-02-23 10:14:02,706 - experiment_chaotic_lorenz_full_chaotic_run_0 - INFO - Setting up experiment components...
2026-02-23 10:14:02,706 - experiment_chaotic_lorenz_full_chaotic_run_0 - INFO - Creating dataloaders...
2026-02-23 10:14:03,117 - experiment_chaotic_lorenz_full_chaotic_run_0 - INFO - Detected 26 speakers in dataset
2026-02-23 10:14:03,117 - experiment_chaotic_lorenz_full_chaotic_run_0 - INFO - Dataloaders created:
2026-02-23 10:14:03,117 - experiment_chaotic_lorenz_full_chaotic_run_0 - INFO -   Train: 14 batches
2026-02-23 10:14:03,117 - experiment_chaotic_lorenz_full_chaotic_run_0 - INFO -   Val: 3 batches
2026-02-23 10:14:03,117 - experiment_chaotic_lorenz_full_chaotic_run_0 - INFO -   Test: 4 batches
2026-02-23 10:14:03,117 - experiment_chaotic_lorenz_full_chaotic_run_0 - INFO - Creating model...
2026-02-23 10:14:03,117 - experiment_chaotic_lorenz_full_chaotic_run_0 - INFO - Using actual num_speakers from dataset: 26
2026-02-23 10:15:11,563 - experiment_chaotic_lorenz_full_chaotic_run_0 - INFO - Total parameters: 584,959
2026-02-23 10:15:11,563 - experiment_chaotic_lorenz_full_chaotic_run_0 - INFO - Trainable parameters: 584,959
2026-02-23 10:15:11,563 - experiment_chaotic_lorenz_full_chaotic_run_0 - INFO - Creating optimizer...
2026-02-23 10:15:12,676 - experiment_chaotic_lorenz_full_chaotic_run_0 - INFO - Optimizer: AdamW
2026-02-23 10:15:12,676 - experiment_chaotic_lorenz_full_chaotic_run_0 - INFO - Creating scheduler...
2026-02-23 10:15:12,676 - experiment_chaotic_lorenz_full_chaotic_run_0 - INFO - Scheduler: CosineAnnealingLR
2026-02-23 10:15:12,676 - experiment_chaotic_lorenz_full_chaotic_run_0 - INFO - Creating criterion...
2026-02-23 10:15:12,676 - experiment_chaotic_lorenz_full_chaotic_run_0 - INFO - Criterion: CrossEntropyLoss
2026-02-23 10:15:12,750 - experiment_chaotic_lorenz_full_chaotic_run_0 - INFO - Configuration saved to: /scratch/project_2003370/yueyao/Model/experiments/configs/chaotic_system_comparsion/lorenz/experiments/chaotic_lorenz_full_chaotic_run_0/config.json
2026-02-23 10:15:12,750 - experiment_chaotic_lorenz_full_chaotic_run_0 - INFO - Experiment setup completed
2026-02-23 10:15:12,751 - experiment_chaotic_lorenz_full_chaotic_run_0 - INFO - Starting training for 100 epochs
2026-02-23 10:15:12,889 - experiment_chaotic_lorenz_full_chaotic_run_0 - INFO - 
================================================================================
2026-02-23 10:15:12,889 - experiment_chaotic_lorenz_full_chaotic_run_0 - INFO - COMPREHENSIVE DEBUG - FIRST BATCH
2026-02-23 10:15:12,889 - experiment_chaotic_lorenz_full_chaotic_run_0 - INFO - ================================================================================
2026-02-23 10:15:12,889 - experiment_chaotic_lorenz_full_chaotic_run_0 - INFO - Batch Info:
2026-02-23 10:15:12,889 - experiment_chaotic_lorenz_full_chaotic_run_0 - INFO -   Audio shape: torch.Size([32, 48000])
2026-02-23 10:15:12,889 - experiment_chaotic_lorenz_full_chaotic_run_0 - INFO -   Targets shape: torch.Size([32])
2026-02-23 10:15:12,894 - experiment_chaotic_lorenz_full_chaotic_run_0 - INFO -   Targets (first 8): tensor([23, 10, 24, 14,  5, 17,  8,  0], device='cuda:0')
2026-02-23 10:15:13,530 - experiment_chaotic_lorenz_full_chaotic_run_0 - INFO - ================================================================================

2026-02-23 10:15:13,751 - experiment_chaotic_lorenz_full_chaotic_run_0 - INFO - [STABILITY] Initialized LyapunovStabilityLoss
2026-02-23 10:15:13,757 - experiment_chaotic_lorenz_full_chaotic_run_0 - DEBUG - [STABILITY] lyap=0.091, max_norm=46.0, min_std=0.016
2026-02-23 10:15:14,476 - experiment_chaotic_lorenz_full_chaotic_run_0 - INFO - Train Epoch 0: [0/472 (0.0%)]	Loss: 4.856831
2026-02-23 10:15:19,680 - experiment_chaotic_lorenz_full_chaotic_run_0 - INFO - [SYNC DEBUG] Epoch 0: sync_weight=0.01, desync_weight=0.01, loss_sync=0.000000
2026-02-23 10:15:21,079 - experiment_chaotic_lorenz_full_chaotic_run_0 - INFO - Epoch 0: Train Loss: 4.7100, Train Acc: 0.0246, Val Loss: 4.1377, Val Acc: 0.0225
2026-02-23 10:15:21,155 - experiment_chaotic_lorenz_full_chaotic_run_0 - INFO - Saved new best model at epoch 0
2026-02-23 10:15:21,877 - experiment_chaotic_lorenz_full_chaotic_run_0 - INFO - Train Epoch 1: [0/472 (0.0%)]	Loss: 4.349686
2026-02-23 10:15:27,094 - experiment_chaotic_lorenz_full_chaotic_run_0 - INFO - [SYNC DEBUG] Epoch 1: sync_weight=0.01, desync_weight=0.01, loss_sync=0.000000
2026-02-23 10:15:28,689 - experiment_chaotic_lorenz_full_chaotic_run_0 - INFO - Epoch 1: Train Loss: 4.2210, Train Acc: 0.0491, Val Loss: 4.2938, Val Acc: 0.0449
2026-02-23 10:15:28,780 - experiment_chaotic_lorenz_full_chaotic_run_0 - INFO - Saved new best model at epoch 1
2026-02-23 10:15:29,371 - experiment_chaotic_lorenz_full_chaotic_run_0 - INFO - Train Epoch 2: [0/472 (0.0%)]	Loss: 3.810868
2026-02-23 10:15:34,598 - experiment_chaotic_lorenz_full_chaotic_run_0 - INFO - [SYNC DEBUG] Epoch 2: sync_weight=0.01, desync_weight=0.01, loss_sync=0.000000
2026-02-23 10:15:36,205 - experiment_chaotic_lorenz_full_chaotic_run_0 - INFO - Epoch 2: Train Loss: 4.0253, Train Acc: 0.0402, Val Loss: 4.0444, Val Acc: 0.0225
2026-02-23 10:15:36,845 - experiment_chaotic_lorenz_full_chaotic_run_0 - INFO - Train Epoch 3: [0/472 (0.0%)]	Loss: 3.769290
2026-02-23 10:15:42,098 - experiment_chaotic_lorenz_full_chaotic_run_0 - INFO - [SYNC DEBUG] Epoch 3: sync_weight=0.01, desync_weight=0.01, loss_sync=0.000000
2026-02-23 10:15:43,673 - experiment_chaotic_lorenz_full_chaotic_run_0 - INFO - Epoch 3: Train Loss: 3.7033, Train Acc: 0.0647, Val Loss: 3.8103, Val Acc: 0.0449
2026-02-23 10:15:44,315 - experiment_chaotic_lorenz_full_chaotic_run_0 - INFO - Train Epoch 4: [0/472 (0.0%)]	Loss: 3.612037
2026-02-23 10:15:49,576 - experiment_chaotic_lorenz_full_chaotic_run_0 - INFO - [SYNC DEBUG] Epoch 4: sync_weight=0.01, desync_weight=0.01, loss_sync=0.000000
2026-02-23 10:15:51,092 - experiment_chaotic_lorenz_full_chaotic_run_0 - INFO - Epoch 4: Train Loss: 3.5630, Train Acc: 0.0692, Val Loss: 3.4240, Val Acc: 0.0899
2026-02-23 10:15:51,165 - experiment_chaotic_lorenz_full_chaotic_run_0 - INFO - Saved new best model at epoch 4
2026-02-23 10:15:51,815 - experiment_chaotic_lorenz_full_chaotic_run_0 - INFO - Train Epoch 5: [0/472 (0.0%)]	Loss: 3.324076
2026-02-23 10:15:56,959 - experiment_chaotic_lorenz_full_chaotic_run_0 - INFO - [SYNC DEBUG] Epoch 5: sync_weight=0.01, desync_weight=0.01, loss_sync=0.000000
2026-02-23 10:15:58,523 - experiment_chaotic_lorenz_full_chaotic_run_0 - INFO - Epoch 5: Train Loss: 3.2236, Train Acc: 0.0938, Val Loss: 3.3334, Val Acc: 0.1124
2026-02-23 10:15:58,600 - experiment_chaotic_lorenz_full_chaotic_run_0 - INFO - Saved new best model at epoch 5
2026-02-23 10:15:59,246 - experiment_chaotic_lorenz_full_chaotic_run_0 - INFO - Train Epoch 6: [0/472 (0.0%)]	Loss: 2.852463
2026-02-23 10:16:04,272 - experiment_chaotic_lorenz_full_chaotic_run_0 - INFO - [SYNC DEBUG] Epoch 6: sync_weight=0.01, desync_weight=0.01, loss_sync=0.000000
2026-02-23 10:16:05,852 - experiment_chaotic_lorenz_full_chaotic_run_0 - INFO - Epoch 6: Train Loss: 2.9556, Train Acc: 0.1585, Val Loss: 3.3862, Val Acc: 0.0674
2026-02-23 10:16:06,486 - experiment_chaotic_lorenz_full_chaotic_run_0 - INFO - Train Epoch 7: [0/472 (0.0%)]	Loss: 2.671297
2026-02-23 10:16:07,058 - experiment_chaotic_lorenz_full_chaotic_run_0 - DEBUG - [STABILITY] lyap=0.012, max_norm=52.7, min_std=11.035
2026-02-23 10:16:11,522 - experiment_chaotic_lorenz_full_chaotic_run_0 - INFO - [SYNC DEBUG] Epoch 7: sync_weight=0.01, desync_weight=0.01, loss_sync=0.000000
2026-02-23 10:16:13,069 - experiment_chaotic_lorenz_full_chaotic_run_0 - INFO - Epoch 7: Train Loss: 2.7341, Train Acc: 0.2054, Val Loss: 2.8488, Val Acc: 0.1685
2026-02-23 10:16:13,145 - experiment_chaotic_lorenz_full_chaotic_run_0 - INFO - Saved new best model at epoch 7
2026-02-23 10:16:13,797 - experiment_chaotic_lorenz_full_chaotic_run_0 - INFO - Train Epoch 8: [0/472 (0.0%)]	Loss: 2.651196
2026-02-23 10:16:19,000 - experiment_chaotic_lorenz_full_chaotic_run_0 - INFO - [SYNC DEBUG] Epoch 8: sync_weight=0.01, desync_weight=0.01, loss_sync=0.000000
2026-02-23 10:16:20,453 - experiment_chaotic_lorenz_full_chaotic_run_0 - INFO - Epoch 8: Train Loss: 2.5495, Train Acc: 0.2254, Val Loss: 2.7576, Val Acc: 0.1573
2026-02-23 10:16:21,103 - experiment_chaotic_lorenz_full_chaotic_run_0 - INFO - Train Epoch 9: [0/472 (0.0%)]	Loss: 2.232887
2026-02-23 10:16:26,324 - experiment_chaotic_lorenz_full_chaotic_run_0 - INFO - [SYNC DEBUG] Epoch 9: sync_weight=0.01, desync_weight=0.01, loss_sync=0.000000
2026-02-23 10:16:27,759 - experiment_chaotic_lorenz_full_chaotic_run_0 - INFO - Epoch 9: Train Loss: 2.2486, Train Acc: 0.2612, Val Loss: 3.1864, Val Acc: 0.1011
2026-02-23 10:16:28,363 - experiment_chaotic_lorenz_full_chaotic_run_0 - INFO - Train Epoch 10: [0/472 (0.0%)]	Loss: 2.331330
2026-02-23 10:16:33,588 - experiment_chaotic_lorenz_full_chaotic_run_0 - INFO - [SYNC DEBUG] Epoch 10: sync_weight=0.01, desync_weight=0.01, loss_sync=0.000000
2026-02-23 10:16:34,986 - experiment_chaotic_lorenz_full_chaotic_run_0 - INFO - Epoch 10: Train Loss: 2.2640, Train Acc: 0.2902, Val Loss: 2.4429, Val Acc: 0.2360
2026-02-23 10:16:35,074 - experiment_chaotic_lorenz_full_chaotic_run_0 - INFO - Saved new best model at epoch 10
2026-02-23 10:16:35,836 - experiment_chaotic_lorenz_full_chaotic_run_0 - INFO - Train Epoch 11: [0/472 (0.0%)]	Loss: 2.181460
2026-02-23 10:16:41,158 - experiment_chaotic_lorenz_full_chaotic_run_0 - INFO - [SYNC DEBUG] Epoch 11: sync_weight=0.01, desync_weight=0.01, loss_sync=0.000000
2026-02-23 10:16:42,644 - experiment_chaotic_lorenz_full_chaotic_run_0 - INFO - Epoch 11: Train Loss: 2.0097, Train Acc: 0.3482, Val Loss: 2.7829, Val Acc: 0.1798
2026-02-23 10:16:43,247 - experiment_chaotic_lorenz_full_chaotic_run_0 - INFO - Train Epoch 12: [0/472 (0.0%)]	Loss: 2.144635
2026-02-23 10:16:48,457 - experiment_chaotic_lorenz_full_chaotic_run_0 - INFO - [SYNC DEBUG] Epoch 12: sync_weight=0.01, desync_weight=0.01, loss_sync=0.000000
2026-02-23 10:16:50,005 - experiment_chaotic_lorenz_full_chaotic_run_0 - INFO - Epoch 12: Train Loss: 1.9923, Train Acc: 0.3371, Val Loss: 2.7332, Val Acc: 0.1573
2026-02-23 10:16:50,673 - experiment_chaotic_lorenz_full_chaotic_run_0 - INFO - Train Epoch 13: [0/472 (0.0%)]	Loss: 1.996408
2026-02-23 10:16:55,838 - experiment_chaotic_lorenz_full_chaotic_run_0 - INFO - [SYNC DEBUG] Epoch 13: sync_weight=0.01, desync_weight=0.01, loss_sync=0.000000
2026-02-23 10:16:57,337 - experiment_chaotic_lorenz_full_chaotic_run_0 - INFO - Epoch 13: Train Loss: 1.7706, Train Acc: 0.4196, Val Loss: 2.0646, Val Acc: 0.2584
2026-02-23 10:16:57,415 - experiment_chaotic_lorenz_full_chaotic_run_0 - INFO - Saved new best model at epoch 13
2026-02-23 10:16:58,097 - experiment_chaotic_lorenz_full_chaotic_run_0 - INFO - Train Epoch 14: [0/472 (0.0%)]	Loss: 1.941154
2026-02-23 10:16:59,579 - experiment_chaotic_lorenz_full_chaotic_run_0 - DEBUG - [STABILITY] lyap=0.018, max_norm=48.2, min_std=10.226
2026-02-23 10:17:03,606 - experiment_chaotic_lorenz_full_chaotic_run_0 - INFO - [SYNC DEBUG] Epoch 14: sync_weight=0.01, desync_weight=0.01, loss_sync=0.000000
2026-02-23 10:17:05,164 - experiment_chaotic_lorenz_full_chaotic_run_0 - INFO - Epoch 14: Train Loss: 1.7156, Train Acc: 0.4107, Val Loss: 1.9799, Val Acc: 0.3596
2026-02-23 10:17:05,239 - experiment_chaotic_lorenz_full_chaotic_run_0 - INFO - Saved new best model at epoch 14
2026-02-23 10:17:05,900 - experiment_chaotic_lorenz_full_chaotic_run_0 - INFO - Train Epoch 15: [0/472 (0.0%)]	Loss: 1.813930
2026-02-23 10:17:10,891 - experiment_chaotic_lorenz_full_chaotic_run_0 - INFO - [SYNC DEBUG] Epoch 15: sync_weight=0.01, desync_weight=0.01, loss_sync=0.000000
2026-02-23 10:17:12,513 - experiment_chaotic_lorenz_full_chaotic_run_0 - INFO - Epoch 15: Train Loss: 1.5629, Train Acc: 0.4509, Val Loss: 2.4794, Val Acc: 0.2584
2026-02-23 10:17:13,177 - experiment_chaotic_lorenz_full_chaotic_run_0 - INFO - Train Epoch 16: [0/472 (0.0%)]	Loss: 1.668377
2026-02-23 10:17:18,410 - experiment_chaotic_lorenz_full_chaotic_run_0 - INFO - [SYNC DEBUG] Epoch 16: sync_weight=0.01, desync_weight=0.01, loss_sync=0.000000
2026-02-23 10:17:19,949 - experiment_chaotic_lorenz_full_chaotic_run_0 - INFO - Epoch 16: Train Loss: 1.4521, Train Acc: 0.4933, Val Loss: 1.6272, Val Acc: 0.5169
2026-02-23 10:17:20,026 - experiment_chaotic_lorenz_full_chaotic_run_0 - INFO - Saved new best model at epoch 16
2026-02-23 10:17:20,732 - experiment_chaotic_lorenz_full_chaotic_run_0 - INFO - Train Epoch 17: [0/472 (0.0%)]	Loss: 1.458147
2026-02-23 10:17:25,745 - experiment_chaotic_lorenz_full_chaotic_run_0 - INFO - [SYNC DEBUG] Epoch 17: sync_weight=0.01, desync_weight=0.01, loss_sync=0.000000
2026-02-23 10:17:27,337 - experiment_chaotic_lorenz_full_chaotic_run_0 - INFO - Epoch 17: Train Loss: 1.3231, Train Acc: 0.5759, Val Loss: 1.9702, Val Acc: 0.3483
2026-02-23 10:17:27,973 - experiment_chaotic_lorenz_full_chaotic_run_0 - INFO - Train Epoch 18: [0/472 (0.0%)]	Loss: 1.382883
2026-02-23 10:17:33,100 - experiment_chaotic_lorenz_full_chaotic_run_0 - INFO - [SYNC DEBUG] Epoch 18: sync_weight=0.01, desync_weight=0.01, loss_sync=0.000000
2026-02-23 10:17:34,618 - experiment_chaotic_lorenz_full_chaotic_run_0 - INFO - Epoch 18: Train Loss: 1.2091, Train Acc: 0.5915, Val Loss: 1.8923, Val Acc: 0.3933
2026-02-23 10:17:35,265 - experiment_chaotic_lorenz_full_chaotic_run_0 - INFO - Train Epoch 19: [0/472 (0.0%)]	Loss: 1.244840
2026-02-23 10:17:40,402 - experiment_chaotic_lorenz_full_chaotic_run_0 - INFO - [SYNC DEBUG] Epoch 19: sync_weight=0.01, desync_weight=0.01, loss_sync=0.000000
2026-02-23 10:17:41,851 - experiment_chaotic_lorenz_full_chaotic_run_0 - INFO - Epoch 19: Train Loss: 1.1844, Train Acc: 0.5893, Val Loss: 2.0337, Val Acc: 0.4045
2026-02-23 10:17:42,432 - experiment_chaotic_lorenz_full_chaotic_run_0 - INFO - Train Epoch 20: [0/472 (0.0%)]	Loss: 0.745722
2026-02-23 10:17:47,215 - experiment_chaotic_lorenz_full_chaotic_run_0 - INFO - [SYNC DEBUG] Epoch 20: sync_weight=0.01, desync_weight=0.01, loss_sync=0.052780
2026-02-23 10:17:48,601 - experiment_chaotic_lorenz_full_chaotic_run_0 - INFO - Epoch 20: Train Loss: 1.0995, Train Acc: 0.6496, Val Loss: 2.5434, Val Acc: 0.2472
2026-02-23 10:17:49,266 - experiment_chaotic_lorenz_full_chaotic_run_0 - INFO - Train Epoch 21: [0/472 (0.0%)]	Loss: 1.410804
2026-02-23 10:17:51,039 - experiment_chaotic_lorenz_full_chaotic_run_0 - DEBUG - [STABILITY] lyap=0.015, max_norm=50.6, min_std=10.996
2026-02-23 10:17:53,740 - experiment_chaotic_lorenz_full_chaotic_run_0 - INFO - [SYNC DEBUG] Epoch 21: sync_weight=0.01, desync_weight=0.01, loss_sync=0.047367
2026-02-23 10:17:55,103 - experiment_chaotic_lorenz_full_chaotic_run_0 - INFO - Epoch 21: Train Loss: 1.0091, Train Acc: 0.6741, Val Loss: 1.5209, Val Acc: 0.5843
2026-02-23 10:17:55,181 - experiment_chaotic_lorenz_full_chaotic_run_0 - INFO - Saved new best model at epoch 21
2026-02-23 10:17:55,783 - experiment_chaotic_lorenz_full_chaotic_run_0 - INFO - Train Epoch 22: [0/472 (0.0%)]	Loss: 0.948155
2026-02-23 10:18:00,122 - experiment_chaotic_lorenz_full_chaotic_run_0 - INFO - [SYNC DEBUG] Epoch 22: sync_weight=0.01, desync_weight=0.01, loss_sync=0.049549
2026-02-23 10:18:01,456 - experiment_chaotic_lorenz_full_chaotic_run_0 - INFO - Epoch 22: Train Loss: 0.8363, Train Acc: 0.7366, Val Loss: 2.1788, Val Acc: 0.3371
2026-02-23 10:18:01,459 - experiment_chaotic_lorenz_full_chaotic_run_0 - INFO - [SYNC LOSS] Dynamic activation triggered at epoch 23
2026-02-23 10:18:01,459 - experiment_chaotic_lorenz_full_chaotic_run_0 - INFO - [SYNC LOSS] Train accuracy 73.66% >= threshold 70.00%
2026-02-23 10:18:02,026 - experiment_chaotic_lorenz_full_chaotic_run_0 - INFO - Train Epoch 23: [0/472 (0.0%)]	Loss: 0.613229
2026-02-23 10:18:06,372 - experiment_chaotic_lorenz_full_chaotic_run_0 - INFO - [SYNC DEBUG] Epoch 23: sync_weight=0.01, desync_weight=0.01, loss_sync=0.053318
2026-02-23 10:18:07,708 - experiment_chaotic_lorenz_full_chaotic_run_0 - INFO - Epoch 23: Train Loss: 0.8590, Train Acc: 0.7388, Val Loss: 1.4881, Val Acc: 0.4719
2026-02-23 10:18:08,292 - experiment_chaotic_lorenz_full_chaotic_run_0 - INFO - Train Epoch 24: [0/472 (0.0%)]	Loss: 0.942164
2026-02-23 10:18:12,610 - experiment_chaotic_lorenz_full_chaotic_run_0 - INFO - [SYNC DEBUG] Epoch 24: sync_weight=0.01, desync_weight=0.01, loss_sync=0.052040
2026-02-23 10:18:13,940 - experiment_chaotic_lorenz_full_chaotic_run_0 - INFO - Epoch 24: Train Loss: 0.7460, Train Acc: 0.7902, Val Loss: 1.9171, Val Acc: 0.4382
2026-02-23 10:18:14,507 - experiment_chaotic_lorenz_full_chaotic_run_0 - INFO - Train Epoch 25: [0/472 (0.0%)]	Loss: 0.900317
2026-02-23 10:18:18,837 - experiment_chaotic_lorenz_full_chaotic_run_0 - INFO - [SYNC DEBUG] Epoch 25: sync_weight=0.01, desync_weight=0.01, loss_sync=0.051457
2026-02-23 10:18:20,179 - experiment_chaotic_lorenz_full_chaotic_run_0 - INFO - Epoch 25: Train Loss: 0.6922, Train Acc: 0.8170, Val Loss: 1.7363, Val Acc: 0.4270
2026-02-23 10:18:20,750 - experiment_chaotic_lorenz_full_chaotic_run_0 - INFO - Train Epoch 26: [0/472 (0.0%)]	Loss: 0.480468
2026-02-23 10:18:25,102 - experiment_chaotic_lorenz_full_chaotic_run_0 - INFO - [SYNC DEBUG] Epoch 26: sync_weight=0.01, desync_weight=0.01, loss_sync=0.050463
2026-02-23 10:18:26,451 - experiment_chaotic_lorenz_full_chaotic_run_0 - INFO - Epoch 26: Train Loss: 0.6406, Train Acc: 0.7969, Val Loss: 1.2206, Val Acc: 0.5843
2026-02-23 10:18:27,015 - experiment_chaotic_lorenz_full_chaotic_run_0 - INFO - Train Epoch 27: [0/472 (0.0%)]	Loss: 0.832233
2026-02-23 10:18:31,351 - experiment_chaotic_lorenz_full_chaotic_run_0 - INFO - [SYNC DEBUG] Epoch 27: sync_weight=0.01, desync_weight=0.01, loss_sync=0.048517
2026-02-23 10:18:32,691 - experiment_chaotic_lorenz_full_chaotic_run_0 - INFO - Epoch 27: Train Loss: 0.5148, Train Acc: 0.8504, Val Loss: 1.1079, Val Acc: 0.6517
2026-02-23 10:18:32,766 - experiment_chaotic_lorenz_full_chaotic_run_0 - INFO - Saved new best model at epoch 27
2026-02-23 10:18:33,358 - experiment_chaotic_lorenz_full_chaotic_run_0 - INFO - Train Epoch 28: [0/472 (0.0%)]	Loss: 0.557074
2026-02-23 10:18:35,730 - experiment_chaotic_lorenz_full_chaotic_run_0 - DEBUG - [STABILITY] lyap=0.014, max_norm=50.3, min_std=11.325
2026-02-23 10:18:37,706 - experiment_chaotic_lorenz_full_chaotic_run_0 - INFO - [SYNC DEBUG] Epoch 28: sync_weight=0.01, desync_weight=0.01, loss_sync=0.049609
2026-02-23 10:18:39,061 - experiment_chaotic_lorenz_full_chaotic_run_0 - INFO - Epoch 28: Train Loss: 0.5325, Train Acc: 0.8527, Val Loss: 1.5724, Val Acc: 0.4944
2026-02-23 10:18:39,628 - experiment_chaotic_lorenz_full_chaotic_run_0 - INFO - Train Epoch 29: [0/472 (0.0%)]	Loss: 0.417624
2026-02-23 10:18:44,045 - experiment_chaotic_lorenz_full_chaotic_run_0 - INFO - [SYNC DEBUG] Epoch 29: sync_weight=0.01, desync_weight=0.01, loss_sync=0.049713
2026-02-23 10:18:45,389 - experiment_chaotic_lorenz_full_chaotic_run_0 - INFO - Epoch 29: Train Loss: 0.4732, Train Acc: 0.8571, Val Loss: 2.0531, Val Acc: 0.4270
2026-02-23 10:18:45,955 - experiment_chaotic_lorenz_full_chaotic_run_0 - INFO - Train Epoch 30: [0/472 (0.0%)]	Loss: 0.317146
2026-02-23 10:18:50,312 - experiment_chaotic_lorenz_full_chaotic_run_0 - INFO - [SYNC DEBUG] Epoch 30: sync_weight=0.01, desync_weight=0.01, loss_sync=0.049043
2026-02-23 10:18:51,638 - experiment_chaotic_lorenz_full_chaotic_run_0 - INFO - Epoch 30: Train Loss: 0.5833, Train Acc: 0.8281, Val Loss: 2.5710, Val Acc: 0.4607
2026-02-23 10:18:52,289 - experiment_chaotic_lorenz_full_chaotic_run_0 - INFO - Train Epoch 31: [0/472 (0.0%)]	Loss: 0.549216
2026-02-23 10:18:56,769 - experiment_chaotic_lorenz_full_chaotic_run_0 - INFO - [SYNC DEBUG] Epoch 31: sync_weight=0.01, desync_weight=0.01, loss_sync=0.049708
2026-02-23 10:18:58,112 - experiment_chaotic_lorenz_full_chaotic_run_0 - INFO - Epoch 31: Train Loss: 0.4985, Train Acc: 0.8594, Val Loss: 1.8706, Val Acc: 0.4382
2026-02-23 10:18:58,702 - experiment_chaotic_lorenz_full_chaotic_run_0 - INFO - Train Epoch 32: [0/472 (0.0%)]	Loss: 0.284213
2026-02-23 10:19:03,014 - experiment_chaotic_lorenz_full_chaotic_run_0 - INFO - [SYNC DEBUG] Epoch 32: sync_weight=0.01, desync_weight=0.01, loss_sync=0.050129
2026-02-23 10:19:04,408 - experiment_chaotic_lorenz_full_chaotic_run_0 - INFO - Epoch 32: Train Loss: 0.3808, Train Acc: 0.9152, Val Loss: 1.1817, Val Acc: 0.6517
2026-02-23 10:19:04,994 - experiment_chaotic_lorenz_full_chaotic_run_0 - INFO - Train Epoch 33: [0/472 (0.0%)]	Loss: 0.260245
2026-02-23 10:19:10,490 - experiment_chaotic_lorenz_full_chaotic_run_0 - INFO - [SYNC DEBUG] Epoch 33: sync_weight=0.01, desync_weight=0.01, loss_sync=0.049723
2026-02-23 10:19:11,960 - experiment_chaotic_lorenz_full_chaotic_run_0 - INFO - Epoch 33: Train Loss: 0.3872, Train Acc: 0.8929, Val Loss: 1.0559, Val Acc: 0.7079
2026-02-23 10:19:12,043 - experiment_chaotic_lorenz_full_chaotic_run_0 - INFO - Saved new best model at epoch 33
2026-02-23 10:19:12,703 - experiment_chaotic_lorenz_full_chaotic_run_0 - INFO - Train Epoch 34: [0/472 (0.0%)]	Loss: 0.332789
2026-02-23 10:19:18,212 - experiment_chaotic_lorenz_full_chaotic_run_0 - INFO - [SYNC DEBUG] Epoch 34: sync_weight=0.01, desync_weight=0.01, loss_sync=0.050427
2026-02-23 10:19:19,663 - experiment_chaotic_lorenz_full_chaotic_run_0 - INFO - Epoch 34: Train Loss: 0.3835, Train Acc: 0.8884, Val Loss: 1.8671, Val Acc: 0.5843
2026-02-23 10:19:20,330 - experiment_chaotic_lorenz_full_chaotic_run_0 - INFO - Train Epoch 35: [0/472 (0.0%)]	Loss: 0.275638
2026-02-23 10:19:24,073 - experiment_chaotic_lorenz_full_chaotic_run_0 - DEBUG - [STABILITY] lyap=0.014, max_norm=49.8, min_std=11.309
2026-02-23 10:19:25,699 - experiment_chaotic_lorenz_full_chaotic_run_0 - INFO - [SYNC DEBUG] Epoch 35: sync_weight=0.01, desync_weight=0.01, loss_sync=0.049822
2026-02-23 10:19:27,326 - experiment_chaotic_lorenz_full_chaotic_run_0 - INFO - Epoch 35: Train Loss: 0.3612, Train Acc: 0.9174, Val Loss: 1.2113, Val Acc: 0.5843
2026-02-23 10:19:27,993 - experiment_chaotic_lorenz_full_chaotic_run_0 - INFO - Train Epoch 36: [0/472 (0.0%)]	Loss: 0.217240
2026-02-23 10:19:33,343 - experiment_chaotic_lorenz_full_chaotic_run_0 - INFO - [SYNC DEBUG] Epoch 36: sync_weight=0.01, desync_weight=0.01, loss_sync=0.049912
2026-02-23 10:19:34,926 - experiment_chaotic_lorenz_full_chaotic_run_0 - INFO - Epoch 36: Train Loss: 0.3359, Train Acc: 0.9129, Val Loss: 1.1848, Val Acc: 0.6966
2026-02-23 10:19:35,625 - experiment_chaotic_lorenz_full_chaotic_run_0 - INFO - Train Epoch 37: [0/472 (0.0%)]	Loss: 0.388869
2026-02-23 10:19:41,074 - experiment_chaotic_lorenz_full_chaotic_run_0 - INFO - [SYNC DEBUG] Epoch 37: sync_weight=0.01, desync_weight=0.01, loss_sync=0.050351
2026-02-23 10:19:42,646 - experiment_chaotic_lorenz_full_chaotic_run_0 - INFO - Epoch 37: Train Loss: 0.3157, Train Acc: 0.9308, Val Loss: 1.4731, Val Acc: 0.5730
2026-02-23 10:19:43,246 - experiment_chaotic_lorenz_full_chaotic_run_0 - INFO - Train Epoch 38: [0/472 (0.0%)]	Loss: 0.284935
2026-02-23 10:19:48,598 - experiment_chaotic_lorenz_full_chaotic_run_0 - INFO - [SYNC DEBUG] Epoch 38: sync_weight=0.01, desync_weight=0.01, loss_sync=0.049822
2026-02-23 10:19:49,971 - experiment_chaotic_lorenz_full_chaotic_run_0 - INFO - Epoch 38: Train Loss: 0.2959, Train Acc: 0.9241, Val Loss: 1.4093, Val Acc: 0.5169
2026-02-23 10:19:50,569 - experiment_chaotic_lorenz_full_chaotic_run_0 - INFO - Train Epoch 39: [0/472 (0.0%)]	Loss: 0.436335
2026-02-23 10:19:55,793 - experiment_chaotic_lorenz_full_chaotic_run_0 - INFO - [SYNC DEBUG] Epoch 39: sync_weight=0.01, desync_weight=0.01, loss_sync=0.050172
2026-02-23 10:19:57,342 - experiment_chaotic_lorenz_full_chaotic_run_0 - INFO - Epoch 39: Train Loss: 0.3188, Train Acc: 0.9241, Val Loss: 0.9564, Val Acc: 0.7416
2026-02-23 10:19:57,428 - experiment_chaotic_lorenz_full_chaotic_run_0 - INFO - Saved new best model at epoch 39
2026-02-23 10:19:58,051 - experiment_chaotic_lorenz_full_chaotic_run_0 - INFO - Train Epoch 40: [0/472 (0.0%)]	Loss: 0.272826
2026-02-23 10:20:03,244 - experiment_chaotic_lorenz_full_chaotic_run_0 - INFO - [SYNC DEBUG] Epoch 40: sync_weight=0.01, desync_weight=0.01, loss_sync=0.049987
2026-02-23 10:20:04,822 - experiment_chaotic_lorenz_full_chaotic_run_0 - INFO - Epoch 40: Train Loss: 0.3084, Train Acc: 0.9174, Val Loss: 1.4997, Val Acc: 0.4944
2026-02-23 10:20:05,491 - experiment_chaotic_lorenz_full_chaotic_run_0 - INFO - Train Epoch 41: [0/472 (0.0%)]	Loss: 0.271641
2026-02-23 10:20:10,705 - experiment_chaotic_lorenz_full_chaotic_run_0 - INFO - [SYNC DEBUG] Epoch 41: sync_weight=0.01, desync_weight=0.01, loss_sync=0.050108
2026-02-23 10:20:12,259 - experiment_chaotic_lorenz_full_chaotic_run_0 - INFO - Epoch 41: Train Loss: 0.2484, Train Acc: 0.9442, Val Loss: 0.7130, Val Acc: 0.7753
2026-02-23 10:20:12,340 - experiment_chaotic_lorenz_full_chaotic_run_0 - INFO - Saved new best model at epoch 41
2026-02-23 10:20:13,015 - experiment_chaotic_lorenz_full_chaotic_run_0 - INFO - Train Epoch 42: [0/472 (0.0%)]	Loss: 0.185229
2026-02-23 10:20:17,260 - experiment_chaotic_lorenz_full_chaotic_run_0 - DEBUG - [STABILITY] lyap=0.014, max_norm=50.0, min_std=11.345
2026-02-23 10:20:18,067 - experiment_chaotic_lorenz_full_chaotic_run_0 - INFO - [SYNC DEBUG] Epoch 42: sync_weight=0.01, desync_weight=0.01, loss_sync=0.050033
2026-02-23 10:20:19,629 - experiment_chaotic_lorenz_full_chaotic_run_0 - INFO - Epoch 42: Train Loss: 0.2126, Train Acc: 0.9598, Val Loss: 1.2486, Val Acc: 0.6404
2026-02-23 10:20:20,276 - experiment_chaotic_lorenz_full_chaotic_run_0 - INFO - Train Epoch 43: [0/472 (0.0%)]	Loss: 0.130179
2026-02-23 10:20:25,392 - experiment_chaotic_lorenz_full_chaotic_run_0 - INFO - [SYNC DEBUG] Epoch 43: sync_weight=0.01, desync_weight=0.01, loss_sync=0.049880
2026-02-23 10:20:26,947 - experiment_chaotic_lorenz_full_chaotic_run_0 - INFO - Epoch 43: Train Loss: 0.2118, Train Acc: 0.9487, Val Loss: 0.4863, Val Acc: 0.8539
2026-02-23 10:20:27,025 - experiment_chaotic_lorenz_full_chaotic_run_0 - INFO - Saved new best model at epoch 43
2026-02-23 10:20:27,702 - experiment_chaotic_lorenz_full_chaotic_run_0 - INFO - Train Epoch 44: [0/472 (0.0%)]	Loss: 0.263753
2026-02-23 10:20:32,839 - experiment_chaotic_lorenz_full_chaotic_run_0 - INFO - [SYNC DEBUG] Epoch 44: sync_weight=0.01, desync_weight=0.01, loss_sync=0.049753
2026-02-23 10:20:34,451 - experiment_chaotic_lorenz_full_chaotic_run_0 - INFO - Epoch 44: Train Loss: 0.2574, Train Acc: 0.9397, Val Loss: 1.1250, Val Acc: 0.7303
2026-02-23 10:20:35,108 - experiment_chaotic_lorenz_full_chaotic_run_0 - INFO - Train Epoch 45: [0/472 (0.0%)]	Loss: 0.193753
2026-02-23 10:20:40,199 - experiment_chaotic_lorenz_full_chaotic_run_0 - INFO - [SYNC DEBUG] Epoch 45: sync_weight=0.01, desync_weight=0.01, loss_sync=0.049770
2026-02-23 10:20:41,773 - experiment_chaotic_lorenz_full_chaotic_run_0 - INFO - Epoch 45: Train Loss: 0.2156, Train Acc: 0.9554, Val Loss: 1.2904, Val Acc: 0.6292
2026-02-23 10:20:42,433 - experiment_chaotic_lorenz_full_chaotic_run_0 - INFO - Train Epoch 46: [0/472 (0.0%)]	Loss: 0.234743
2026-02-23 10:20:47,768 - experiment_chaotic_lorenz_full_chaotic_run_0 - INFO - [SYNC DEBUG] Epoch 46: sync_weight=0.01, desync_weight=0.01, loss_sync=0.049947
2026-02-23 10:20:49,193 - experiment_chaotic_lorenz_full_chaotic_run_0 - INFO - Epoch 46: Train Loss: 0.2394, Train Acc: 0.9353, Val Loss: 1.1592, Val Acc: 0.7079
2026-02-23 10:20:49,841 - experiment_chaotic_lorenz_full_chaotic_run_0 - INFO - Train Epoch 47: [0/472 (0.0%)]	Loss: 0.247217
2026-02-23 10:20:55,083 - experiment_chaotic_lorenz_full_chaotic_run_0 - INFO - [SYNC DEBUG] Epoch 47: sync_weight=0.01, desync_weight=0.01, loss_sync=0.049571
2026-02-23 10:20:56,471 - experiment_chaotic_lorenz_full_chaotic_run_0 - INFO - Epoch 47: Train Loss: 0.2270, Train Acc: 0.9442, Val Loss: 0.9649, Val Acc: 0.7079
2026-02-23 10:20:57,149 - experiment_chaotic_lorenz_full_chaotic_run_0 - INFO - Train Epoch 48: [0/472 (0.0%)]	Loss: 0.270493
2026-02-23 10:21:02,458 - experiment_chaotic_lorenz_full_chaotic_run_0 - INFO - [SYNC DEBUG] Epoch 48: sync_weight=0.01, desync_weight=0.01, loss_sync=0.049899
2026-02-23 10:21:04,034 - experiment_chaotic_lorenz_full_chaotic_run_0 - INFO - Epoch 48: Train Loss: 0.2046, Train Acc: 0.9598, Val Loss: 0.7816, Val Acc: 0.7753
2026-02-23 10:21:04,670 - experiment_chaotic_lorenz_full_chaotic_run_0 - INFO - Train Epoch 49: [0/472 (0.0%)]	Loss: 0.134627
2026-02-23 10:21:10,031 - experiment_chaotic_lorenz_full_chaotic_run_0 - INFO - [SYNC DEBUG] Epoch 49: sync_weight=0.01, desync_weight=0.01, loss_sync=0.049572
2026-02-23 10:21:11,653 - experiment_chaotic_lorenz_full_chaotic_run_0 - INFO - Epoch 49: Train Loss: 0.2104, Train Acc: 0.9531, Val Loss: 1.4202, Val Acc: 0.7416
2026-02-23 10:21:12,107 - experiment_chaotic_lorenz_full_chaotic_run_0 - DEBUG - [STABILITY] lyap=0.014, max_norm=49.9, min_std=11.328
2026-02-23 10:21:12,313 - experiment_chaotic_lorenz_full_chaotic_run_0 - INFO - Train Epoch 50: [0/472 (0.0%)]	Loss: 0.138088
2026-02-23 10:21:17,690 - experiment_chaotic_lorenz_full_chaotic_run_0 - INFO - [SYNC DEBUG] Epoch 50: sync_weight=0.01, desync_weight=0.01, loss_sync=0.049438
2026-02-23 10:21:19,294 - experiment_chaotic_lorenz_full_chaotic_run_0 - INFO - Epoch 50: Train Loss: 0.1648, Train Acc: 0.9732, Val Loss: 0.4007, Val Acc: 0.8876
2026-02-23 10:21:19,374 - experiment_chaotic_lorenz_full_chaotic_run_0 - INFO - Saved new best model at epoch 50
2026-02-23 10:21:20,174 - experiment_chaotic_lorenz_full_chaotic_run_0 - INFO - Train Epoch 51: [0/472 (0.0%)]	Loss: 0.341495
2026-02-23 10:21:25,380 - experiment_chaotic_lorenz_full_chaotic_run_0 - INFO - [SYNC DEBUG] Epoch 51: sync_weight=0.01, desync_weight=0.01, loss_sync=0.049804
2026-02-23 10:21:26,950 - experiment_chaotic_lorenz_full_chaotic_run_0 - INFO - Epoch 51: Train Loss: 0.1883, Train Acc: 0.9621, Val Loss: 0.6775, Val Acc: 0.7978
2026-02-23 10:21:27,596 - experiment_chaotic_lorenz_full_chaotic_run_0 - INFO - Train Epoch 52: [0/472 (0.0%)]	Loss: 0.132616
2026-02-23 10:21:32,782 - experiment_chaotic_lorenz_full_chaotic_run_0 - INFO - [SYNC DEBUG] Epoch 52: sync_weight=0.01, desync_weight=0.01, loss_sync=0.050042
2026-02-23 10:21:34,323 - experiment_chaotic_lorenz_full_chaotic_run_0 - INFO - Epoch 52: Train Loss: 0.1498, Train Acc: 0.9821, Val Loss: 0.6852, Val Acc: 0.8427
2026-02-23 10:21:34,984 - experiment_chaotic_lorenz_full_chaotic_run_0 - INFO - Train Epoch 53: [0/472 (0.0%)]	Loss: 0.142991
2026-02-23 10:21:40,069 - experiment_chaotic_lorenz_full_chaotic_run_0 - INFO - [SYNC DEBUG] Epoch 53: sync_weight=0.01, desync_weight=0.01, loss_sync=0.049645
2026-02-23 10:21:41,608 - experiment_chaotic_lorenz_full_chaotic_run_0 - INFO - Epoch 53: Train Loss: 0.1308, Train Acc: 0.9866, Val Loss: 0.4263, Val Acc: 0.8427
2026-02-23 10:21:42,269 - experiment_chaotic_lorenz_full_chaotic_run_0 - INFO - Train Epoch 54: [0/472 (0.0%)]	Loss: 0.091003
2026-02-23 10:21:47,407 - experiment_chaotic_lorenz_full_chaotic_run_0 - INFO - [SYNC DEBUG] Epoch 54: sync_weight=0.01, desync_weight=0.01, loss_sync=0.049775
2026-02-23 10:21:49,029 - experiment_chaotic_lorenz_full_chaotic_run_0 - INFO - Epoch 54: Train Loss: 0.1386, Train Acc: 0.9732, Val Loss: 0.9944, Val Acc: 0.7640
2026-02-23 10:21:49,698 - experiment_chaotic_lorenz_full_chaotic_run_0 - INFO - Train Epoch 55: [0/472 (0.0%)]	Loss: 0.105009
2026-02-23 10:21:54,979 - experiment_chaotic_lorenz_full_chaotic_run_0 - INFO - [SYNC DEBUG] Epoch 55: sync_weight=0.01, desync_weight=0.01, loss_sync=0.049825
2026-02-23 10:21:56,558 - experiment_chaotic_lorenz_full_chaotic_run_0 - INFO - Epoch 55: Train Loss: 0.1317, Train Acc: 0.9821, Val Loss: 0.5890, Val Acc: 0.8315
2026-02-23 10:21:57,162 - experiment_chaotic_lorenz_full_chaotic_run_0 - INFO - Train Epoch 56: [0/472 (0.0%)]	Loss: 0.175999
2026-02-23 10:22:02,364 - experiment_chaotic_lorenz_full_chaotic_run_0 - INFO - [SYNC DEBUG] Epoch 56: sync_weight=0.01, desync_weight=0.01, loss_sync=0.050135
2026-02-23 10:22:03,868 - experiment_chaotic_lorenz_full_chaotic_run_0 - INFO - Epoch 56: Train Loss: 0.1618, Train Acc: 0.9799, Val Loss: 0.4799, Val Acc: 0.8876
2026-02-23 10:22:04,525 - experiment_chaotic_lorenz_full_chaotic_run_0 - INFO - Train Epoch 57: [0/472 (0.0%)]	Loss: 0.176859
2026-02-23 10:22:05,148 - experiment_chaotic_lorenz_full_chaotic_run_0 - DEBUG - [STABILITY] lyap=0.014, max_norm=49.9, min_std=11.309
2026-02-23 10:22:09,829 - experiment_chaotic_lorenz_full_chaotic_run_0 - INFO - [SYNC DEBUG] Epoch 57: sync_weight=0.01, desync_weight=0.01, loss_sync=0.049786
2026-02-23 10:22:11,314 - experiment_chaotic_lorenz_full_chaotic_run_0 - INFO - Epoch 57: Train Loss: 0.1733, Train Acc: 0.9665, Val Loss: 0.3328, Val Acc: 0.8876
2026-02-23 10:22:11,925 - experiment_chaotic_lorenz_full_chaotic_run_0 - INFO - Train Epoch 58: [0/472 (0.0%)]	Loss: 0.249932
2026-02-23 10:22:17,263 - experiment_chaotic_lorenz_full_chaotic_run_0 - INFO - [SYNC DEBUG] Epoch 58: sync_weight=0.01, desync_weight=0.01, loss_sync=0.049934
2026-02-23 10:22:18,720 - experiment_chaotic_lorenz_full_chaotic_run_0 - INFO - Epoch 58: Train Loss: 0.1488, Train Acc: 0.9688, Val Loss: 0.2884, Val Acc: 0.9326
2026-02-23 10:22:18,800 - experiment_chaotic_lorenz_full_chaotic_run_0 - INFO - Saved new best model at epoch 58
2026-02-23 10:22:19,439 - experiment_chaotic_lorenz_full_chaotic_run_0 - INFO - Train Epoch 59: [0/472 (0.0%)]	Loss: 0.281478
2026-02-23 10:22:24,666 - experiment_chaotic_lorenz_full_chaotic_run_0 - INFO - [SYNC DEBUG] Epoch 59: sync_weight=0.01, desync_weight=0.01, loss_sync=0.049545
2026-02-23 10:22:26,220 - experiment_chaotic_lorenz_full_chaotic_run_0 - INFO - Epoch 59: Train Loss: 0.1557, Train Acc: 0.9777, Val Loss: 0.4042, Val Acc: 0.8539
2026-02-23 10:22:26,828 - experiment_chaotic_lorenz_full_chaotic_run_0 - INFO - Train Epoch 60: [0/472 (0.0%)]	Loss: 0.107238
2026-02-23 10:22:31,972 - experiment_chaotic_lorenz_full_chaotic_run_0 - INFO - [SYNC DEBUG] Epoch 60: sync_weight=0.01, desync_weight=0.01, loss_sync=0.049858
2026-02-23 10:22:33,508 - experiment_chaotic_lorenz_full_chaotic_run_0 - INFO - Epoch 60: Train Loss: 0.1337, Train Acc: 0.9821, Val Loss: 0.4149, Val Acc: 0.8427
2026-02-23 10:22:34,165 - experiment_chaotic_lorenz_full_chaotic_run_0 - INFO - Train Epoch 61: [0/472 (0.0%)]	Loss: 0.081386
2026-02-23 10:22:39,346 - experiment_chaotic_lorenz_full_chaotic_run_0 - INFO - [SYNC DEBUG] Epoch 61: sync_weight=0.01, desync_weight=0.01, loss_sync=0.049668
2026-02-23 10:22:40,902 - experiment_chaotic_lorenz_full_chaotic_run_0 - INFO - Epoch 61: Train Loss: 0.1269, Train Acc: 0.9799, Val Loss: 0.2133, Val Acc: 0.9438
2026-02-23 10:22:40,982 - experiment_chaotic_lorenz_full_chaotic_run_0 - INFO - Saved new best model at epoch 61
2026-02-23 10:22:41,689 - experiment_chaotic_lorenz_full_chaotic_run_0 - INFO - Train Epoch 62: [0/472 (0.0%)]	Loss: 0.079811
2026-02-23 10:22:47,014 - experiment_chaotic_lorenz_full_chaotic_run_0 - INFO - [SYNC DEBUG] Epoch 62: sync_weight=0.01, desync_weight=0.01, loss_sync=0.049814
2026-02-23 10:22:48,624 - experiment_chaotic_lorenz_full_chaotic_run_0 - INFO - Epoch 62: Train Loss: 0.1051, Train Acc: 0.9911, Val Loss: 0.2086, Val Acc: 0.9551
2026-02-23 10:22:48,703 - experiment_chaotic_lorenz_full_chaotic_run_0 - INFO - Saved new best model at epoch 62
2026-02-23 10:22:49,412 - experiment_chaotic_lorenz_full_chaotic_run_0 - INFO - Train Epoch 63: [0/472 (0.0%)]	Loss: 0.120954
2026-02-23 10:22:54,534 - experiment_chaotic_lorenz_full_chaotic_run_0 - INFO - [SYNC DEBUG] Epoch 63: sync_weight=0.01, desync_weight=0.01, loss_sync=0.049278
2026-02-23 10:22:56,123 - experiment_chaotic_lorenz_full_chaotic_run_0 - INFO - Epoch 63: Train Loss: 0.1262, Train Acc: 0.9799, Val Loss: 0.4906, Val Acc: 0.8315
2026-02-23 10:22:56,754 - experiment_chaotic_lorenz_full_chaotic_run_0 - INFO - Train Epoch 64: [0/472 (0.0%)]	Loss: 0.101803
2026-02-23 10:22:58,196 - experiment_chaotic_lorenz_full_chaotic_run_0 - DEBUG - [STABILITY] lyap=0.014, max_norm=49.9, min_std=11.315
2026-02-23 10:23:02,035 - experiment_chaotic_lorenz_full_chaotic_run_0 - INFO - [SYNC DEBUG] Epoch 64: sync_weight=0.01, desync_weight=0.01, loss_sync=0.049471
2026-02-23 10:23:03,598 - experiment_chaotic_lorenz_full_chaotic_run_0 - INFO - Epoch 64: Train Loss: 0.1089, Train Acc: 0.9911, Val Loss: 0.2261, Val Acc: 0.9213
2026-02-23 10:23:04,232 - experiment_chaotic_lorenz_full_chaotic_run_0 - INFO - Train Epoch 65: [0/472 (0.0%)]	Loss: 0.144480
2026-02-23 10:23:09,419 - experiment_chaotic_lorenz_full_chaotic_run_0 - INFO - [SYNC DEBUG] Epoch 65: sync_weight=0.01, desync_weight=0.01, loss_sync=0.049842
2026-02-23 10:23:11,017 - experiment_chaotic_lorenz_full_chaotic_run_0 - INFO - Epoch 65: Train Loss: 0.1377, Train Acc: 0.9799, Val Loss: 0.3372, Val Acc: 0.8989
2026-02-23 10:23:11,676 - experiment_chaotic_lorenz_full_chaotic_run_0 - INFO - Train Epoch 66: [0/472 (0.0%)]	Loss: 0.081116
2026-02-23 10:23:16,800 - experiment_chaotic_lorenz_full_chaotic_run_0 - INFO - [SYNC DEBUG] Epoch 66: sync_weight=0.01, desync_weight=0.01, loss_sync=0.049594
2026-02-23 10:23:18,417 - experiment_chaotic_lorenz_full_chaotic_run_0 - INFO - Epoch 66: Train Loss: 0.1318, Train Acc: 0.9844, Val Loss: 0.5245, Val Acc: 0.8427
2026-02-23 10:23:19,089 - experiment_chaotic_lorenz_full_chaotic_run_0 - INFO - Train Epoch 67: [0/472 (0.0%)]	Loss: 0.134171
2026-02-23 10:23:24,327 - experiment_chaotic_lorenz_full_chaotic_run_0 - INFO - [SYNC DEBUG] Epoch 67: sync_weight=0.01, desync_weight=0.01, loss_sync=0.049728
2026-02-23 10:23:25,887 - experiment_chaotic_lorenz_full_chaotic_run_0 - INFO - Epoch 67: Train Loss: 0.1183, Train Acc: 0.9866, Val Loss: 0.1633, Val Acc: 0.9438
2026-02-23 10:23:26,536 - experiment_chaotic_lorenz_full_chaotic_run_0 - INFO - Train Epoch 68: [0/472 (0.0%)]	Loss: 0.086042
2026-02-23 10:23:31,862 - experiment_chaotic_lorenz_full_chaotic_run_0 - INFO - [SYNC DEBUG] Epoch 68: sync_weight=0.01, desync_weight=0.01, loss_sync=0.049578
2026-02-23 10:23:33,494 - experiment_chaotic_lorenz_full_chaotic_run_0 - INFO - Epoch 68: Train Loss: 0.1575, Train Acc: 0.9688, Val Loss: 0.1096, Val Acc: 0.9663
2026-02-23 10:23:33,572 - experiment_chaotic_lorenz_full_chaotic_run_0 - INFO - Saved new best model at epoch 68
2026-02-23 10:23:34,277 - experiment_chaotic_lorenz_full_chaotic_run_0 - INFO - Train Epoch 69: [0/472 (0.0%)]	Loss: 0.204233
2026-02-23 10:23:39,557 - experiment_chaotic_lorenz_full_chaotic_run_0 - INFO - [SYNC DEBUG] Epoch 69: sync_weight=0.01, desync_weight=0.01, loss_sync=0.049580
2026-02-23 10:23:40,977 - experiment_chaotic_lorenz_full_chaotic_run_0 - INFO - Epoch 69: Train Loss: 0.1358, Train Acc: 0.9799, Val Loss: 0.1509, Val Acc: 0.9775
2026-02-23 10:23:41,069 - experiment_chaotic_lorenz_full_chaotic_run_0 - INFO - Saved new best model at epoch 69
2026-02-23 10:23:41,685 - experiment_chaotic_lorenz_full_chaotic_run_0 - INFO - Train Epoch 70: [0/472 (0.0%)]	Loss: 0.071951
2026-02-23 10:23:46,926 - experiment_chaotic_lorenz_full_chaotic_run_0 - INFO - [SYNC DEBUG] Epoch 70: sync_weight=0.01, desync_weight=0.01, loss_sync=0.049503
2026-02-23 10:23:48,431 - experiment_chaotic_lorenz_full_chaotic_run_0 - INFO - Epoch 70: Train Loss: 0.1016, Train Acc: 0.9911, Val Loss: 0.2763, Val Acc: 0.8764
2026-02-23 10:23:49,149 - experiment_chaotic_lorenz_full_chaotic_run_0 - INFO - Train Epoch 71: [0/472 (0.0%)]	Loss: 0.137569
2026-02-23 10:23:51,170 - experiment_chaotic_lorenz_full_chaotic_run_0 - DEBUG - [STABILITY] lyap=0.014, max_norm=49.7, min_std=11.261
2026-02-23 10:23:54,325 - experiment_chaotic_lorenz_full_chaotic_run_0 - INFO - [SYNC DEBUG] Epoch 71: sync_weight=0.01, desync_weight=0.01, loss_sync=0.049589
2026-02-23 10:23:55,876 - experiment_chaotic_lorenz_full_chaotic_run_0 - INFO - Epoch 71: Train Loss: 0.1149, Train Acc: 0.9844, Val Loss: 0.4234, Val Acc: 0.8427
2026-02-23 10:23:56,530 - experiment_chaotic_lorenz_full_chaotic_run_0 - INFO - Train Epoch 72: [0/472 (0.0%)]	Loss: 0.074505
2026-02-23 10:24:01,669 - experiment_chaotic_lorenz_full_chaotic_run_0 - INFO - [SYNC DEBUG] Epoch 72: sync_weight=0.01, desync_weight=0.01, loss_sync=0.049503
2026-02-23 10:24:03,263 - experiment_chaotic_lorenz_full_chaotic_run_0 - INFO - Epoch 72: Train Loss: 0.1070, Train Acc: 0.9911, Val Loss: 0.1611, Val Acc: 0.9551
2026-02-23 10:24:03,886 - experiment_chaotic_lorenz_full_chaotic_run_0 - INFO - Train Epoch 73: [0/472 (0.0%)]	Loss: 0.143491
2026-02-23 10:24:09,092 - experiment_chaotic_lorenz_full_chaotic_run_0 - INFO - [SYNC DEBUG] Epoch 73: sync_weight=0.01, desync_weight=0.01, loss_sync=0.049639
2026-02-23 10:24:10,625 - experiment_chaotic_lorenz_full_chaotic_run_0 - INFO - Epoch 73: Train Loss: 0.1039, Train Acc: 0.9888, Val Loss: 0.0697, Val Acc: 0.9775
2026-02-23 10:24:11,267 - experiment_chaotic_lorenz_full_chaotic_run_0 - INFO - Train Epoch 74: [0/472 (0.0%)]	Loss: 0.064809
2026-02-23 10:24:16,436 - experiment_chaotic_lorenz_full_chaotic_run_0 - INFO - [SYNC DEBUG] Epoch 74: sync_weight=0.01, desync_weight=0.01, loss_sync=0.049427
2026-02-23 10:24:18,031 - experiment_chaotic_lorenz_full_chaotic_run_0 - INFO - Epoch 74: Train Loss: 0.1069, Train Acc: 0.9911, Val Loss: 0.0929, Val Acc: 0.9663
2026-02-23 10:24:18,677 - experiment_chaotic_lorenz_full_chaotic_run_0 - INFO - Train Epoch 75: [0/472 (0.0%)]	Loss: 0.087599
2026-02-23 10:24:23,842 - experiment_chaotic_lorenz_full_chaotic_run_0 - INFO - [SYNC DEBUG] Epoch 75: sync_weight=0.01, desync_weight=0.01, loss_sync=0.049382
2026-02-23 10:24:25,432 - experiment_chaotic_lorenz_full_chaotic_run_0 - INFO - Epoch 75: Train Loss: 0.0995, Train Acc: 0.9933, Val Loss: 0.1249, Val Acc: 0.9663
2026-02-23 10:24:26,088 - experiment_chaotic_lorenz_full_chaotic_run_0 - INFO - Train Epoch 76: [0/472 (0.0%)]	Loss: 0.099562
2026-02-23 10:24:31,213 - experiment_chaotic_lorenz_full_chaotic_run_0 - INFO - [SYNC DEBUG] Epoch 76: sync_weight=0.01, desync_weight=0.01, loss_sync=0.049705
2026-02-23 10:24:32,813 - experiment_chaotic_lorenz_full_chaotic_run_0 - INFO - Epoch 76: Train Loss: 0.0958, Train Acc: 0.9933, Val Loss: 0.1614, Val Acc: 0.9326
2026-02-23 10:24:33,465 - experiment_chaotic_lorenz_full_chaotic_run_0 - INFO - Train Epoch 77: [0/472 (0.0%)]	Loss: 0.117445
2026-02-23 10:24:38,659 - experiment_chaotic_lorenz_full_chaotic_run_0 - INFO - [SYNC DEBUG] Epoch 77: sync_weight=0.01, desync_weight=0.01, loss_sync=0.049321
2026-02-23 10:24:40,246 - experiment_chaotic_lorenz_full_chaotic_run_0 - INFO - Epoch 77: Train Loss: 0.1186, Train Acc: 0.9821, Val Loss: 0.1519, Val Acc: 0.9551
2026-02-23 10:24:40,896 - experiment_chaotic_lorenz_full_chaotic_run_0 - INFO - Train Epoch 78: [0/472 (0.0%)]	Loss: 0.118605
2026-02-23 10:24:43,787 - experiment_chaotic_lorenz_full_chaotic_run_0 - DEBUG - [STABILITY] lyap=0.014, max_norm=49.7, min_std=11.249
2026-02-23 10:24:46,171 - experiment_chaotic_lorenz_full_chaotic_run_0 - INFO - [SYNC DEBUG] Epoch 78: sync_weight=0.01, desync_weight=0.01, loss_sync=0.049576
2026-02-23 10:24:47,647 - experiment_chaotic_lorenz_full_chaotic_run_0 - INFO - Epoch 78: Train Loss: 0.0939, Train Acc: 0.9911, Val Loss: 0.0417, Val Acc: 0.9888
2026-02-23 10:24:47,727 - experiment_chaotic_lorenz_full_chaotic_run_0 - INFO - Saved new best model at epoch 78
2026-02-23 10:24:48,443 - experiment_chaotic_lorenz_full_chaotic_run_0 - INFO - Train Epoch 79: [0/472 (0.0%)]	Loss: 0.068284
2026-02-23 10:24:53,861 - experiment_chaotic_lorenz_full_chaotic_run_0 - INFO - [SYNC DEBUG] Epoch 79: sync_weight=0.01, desync_weight=0.01, loss_sync=0.049444
2026-02-23 10:24:55,257 - experiment_chaotic_lorenz_full_chaotic_run_0 - INFO - Epoch 79: Train Loss: 0.1069, Train Acc: 0.9866, Val Loss: 0.0664, Val Acc: 0.9775
2026-02-23 10:24:55,895 - experiment_chaotic_lorenz_full_chaotic_run_0 - INFO - Train Epoch 80: [0/472 (0.0%)]	Loss: 0.075956
2026-02-23 10:25:01,123 - experiment_chaotic_lorenz_full_chaotic_run_0 - INFO - [SYNC DEBUG] Epoch 80: sync_weight=0.01, desync_weight=0.01, loss_sync=0.049836
2026-02-23 10:25:02,658 - experiment_chaotic_lorenz_full_chaotic_run_0 - INFO - Epoch 80: Train Loss: 0.0894, Train Acc: 0.9933, Val Loss: 0.0591, Val Acc: 0.9775
2026-02-23 10:25:03,385 - experiment_chaotic_lorenz_full_chaotic_run_0 - INFO - Train Epoch 81: [0/472 (0.0%)]	Loss: 0.069921
2026-02-23 10:25:08,720 - experiment_chaotic_lorenz_full_chaotic_run_0 - INFO - [SYNC DEBUG] Epoch 81: sync_weight=0.01, desync_weight=0.01, loss_sync=0.049757
2026-02-23 10:25:10,288 - experiment_chaotic_lorenz_full_chaotic_run_0 - INFO - Epoch 81: Train Loss: 0.1093, Train Acc: 0.9799, Val Loss: 0.0617, Val Acc: 0.9888
2026-02-23 10:25:10,941 - experiment_chaotic_lorenz_full_chaotic_run_0 - INFO - Train Epoch 82: [0/472 (0.0%)]	Loss: 0.098525
2026-02-23 10:25:16,065 - experiment_chaotic_lorenz_full_chaotic_run_0 - INFO - [SYNC DEBUG] Epoch 82: sync_weight=0.01, desync_weight=0.01, loss_sync=0.049872
2026-02-23 10:25:17,617 - experiment_chaotic_lorenz_full_chaotic_run_0 - INFO - Epoch 82: Train Loss: 0.0931, Train Acc: 0.9911, Val Loss: 0.0682, Val Acc: 0.9888
2026-02-23 10:25:18,274 - experiment_chaotic_lorenz_full_chaotic_run_0 - INFO - Train Epoch 83: [0/472 (0.0%)]	Loss: 0.091874
2026-02-23 10:25:23,372 - experiment_chaotic_lorenz_full_chaotic_run_0 - INFO - [SYNC DEBUG] Epoch 83: sync_weight=0.01, desync_weight=0.01, loss_sync=0.049485
2026-02-23 10:25:24,931 - experiment_chaotic_lorenz_full_chaotic_run_0 - INFO - Epoch 83: Train Loss: 0.1124, Train Acc: 0.9844, Val Loss: 0.0697, Val Acc: 0.9663
2026-02-23 10:25:25,589 - experiment_chaotic_lorenz_full_chaotic_run_0 - INFO - Train Epoch 84: [0/472 (0.0%)]	Loss: 0.145271
2026-02-23 10:25:30,790 - experiment_chaotic_lorenz_full_chaotic_run_0 - INFO - [SYNC DEBUG] Epoch 84: sync_weight=0.01, desync_weight=0.01, loss_sync=0.049376
2026-02-23 10:25:32,306 - experiment_chaotic_lorenz_full_chaotic_run_0 - INFO - Epoch 84: Train Loss: 0.1128, Train Acc: 0.9888, Val Loss: 0.0344, Val Acc: 1.0000
2026-02-23 10:25:32,384 - experiment_chaotic_lorenz_full_chaotic_run_0 - INFO - Saved new best model at epoch 84
2026-02-23 10:25:33,072 - experiment_chaotic_lorenz_full_chaotic_run_0 - INFO - Train Epoch 85: [0/472 (0.0%)]	Loss: 0.106439
2026-02-23 10:25:36,604 - experiment_chaotic_lorenz_full_chaotic_run_0 - DEBUG - [STABILITY] lyap=0.014, max_norm=49.7, min_std=11.267
2026-02-23 10:25:38,172 - experiment_chaotic_lorenz_full_chaotic_run_0 - INFO - [SYNC DEBUG] Epoch 85: sync_weight=0.01, desync_weight=0.01, loss_sync=0.049496
2026-02-23 10:25:39,707 - experiment_chaotic_lorenz_full_chaotic_run_0 - INFO - Epoch 85: Train Loss: 0.0967, Train Acc: 0.9866, Val Loss: 0.0375, Val Acc: 0.9888
2026-02-23 10:25:40,360 - experiment_chaotic_lorenz_full_chaotic_run_0 - INFO - Train Epoch 86: [0/472 (0.0%)]	Loss: 0.096122
2026-02-23 10:25:45,557 - experiment_chaotic_lorenz_full_chaotic_run_0 - INFO - [SYNC DEBUG] Epoch 86: sync_weight=0.01, desync_weight=0.01, loss_sync=0.049467
2026-02-23 10:25:47,129 - experiment_chaotic_lorenz_full_chaotic_run_0 - INFO - Epoch 86: Train Loss: 0.1024, Train Acc: 0.9844, Val Loss: 0.0532, Val Acc: 0.9888
2026-02-23 10:25:47,776 - experiment_chaotic_lorenz_full_chaotic_run_0 - INFO - Train Epoch 87: [0/472 (0.0%)]	Loss: 0.080700
2026-02-23 10:25:53,127 - experiment_chaotic_lorenz_full_chaotic_run_0 - INFO - [SYNC DEBUG] Epoch 87: sync_weight=0.01, desync_weight=0.01, loss_sync=0.049384
2026-02-23 10:25:54,717 - experiment_chaotic_lorenz_full_chaotic_run_0 - INFO - Epoch 87: Train Loss: 0.0894, Train Acc: 0.9955, Val Loss: 0.0586, Val Acc: 0.9888
2026-02-23 10:25:55,365 - experiment_chaotic_lorenz_full_chaotic_run_0 - INFO - Train Epoch 88: [0/472 (0.0%)]	Loss: 0.092582
2026-02-23 10:26:00,594 - experiment_chaotic_lorenz_full_chaotic_run_0 - INFO - [SYNC DEBUG] Epoch 88: sync_weight=0.01, desync_weight=0.01, loss_sync=0.049660
2026-02-23 10:26:02,043 - experiment_chaotic_lorenz_full_chaotic_run_0 - INFO - Epoch 88: Train Loss: 0.0992, Train Acc: 0.9933, Val Loss: 0.0630, Val Acc: 0.9888
2026-02-23 10:26:02,692 - experiment_chaotic_lorenz_full_chaotic_run_0 - INFO - Train Epoch 89: [0/472 (0.0%)]	Loss: 0.101437
2026-02-23 10:26:07,990 - experiment_chaotic_lorenz_full_chaotic_run_0 - INFO - [SYNC DEBUG] Epoch 89: sync_weight=0.01, desync_weight=0.01, loss_sync=0.049501
2026-02-23 10:26:09,410 - experiment_chaotic_lorenz_full_chaotic_run_0 - INFO - Epoch 89: Train Loss: 0.0799, Train Acc: 1.0000, Val Loss: 0.0398, Val Acc: 0.9888
2026-02-23 10:26:09,991 - experiment_chaotic_lorenz_full_chaotic_run_0 - INFO - Train Epoch 90: [0/472 (0.0%)]	Loss: 0.079474
2026-02-23 10:26:15,315 - experiment_chaotic_lorenz_full_chaotic_run_0 - INFO - [SYNC DEBUG] Epoch 90: sync_weight=0.01, desync_weight=0.01, loss_sync=0.049785
2026-02-23 10:26:16,793 - experiment_chaotic_lorenz_full_chaotic_run_0 - INFO - Epoch 90: Train Loss: 0.0925, Train Acc: 0.9933, Val Loss: 0.0341, Val Acc: 0.9888
2026-02-23 10:26:17,469 - experiment_chaotic_lorenz_full_chaotic_run_0 - INFO - Train Epoch 91: [0/472 (0.0%)]	Loss: 0.089384
2026-02-23 10:26:22,646 - experiment_chaotic_lorenz_full_chaotic_run_0 - INFO - [SYNC DEBUG] Epoch 91: sync_weight=0.01, desync_weight=0.01, loss_sync=0.049526
2026-02-23 10:26:24,201 - experiment_chaotic_lorenz_full_chaotic_run_0 - INFO - Epoch 91: Train Loss: 0.0815, Train Acc: 0.9933, Val Loss: 0.0414, Val Acc: 0.9888
2026-02-23 10:26:24,823 - experiment_chaotic_lorenz_full_chaotic_run_0 - INFO - Train Epoch 92: [0/472 (0.0%)]	Loss: 0.072033
2026-02-23 10:26:29,255 - experiment_chaotic_lorenz_full_chaotic_run_0 - DEBUG - [STABILITY] lyap=0.014, max_norm=49.7, min_std=11.266
2026-02-23 10:26:30,073 - experiment_chaotic_lorenz_full_chaotic_run_0 - INFO - [SYNC DEBUG] Epoch 92: sync_weight=0.01, desync_weight=0.01, loss_sync=0.049740
2026-02-23 10:26:31,620 - experiment_chaotic_lorenz_full_chaotic_run_0 - INFO - Epoch 92: Train Loss: 0.0837, Train Acc: 0.9933, Val Loss: 0.0406, Val Acc: 0.9888
2026-02-23 10:26:32,249 - experiment_chaotic_lorenz_full_chaotic_run_0 - INFO - Train Epoch 93: [0/472 (0.0%)]	Loss: 0.085009
2026-02-23 10:26:37,415 - experiment_chaotic_lorenz_full_chaotic_run_0 - INFO - [SYNC DEBUG] Epoch 93: sync_weight=0.01, desync_weight=0.01, loss_sync=0.049555
2026-02-23 10:26:38,973 - experiment_chaotic_lorenz_full_chaotic_run_0 - INFO - Epoch 93: Train Loss: 0.0885, Train Acc: 0.9978, Val Loss: 0.0368, Val Acc: 0.9888
2026-02-23 10:26:39,608 - experiment_chaotic_lorenz_full_chaotic_run_0 - INFO - Train Epoch 94: [0/472 (0.0%)]	Loss: 0.151712
2026-02-23 10:26:44,673 - experiment_chaotic_lorenz_full_chaotic_run_0 - INFO - [SYNC DEBUG] Epoch 94: sync_weight=0.01, desync_weight=0.01, loss_sync=0.049610
2026-02-23 10:26:46,285 - experiment_chaotic_lorenz_full_chaotic_run_0 - INFO - Epoch 94: Train Loss: 0.0883, Train Acc: 0.9911, Val Loss: 0.0369, Val Acc: 0.9888
2026-02-23 10:26:46,942 - experiment_chaotic_lorenz_full_chaotic_run_0 - INFO - Train Epoch 95: [0/472 (0.0%)]	Loss: 0.072447
2026-02-23 10:26:52,071 - experiment_chaotic_lorenz_full_chaotic_run_0 - INFO - [SYNC DEBUG] Epoch 95: sync_weight=0.01, desync_weight=0.01, loss_sync=0.049533
2026-02-23 10:26:53,597 - experiment_chaotic_lorenz_full_chaotic_run_0 - INFO - Epoch 95: Train Loss: 0.0819, Train Acc: 1.0000, Val Loss: 0.0456, Val Acc: 0.9888
2026-02-23 10:26:54,257 - experiment_chaotic_lorenz_full_chaotic_run_0 - INFO - Train Epoch 96: [0/472 (0.0%)]	Loss: 0.074971
2026-02-23 10:26:59,330 - experiment_chaotic_lorenz_full_chaotic_run_0 - INFO - [SYNC DEBUG] Epoch 96: sync_weight=0.01, desync_weight=0.01, loss_sync=0.049553
2026-02-23 10:27:00,949 - experiment_chaotic_lorenz_full_chaotic_run_0 - INFO - Epoch 96: Train Loss: 0.0863, Train Acc: 0.9933, Val Loss: 0.0401, Val Acc: 0.9888
2026-02-23 10:27:01,543 - experiment_chaotic_lorenz_full_chaotic_run_0 - INFO - Train Epoch 97: [0/472 (0.0%)]	Loss: 0.121122
2026-02-23 10:27:06,678 - experiment_chaotic_lorenz_full_chaotic_run_0 - INFO - [SYNC DEBUG] Epoch 97: sync_weight=0.01, desync_weight=0.01, loss_sync=0.049859
2026-02-23 10:27:08,110 - experiment_chaotic_lorenz_full_chaotic_run_0 - INFO - Epoch 97: Train Loss: 0.0840, Train Acc: 0.9978, Val Loss: 0.0443, Val Acc: 0.9888
2026-02-23 10:27:08,757 - experiment_chaotic_lorenz_full_chaotic_run_0 - INFO - Train Epoch 98: [0/472 (0.0%)]	Loss: 0.080097
2026-02-23 10:27:14,124 - experiment_chaotic_lorenz_full_chaotic_run_0 - INFO - [SYNC DEBUG] Epoch 98: sync_weight=0.01, desync_weight=0.01, loss_sync=0.049488
2026-02-23 10:27:15,517 - experiment_chaotic_lorenz_full_chaotic_run_0 - INFO - Epoch 98: Train Loss: 0.0878, Train Acc: 0.9933, Val Loss: 0.0404, Val Acc: 0.9888
2026-02-23 10:27:16,159 - experiment_chaotic_lorenz_full_chaotic_run_0 - INFO - Train Epoch 99: [0/472 (0.0%)]	Loss: 0.185742
2026-02-23 10:27:21,420 - experiment_chaotic_lorenz_full_chaotic_run_0 - INFO - [SYNC DEBUG] Epoch 99: sync_weight=0.01, desync_weight=0.01, loss_sync=0.049486
2026-02-23 10:27:22,899 - experiment_chaotic_lorenz_full_chaotic_run_0 - INFO - Epoch 99: Train Loss: 0.0916, Train Acc: 0.9888, Val Loss: 0.0427, Val Acc: 0.9888
2026-02-23 10:27:22,905 - experiment_chaotic_lorenz_full_chaotic_run_0 - INFO - Running final test evaluation...
2026-02-23 10:27:23,839 - experiment_chaotic_lorenz_full_chaotic_run_0 - INFO - Test Results:
2026-02-23 10:27:23,839 - experiment_chaotic_lorenz_full_chaotic_run_0 - INFO -   loss: 0.2264
2026-02-23 10:27:23,839 - experiment_chaotic_lorenz_full_chaotic_run_0 - INFO -   accuracy: 0.9407
2026-02-23 10:27:23,839 - experiment_chaotic_lorenz_full_chaotic_run_0 - INFO -   avg_confidence: 0.8355
2026-02-23 10:27:23,839 - experiment_chaotic_lorenz_full_chaotic_run_0 - INFO -   embedding_diversity: 0.0523
2026-02-23 10:27:23,839 - experiment_chaotic_lorenz_full_chaotic_run_0 - INFO -   embedding_norm_mean: 1.0000
2026-02-23 10:27:23,839 - experiment_chaotic_lorenz_full_chaotic_run_0 - INFO -   embedding_norm_std: 0.0000
2026-02-23 10:27:23,841 - experiment_chaotic_lorenz_full_chaotic_run_0 - INFO - Training completed
2026-02-23 10:27:24,730 - experiment_chaotic_lorenz_full_chaotic_run_0 - INFO - Running comprehensive chaotic network analysis...
2026-02-23 10:27:24,731 - experiment_chaotic_lorenz_full_chaotic_run_0 - INFO - Analyzing chaotic features and dynamics...
2026-02-23 10:27:25,903 - experiment_chaotic_lorenz_full_chaotic_run_0 - INFO - Chaotic analysis completed
2026-02-23 10:27:25,904 - experiment_chaotic_lorenz_full_chaotic_run_0 - INFO - Creating chaotic dynamics visualizations...
2026-02-23 10:27:28,174 - experiment_chaotic_lorenz_full_chaotic_run_0 - WARNING - Embedding plotting failed: boolean index did not match indexed array along dimension 0; dimension is 8 but corresponding boolean dimension is 32
2026-02-23 10:27:28,181 - experiment_chaotic_lorenz_full_chaotic_run_0 - INFO - Chaotic network analysis completed
