2026-01-06 15:16:54,619 - experiment_chaotic_lorenz_full_chaotic_run_0 - INFO - Initialized experiment: chaotic_lorenz_full_chaotic_run_0
2026-01-06 15:16:54,620 - experiment_chaotic_lorenz_full_chaotic_run_0 - INFO - Device: cuda
2026-01-06 15:16:54,620 - experiment_chaotic_lorenz_full_chaotic_run_0 - INFO - Output directory: /scratch/project_2003370/yueyao/Model/experiments/configs/4.2_tau_and_de_experiment/tau_30/experiments/chaotic_lorenz_full_chaotic_run_0
2026-01-06 15:16:54,620 - experiment_chaotic_lorenz_full_chaotic_run_0 - INFO - Initialized chaotic network experiment with lorenz system
2026-01-06 15:16:54,620 - experiment_chaotic_lorenz_full_chaotic_run_0 - INFO - Setting up experiment components...
2026-01-06 15:16:54,620 - experiment_chaotic_lorenz_full_chaotic_run_0 - INFO - Creating dataloaders...
2026-01-06 15:17:10,163 - experiment_chaotic_lorenz_full_chaotic_run_0 - INFO - Detected 26 speakers in dataset
2026-01-06 15:17:10,163 - experiment_chaotic_lorenz_full_chaotic_run_0 - INFO - Dataloaders created:
2026-01-06 15:17:10,163 - experiment_chaotic_lorenz_full_chaotic_run_0 - INFO -   Train: 14 batches
2026-01-06 15:17:10,163 - experiment_chaotic_lorenz_full_chaotic_run_0 - INFO -   Val: 3 batches
2026-01-06 15:17:10,163 - experiment_chaotic_lorenz_full_chaotic_run_0 - INFO -   Test: 4 batches
2026-01-06 15:17:10,163 - experiment_chaotic_lorenz_full_chaotic_run_0 - INFO - Creating model...
2026-01-06 15:17:10,163 - experiment_chaotic_lorenz_full_chaotic_run_0 - INFO - Using actual num_speakers from dataset: 26
2026-01-06 15:17:10,163 - experiment_chaotic_lorenz_full_chaotic_run_0 - INFO - [BIFURCATION] use_bifurcation_control=True
2026-01-06 15:17:40,765 - experiment_chaotic_lorenz_full_chaotic_run_0 - INFO - [PLDA] Replaced classifier with PLDAClassifier (latent_dim=128)
2026-01-06 15:17:40,768 - experiment_chaotic_lorenz_full_chaotic_run_0 - INFO - Total parameters: 524,360
2026-01-06 15:17:40,769 - experiment_chaotic_lorenz_full_chaotic_run_0 - INFO - Trainable parameters: 524,360
2026-01-06 15:17:40,769 - experiment_chaotic_lorenz_full_chaotic_run_0 - INFO - Creating optimizer...
2026-01-06 15:17:43,037 - experiment_chaotic_lorenz_full_chaotic_run_0 - INFO - Optimizer: AdamW
2026-01-06 15:17:43,037 - experiment_chaotic_lorenz_full_chaotic_run_0 - INFO - Creating scheduler...
2026-01-06 15:17:43,037 - experiment_chaotic_lorenz_full_chaotic_run_0 - INFO - Scheduler: CosineAnnealingLR
2026-01-06 15:17:43,037 - experiment_chaotic_lorenz_full_chaotic_run_0 - INFO - Creating criterion...
2026-01-06 15:17:43,037 - experiment_chaotic_lorenz_full_chaotic_run_0 - INFO - Criterion: CrossEntropyLoss
2026-01-06 15:17:43,082 - experiment_chaotic_lorenz_full_chaotic_run_0 - INFO - Configuration saved to: /scratch/project_2003370/yueyao/Model/experiments/configs/4.2_tau_and_de_experiment/tau_30/experiments/chaotic_lorenz_full_chaotic_run_0/config.json
2026-01-06 15:17:43,082 - experiment_chaotic_lorenz_full_chaotic_run_0 - INFO - Experiment setup completed
2026-01-06 15:17:43,083 - experiment_chaotic_lorenz_full_chaotic_run_0 - INFO - Starting training for 100 epochs
2026-01-06 15:17:43,791 - experiment_chaotic_lorenz_full_chaotic_run_0 - INFO - 
================================================================================
2026-01-06 15:17:43,791 - experiment_chaotic_lorenz_full_chaotic_run_0 - INFO - COMPREHENSIVE DEBUG - FIRST BATCH
2026-01-06 15:17:43,791 - experiment_chaotic_lorenz_full_chaotic_run_0 - INFO - ================================================================================
2026-01-06 15:17:43,791 - experiment_chaotic_lorenz_full_chaotic_run_0 - INFO - Batch Info:
2026-01-06 15:17:43,791 - experiment_chaotic_lorenz_full_chaotic_run_0 - INFO -   Audio shape: torch.Size([32, 48000])
2026-01-06 15:17:43,791 - experiment_chaotic_lorenz_full_chaotic_run_0 - INFO -   Targets shape: torch.Size([32])
2026-01-06 15:17:43,798 - experiment_chaotic_lorenz_full_chaotic_run_0 - INFO -   Targets (first 8): tensor([21, 24,  1,  1, 24, 13,  0,  1], device='cuda:0')
2026-01-06 15:17:47,698 - experiment_chaotic_lorenz_full_chaotic_run_0 - INFO - ================================================================================

2026-01-06 15:17:47,699 - experiment_chaotic_lorenz_full_chaotic_run_0 - INFO - [ADVERSARIAL] Initialized AdversarialChaoticAugmentation
2026-01-06 15:17:47,862 - experiment_chaotic_lorenz_full_chaotic_run_0 - INFO - [SYNC LOSS] Initialized PhaseSynchronizationLoss
2026-01-06 15:17:48,008 - experiment_chaotic_lorenz_full_chaotic_run_0 - INFO - [STABILITY] Initialized LyapunovStabilityLoss
2026-01-06 15:17:49,485 - experiment_chaotic_lorenz_full_chaotic_run_0 - INFO - Train Epoch 0: [0/472 (0.0%)]	Loss: 3.426806
2026-01-06 15:17:59,487 - experiment_chaotic_lorenz_full_chaotic_run_0 - INFO - [ADVERSARIAL] Warmup: epoch 1/5
2026-01-06 15:18:00,354 - experiment_chaotic_lorenz_full_chaotic_run_0 - INFO - Epoch 0: Train Loss: 3.3404, Train Acc: 0.0558, Val Loss: 3.2466, Val Acc: 0.0337
2026-01-06 15:18:00,444 - experiment_chaotic_lorenz_full_chaotic_run_0 - INFO - Saved new best model at epoch 0
2026-01-06 15:18:01,444 - experiment_chaotic_lorenz_full_chaotic_run_0 - INFO - Train Epoch 1: [0/472 (0.0%)]	Loss: 3.226657
2026-01-06 15:18:10,623 - experiment_chaotic_lorenz_full_chaotic_run_0 - INFO - [ADVERSARIAL] Warmup: epoch 2/5
2026-01-06 15:18:11,508 - experiment_chaotic_lorenz_full_chaotic_run_0 - INFO - Epoch 1: Train Loss: 3.2462, Train Acc: 0.1071, Val Loss: 3.2699, Val Acc: 0.0449
2026-01-06 15:18:11,602 - experiment_chaotic_lorenz_full_chaotic_run_0 - INFO - Saved new best model at epoch 1
2026-01-06 15:18:12,491 - experiment_chaotic_lorenz_full_chaotic_run_0 - INFO - Train Epoch 2: [0/472 (0.0%)]	Loss: 3.197992
2026-01-06 15:18:21,562 - experiment_chaotic_lorenz_full_chaotic_run_0 - INFO - [ADVERSARIAL] Warmup: epoch 3/5
2026-01-06 15:18:22,425 - experiment_chaotic_lorenz_full_chaotic_run_0 - INFO - Epoch 2: Train Loss: 3.1155, Train Acc: 0.1674, Val Loss: 3.2244, Val Acc: 0.0449
2026-01-06 15:18:23,273 - experiment_chaotic_lorenz_full_chaotic_run_0 - INFO - Train Epoch 3: [0/472 (0.0%)]	Loss: 2.937527
2026-01-06 15:18:32,570 - experiment_chaotic_lorenz_full_chaotic_run_0 - INFO - [ADVERSARIAL] Warmup: epoch 4/5
2026-01-06 15:18:33,438 - experiment_chaotic_lorenz_full_chaotic_run_0 - INFO - Epoch 3: Train Loss: 2.9120, Train Acc: 0.2612, Val Loss: 3.2971, Val Acc: 0.0449
2026-01-06 15:18:34,311 - experiment_chaotic_lorenz_full_chaotic_run_0 - INFO - Train Epoch 4: [0/472 (0.0%)]	Loss: 2.798249
2026-01-06 15:18:43,512 - experiment_chaotic_lorenz_full_chaotic_run_0 - INFO - [ADVERSARIAL] Warmup: epoch 5/5
2026-01-06 15:18:44,407 - experiment_chaotic_lorenz_full_chaotic_run_0 - INFO - Epoch 4: Train Loss: 2.6882, Train Acc: 0.3594, Val Loss: 3.3704, Val Acc: 0.0449
2026-01-06 15:18:45,062 - experiment_chaotic_lorenz_full_chaotic_run_0 - INFO - Train Epoch 5: [0/472 (0.0%)]	Loss: 3.453755
2026-01-06 15:18:50,818 - experiment_chaotic_lorenz_full_chaotic_run_0 - INFO - [ADVERSARIAL] Warmup complete, adversarial training activated!
2026-01-06 15:18:51,685 - experiment_chaotic_lorenz_full_chaotic_run_0 - INFO - Epoch 5: Train Loss: 3.1171, Train Acc: 0.3728, Val Loss: 3.4043, Val Acc: 0.0449
2026-01-06 15:18:52,280 - experiment_chaotic_lorenz_full_chaotic_run_0 - INFO - Train Epoch 6: [0/472 (0.0%)]	Loss: 2.689333
2026-01-06 15:18:58,905 - experiment_chaotic_lorenz_full_chaotic_run_0 - INFO - Epoch 6: Train Loss: 2.7696, Train Acc: 0.4464, Val Loss: 3.4155, Val Acc: 0.0449
2026-01-06 15:18:59,505 - experiment_chaotic_lorenz_full_chaotic_run_0 - INFO - Train Epoch 7: [0/472 (0.0%)]	Loss: 2.425942
2026-01-06 15:19:06,159 - experiment_chaotic_lorenz_full_chaotic_run_0 - INFO - Epoch 7: Train Loss: 2.4836, Train Acc: 0.5156, Val Loss: 2.9440, Val Acc: 0.1573
2026-01-06 15:19:06,249 - experiment_chaotic_lorenz_full_chaotic_run_0 - INFO - Saved new best model at epoch 7
2026-01-06 15:19:06,883 - experiment_chaotic_lorenz_full_chaotic_run_0 - INFO - Train Epoch 8: [0/472 (0.0%)]	Loss: 2.506159
2026-01-06 15:19:13,503 - experiment_chaotic_lorenz_full_chaotic_run_0 - INFO - Epoch 8: Train Loss: 2.2843, Train Acc: 0.5625, Val Loss: 3.8216, Val Acc: 0.0449
2026-01-06 15:19:14,108 - experiment_chaotic_lorenz_full_chaotic_run_0 - INFO - Train Epoch 9: [0/472 (0.0%)]	Loss: 1.925978
2026-01-06 15:19:20,762 - experiment_chaotic_lorenz_full_chaotic_run_0 - INFO - Epoch 9: Train Loss: 2.0436, Train Acc: 0.6094, Val Loss: 3.9459, Val Acc: 0.0449
2026-01-06 15:19:21,364 - experiment_chaotic_lorenz_full_chaotic_run_0 - INFO - Train Epoch 10: [0/472 (0.0%)]	Loss: 2.073063
2026-01-06 15:19:28,072 - experiment_chaotic_lorenz_full_chaotic_run_0 - INFO - Epoch 10: Train Loss: 1.8679, Train Acc: 0.6451, Val Loss: 4.0143, Val Acc: 0.0449
2026-01-06 15:19:28,767 - experiment_chaotic_lorenz_full_chaotic_run_0 - INFO - Train Epoch 11: [0/472 (0.0%)]	Loss: 1.827353
2026-01-06 15:19:35,421 - experiment_chaotic_lorenz_full_chaotic_run_0 - INFO - Epoch 11: Train Loss: 1.7653, Train Acc: 0.6696, Val Loss: 3.5630, Val Acc: 0.0449
2026-01-06 15:19:36,020 - experiment_chaotic_lorenz_full_chaotic_run_0 - INFO - Train Epoch 12: [0/472 (0.0%)]	Loss: 1.499556
2026-01-06 15:19:42,660 - experiment_chaotic_lorenz_full_chaotic_run_0 - INFO - Epoch 12: Train Loss: 1.5914, Train Acc: 0.7344, Val Loss: 3.6504, Val Acc: 0.1124
2026-01-06 15:19:43,268 - experiment_chaotic_lorenz_full_chaotic_run_0 - INFO - Train Epoch 13: [0/472 (0.0%)]	Loss: 1.378923
2026-01-06 15:19:49,943 - experiment_chaotic_lorenz_full_chaotic_run_0 - INFO - Epoch 13: Train Loss: 1.4013, Train Acc: 0.7612, Val Loss: 3.7633, Val Acc: 0.0449
2026-01-06 15:19:50,551 - experiment_chaotic_lorenz_full_chaotic_run_0 - INFO - Train Epoch 14: [0/472 (0.0%)]	Loss: 1.239545
2026-01-06 15:19:57,185 - experiment_chaotic_lorenz_full_chaotic_run_0 - INFO - Epoch 14: Train Loss: 1.2694, Train Acc: 0.7946, Val Loss: 4.1490, Val Acc: 0.0674
2026-01-06 15:19:57,792 - experiment_chaotic_lorenz_full_chaotic_run_0 - INFO - Train Epoch 15: [0/472 (0.0%)]	Loss: 1.343605
2026-01-06 15:20:04,479 - experiment_chaotic_lorenz_full_chaotic_run_0 - INFO - Epoch 15: Train Loss: 1.1810, Train Acc: 0.8080, Val Loss: 4.8180, Val Acc: 0.0449
2026-01-06 15:20:05,083 - experiment_chaotic_lorenz_full_chaotic_run_0 - INFO - Train Epoch 16: [0/472 (0.0%)]	Loss: 1.094204
2026-01-06 15:20:11,738 - experiment_chaotic_lorenz_full_chaotic_run_0 - INFO - Epoch 16: Train Loss: 1.0050, Train Acc: 0.8415, Val Loss: 4.5096, Val Acc: 0.0674
2026-01-06 15:20:12,338 - experiment_chaotic_lorenz_full_chaotic_run_0 - INFO - Train Epoch 17: [0/472 (0.0%)]	Loss: 0.886513
2026-01-06 15:20:18,988 - experiment_chaotic_lorenz_full_chaotic_run_0 - INFO - Epoch 17: Train Loss: 0.8313, Train Acc: 0.8906, Val Loss: 4.3653, Val Acc: 0.1011
2026-01-06 15:20:19,594 - experiment_chaotic_lorenz_full_chaotic_run_0 - INFO - Train Epoch 18: [0/472 (0.0%)]	Loss: 0.882500
2026-01-06 15:20:26,243 - experiment_chaotic_lorenz_full_chaotic_run_0 - INFO - Epoch 18: Train Loss: 0.8184, Train Acc: 0.8750, Val Loss: 4.5964, Val Acc: 0.0674
2026-01-06 15:20:26,848 - experiment_chaotic_lorenz_full_chaotic_run_0 - INFO - Train Epoch 19: [0/472 (0.0%)]	Loss: 0.696723
2026-01-06 15:20:33,568 - experiment_chaotic_lorenz_full_chaotic_run_0 - INFO - Epoch 19: Train Loss: 0.7571, Train Acc: 0.8929, Val Loss: 4.8007, Val Acc: 0.0449
2026-01-06 15:20:34,159 - experiment_chaotic_lorenz_full_chaotic_run_0 - INFO - Train Epoch 20: [0/472 (0.0%)]	Loss: 0.825931
2026-01-06 15:20:40,865 - experiment_chaotic_lorenz_full_chaotic_run_0 - INFO - Epoch 20: Train Loss: 0.7448, Train Acc: 0.8638, Val Loss: 3.1152, Val Acc: 0.2584
2026-01-06 15:20:40,958 - experiment_chaotic_lorenz_full_chaotic_run_0 - INFO - Saved new best model at epoch 20
2026-01-06 15:20:41,700 - experiment_chaotic_lorenz_full_chaotic_run_0 - INFO - Train Epoch 21: [0/472 (0.0%)]	Loss: 0.727474
2026-01-06 15:20:48,426 - experiment_chaotic_lorenz_full_chaotic_run_0 - INFO - Epoch 21: Train Loss: 0.6012, Train Acc: 0.9263, Val Loss: 5.5861, Val Acc: 0.0449
2026-01-06 15:20:49,034 - experiment_chaotic_lorenz_full_chaotic_run_0 - INFO - Train Epoch 22: [0/472 (0.0%)]	Loss: 0.570169
2026-01-06 15:20:55,578 - experiment_chaotic_lorenz_full_chaotic_run_0 - INFO - Epoch 22: Train Loss: 0.6235, Train Acc: 0.9018, Val Loss: 5.9088, Val Acc: 0.0449
2026-01-06 15:20:56,183 - experiment_chaotic_lorenz_full_chaotic_run_0 - INFO - Train Epoch 23: [0/472 (0.0%)]	Loss: 0.603700
2026-01-06 15:21:02,848 - experiment_chaotic_lorenz_full_chaotic_run_0 - INFO - Epoch 23: Train Loss: 0.5385, Train Acc: 0.9330, Val Loss: 5.5462, Val Acc: 0.0449
2026-01-06 15:21:03,456 - experiment_chaotic_lorenz_full_chaotic_run_0 - INFO - Train Epoch 24: [0/472 (0.0%)]	Loss: 0.626282
2026-01-06 15:21:10,196 - experiment_chaotic_lorenz_full_chaotic_run_0 - INFO - Epoch 24: Train Loss: 0.4860, Train Acc: 0.9464, Val Loss: 6.2609, Val Acc: 0.0449
2026-01-06 15:21:10,803 - experiment_chaotic_lorenz_full_chaotic_run_0 - INFO - Train Epoch 25: [0/472 (0.0%)]	Loss: 0.404649
2026-01-06 15:21:17,460 - experiment_chaotic_lorenz_full_chaotic_run_0 - INFO - Epoch 25: Train Loss: 0.4845, Train Acc: 0.9263, Val Loss: 6.2908, Val Acc: 0.0449
2026-01-06 15:21:18,071 - experiment_chaotic_lorenz_full_chaotic_run_0 - INFO - Train Epoch 26: [0/472 (0.0%)]	Loss: 0.400478
2026-01-06 15:21:24,691 - experiment_chaotic_lorenz_full_chaotic_run_0 - INFO - Epoch 26: Train Loss: 0.4308, Train Acc: 0.9420, Val Loss: 4.3383, Val Acc: 0.1236
2026-01-06 15:21:25,291 - experiment_chaotic_lorenz_full_chaotic_run_0 - INFO - Train Epoch 27: [0/472 (0.0%)]	Loss: 0.428476
2026-01-06 15:21:31,900 - experiment_chaotic_lorenz_full_chaotic_run_0 - INFO - Epoch 27: Train Loss: 0.4140, Train Acc: 0.9509, Val Loss: 6.2162, Val Acc: 0.0449
2026-01-06 15:21:32,520 - experiment_chaotic_lorenz_full_chaotic_run_0 - INFO - Train Epoch 28: [0/472 (0.0%)]	Loss: 0.480359
2026-01-06 15:21:39,095 - experiment_chaotic_lorenz_full_chaotic_run_0 - INFO - Epoch 28: Train Loss: 0.4290, Train Acc: 0.9353, Val Loss: 2.7075, Val Acc: 0.3596
2026-01-06 15:21:39,189 - experiment_chaotic_lorenz_full_chaotic_run_0 - INFO - Saved new best model at epoch 28
2026-01-06 15:21:39,832 - experiment_chaotic_lorenz_full_chaotic_run_0 - INFO - Train Epoch 29: [0/472 (0.0%)]	Loss: 0.369077
2026-01-06 15:21:46,408 - experiment_chaotic_lorenz_full_chaotic_run_0 - INFO - Epoch 29: Train Loss: 0.4224, Train Acc: 0.9353, Val Loss: 4.7740, Val Acc: 0.1236
2026-01-06 15:21:47,012 - experiment_chaotic_lorenz_full_chaotic_run_0 - INFO - Train Epoch 30: [0/472 (0.0%)]	Loss: 0.485645
2026-01-06 15:21:53,725 - experiment_chaotic_lorenz_full_chaotic_run_0 - INFO - Epoch 30: Train Loss: 0.3638, Train Acc: 0.9487, Val Loss: 5.8228, Val Acc: 0.0674
2026-01-06 15:21:54,418 - experiment_chaotic_lorenz_full_chaotic_run_0 - INFO - Train Epoch 31: [0/472 (0.0%)]	Loss: 0.387334
2026-01-06 15:22:00,996 - experiment_chaotic_lorenz_full_chaotic_run_0 - INFO - Epoch 31: Train Loss: 0.3460, Train Acc: 0.9531, Val Loss: 0.8289, Val Acc: 0.7191
2026-01-06 15:22:01,088 - experiment_chaotic_lorenz_full_chaotic_run_0 - INFO - Saved new best model at epoch 31
2026-01-06 15:22:01,763 - experiment_chaotic_lorenz_full_chaotic_run_0 - INFO - Train Epoch 32: [0/472 (0.0%)]	Loss: 0.221415
2026-01-06 15:22:08,408 - experiment_chaotic_lorenz_full_chaotic_run_0 - INFO - Epoch 32: Train Loss: 0.3100, Train Acc: 0.9710, Val Loss: 6.1797, Val Acc: 0.0674
2026-01-06 15:22:09,000 - experiment_chaotic_lorenz_full_chaotic_run_0 - INFO - Train Epoch 33: [0/472 (0.0%)]	Loss: 0.218736
2026-01-06 15:22:15,882 - experiment_chaotic_lorenz_full_chaotic_run_0 - INFO - Epoch 33: Train Loss: 0.3143, Train Acc: 0.9732, Val Loss: 5.2891, Val Acc: 0.1798
2026-01-06 15:22:16,495 - experiment_chaotic_lorenz_full_chaotic_run_0 - INFO - Train Epoch 34: [0/472 (0.0%)]	Loss: 0.274397
2026-01-06 15:22:23,102 - experiment_chaotic_lorenz_full_chaotic_run_0 - INFO - Epoch 34: Train Loss: 0.2475, Train Acc: 0.9799, Val Loss: 6.5391, Val Acc: 0.0449
2026-01-06 15:22:23,715 - experiment_chaotic_lorenz_full_chaotic_run_0 - INFO - Train Epoch 35: [0/472 (0.0%)]	Loss: 0.342787
2026-01-06 15:22:30,398 - experiment_chaotic_lorenz_full_chaotic_run_0 - INFO - Epoch 35: Train Loss: 0.2287, Train Acc: 0.9844, Val Loss: 1.1632, Val Acc: 0.6404
2026-01-06 15:22:31,001 - experiment_chaotic_lorenz_full_chaotic_run_0 - INFO - Train Epoch 36: [0/472 (0.0%)]	Loss: 0.264432
2026-01-06 15:22:37,700 - experiment_chaotic_lorenz_full_chaotic_run_0 - INFO - Epoch 36: Train Loss: 0.2335, Train Acc: 0.9821, Val Loss: 4.1958, Val Acc: 0.3820
2026-01-06 15:22:38,320 - experiment_chaotic_lorenz_full_chaotic_run_0 - INFO - Train Epoch 37: [0/472 (0.0%)]	Loss: 0.176308
2026-01-06 15:22:44,917 - experiment_chaotic_lorenz_full_chaotic_run_0 - INFO - Epoch 37: Train Loss: 0.2528, Train Acc: 0.9777, Val Loss: 5.9263, Val Acc: 0.1124
2026-01-06 15:22:45,531 - experiment_chaotic_lorenz_full_chaotic_run_0 - INFO - Train Epoch 38: [0/472 (0.0%)]	Loss: 0.372523
2026-01-06 15:22:52,138 - experiment_chaotic_lorenz_full_chaotic_run_0 - INFO - Epoch 38: Train Loss: 0.2303, Train Acc: 0.9777, Val Loss: 3.4439, Val Acc: 0.2135
2026-01-06 15:22:52,752 - experiment_chaotic_lorenz_full_chaotic_run_0 - INFO - Train Epoch 39: [0/472 (0.0%)]	Loss: 0.346679
2026-01-06 15:22:59,443 - experiment_chaotic_lorenz_full_chaotic_run_0 - INFO - Epoch 39: Train Loss: 0.2236, Train Acc: 0.9777, Val Loss: 5.8636, Val Acc: 0.1461
2026-01-06 15:23:00,063 - experiment_chaotic_lorenz_full_chaotic_run_0 - INFO - Train Epoch 40: [0/472 (0.0%)]	Loss: 0.247429
2026-01-06 15:23:06,746 - experiment_chaotic_lorenz_full_chaotic_run_0 - INFO - Epoch 40: Train Loss: 0.2148, Train Acc: 0.9799, Val Loss: 3.5751, Val Acc: 0.3146
2026-01-06 15:23:07,437 - experiment_chaotic_lorenz_full_chaotic_run_0 - INFO - Train Epoch 41: [0/472 (0.0%)]	Loss: 0.157655
2026-01-06 15:23:14,078 - experiment_chaotic_lorenz_full_chaotic_run_0 - INFO - Epoch 41: Train Loss: 0.1874, Train Acc: 0.9911, Val Loss: 5.7572, Val Acc: 0.1461
2026-01-06 15:23:14,690 - experiment_chaotic_lorenz_full_chaotic_run_0 - INFO - Train Epoch 42: [0/472 (0.0%)]	Loss: 0.218860
2026-01-06 15:23:21,300 - experiment_chaotic_lorenz_full_chaotic_run_0 - INFO - Epoch 42: Train Loss: 0.2160, Train Acc: 0.9688, Val Loss: 5.5185, Val Acc: 0.1011
2026-01-06 15:23:21,899 - experiment_chaotic_lorenz_full_chaotic_run_0 - INFO - Train Epoch 43: [0/472 (0.0%)]	Loss: 0.218620
2026-01-06 15:23:28,569 - experiment_chaotic_lorenz_full_chaotic_run_0 - INFO - Epoch 43: Train Loss: 0.1707, Train Acc: 0.9933, Val Loss: 7.3920, Val Acc: 0.0899
2026-01-06 15:23:29,177 - experiment_chaotic_lorenz_full_chaotic_run_0 - INFO - Train Epoch 44: [0/472 (0.0%)]	Loss: 0.165006
2026-01-06 15:23:35,780 - experiment_chaotic_lorenz_full_chaotic_run_0 - INFO - Epoch 44: Train Loss: 0.1813, Train Acc: 0.9866, Val Loss: 3.1547, Val Acc: 0.4157
2026-01-06 15:23:36,387 - experiment_chaotic_lorenz_full_chaotic_run_0 - INFO - Train Epoch 45: [0/472 (0.0%)]	Loss: 0.139783
2026-01-06 15:23:43,001 - experiment_chaotic_lorenz_full_chaotic_run_0 - INFO - Epoch 45: Train Loss: 0.1572, Train Acc: 0.9911, Val Loss: 7.6535, Val Acc: 0.0449
2026-01-06 15:23:43,614 - experiment_chaotic_lorenz_full_chaotic_run_0 - INFO - Train Epoch 46: [0/472 (0.0%)]	Loss: 0.215768
2026-01-06 15:23:50,227 - experiment_chaotic_lorenz_full_chaotic_run_0 - INFO - Epoch 46: Train Loss: 0.1718, Train Acc: 0.9888, Val Loss: 8.5497, Val Acc: 0.0449
2026-01-06 15:23:50,834 - experiment_chaotic_lorenz_full_chaotic_run_0 - INFO - Train Epoch 47: [0/472 (0.0%)]	Loss: 0.184837
2026-01-06 15:23:57,492 - experiment_chaotic_lorenz_full_chaotic_run_0 - INFO - Epoch 47: Train Loss: 0.1770, Train Acc: 0.9844, Val Loss: 4.2289, Val Acc: 0.3258
2026-01-06 15:23:58,096 - experiment_chaotic_lorenz_full_chaotic_run_0 - INFO - Train Epoch 48: [0/472 (0.0%)]	Loss: 0.162946
2026-01-06 15:24:04,699 - experiment_chaotic_lorenz_full_chaotic_run_0 - INFO - Epoch 48: Train Loss: 0.1852, Train Acc: 0.9866, Val Loss: 3.6275, Val Acc: 0.2921
2026-01-06 15:24:05,316 - experiment_chaotic_lorenz_full_chaotic_run_0 - INFO - Train Epoch 49: [0/472 (0.0%)]	Loss: 0.192864
2026-01-06 15:24:11,934 - experiment_chaotic_lorenz_full_chaotic_run_0 - INFO - Epoch 49: Train Loss: 0.1554, Train Acc: 0.9911, Val Loss: 3.5930, Val Acc: 0.3483
2026-01-06 15:24:12,527 - experiment_chaotic_lorenz_full_chaotic_run_0 - INFO - Train Epoch 50: [0/472 (0.0%)]	Loss: 0.147203
2026-01-06 15:24:19,062 - experiment_chaotic_lorenz_full_chaotic_run_0 - INFO - Epoch 50: Train Loss: 0.1574, Train Acc: 0.9955, Val Loss: 7.7825, Val Acc: 0.0449
2026-01-06 15:24:19,765 - experiment_chaotic_lorenz_full_chaotic_run_0 - INFO - Train Epoch 51: [0/472 (0.0%)]	Loss: 0.185785
2026-01-06 15:24:26,389 - experiment_chaotic_lorenz_full_chaotic_run_0 - INFO - Epoch 51: Train Loss: 0.1372, Train Acc: 0.9978, Val Loss: 3.7484, Val Acc: 0.3146
2026-01-06 15:24:26,985 - experiment_chaotic_lorenz_full_chaotic_run_0 - INFO - Train Epoch 52: [0/472 (0.0%)]	Loss: 0.131586
2026-01-06 15:24:33,593 - experiment_chaotic_lorenz_full_chaotic_run_0 - INFO - Epoch 52: Train Loss: 0.1526, Train Acc: 0.9888, Val Loss: 3.1699, Val Acc: 0.4719
2026-01-06 15:24:34,203 - experiment_chaotic_lorenz_full_chaotic_run_0 - INFO - Train Epoch 53: [0/472 (0.0%)]	Loss: 0.188823
2026-01-06 15:24:40,773 - experiment_chaotic_lorenz_full_chaotic_run_0 - INFO - Epoch 53: Train Loss: 0.1431, Train Acc: 0.9933, Val Loss: 3.7051, Val Acc: 0.3933
2026-01-06 15:24:41,382 - experiment_chaotic_lorenz_full_chaotic_run_0 - INFO - Train Epoch 54: [0/472 (0.0%)]	Loss: 0.131882
2026-01-06 15:24:48,038 - experiment_chaotic_lorenz_full_chaotic_run_0 - INFO - Epoch 54: Train Loss: 0.1413, Train Acc: 0.9911, Val Loss: 2.5050, Val Acc: 0.4719
2026-01-06 15:24:48,638 - experiment_chaotic_lorenz_full_chaotic_run_0 - INFO - Train Epoch 55: [0/472 (0.0%)]	Loss: 0.142689
2026-01-06 15:24:55,289 - experiment_chaotic_lorenz_full_chaotic_run_0 - INFO - Epoch 55: Train Loss: 0.1443, Train Acc: 0.9933, Val Loss: 6.4694, Val Acc: 0.1798
2026-01-06 15:24:55,893 - experiment_chaotic_lorenz_full_chaotic_run_0 - INFO - Train Epoch 56: [0/472 (0.0%)]	Loss: 0.129910
2026-01-06 15:25:02,520 - experiment_chaotic_lorenz_full_chaotic_run_0 - INFO - Epoch 56: Train Loss: 0.1318, Train Acc: 0.9978, Val Loss: 2.6824, Val Acc: 0.5056
2026-01-06 15:25:03,131 - experiment_chaotic_lorenz_full_chaotic_run_0 - INFO - Train Epoch 57: [0/472 (0.0%)]	Loss: 0.112679
2026-01-06 15:25:09,741 - experiment_chaotic_lorenz_full_chaotic_run_0 - INFO - Epoch 57: Train Loss: 0.1330, Train Acc: 0.9955, Val Loss: 4.4313, Val Acc: 0.2921
2026-01-06 15:25:10,345 - experiment_chaotic_lorenz_full_chaotic_run_0 - INFO - Train Epoch 58: [0/472 (0.0%)]	Loss: 0.129250
2026-01-06 15:25:16,928 - experiment_chaotic_lorenz_full_chaotic_run_0 - INFO - Epoch 58: Train Loss: 0.1473, Train Acc: 0.9933, Val Loss: 0.8127, Val Acc: 0.7865
2026-01-06 15:25:17,021 - experiment_chaotic_lorenz_full_chaotic_run_0 - INFO - Saved new best model at epoch 58
2026-01-06 15:25:17,671 - experiment_chaotic_lorenz_full_chaotic_run_0 - INFO - Train Epoch 59: [0/472 (0.0%)]	Loss: 0.125228
2026-01-06 15:25:24,286 - experiment_chaotic_lorenz_full_chaotic_run_0 - INFO - Epoch 59: Train Loss: 0.1294, Train Acc: 1.0000, Val Loss: 0.3747, Val Acc: 0.9213
2026-01-06 15:25:24,379 - experiment_chaotic_lorenz_full_chaotic_run_0 - INFO - Saved new best model at epoch 59
2026-01-06 15:25:25,020 - experiment_chaotic_lorenz_full_chaotic_run_0 - INFO - Train Epoch 60: [0/472 (0.0%)]	Loss: 0.112943
2026-01-06 15:25:31,584 - experiment_chaotic_lorenz_full_chaotic_run_0 - INFO - Epoch 60: Train Loss: 0.1225, Train Acc: 1.0000, Val Loss: 1.9214, Val Acc: 0.5730
2026-01-06 15:25:32,303 - experiment_chaotic_lorenz_full_chaotic_run_0 - INFO - Train Epoch 61: [0/472 (0.0%)]	Loss: 0.113726
2026-01-06 15:25:38,880 - experiment_chaotic_lorenz_full_chaotic_run_0 - INFO - Epoch 61: Train Loss: 0.1324, Train Acc: 0.9933, Val Loss: 0.8897, Val Acc: 0.8090
2026-01-06 15:25:39,499 - experiment_chaotic_lorenz_full_chaotic_run_0 - INFO - Train Epoch 62: [0/472 (0.0%)]	Loss: 0.126112
2026-01-06 15:25:46,118 - experiment_chaotic_lorenz_full_chaotic_run_0 - INFO - Epoch 62: Train Loss: 0.1221, Train Acc: 0.9955, Val Loss: 0.5070, Val Acc: 0.8539
2026-01-06 15:25:46,730 - experiment_chaotic_lorenz_full_chaotic_run_0 - INFO - Train Epoch 63: [0/472 (0.0%)]	Loss: 0.111125
2026-01-06 15:25:53,415 - experiment_chaotic_lorenz_full_chaotic_run_0 - INFO - Epoch 63: Train Loss: 0.1435, Train Acc: 0.9933, Val Loss: 0.9849, Val Acc: 0.7753
2026-01-06 15:25:54,029 - experiment_chaotic_lorenz_full_chaotic_run_0 - INFO - Train Epoch 64: [0/472 (0.0%)]	Loss: 0.124297
2026-01-06 15:26:00,715 - experiment_chaotic_lorenz_full_chaotic_run_0 - INFO - Epoch 64: Train Loss: 0.1318, Train Acc: 0.9933, Val Loss: 0.8182, Val Acc: 0.6966
2026-01-06 15:26:01,337 - experiment_chaotic_lorenz_full_chaotic_run_0 - INFO - Train Epoch 65: [0/472 (0.0%)]	Loss: 0.108393
2026-01-06 15:26:07,992 - experiment_chaotic_lorenz_full_chaotic_run_0 - INFO - Epoch 65: Train Loss: 0.1177, Train Acc: 1.0000, Val Loss: 4.6539, Val Acc: 0.2809
2026-01-06 15:26:08,605 - experiment_chaotic_lorenz_full_chaotic_run_0 - INFO - Train Epoch 66: [0/472 (0.0%)]	Loss: 0.110442
2026-01-06 15:26:15,283 - experiment_chaotic_lorenz_full_chaotic_run_0 - INFO - Epoch 66: Train Loss: 0.1214, Train Acc: 0.9978, Val Loss: 7.1032, Val Acc: 0.1011
2026-01-06 15:26:15,901 - experiment_chaotic_lorenz_full_chaotic_run_0 - INFO - Train Epoch 67: [0/472 (0.0%)]	Loss: 0.111262
2026-01-06 15:26:22,674 - experiment_chaotic_lorenz_full_chaotic_run_0 - INFO - Epoch 67: Train Loss: 0.1272, Train Acc: 0.9978, Val Loss: 5.2163, Val Acc: 0.2697
2026-01-06 15:26:23,288 - experiment_chaotic_lorenz_full_chaotic_run_0 - INFO - Train Epoch 68: [0/472 (0.0%)]	Loss: 0.111250
2026-01-06 15:26:30,015 - experiment_chaotic_lorenz_full_chaotic_run_0 - INFO - Epoch 68: Train Loss: 0.1131, Train Acc: 1.0000, Val Loss: 0.1173, Val Acc: 0.9663
2026-01-06 15:26:30,108 - experiment_chaotic_lorenz_full_chaotic_run_0 - INFO - Saved new best model at epoch 68
2026-01-06 15:26:30,787 - experiment_chaotic_lorenz_full_chaotic_run_0 - INFO - Train Epoch 69: [0/472 (0.0%)]	Loss: 0.117670
2026-01-06 15:26:37,644 - experiment_chaotic_lorenz_full_chaotic_run_0 - INFO - Epoch 69: Train Loss: 0.1220, Train Acc: 0.9978, Val Loss: 1.4740, Val Acc: 0.6742
2026-01-06 15:26:38,260 - experiment_chaotic_lorenz_full_chaotic_run_0 - INFO - Train Epoch 70: [0/472 (0.0%)]	Loss: 0.118415
2026-01-06 15:26:44,901 - experiment_chaotic_lorenz_full_chaotic_run_0 - INFO - Epoch 70: Train Loss: 0.1160, Train Acc: 1.0000, Val Loss: 0.5219, Val Acc: 0.8427
2026-01-06 15:26:45,601 - experiment_chaotic_lorenz_full_chaotic_run_0 - INFO - Train Epoch 71: [0/472 (0.0%)]	Loss: 0.119664
2026-01-06 15:26:52,286 - experiment_chaotic_lorenz_full_chaotic_run_0 - INFO - Epoch 71: Train Loss: 0.1321, Train Acc: 0.9911, Val Loss: 0.3048, Val Acc: 0.8989
2026-01-06 15:26:52,894 - experiment_chaotic_lorenz_full_chaotic_run_0 - INFO - Train Epoch 72: [0/472 (0.0%)]	Loss: 0.114776
2026-01-06 15:26:59,549 - experiment_chaotic_lorenz_full_chaotic_run_0 - INFO - Epoch 72: Train Loss: 0.1258, Train Acc: 0.9955, Val Loss: 1.0096, Val Acc: 0.7978
2026-01-06 15:27:00,158 - experiment_chaotic_lorenz_full_chaotic_run_0 - INFO - Train Epoch 73: [0/472 (0.0%)]	Loss: 0.121422
2026-01-06 15:27:06,777 - experiment_chaotic_lorenz_full_chaotic_run_0 - INFO - Epoch 73: Train Loss: 0.1136, Train Acc: 0.9978, Val Loss: 0.2765, Val Acc: 0.8876
2026-01-06 15:27:07,373 - experiment_chaotic_lorenz_full_chaotic_run_0 - INFO - Train Epoch 74: [0/472 (0.0%)]	Loss: 0.109289
2026-01-06 15:27:13,976 - experiment_chaotic_lorenz_full_chaotic_run_0 - INFO - Epoch 74: Train Loss: 0.1147, Train Acc: 1.0000, Val Loss: 2.9852, Val Acc: 0.4719
2026-01-06 15:27:14,622 - experiment_chaotic_lorenz_full_chaotic_run_0 - INFO - Train Epoch 75: [0/472 (0.0%)]	Loss: 0.145792
2026-01-06 15:27:21,234 - experiment_chaotic_lorenz_full_chaotic_run_0 - INFO - Epoch 75: Train Loss: 0.1327, Train Acc: 0.9911, Val Loss: 0.1005, Val Acc: 0.9775
2026-01-06 15:27:21,331 - experiment_chaotic_lorenz_full_chaotic_run_0 - INFO - Saved new best model at epoch 75
2026-01-06 15:27:21,972 - experiment_chaotic_lorenz_full_chaotic_run_0 - INFO - Train Epoch 76: [0/472 (0.0%)]	Loss: 0.106531
2026-01-06 15:27:28,743 - experiment_chaotic_lorenz_full_chaotic_run_0 - INFO - Epoch 76: Train Loss: 0.1159, Train Acc: 0.9978, Val Loss: 0.8209, Val Acc: 0.7865
2026-01-06 15:27:29,355 - experiment_chaotic_lorenz_full_chaotic_run_0 - INFO - Train Epoch 77: [0/472 (0.0%)]	Loss: 0.108590
2026-01-06 15:27:36,069 - experiment_chaotic_lorenz_full_chaotic_run_0 - INFO - Epoch 77: Train Loss: 0.1120, Train Acc: 1.0000, Val Loss: 0.2378, Val Acc: 0.9438
2026-01-06 15:27:36,711 - experiment_chaotic_lorenz_full_chaotic_run_0 - INFO - Train Epoch 78: [0/472 (0.0%)]	Loss: 0.103951
2026-01-06 15:27:43,274 - experiment_chaotic_lorenz_full_chaotic_run_0 - INFO - Epoch 78: Train Loss: 0.1140, Train Acc: 1.0000, Val Loss: 0.4759, Val Acc: 0.9213
2026-01-06 15:27:43,880 - experiment_chaotic_lorenz_full_chaotic_run_0 - INFO - Train Epoch 79: [0/472 (0.0%)]	Loss: 0.104077
2026-01-06 15:27:50,532 - experiment_chaotic_lorenz_full_chaotic_run_0 - INFO - Epoch 79: Train Loss: 0.1128, Train Acc: 1.0000, Val Loss: 0.0282, Val Acc: 1.0000
2026-01-06 15:27:50,626 - experiment_chaotic_lorenz_full_chaotic_run_0 - INFO - Saved new best model at epoch 79
2026-01-06 15:27:51,286 - experiment_chaotic_lorenz_full_chaotic_run_0 - INFO - Train Epoch 80: [0/472 (0.0%)]	Loss: 0.105468
2026-01-06 15:27:57,925 - experiment_chaotic_lorenz_full_chaotic_run_0 - INFO - Epoch 80: Train Loss: 0.1104, Train Acc: 1.0000, Val Loss: 0.0213, Val Acc: 0.9888
2026-01-06 15:27:58,623 - experiment_chaotic_lorenz_full_chaotic_run_0 - INFO - Train Epoch 81: [0/472 (0.0%)]	Loss: 0.187361
2026-01-06 15:28:05,260 - experiment_chaotic_lorenz_full_chaotic_run_0 - INFO - Epoch 81: Train Loss: 0.1206, Train Acc: 0.9978, Val Loss: 0.0700, Val Acc: 0.9775
2026-01-06 15:28:05,862 - experiment_chaotic_lorenz_full_chaotic_run_0 - INFO - Train Epoch 82: [0/472 (0.0%)]	Loss: 0.118107
2026-01-06 15:28:12,533 - experiment_chaotic_lorenz_full_chaotic_run_0 - INFO - Epoch 82: Train Loss: 0.1151, Train Acc: 1.0000, Val Loss: 0.2257, Val Acc: 0.9213
2026-01-06 15:28:13,142 - experiment_chaotic_lorenz_full_chaotic_run_0 - INFO - Train Epoch 83: [0/472 (0.0%)]	Loss: 0.106488
2026-01-06 15:28:19,774 - experiment_chaotic_lorenz_full_chaotic_run_0 - INFO - Epoch 83: Train Loss: 0.1083, Train Acc: 1.0000, Val Loss: 0.2569, Val Acc: 0.9213
2026-01-06 15:28:20,412 - experiment_chaotic_lorenz_full_chaotic_run_0 - INFO - Train Epoch 84: [0/472 (0.0%)]	Loss: 0.104372
2026-01-06 15:28:27,147 - experiment_chaotic_lorenz_full_chaotic_run_0 - INFO - Epoch 84: Train Loss: 0.1106, Train Acc: 1.0000, Val Loss: 0.0494, Val Acc: 0.9888
2026-01-06 15:28:27,754 - experiment_chaotic_lorenz_full_chaotic_run_0 - INFO - Train Epoch 85: [0/472 (0.0%)]	Loss: 0.105697
2026-01-06 15:28:34,393 - experiment_chaotic_lorenz_full_chaotic_run_0 - INFO - Epoch 85: Train Loss: 0.1083, Train Acc: 1.0000, Val Loss: 0.2175, Val Acc: 0.9326
2026-01-06 15:28:35,100 - experiment_chaotic_lorenz_full_chaotic_run_0 - INFO - Train Epoch 86: [0/472 (0.0%)]	Loss: 0.103778
2026-01-06 15:28:43,207 - experiment_chaotic_lorenz_full_chaotic_run_0 - INFO - Epoch 86: Train Loss: 0.1131, Train Acc: 0.9978, Val Loss: 0.3809, Val Acc: 0.9326
2026-01-06 15:28:43,915 - experiment_chaotic_lorenz_full_chaotic_run_0 - INFO - Train Epoch 87: [0/472 (0.0%)]	Loss: 0.103614
2026-01-06 15:28:51,706 - experiment_chaotic_lorenz_full_chaotic_run_0 - INFO - Epoch 87: Train Loss: 0.1105, Train Acc: 1.0000, Val Loss: 0.0982, Val Acc: 0.9551
2026-01-06 15:28:52,308 - experiment_chaotic_lorenz_full_chaotic_run_0 - INFO - Train Epoch 88: [0/472 (0.0%)]	Loss: 0.107995
2026-01-06 15:28:58,987 - experiment_chaotic_lorenz_full_chaotic_run_0 - INFO - Epoch 88: Train Loss: 0.1094, Train Acc: 0.9978, Val Loss: 0.1089, Val Acc: 0.9551
2026-01-06 15:28:59,587 - experiment_chaotic_lorenz_full_chaotic_run_0 - INFO - Train Epoch 89: [0/472 (0.0%)]	Loss: 0.108840
2026-01-06 15:29:06,245 - experiment_chaotic_lorenz_full_chaotic_run_0 - INFO - Epoch 89: Train Loss: 0.1091, Train Acc: 1.0000, Val Loss: 0.1935, Val Acc: 0.9326
2026-01-06 15:29:06,845 - experiment_chaotic_lorenz_full_chaotic_run_0 - INFO - Train Epoch 90: [0/472 (0.0%)]	Loss: 0.104526
2026-01-06 15:29:13,460 - experiment_chaotic_lorenz_full_chaotic_run_0 - INFO - Epoch 90: Train Loss: 0.1103, Train Acc: 0.9978, Val Loss: 0.0892, Val Acc: 0.9438
2026-01-06 15:29:14,151 - experiment_chaotic_lorenz_full_chaotic_run_0 - INFO - Train Epoch 91: [0/472 (0.0%)]	Loss: 0.132213
2026-01-06 15:29:20,694 - experiment_chaotic_lorenz_full_chaotic_run_0 - INFO - Epoch 91: Train Loss: 0.1132, Train Acc: 1.0000, Val Loss: 0.1994, Val Acc: 0.9326
2026-01-06 15:29:21,299 - experiment_chaotic_lorenz_full_chaotic_run_0 - INFO - Train Epoch 92: [0/472 (0.0%)]	Loss: 0.109904
2026-01-06 15:29:27,819 - experiment_chaotic_lorenz_full_chaotic_run_0 - INFO - Epoch 92: Train Loss: 0.1091, Train Acc: 1.0000, Val Loss: 0.0560, Val Acc: 0.9663
2026-01-06 15:29:28,419 - experiment_chaotic_lorenz_full_chaotic_run_0 - INFO - Train Epoch 93: [0/472 (0.0%)]	Loss: 0.116519
2026-01-06 15:29:35,081 - experiment_chaotic_lorenz_full_chaotic_run_0 - INFO - Epoch 93: Train Loss: 0.1125, Train Acc: 1.0000, Val Loss: 0.0340, Val Acc: 0.9888
2026-01-06 15:29:35,686 - experiment_chaotic_lorenz_full_chaotic_run_0 - INFO - Train Epoch 94: [0/472 (0.0%)]	Loss: 0.126385
2026-01-06 15:29:42,295 - experiment_chaotic_lorenz_full_chaotic_run_0 - INFO - Epoch 94: Train Loss: 0.1142, Train Acc: 0.9978, Val Loss: 0.0286, Val Acc: 0.9888
2026-01-06 15:29:42,890 - experiment_chaotic_lorenz_full_chaotic_run_0 - INFO - Train Epoch 95: [0/472 (0.0%)]	Loss: 0.113157
2026-01-06 15:29:49,547 - experiment_chaotic_lorenz_full_chaotic_run_0 - INFO - Epoch 95: Train Loss: 0.1123, Train Acc: 1.0000, Val Loss: 0.0353, Val Acc: 0.9888
2026-01-06 15:29:50,153 - experiment_chaotic_lorenz_full_chaotic_run_0 - INFO - Train Epoch 96: [0/472 (0.0%)]	Loss: 0.119860
2026-01-06 15:29:56,775 - experiment_chaotic_lorenz_full_chaotic_run_0 - INFO - Epoch 96: Train Loss: 0.1081, Train Acc: 1.0000, Val Loss: 0.0350, Val Acc: 0.9888
2026-01-06 15:29:57,392 - experiment_chaotic_lorenz_full_chaotic_run_0 - INFO - Train Epoch 97: [0/472 (0.0%)]	Loss: 0.103344
2026-01-06 15:30:04,039 - experiment_chaotic_lorenz_full_chaotic_run_0 - INFO - Epoch 97: Train Loss: 0.1086, Train Acc: 1.0000, Val Loss: 0.0331, Val Acc: 0.9888
2026-01-06 15:30:04,647 - experiment_chaotic_lorenz_full_chaotic_run_0 - INFO - Train Epoch 98: [0/472 (0.0%)]	Loss: 0.110736
2026-01-06 15:30:11,323 - experiment_chaotic_lorenz_full_chaotic_run_0 - INFO - Epoch 98: Train Loss: 0.1160, Train Acc: 0.9978, Val Loss: 0.0358, Val Acc: 0.9888
2026-01-06 15:30:11,925 - experiment_chaotic_lorenz_full_chaotic_run_0 - INFO - Train Epoch 99: [0/472 (0.0%)]	Loss: 0.104980
2026-01-06 15:30:18,782 - experiment_chaotic_lorenz_full_chaotic_run_0 - INFO - Epoch 99: Train Loss: 0.1088, Train Acc: 1.0000, Val Loss: 0.0441, Val Acc: 0.9888
2026-01-06 15:30:18,788 - experiment_chaotic_lorenz_full_chaotic_run_0 - INFO - Running final test evaluation...
2026-01-06 15:30:20,177 - experiment_chaotic_lorenz_full_chaotic_run_0 - INFO - Test Results:
2026-01-06 15:30:20,177 - experiment_chaotic_lorenz_full_chaotic_run_0 - INFO -   loss: 0.1068
2026-01-06 15:30:20,177 - experiment_chaotic_lorenz_full_chaotic_run_0 - INFO -   accuracy: 0.9746
2026-01-06 15:30:20,177 - experiment_chaotic_lorenz_full_chaotic_run_0 - INFO -   avg_confidence: 0.3423
2026-01-06 15:30:20,177 - experiment_chaotic_lorenz_full_chaotic_run_0 - INFO -   embedding_diversity: 0.3713
2026-01-06 15:30:20,177 - experiment_chaotic_lorenz_full_chaotic_run_0 - INFO -   embedding_norm_mean: 1.0000
2026-01-06 15:30:20,177 - experiment_chaotic_lorenz_full_chaotic_run_0 - INFO -   embedding_norm_std: 0.0000
2026-01-06 15:30:20,179 - experiment_chaotic_lorenz_full_chaotic_run_0 - INFO - Training completed
2026-01-06 15:30:20,936 - experiment_chaotic_lorenz_full_chaotic_run_0 - INFO - Running comprehensive chaotic network analysis...
2026-01-06 15:30:20,937 - experiment_chaotic_lorenz_full_chaotic_run_0 - INFO - Analyzing chaotic features and dynamics...
2026-01-06 15:30:21,913 - experiment_chaotic_lorenz_full_chaotic_run_0 - INFO - Chaotic analysis completed
2026-01-06 15:30:21,915 - experiment_chaotic_lorenz_full_chaotic_run_0 - INFO - Creating chaotic dynamics visualizations...
2026-01-06 15:30:24,326 - experiment_chaotic_lorenz_full_chaotic_run_0 - WARNING - Embedding plotting failed: boolean index did not match indexed array along dimension 0; dimension is 8 but corresponding boolean dimension is 32
2026-01-06 15:30:24,332 - experiment_chaotic_lorenz_full_chaotic_run_0 - INFO - Chaotic network analysis completed
