2026-02-23 09:54:36,235 - experiment_chaotic_rossler_full_chaotic_run_0 - INFO - Initialized experiment: chaotic_rossler_full_chaotic_run_0
2026-02-23 09:54:36,236 - experiment_chaotic_rossler_full_chaotic_run_0 - INFO - Device: cuda
2026-02-23 09:54:36,236 - experiment_chaotic_rossler_full_chaotic_run_0 - INFO - Output directory: /scratch/project_2003370/yueyao/Model/experiments/configs/chaotic_system_comparsion/Rossler/experiments/chaotic_rossler_full_chaotic_run_0
2026-02-23 09:54:36,236 - experiment_chaotic_rossler_full_chaotic_run_0 - INFO - Initialized chaotic network experiment with rossler system
2026-02-23 09:54:36,236 - experiment_chaotic_rossler_full_chaotic_run_0 - INFO - Setting up experiment components...
2026-02-23 09:54:36,236 - experiment_chaotic_rossler_full_chaotic_run_0 - INFO - Creating dataloaders...
2026-02-23 09:54:36,627 - experiment_chaotic_rossler_full_chaotic_run_0 - INFO - Detected 26 speakers in dataset
2026-02-23 09:54:36,627 - experiment_chaotic_rossler_full_chaotic_run_0 - INFO - Dataloaders created:
2026-02-23 09:54:36,627 - experiment_chaotic_rossler_full_chaotic_run_0 - INFO -   Train: 14 batches
2026-02-23 09:54:36,627 - experiment_chaotic_rossler_full_chaotic_run_0 - INFO -   Val: 3 batches
2026-02-23 09:54:36,627 - experiment_chaotic_rossler_full_chaotic_run_0 - INFO -   Test: 4 batches
2026-02-23 09:54:36,627 - experiment_chaotic_rossler_full_chaotic_run_0 - INFO - Creating model...
2026-02-23 09:54:36,627 - experiment_chaotic_rossler_full_chaotic_run_0 - INFO - Using actual num_speakers from dataset: 26
2026-02-23 09:57:17,240 - experiment_chaotic_rossler_full_chaotic_run_0 - INFO - Initialized experiment: chaotic_rossler_full_chaotic_run_0
2026-02-23 09:57:17,240 - experiment_chaotic_rossler_full_chaotic_run_0 - INFO - Device: cuda
2026-02-23 09:57:17,240 - experiment_chaotic_rossler_full_chaotic_run_0 - INFO - Output directory: /scratch/project_2003370/yueyao/Model/experiments/configs/chaotic_system_comparsion/Rossler/experiments/chaotic_rossler_full_chaotic_run_0
2026-02-23 09:57:17,248 - experiment_chaotic_rossler_full_chaotic_run_0 - INFO - [SYNC LOSS] Enabled with mode: standard
2026-02-23 09:57:17,248 - experiment_chaotic_rossler_full_chaotic_run_0 - INFO - [SYNC LOSS] Warmup epochs: 20
2026-02-23 09:57:17,248 - experiment_chaotic_rossler_full_chaotic_run_0 - INFO - Initialized chaotic network experiment with rossler system
2026-02-23 09:57:17,248 - experiment_chaotic_rossler_full_chaotic_run_0 - INFO - Setting up experiment components...
2026-02-23 09:57:17,248 - experiment_chaotic_rossler_full_chaotic_run_0 - INFO - Creating dataloaders...
2026-02-23 09:57:17,643 - experiment_chaotic_rossler_full_chaotic_run_0 - INFO - Detected 26 speakers in dataset
2026-02-23 09:57:17,643 - experiment_chaotic_rossler_full_chaotic_run_0 - INFO - Dataloaders created:
2026-02-23 09:57:17,643 - experiment_chaotic_rossler_full_chaotic_run_0 - INFO -   Train: 14 batches
2026-02-23 09:57:17,643 - experiment_chaotic_rossler_full_chaotic_run_0 - INFO -   Val: 3 batches
2026-02-23 09:57:17,643 - experiment_chaotic_rossler_full_chaotic_run_0 - INFO -   Test: 4 batches
2026-02-23 09:57:17,643 - experiment_chaotic_rossler_full_chaotic_run_0 - INFO - Creating model...
2026-02-23 09:57:17,643 - experiment_chaotic_rossler_full_chaotic_run_0 - INFO - Using actual num_speakers from dataset: 26
2026-02-23 09:57:52,463 - experiment_chaotic_rossler_full_chaotic_run_0 - INFO - Initialized experiment: chaotic_rossler_full_chaotic_run_0
2026-02-23 09:57:52,463 - experiment_chaotic_rossler_full_chaotic_run_0 - INFO - Device: cuda
2026-02-23 09:57:52,463 - experiment_chaotic_rossler_full_chaotic_run_0 - INFO - Output directory: /scratch/project_2003370/yueyao/Model/experiments/configs/chaotic_system_comparsion/Rossler/experiments/chaotic_rossler_full_chaotic_run_0
2026-02-23 09:57:52,464 - experiment_chaotic_rossler_full_chaotic_run_0 - INFO - [SYNC LOSS] Enabled with mode: standard
2026-02-23 09:57:52,464 - experiment_chaotic_rossler_full_chaotic_run_0 - INFO - [SYNC LOSS] Warmup epochs: 20
2026-02-23 09:57:52,464 - experiment_chaotic_rossler_full_chaotic_run_0 - INFO - Initialized chaotic network experiment with rossler system
2026-02-23 09:57:52,464 - experiment_chaotic_rossler_full_chaotic_run_0 - INFO - Setting up experiment components...
2026-02-23 09:57:52,464 - experiment_chaotic_rossler_full_chaotic_run_0 - INFO - Creating dataloaders...
2026-02-23 09:57:52,858 - experiment_chaotic_rossler_full_chaotic_run_0 - INFO - Detected 26 speakers in dataset
2026-02-23 09:57:52,858 - experiment_chaotic_rossler_full_chaotic_run_0 - INFO - Dataloaders created:
2026-02-23 09:57:52,858 - experiment_chaotic_rossler_full_chaotic_run_0 - INFO -   Train: 14 batches
2026-02-23 09:57:52,858 - experiment_chaotic_rossler_full_chaotic_run_0 - INFO -   Val: 3 batches
2026-02-23 09:57:52,859 - experiment_chaotic_rossler_full_chaotic_run_0 - INFO -   Test: 4 batches
2026-02-23 09:57:52,859 - experiment_chaotic_rossler_full_chaotic_run_0 - INFO - Creating model...
2026-02-23 09:57:52,859 - experiment_chaotic_rossler_full_chaotic_run_0 - INFO - Using actual num_speakers from dataset: 26
2026-02-23 09:58:59,101 - experiment_chaotic_rossler_full_chaotic_run_0 - INFO - Total parameters: 584,959
2026-02-23 09:58:59,101 - experiment_chaotic_rossler_full_chaotic_run_0 - INFO - Trainable parameters: 584,959
2026-02-23 09:58:59,101 - experiment_chaotic_rossler_full_chaotic_run_0 - INFO - Creating optimizer...
2026-02-23 09:59:00,220 - experiment_chaotic_rossler_full_chaotic_run_0 - INFO - Optimizer: AdamW
2026-02-23 09:59:00,221 - experiment_chaotic_rossler_full_chaotic_run_0 - INFO - Creating scheduler...
2026-02-23 09:59:00,221 - experiment_chaotic_rossler_full_chaotic_run_0 - INFO - Scheduler: CosineAnnealingLR
2026-02-23 09:59:00,221 - experiment_chaotic_rossler_full_chaotic_run_0 - INFO - Creating criterion...
2026-02-23 09:59:00,221 - experiment_chaotic_rossler_full_chaotic_run_0 - INFO - Criterion: CrossEntropyLoss
2026-02-23 09:59:00,293 - experiment_chaotic_rossler_full_chaotic_run_0 - INFO - Configuration saved to: /scratch/project_2003370/yueyao/Model/experiments/configs/chaotic_system_comparsion/Rossler/experiments/chaotic_rossler_full_chaotic_run_0/config.json
2026-02-23 09:59:00,293 - experiment_chaotic_rossler_full_chaotic_run_0 - INFO - Experiment setup completed
2026-02-23 09:59:00,294 - experiment_chaotic_rossler_full_chaotic_run_0 - INFO - Starting training for 100 epochs
2026-02-23 09:59:04,518 - experiment_chaotic_rossler_full_chaotic_run_0 - INFO - 
================================================================================
2026-02-23 09:59:04,519 - experiment_chaotic_rossler_full_chaotic_run_0 - INFO - COMPREHENSIVE DEBUG - FIRST BATCH
2026-02-23 09:59:04,519 - experiment_chaotic_rossler_full_chaotic_run_0 - INFO - ================================================================================
2026-02-23 09:59:04,519 - experiment_chaotic_rossler_full_chaotic_run_0 - INFO - Batch Info:
2026-02-23 09:59:04,519 - experiment_chaotic_rossler_full_chaotic_run_0 - INFO -   Audio shape: torch.Size([32, 48000])
2026-02-23 09:59:04,519 - experiment_chaotic_rossler_full_chaotic_run_0 - INFO -   Targets shape: torch.Size([32])
2026-02-23 09:59:04,523 - experiment_chaotic_rossler_full_chaotic_run_0 - INFO -   Targets (first 8): tensor([23, 10, 24, 14,  5, 17,  8,  0], device='cuda:0')
2026-02-23 09:59:05,155 - experiment_chaotic_rossler_full_chaotic_run_0 - INFO - ================================================================================

2026-02-23 09:59:05,293 - experiment_chaotic_rossler_full_chaotic_run_0 - INFO - [STABILITY] Initialized LyapunovStabilityLoss
2026-02-23 09:59:05,299 - experiment_chaotic_rossler_full_chaotic_run_0 - DEBUG - [STABILITY] lyap=-0.028, max_norm=0.2, min_std=0.011
2026-02-23 09:59:05,940 - experiment_chaotic_rossler_full_chaotic_run_0 - INFO - Train Epoch 0: [0/472 (0.0%)]	Loss: 4.950636
2026-02-23 09:59:10,070 - experiment_chaotic_rossler_full_chaotic_run_0 - INFO - [SYNC DEBUG] Epoch 0: sync_weight=0.01, desync_weight=0.01, loss_sync=0.000000
2026-02-23 09:59:12,537 - experiment_chaotic_rossler_full_chaotic_run_0 - INFO - Epoch 0: Train Loss: 4.2966, Train Acc: 0.0513, Val Loss: 3.7796, Val Acc: 0.0449
2026-02-23 09:59:12,608 - experiment_chaotic_rossler_full_chaotic_run_0 - INFO - Saved new best model at epoch 0
2026-02-23 09:59:14,386 - experiment_chaotic_rossler_full_chaotic_run_0 - INFO - Train Epoch 1: [0/472 (0.0%)]	Loss: 3.758135
2026-02-23 09:59:18,534 - experiment_chaotic_rossler_full_chaotic_run_0 - INFO - [SYNC DEBUG] Epoch 1: sync_weight=0.01, desync_weight=0.01, loss_sync=0.000000
2026-02-23 09:59:19,729 - experiment_chaotic_rossler_full_chaotic_run_0 - INFO - Epoch 1: Train Loss: 3.5076, Train Acc: 0.1295, Val Loss: 3.7488, Val Acc: 0.0449
2026-02-23 09:59:20,255 - experiment_chaotic_rossler_full_chaotic_run_0 - INFO - Train Epoch 2: [0/472 (0.0%)]	Loss: 3.680151
2026-02-23 09:59:24,372 - experiment_chaotic_rossler_full_chaotic_run_0 - INFO - [SYNC DEBUG] Epoch 2: sync_weight=0.01, desync_weight=0.01, loss_sync=0.000000
2026-02-23 09:59:25,551 - experiment_chaotic_rossler_full_chaotic_run_0 - INFO - Epoch 2: Train Loss: 3.2469, Train Acc: 0.1339, Val Loss: 3.3569, Val Acc: 0.1124
2026-02-23 09:59:25,633 - experiment_chaotic_rossler_full_chaotic_run_0 - INFO - Saved new best model at epoch 2
2026-02-23 09:59:26,186 - experiment_chaotic_rossler_full_chaotic_run_0 - INFO - Train Epoch 3: [0/472 (0.0%)]	Loss: 3.190176
2026-02-23 09:59:30,376 - experiment_chaotic_rossler_full_chaotic_run_0 - INFO - [SYNC DEBUG] Epoch 3: sync_weight=0.01, desync_weight=0.01, loss_sync=0.000000
2026-02-23 09:59:31,566 - experiment_chaotic_rossler_full_chaotic_run_0 - INFO - Epoch 3: Train Loss: 2.9248, Train Acc: 0.1875, Val Loss: 2.8232, Val Acc: 0.2247
2026-02-23 09:59:31,636 - experiment_chaotic_rossler_full_chaotic_run_0 - INFO - Saved new best model at epoch 3
2026-02-23 09:59:32,175 - experiment_chaotic_rossler_full_chaotic_run_0 - INFO - Train Epoch 4: [0/472 (0.0%)]	Loss: 2.774539
2026-02-23 09:59:36,410 - experiment_chaotic_rossler_full_chaotic_run_0 - INFO - [SYNC DEBUG] Epoch 4: sync_weight=0.01, desync_weight=0.01, loss_sync=0.000000
2026-02-23 09:59:37,603 - experiment_chaotic_rossler_full_chaotic_run_0 - INFO - Epoch 4: Train Loss: 2.4732, Train Acc: 0.2656, Val Loss: 2.0347, Val Acc: 0.4270
2026-02-23 09:59:37,686 - experiment_chaotic_rossler_full_chaotic_run_0 - INFO - Saved new best model at epoch 4
2026-02-23 09:59:38,213 - experiment_chaotic_rossler_full_chaotic_run_0 - INFO - Train Epoch 5: [0/472 (0.0%)]	Loss: 1.983395
2026-02-23 09:59:42,375 - experiment_chaotic_rossler_full_chaotic_run_0 - INFO - [SYNC DEBUG] Epoch 5: sync_weight=0.01, desync_weight=0.01, loss_sync=0.000000
2026-02-23 09:59:43,571 - experiment_chaotic_rossler_full_chaotic_run_0 - INFO - Epoch 5: Train Loss: 2.1456, Train Acc: 0.3616, Val Loss: 1.8641, Val Acc: 0.4157
2026-02-23 09:59:44,099 - experiment_chaotic_rossler_full_chaotic_run_0 - INFO - Train Epoch 6: [0/472 (0.0%)]	Loss: 1.806582
2026-02-23 09:59:48,258 - experiment_chaotic_rossler_full_chaotic_run_0 - INFO - [SYNC DEBUG] Epoch 6: sync_weight=0.01, desync_weight=0.01, loss_sync=0.000000
2026-02-23 09:59:49,452 - experiment_chaotic_rossler_full_chaotic_run_0 - INFO - Epoch 6: Train Loss: 1.8423, Train Acc: 0.4241, Val Loss: 1.8020, Val Acc: 0.3820
2026-02-23 09:59:49,962 - experiment_chaotic_rossler_full_chaotic_run_0 - INFO - Train Epoch 7: [0/472 (0.0%)]	Loss: 1.780951
2026-02-23 09:59:50,384 - experiment_chaotic_rossler_full_chaotic_run_0 - DEBUG - [STABILITY] lyap=-0.025, max_norm=0.6, min_std=0.067
2026-02-23 09:59:54,187 - experiment_chaotic_rossler_full_chaotic_run_0 - INFO - [SYNC DEBUG] Epoch 7: sync_weight=0.01, desync_weight=0.01, loss_sync=0.000000
2026-02-23 09:59:55,364 - experiment_chaotic_rossler_full_chaotic_run_0 - INFO - Epoch 7: Train Loss: 1.6127, Train Acc: 0.4844, Val Loss: 1.2221, Val Acc: 0.5955
2026-02-23 09:59:55,449 - experiment_chaotic_rossler_full_chaotic_run_0 - INFO - Saved new best model at epoch 7
2026-02-23 09:59:55,978 - experiment_chaotic_rossler_full_chaotic_run_0 - INFO - Train Epoch 8: [0/472 (0.0%)]	Loss: 1.450845
2026-02-23 10:00:00,147 - experiment_chaotic_rossler_full_chaotic_run_0 - INFO - [SYNC DEBUG] Epoch 8: sync_weight=0.01, desync_weight=0.01, loss_sync=0.000000
2026-02-23 10:00:01,311 - experiment_chaotic_rossler_full_chaotic_run_0 - INFO - Epoch 8: Train Loss: 1.2895, Train Acc: 0.5804, Val Loss: 1.0572, Val Acc: 0.7416
2026-02-23 10:00:01,390 - experiment_chaotic_rossler_full_chaotic_run_0 - INFO - Saved new best model at epoch 8
2026-02-23 10:00:01,939 - experiment_chaotic_rossler_full_chaotic_run_0 - INFO - Train Epoch 9: [0/472 (0.0%)]	Loss: 0.988237
2026-02-23 10:00:06,053 - experiment_chaotic_rossler_full_chaotic_run_0 - INFO - [SYNC DEBUG] Epoch 9: sync_weight=0.01, desync_weight=0.01, loss_sync=0.000000
2026-02-23 10:00:07,263 - experiment_chaotic_rossler_full_chaotic_run_0 - INFO - Epoch 9: Train Loss: 1.0595, Train Acc: 0.6607, Val Loss: 1.0859, Val Acc: 0.6180
2026-02-23 10:00:07,768 - experiment_chaotic_rossler_full_chaotic_run_0 - INFO - Train Epoch 10: [0/472 (0.0%)]	Loss: 0.899372
2026-02-23 10:00:11,975 - experiment_chaotic_rossler_full_chaotic_run_0 - INFO - [SYNC DEBUG] Epoch 10: sync_weight=0.01, desync_weight=0.01, loss_sync=0.000000
2026-02-23 10:00:13,173 - experiment_chaotic_rossler_full_chaotic_run_0 - INFO - Epoch 10: Train Loss: 1.0120, Train Acc: 0.6674, Val Loss: 1.1070, Val Acc: 0.5506
2026-02-23 10:00:13,764 - experiment_chaotic_rossler_full_chaotic_run_0 - INFO - Train Epoch 11: [0/472 (0.0%)]	Loss: 1.236384
2026-02-23 10:00:17,839 - experiment_chaotic_rossler_full_chaotic_run_0 - INFO - [SYNC DEBUG] Epoch 11: sync_weight=0.01, desync_weight=0.01, loss_sync=0.000000
2026-02-23 10:00:19,021 - experiment_chaotic_rossler_full_chaotic_run_0 - INFO - Epoch 11: Train Loss: 0.8070, Train Acc: 0.7612, Val Loss: 0.6742, Val Acc: 0.7753
2026-02-23 10:00:19,100 - experiment_chaotic_rossler_full_chaotic_run_0 - INFO - Saved new best model at epoch 11
2026-02-23 10:00:19,137 - experiment_chaotic_rossler_full_chaotic_run_0 - INFO - [SYNC LOSS] Dynamic activation triggered at epoch 12
2026-02-23 10:00:19,137 - experiment_chaotic_rossler_full_chaotic_run_0 - INFO - [SYNC LOSS] Train accuracy 76.12% >= threshold 70.00%
2026-02-23 10:00:19,661 - experiment_chaotic_rossler_full_chaotic_run_0 - INFO - Train Epoch 12: [0/472 (0.0%)]	Loss: 0.796865
2026-02-23 10:00:23,829 - experiment_chaotic_rossler_full_chaotic_run_0 - INFO - [SYNC DEBUG] Epoch 12: sync_weight=0.01, desync_weight=0.01, loss_sync=0.049884
2026-02-23 10:00:25,012 - experiment_chaotic_rossler_full_chaotic_run_0 - INFO - Epoch 12: Train Loss: 0.8521, Train Acc: 0.7388, Val Loss: 0.8093, Val Acc: 0.7528
2026-02-23 10:00:25,531 - experiment_chaotic_rossler_full_chaotic_run_0 - INFO - Train Epoch 13: [0/472 (0.0%)]	Loss: 0.615129
2026-02-23 10:00:29,681 - experiment_chaotic_rossler_full_chaotic_run_0 - INFO - [SYNC DEBUG] Epoch 13: sync_weight=0.01, desync_weight=0.01, loss_sync=0.050102
2026-02-23 10:00:30,893 - experiment_chaotic_rossler_full_chaotic_run_0 - INFO - Epoch 13: Train Loss: 0.7584, Train Acc: 0.7746, Val Loss: 0.5148, Val Acc: 0.8539
2026-02-23 10:00:30,968 - experiment_chaotic_rossler_full_chaotic_run_0 - INFO - Saved new best model at epoch 13
2026-02-23 10:00:31,505 - experiment_chaotic_rossler_full_chaotic_run_0 - INFO - Train Epoch 14: [0/472 (0.0%)]	Loss: 0.589828
2026-02-23 10:00:32,589 - experiment_chaotic_rossler_full_chaotic_run_0 - DEBUG - [STABILITY] lyap=-0.018, max_norm=0.4, min_std=0.057
2026-02-23 10:00:35,678 - experiment_chaotic_rossler_full_chaotic_run_0 - INFO - [SYNC DEBUG] Epoch 14: sync_weight=0.01, desync_weight=0.01, loss_sync=0.049995
2026-02-23 10:00:36,913 - experiment_chaotic_rossler_full_chaotic_run_0 - INFO - Epoch 14: Train Loss: 0.6211, Train Acc: 0.8058, Val Loss: 0.6339, Val Acc: 0.8202
2026-02-23 10:00:37,431 - experiment_chaotic_rossler_full_chaotic_run_0 - INFO - Train Epoch 15: [0/472 (0.0%)]	Loss: 0.554297
2026-02-23 10:00:41,642 - experiment_chaotic_rossler_full_chaotic_run_0 - INFO - [SYNC DEBUG] Epoch 15: sync_weight=0.01, desync_weight=0.01, loss_sync=0.049855
2026-02-23 10:00:42,856 - experiment_chaotic_rossler_full_chaotic_run_0 - INFO - Epoch 15: Train Loss: 0.5986, Train Acc: 0.8237, Val Loss: 0.6493, Val Acc: 0.7753
2026-02-23 10:00:43,382 - experiment_chaotic_rossler_full_chaotic_run_0 - INFO - Train Epoch 16: [0/472 (0.0%)]	Loss: 0.651203
2026-02-23 10:00:47,570 - experiment_chaotic_rossler_full_chaotic_run_0 - INFO - [SYNC DEBUG] Epoch 16: sync_weight=0.01, desync_weight=0.01, loss_sync=0.050023
2026-02-23 10:00:48,749 - experiment_chaotic_rossler_full_chaotic_run_0 - INFO - Epoch 16: Train Loss: 0.5583, Train Acc: 0.8415, Val Loss: 1.2496, Val Acc: 0.7191
2026-02-23 10:00:49,267 - experiment_chaotic_rossler_full_chaotic_run_0 - INFO - Train Epoch 17: [0/472 (0.0%)]	Loss: 0.576782
2026-02-23 10:00:53,413 - experiment_chaotic_rossler_full_chaotic_run_0 - INFO - [SYNC DEBUG] Epoch 17: sync_weight=0.01, desync_weight=0.01, loss_sync=0.049951
2026-02-23 10:00:54,616 - experiment_chaotic_rossler_full_chaotic_run_0 - INFO - Epoch 17: Train Loss: 0.4783, Train Acc: 0.8772, Val Loss: 0.5986, Val Acc: 0.7528
2026-02-23 10:00:55,122 - experiment_chaotic_rossler_full_chaotic_run_0 - INFO - Train Epoch 18: [0/472 (0.0%)]	Loss: 0.577817
2026-02-23 10:00:59,210 - experiment_chaotic_rossler_full_chaotic_run_0 - INFO - [SYNC DEBUG] Epoch 18: sync_weight=0.01, desync_weight=0.01, loss_sync=0.050024
2026-02-23 10:01:00,423 - experiment_chaotic_rossler_full_chaotic_run_0 - INFO - Epoch 18: Train Loss: 0.4258, Train Acc: 0.8817, Val Loss: 0.6287, Val Acc: 0.8090
2026-02-23 10:01:00,939 - experiment_chaotic_rossler_full_chaotic_run_0 - INFO - Train Epoch 19: [0/472 (0.0%)]	Loss: 0.506626
2026-02-23 10:01:04,998 - experiment_chaotic_rossler_full_chaotic_run_0 - INFO - [SYNC DEBUG] Epoch 19: sync_weight=0.01, desync_weight=0.01, loss_sync=0.049956
2026-02-23 10:01:06,193 - experiment_chaotic_rossler_full_chaotic_run_0 - INFO - Epoch 19: Train Loss: 0.4265, Train Acc: 0.9062, Val Loss: 0.4657, Val Acc: 0.8315
2026-02-23 10:01:06,709 - experiment_chaotic_rossler_full_chaotic_run_0 - INFO - Train Epoch 20: [0/472 (0.0%)]	Loss: 0.478033
2026-02-23 10:01:10,841 - experiment_chaotic_rossler_full_chaotic_run_0 - INFO - [SYNC DEBUG] Epoch 20: sync_weight=0.01, desync_weight=0.01, loss_sync=0.050056
2026-02-23 10:01:12,064 - experiment_chaotic_rossler_full_chaotic_run_0 - INFO - Epoch 20: Train Loss: 0.4398, Train Acc: 0.8817, Val Loss: 1.0337, Val Acc: 0.7303
2026-02-23 10:01:12,657 - experiment_chaotic_rossler_full_chaotic_run_0 - INFO - Train Epoch 21: [0/472 (0.0%)]	Loss: 0.348224
2026-02-23 10:01:14,342 - experiment_chaotic_rossler_full_chaotic_run_0 - DEBUG - [STABILITY] lyap=-0.010, max_norm=0.5, min_std=0.080
2026-02-23 10:01:16,886 - experiment_chaotic_rossler_full_chaotic_run_0 - INFO - [SYNC DEBUG] Epoch 21: sync_weight=0.01, desync_weight=0.01, loss_sync=0.049757
2026-02-23 10:01:18,075 - experiment_chaotic_rossler_full_chaotic_run_0 - INFO - Epoch 21: Train Loss: 0.4469, Train Acc: 0.8638, Val Loss: 0.9161, Val Acc: 0.7079
2026-02-23 10:01:18,590 - experiment_chaotic_rossler_full_chaotic_run_0 - INFO - Train Epoch 22: [0/472 (0.0%)]	Loss: 0.494273
2026-02-23 10:01:22,678 - experiment_chaotic_rossler_full_chaotic_run_0 - INFO - [SYNC DEBUG] Epoch 22: sync_weight=0.01, desync_weight=0.01, loss_sync=0.049856
2026-02-23 10:01:23,884 - experiment_chaotic_rossler_full_chaotic_run_0 - INFO - Epoch 22: Train Loss: 0.3885, Train Acc: 0.8996, Val Loss: 0.4347, Val Acc: 0.8764
2026-02-23 10:01:23,965 - experiment_chaotic_rossler_full_chaotic_run_0 - INFO - Saved new best model at epoch 22
2026-02-23 10:01:24,508 - experiment_chaotic_rossler_full_chaotic_run_0 - INFO - Train Epoch 23: [0/472 (0.0%)]	Loss: 0.186082
2026-02-23 10:01:28,591 - experiment_chaotic_rossler_full_chaotic_run_0 - INFO - [SYNC DEBUG] Epoch 23: sync_weight=0.01, desync_weight=0.01, loss_sync=0.049902
2026-02-23 10:01:29,823 - experiment_chaotic_rossler_full_chaotic_run_0 - INFO - Epoch 23: Train Loss: 0.3632, Train Acc: 0.8996, Val Loss: 0.5485, Val Acc: 0.8539
2026-02-23 10:01:30,337 - experiment_chaotic_rossler_full_chaotic_run_0 - INFO - Train Epoch 24: [0/472 (0.0%)]	Loss: 0.442055
2026-02-23 10:01:34,566 - experiment_chaotic_rossler_full_chaotic_run_0 - INFO - [SYNC DEBUG] Epoch 24: sync_weight=0.01, desync_weight=0.01, loss_sync=0.049903
2026-02-23 10:01:35,766 - experiment_chaotic_rossler_full_chaotic_run_0 - INFO - Epoch 24: Train Loss: 0.3978, Train Acc: 0.8951, Val Loss: 1.1075, Val Acc: 0.7191
2026-02-23 10:01:36,279 - experiment_chaotic_rossler_full_chaotic_run_0 - INFO - Train Epoch 25: [0/472 (0.0%)]	Loss: 0.276500
2026-02-23 10:01:40,359 - experiment_chaotic_rossler_full_chaotic_run_0 - INFO - [SYNC DEBUG] Epoch 25: sync_weight=0.01, desync_weight=0.01, loss_sync=0.049931
2026-02-23 10:01:41,558 - experiment_chaotic_rossler_full_chaotic_run_0 - INFO - Epoch 25: Train Loss: 0.3392, Train Acc: 0.9107, Val Loss: 0.7833, Val Acc: 0.7303
2026-02-23 10:01:42,071 - experiment_chaotic_rossler_full_chaotic_run_0 - INFO - Train Epoch 26: [0/472 (0.0%)]	Loss: 0.298025
2026-02-23 10:01:46,148 - experiment_chaotic_rossler_full_chaotic_run_0 - INFO - [SYNC DEBUG] Epoch 26: sync_weight=0.01, desync_weight=0.01, loss_sync=0.049748
2026-02-23 10:01:47,363 - experiment_chaotic_rossler_full_chaotic_run_0 - INFO - Epoch 26: Train Loss: 0.3144, Train Acc: 0.9241, Val Loss: 0.7213, Val Acc: 0.7865
2026-02-23 10:01:47,884 - experiment_chaotic_rossler_full_chaotic_run_0 - INFO - Train Epoch 27: [0/472 (0.0%)]	Loss: 0.547419
2026-02-23 10:01:51,971 - experiment_chaotic_rossler_full_chaotic_run_0 - INFO - [SYNC DEBUG] Epoch 27: sync_weight=0.01, desync_weight=0.01, loss_sync=0.049900
2026-02-23 10:01:53,154 - experiment_chaotic_rossler_full_chaotic_run_0 - INFO - Epoch 27: Train Loss: 0.2954, Train Acc: 0.9375, Val Loss: 0.3834, Val Acc: 0.8652
2026-02-23 10:01:53,678 - experiment_chaotic_rossler_full_chaotic_run_0 - INFO - Train Epoch 28: [0/472 (0.0%)]	Loss: 0.262805
2026-02-23 10:01:56,108 - experiment_chaotic_rossler_full_chaotic_run_0 - DEBUG - [STABILITY] lyap=-0.007, max_norm=0.6, min_std=0.094
2026-02-23 10:01:57,967 - experiment_chaotic_rossler_full_chaotic_run_0 - INFO - [SYNC DEBUG] Epoch 28: sync_weight=0.01, desync_weight=0.01, loss_sync=0.049882
2026-02-23 10:01:59,145 - experiment_chaotic_rossler_full_chaotic_run_0 - INFO - Epoch 28: Train Loss: 0.2598, Train Acc: 0.9353, Val Loss: 0.2498, Val Acc: 0.9101
2026-02-23 10:01:59,220 - experiment_chaotic_rossler_full_chaotic_run_0 - INFO - Saved new best model at epoch 28
2026-02-23 10:01:59,775 - experiment_chaotic_rossler_full_chaotic_run_0 - INFO - Train Epoch 29: [0/472 (0.0%)]	Loss: 0.367535
2026-02-23 10:02:03,917 - experiment_chaotic_rossler_full_chaotic_run_0 - INFO - [SYNC DEBUG] Epoch 29: sync_weight=0.01, desync_weight=0.01, loss_sync=0.049790
2026-02-23 10:02:05,128 - experiment_chaotic_rossler_full_chaotic_run_0 - INFO - Epoch 29: Train Loss: 0.2347, Train Acc: 0.9420, Val Loss: 0.5986, Val Acc: 0.8315
2026-02-23 10:02:05,646 - experiment_chaotic_rossler_full_chaotic_run_0 - INFO - Train Epoch 30: [0/472 (0.0%)]	Loss: 0.116793
2026-02-23 10:02:09,722 - experiment_chaotic_rossler_full_chaotic_run_0 - INFO - [SYNC DEBUG] Epoch 30: sync_weight=0.01, desync_weight=0.01, loss_sync=0.049829
2026-02-23 10:02:10,918 - experiment_chaotic_rossler_full_chaotic_run_0 - INFO - Epoch 30: Train Loss: 0.2450, Train Acc: 0.9286, Val Loss: 1.0685, Val Acc: 0.7079
2026-02-23 10:02:11,528 - experiment_chaotic_rossler_full_chaotic_run_0 - INFO - Train Epoch 31: [0/472 (0.0%)]	Loss: 0.226397
2026-02-23 10:02:15,637 - experiment_chaotic_rossler_full_chaotic_run_0 - INFO - [SYNC DEBUG] Epoch 31: sync_weight=0.01, desync_weight=0.01, loss_sync=0.049860
2026-02-23 10:02:16,833 - experiment_chaotic_rossler_full_chaotic_run_0 - INFO - Epoch 31: Train Loss: 0.2353, Train Acc: 0.9420, Val Loss: 0.5769, Val Acc: 0.7865
2026-02-23 10:02:17,358 - experiment_chaotic_rossler_full_chaotic_run_0 - INFO - Train Epoch 32: [0/472 (0.0%)]	Loss: 0.278447
2026-02-23 10:02:21,428 - experiment_chaotic_rossler_full_chaotic_run_0 - INFO - [SYNC DEBUG] Epoch 32: sync_weight=0.01, desync_weight=0.01, loss_sync=0.049792
2026-02-23 10:02:22,638 - experiment_chaotic_rossler_full_chaotic_run_0 - INFO - Epoch 32: Train Loss: 0.2331, Train Acc: 0.9420, Val Loss: 1.1420, Val Acc: 0.7753
2026-02-23 10:02:23,156 - experiment_chaotic_rossler_full_chaotic_run_0 - INFO - Train Epoch 33: [0/472 (0.0%)]	Loss: 0.165410
2026-02-23 10:02:27,287 - experiment_chaotic_rossler_full_chaotic_run_0 - INFO - [SYNC DEBUG] Epoch 33: sync_weight=0.01, desync_weight=0.01, loss_sync=0.049912
2026-02-23 10:02:28,477 - experiment_chaotic_rossler_full_chaotic_run_0 - INFO - Epoch 33: Train Loss: 0.2063, Train Acc: 0.9509, Val Loss: 0.4951, Val Acc: 0.8764
2026-02-23 10:02:28,998 - experiment_chaotic_rossler_full_chaotic_run_0 - INFO - Train Epoch 34: [0/472 (0.0%)]	Loss: 0.157860
2026-02-23 10:02:33,141 - experiment_chaotic_rossler_full_chaotic_run_0 - INFO - [SYNC DEBUG] Epoch 34: sync_weight=0.01, desync_weight=0.01, loss_sync=0.049884
2026-02-23 10:02:34,349 - experiment_chaotic_rossler_full_chaotic_run_0 - INFO - Epoch 34: Train Loss: 0.2496, Train Acc: 0.9464, Val Loss: 0.5778, Val Acc: 0.8315
2026-02-23 10:02:34,863 - experiment_chaotic_rossler_full_chaotic_run_0 - INFO - Train Epoch 35: [0/472 (0.0%)]	Loss: 0.166364
2026-02-23 10:02:37,725 - experiment_chaotic_rossler_full_chaotic_run_0 - DEBUG - [STABILITY] lyap=-0.005, max_norm=0.6, min_std=0.099
2026-02-23 10:02:38,993 - experiment_chaotic_rossler_full_chaotic_run_0 - INFO - [SYNC DEBUG] Epoch 35: sync_weight=0.01, desync_weight=0.01, loss_sync=0.049815
2026-02-23 10:02:40,211 - experiment_chaotic_rossler_full_chaotic_run_0 - INFO - Epoch 35: Train Loss: 0.2025, Train Acc: 0.9420, Val Loss: 0.4471, Val Acc: 0.8427
2026-02-23 10:02:40,736 - experiment_chaotic_rossler_full_chaotic_run_0 - INFO - Train Epoch 36: [0/472 (0.0%)]	Loss: 0.276653
2026-02-23 10:02:44,858 - experiment_chaotic_rossler_full_chaotic_run_0 - INFO - [SYNC DEBUG] Epoch 36: sync_weight=0.01, desync_weight=0.01, loss_sync=0.049742
2026-02-23 10:02:46,082 - experiment_chaotic_rossler_full_chaotic_run_0 - INFO - Epoch 36: Train Loss: 0.1726, Train Acc: 0.9665, Val Loss: 0.2590, Val Acc: 0.8876
2026-02-23 10:02:46,594 - experiment_chaotic_rossler_full_chaotic_run_0 - INFO - Train Epoch 37: [0/472 (0.0%)]	Loss: 0.113041
2026-02-23 10:02:50,729 - experiment_chaotic_rossler_full_chaotic_run_0 - INFO - [SYNC DEBUG] Epoch 37: sync_weight=0.01, desync_weight=0.01, loss_sync=0.049679
2026-02-23 10:02:51,934 - experiment_chaotic_rossler_full_chaotic_run_0 - INFO - Epoch 37: Train Loss: 0.1700, Train Acc: 0.9688, Val Loss: 0.8073, Val Acc: 0.8315
2026-02-23 10:02:52,452 - experiment_chaotic_rossler_full_chaotic_run_0 - INFO - Train Epoch 38: [0/472 (0.0%)]	Loss: 0.128794
2026-02-23 10:02:56,594 - experiment_chaotic_rossler_full_chaotic_run_0 - INFO - [SYNC DEBUG] Epoch 38: sync_weight=0.01, desync_weight=0.01, loss_sync=0.049864
2026-02-23 10:02:57,800 - experiment_chaotic_rossler_full_chaotic_run_0 - INFO - Epoch 38: Train Loss: 0.1531, Train Acc: 0.9754, Val Loss: 0.2987, Val Acc: 0.8876
2026-02-23 10:02:58,314 - experiment_chaotic_rossler_full_chaotic_run_0 - INFO - Train Epoch 39: [0/472 (0.0%)]	Loss: 0.202268
2026-02-23 10:03:02,392 - experiment_chaotic_rossler_full_chaotic_run_0 - INFO - [SYNC DEBUG] Epoch 39: sync_weight=0.01, desync_weight=0.01, loss_sync=0.050017
2026-02-23 10:03:03,600 - experiment_chaotic_rossler_full_chaotic_run_0 - INFO - Epoch 39: Train Loss: 0.2073, Train Acc: 0.9487, Val Loss: 0.2824, Val Acc: 0.9101
2026-02-23 10:03:04,112 - experiment_chaotic_rossler_full_chaotic_run_0 - INFO - Train Epoch 40: [0/472 (0.0%)]	Loss: 0.081492
2026-02-23 10:03:08,235 - experiment_chaotic_rossler_full_chaotic_run_0 - INFO - [SYNC DEBUG] Epoch 40: sync_weight=0.01, desync_weight=0.01, loss_sync=0.049762
2026-02-23 10:03:09,461 - experiment_chaotic_rossler_full_chaotic_run_0 - INFO - Epoch 40: Train Loss: 0.1933, Train Acc: 0.9554, Val Loss: 0.4138, Val Acc: 0.8764
2026-02-23 10:03:10,050 - experiment_chaotic_rossler_full_chaotic_run_0 - INFO - Train Epoch 41: [0/472 (0.0%)]	Loss: 0.156388
2026-02-23 10:03:14,176 - experiment_chaotic_rossler_full_chaotic_run_0 - INFO - [SYNC DEBUG] Epoch 41: sync_weight=0.01, desync_weight=0.01, loss_sync=0.049750
2026-02-23 10:03:15,369 - experiment_chaotic_rossler_full_chaotic_run_0 - INFO - Epoch 41: Train Loss: 0.1565, Train Acc: 0.9777, Val Loss: 0.8273, Val Acc: 0.8202
2026-02-23 10:03:15,878 - experiment_chaotic_rossler_full_chaotic_run_0 - INFO - Train Epoch 42: [0/472 (0.0%)]	Loss: 0.180997
2026-02-23 10:03:19,412 - experiment_chaotic_rossler_full_chaotic_run_0 - DEBUG - [STABILITY] lyap=-0.005, max_norm=0.6, min_std=0.095
2026-02-23 10:03:20,077 - experiment_chaotic_rossler_full_chaotic_run_0 - INFO - [SYNC DEBUG] Epoch 42: sync_weight=0.01, desync_weight=0.01, loss_sync=0.049867
2026-02-23 10:03:21,266 - experiment_chaotic_rossler_full_chaotic_run_0 - INFO - Epoch 42: Train Loss: 0.1736, Train Acc: 0.9598, Val Loss: 0.5845, Val Acc: 0.8315
2026-02-23 10:03:21,777 - experiment_chaotic_rossler_full_chaotic_run_0 - INFO - Train Epoch 43: [0/472 (0.0%)]	Loss: 0.076075
2026-02-23 10:03:25,946 - experiment_chaotic_rossler_full_chaotic_run_0 - INFO - [SYNC DEBUG] Epoch 43: sync_weight=0.01, desync_weight=0.01, loss_sync=0.049845
2026-02-23 10:03:27,155 - experiment_chaotic_rossler_full_chaotic_run_0 - INFO - Epoch 43: Train Loss: 0.1481, Train Acc: 0.9777, Val Loss: 0.4838, Val Acc: 0.8652
2026-02-23 10:03:27,666 - experiment_chaotic_rossler_full_chaotic_run_0 - INFO - Train Epoch 44: [0/472 (0.0%)]	Loss: 0.101600
2026-02-23 10:03:31,750 - experiment_chaotic_rossler_full_chaotic_run_0 - INFO - [SYNC DEBUG] Epoch 44: sync_weight=0.01, desync_weight=0.01, loss_sync=0.049707
2026-02-23 10:03:32,966 - experiment_chaotic_rossler_full_chaotic_run_0 - INFO - Epoch 44: Train Loss: 0.1652, Train Acc: 0.9754, Val Loss: 0.4561, Val Acc: 0.8876
2026-02-23 10:03:33,487 - experiment_chaotic_rossler_full_chaotic_run_0 - INFO - Train Epoch 45: [0/472 (0.0%)]	Loss: 0.078927
2026-02-23 10:03:37,634 - experiment_chaotic_rossler_full_chaotic_run_0 - INFO - [SYNC DEBUG] Epoch 45: sync_weight=0.01, desync_weight=0.01, loss_sync=0.049831
2026-02-23 10:03:38,858 - experiment_chaotic_rossler_full_chaotic_run_0 - INFO - Epoch 45: Train Loss: 0.1424, Train Acc: 0.9799, Val Loss: 0.5428, Val Acc: 0.8427
2026-02-23 10:03:39,365 - experiment_chaotic_rossler_full_chaotic_run_0 - INFO - Train Epoch 46: [0/472 (0.0%)]	Loss: 0.079819
2026-02-23 10:03:43,501 - experiment_chaotic_rossler_full_chaotic_run_0 - INFO - [SYNC DEBUG] Epoch 46: sync_weight=0.01, desync_weight=0.01, loss_sync=0.049839
2026-02-23 10:03:44,728 - experiment_chaotic_rossler_full_chaotic_run_0 - INFO - Epoch 46: Train Loss: 0.1694, Train Acc: 0.9621, Val Loss: 0.5395, Val Acc: 0.8539
2026-02-23 10:03:45,252 - experiment_chaotic_rossler_full_chaotic_run_0 - INFO - Train Epoch 47: [0/472 (0.0%)]	Loss: 0.133813
2026-02-23 10:03:49,438 - experiment_chaotic_rossler_full_chaotic_run_0 - INFO - [SYNC DEBUG] Epoch 47: sync_weight=0.01, desync_weight=0.01, loss_sync=0.049793
2026-02-23 10:03:50,631 - experiment_chaotic_rossler_full_chaotic_run_0 - INFO - Epoch 47: Train Loss: 0.1817, Train Acc: 0.9621, Val Loss: 0.4009, Val Acc: 0.8764
2026-02-23 10:03:51,139 - experiment_chaotic_rossler_full_chaotic_run_0 - INFO - Train Epoch 48: [0/472 (0.0%)]	Loss: 0.113714
2026-02-23 10:03:55,264 - experiment_chaotic_rossler_full_chaotic_run_0 - INFO - [SYNC DEBUG] Epoch 48: sync_weight=0.01, desync_weight=0.01, loss_sync=0.049741
2026-02-23 10:03:56,454 - experiment_chaotic_rossler_full_chaotic_run_0 - INFO - Epoch 48: Train Loss: 0.1383, Train Acc: 0.9799, Val Loss: 0.8820, Val Acc: 0.7978
2026-02-23 10:03:56,967 - experiment_chaotic_rossler_full_chaotic_run_0 - INFO - Train Epoch 49: [0/472 (0.0%)]	Loss: 0.127898
2026-02-23 10:04:01,053 - experiment_chaotic_rossler_full_chaotic_run_0 - INFO - [SYNC DEBUG] Epoch 49: sync_weight=0.01, desync_weight=0.01, loss_sync=0.049683
2026-02-23 10:04:02,245 - experiment_chaotic_rossler_full_chaotic_run_0 - INFO - Epoch 49: Train Loss: 0.1448, Train Acc: 0.9777, Val Loss: 0.2711, Val Acc: 0.8989
2026-02-23 10:04:02,584 - experiment_chaotic_rossler_full_chaotic_run_0 - DEBUG - [STABILITY] lyap=-0.003, max_norm=0.6, min_std=0.102
2026-02-23 10:04:02,767 - experiment_chaotic_rossler_full_chaotic_run_0 - INFO - Train Epoch 50: [0/472 (0.0%)]	Loss: 0.137374
2026-02-23 10:04:06,846 - experiment_chaotic_rossler_full_chaotic_run_0 - INFO - [SYNC DEBUG] Epoch 50: sync_weight=0.01, desync_weight=0.01, loss_sync=0.049868
2026-02-23 10:04:08,034 - experiment_chaotic_rossler_full_chaotic_run_0 - INFO - Epoch 50: Train Loss: 0.1270, Train Acc: 0.9821, Val Loss: 0.1820, Val Acc: 0.9101
2026-02-23 10:04:08,633 - experiment_chaotic_rossler_full_chaotic_run_0 - INFO - Train Epoch 51: [0/472 (0.0%)]	Loss: 0.295172
2026-02-23 10:04:12,731 - experiment_chaotic_rossler_full_chaotic_run_0 - INFO - [SYNC DEBUG] Epoch 51: sync_weight=0.01, desync_weight=0.01, loss_sync=0.049764
2026-02-23 10:04:13,923 - experiment_chaotic_rossler_full_chaotic_run_0 - INFO - Epoch 51: Train Loss: 0.1312, Train Acc: 0.9777, Val Loss: 0.4629, Val Acc: 0.8764
2026-02-23 10:04:14,450 - experiment_chaotic_rossler_full_chaotic_run_0 - INFO - Train Epoch 52: [0/472 (0.0%)]	Loss: 0.158434
2026-02-23 10:04:18,569 - experiment_chaotic_rossler_full_chaotic_run_0 - INFO - [SYNC DEBUG] Epoch 52: sync_weight=0.01, desync_weight=0.01, loss_sync=0.049760
2026-02-23 10:04:19,756 - experiment_chaotic_rossler_full_chaotic_run_0 - INFO - Epoch 52: Train Loss: 0.1129, Train Acc: 0.9866, Val Loss: 0.3589, Val Acc: 0.9101
2026-02-23 10:04:20,281 - experiment_chaotic_rossler_full_chaotic_run_0 - INFO - Train Epoch 53: [0/472 (0.0%)]	Loss: 0.203120
2026-02-23 10:04:24,367 - experiment_chaotic_rossler_full_chaotic_run_0 - INFO - [SYNC DEBUG] Epoch 53: sync_weight=0.01, desync_weight=0.01, loss_sync=0.049752
2026-02-23 10:04:25,551 - experiment_chaotic_rossler_full_chaotic_run_0 - INFO - Epoch 53: Train Loss: 0.1603, Train Acc: 0.9777, Val Loss: 0.3050, Val Acc: 0.8764
2026-02-23 10:04:26,059 - experiment_chaotic_rossler_full_chaotic_run_0 - INFO - Train Epoch 54: [0/472 (0.0%)]	Loss: 0.082579
2026-02-23 10:04:30,149 - experiment_chaotic_rossler_full_chaotic_run_0 - INFO - [SYNC DEBUG] Epoch 54: sync_weight=0.01, desync_weight=0.01, loss_sync=0.049815
2026-02-23 10:04:31,340 - experiment_chaotic_rossler_full_chaotic_run_0 - INFO - Epoch 54: Train Loss: 0.1322, Train Acc: 0.9777, Val Loss: 0.4739, Val Acc: 0.8652
2026-02-23 10:04:31,872 - experiment_chaotic_rossler_full_chaotic_run_0 - INFO - Train Epoch 55: [0/472 (0.0%)]	Loss: 0.106604
2026-02-23 10:04:36,010 - experiment_chaotic_rossler_full_chaotic_run_0 - INFO - [SYNC DEBUG] Epoch 55: sync_weight=0.01, desync_weight=0.01, loss_sync=0.049745
2026-02-23 10:04:37,221 - experiment_chaotic_rossler_full_chaotic_run_0 - INFO - Epoch 55: Train Loss: 0.0975, Train Acc: 0.9933, Val Loss: 0.4014, Val Acc: 0.8876
2026-02-23 10:04:37,735 - experiment_chaotic_rossler_full_chaotic_run_0 - INFO - Train Epoch 56: [0/472 (0.0%)]	Loss: 0.095324
2026-02-23 10:04:41,875 - experiment_chaotic_rossler_full_chaotic_run_0 - INFO - [SYNC DEBUG] Epoch 56: sync_weight=0.01, desync_weight=0.01, loss_sync=0.049847
2026-02-23 10:04:43,064 - experiment_chaotic_rossler_full_chaotic_run_0 - INFO - Epoch 56: Train Loss: 0.1221, Train Acc: 0.9732, Val Loss: 0.2323, Val Acc: 0.9213
2026-02-23 10:04:43,143 - experiment_chaotic_rossler_full_chaotic_run_0 - INFO - Saved new best model at epoch 56
2026-02-23 10:04:43,696 - experiment_chaotic_rossler_full_chaotic_run_0 - INFO - Train Epoch 57: [0/472 (0.0%)]	Loss: 0.079196
2026-02-23 10:04:44,132 - experiment_chaotic_rossler_full_chaotic_run_0 - DEBUG - [STABILITY] lyap=-0.002, max_norm=0.7, min_std=0.106
2026-02-23 10:04:47,834 - experiment_chaotic_rossler_full_chaotic_run_0 - INFO - [SYNC DEBUG] Epoch 57: sync_weight=0.01, desync_weight=0.01, loss_sync=0.049853
2026-02-23 10:04:49,028 - experiment_chaotic_rossler_full_chaotic_run_0 - INFO - Epoch 57: Train Loss: 0.0980, Train Acc: 0.9911, Val Loss: 0.4350, Val Acc: 0.9101
2026-02-23 10:04:49,543 - experiment_chaotic_rossler_full_chaotic_run_0 - INFO - Train Epoch 58: [0/472 (0.0%)]	Loss: 0.100154
2026-02-23 10:04:53,692 - experiment_chaotic_rossler_full_chaotic_run_0 - INFO - [SYNC DEBUG] Epoch 58: sync_weight=0.01, desync_weight=0.01, loss_sync=0.049999
2026-02-23 10:04:54,878 - experiment_chaotic_rossler_full_chaotic_run_0 - INFO - Epoch 58: Train Loss: 0.0930, Train Acc: 0.9866, Val Loss: 0.1978, Val Acc: 0.9438
2026-02-23 10:04:54,959 - experiment_chaotic_rossler_full_chaotic_run_0 - INFO - Saved new best model at epoch 58
2026-02-23 10:04:55,517 - experiment_chaotic_rossler_full_chaotic_run_0 - INFO - Train Epoch 59: [0/472 (0.0%)]	Loss: 0.096628
2026-02-23 10:04:59,651 - experiment_chaotic_rossler_full_chaotic_run_0 - INFO - [SYNC DEBUG] Epoch 59: sync_weight=0.01, desync_weight=0.01, loss_sync=0.049967
2026-02-23 10:05:00,864 - experiment_chaotic_rossler_full_chaotic_run_0 - INFO - Epoch 59: Train Loss: 0.1099, Train Acc: 0.9844, Val Loss: 0.2698, Val Acc: 0.9213
2026-02-23 10:05:01,379 - experiment_chaotic_rossler_full_chaotic_run_0 - INFO - Train Epoch 60: [0/472 (0.0%)]	Loss: 0.074838
2026-02-23 10:05:05,513 - experiment_chaotic_rossler_full_chaotic_run_0 - INFO - [SYNC DEBUG] Epoch 60: sync_weight=0.01, desync_weight=0.01, loss_sync=0.049885
2026-02-23 10:05:06,744 - experiment_chaotic_rossler_full_chaotic_run_0 - INFO - Epoch 60: Train Loss: 0.1191, Train Acc: 0.9844, Val Loss: 0.2993, Val Acc: 0.9213
2026-02-23 10:05:07,342 - experiment_chaotic_rossler_full_chaotic_run_0 - INFO - Train Epoch 61: [0/472 (0.0%)]	Loss: 0.080357
2026-02-23 10:05:11,463 - experiment_chaotic_rossler_full_chaotic_run_0 - INFO - [SYNC DEBUG] Epoch 61: sync_weight=0.01, desync_weight=0.01, loss_sync=0.049753
2026-02-23 10:05:12,669 - experiment_chaotic_rossler_full_chaotic_run_0 - INFO - Epoch 61: Train Loss: 0.1155, Train Acc: 0.9911, Val Loss: 0.2036, Val Acc: 0.9326
2026-02-23 10:05:13,182 - experiment_chaotic_rossler_full_chaotic_run_0 - INFO - Train Epoch 62: [0/472 (0.0%)]	Loss: 0.070266
2026-02-23 10:05:17,448 - experiment_chaotic_rossler_full_chaotic_run_0 - INFO - [SYNC DEBUG] Epoch 62: sync_weight=0.01, desync_weight=0.01, loss_sync=0.049753
2026-02-23 10:05:18,677 - experiment_chaotic_rossler_full_chaotic_run_0 - INFO - Epoch 62: Train Loss: 0.0874, Train Acc: 0.9933, Val Loss: 0.2457, Val Acc: 0.9101
2026-02-23 10:05:19,191 - experiment_chaotic_rossler_full_chaotic_run_0 - INFO - Train Epoch 63: [0/472 (0.0%)]	Loss: 0.120349
2026-02-23 10:05:23,441 - experiment_chaotic_rossler_full_chaotic_run_0 - INFO - [SYNC DEBUG] Epoch 63: sync_weight=0.01, desync_weight=0.01, loss_sync=0.049665
2026-02-23 10:05:24,617 - experiment_chaotic_rossler_full_chaotic_run_0 - INFO - Epoch 63: Train Loss: 0.0960, Train Acc: 0.9955, Val Loss: 0.3049, Val Acc: 0.9101
2026-02-23 10:05:25,136 - experiment_chaotic_rossler_full_chaotic_run_0 - INFO - Train Epoch 64: [0/472 (0.0%)]	Loss: 0.125660
2026-02-23 10:05:26,229 - experiment_chaotic_rossler_full_chaotic_run_0 - DEBUG - [STABILITY] lyap=-0.001, max_norm=0.7, min_std=0.105
2026-02-23 10:05:29,364 - experiment_chaotic_rossler_full_chaotic_run_0 - INFO - [SYNC DEBUG] Epoch 64: sync_weight=0.01, desync_weight=0.01, loss_sync=0.049774
2026-02-23 10:05:30,581 - experiment_chaotic_rossler_full_chaotic_run_0 - INFO - Epoch 64: Train Loss: 0.0915, Train Acc: 0.9933, Val Loss: 0.1553, Val Acc: 0.9663
2026-02-23 10:05:30,659 - experiment_chaotic_rossler_full_chaotic_run_0 - INFO - Saved new best model at epoch 64
2026-02-23 10:05:31,196 - experiment_chaotic_rossler_full_chaotic_run_0 - INFO - Train Epoch 65: [0/472 (0.0%)]	Loss: 0.078095
2026-02-23 10:05:35,298 - experiment_chaotic_rossler_full_chaotic_run_0 - INFO - [SYNC DEBUG] Epoch 65: sync_weight=0.01, desync_weight=0.01, loss_sync=0.049738
2026-02-23 10:05:36,515 - experiment_chaotic_rossler_full_chaotic_run_0 - INFO - Epoch 65: Train Loss: 0.1153, Train Acc: 0.9866, Val Loss: 0.1499, Val Acc: 0.9551
2026-02-23 10:05:37,024 - experiment_chaotic_rossler_full_chaotic_run_0 - INFO - Train Epoch 66: [0/472 (0.0%)]	Loss: 0.075424
2026-02-23 10:05:41,315 - experiment_chaotic_rossler_full_chaotic_run_0 - INFO - [SYNC DEBUG] Epoch 66: sync_weight=0.01, desync_weight=0.01, loss_sync=0.049809
2026-02-23 10:05:42,495 - experiment_chaotic_rossler_full_chaotic_run_0 - INFO - Epoch 66: Train Loss: 0.1009, Train Acc: 0.9933, Val Loss: 0.2373, Val Acc: 0.9326
2026-02-23 10:05:43,016 - experiment_chaotic_rossler_full_chaotic_run_0 - INFO - Train Epoch 67: [0/472 (0.0%)]	Loss: 0.182774
2026-02-23 10:05:47,158 - experiment_chaotic_rossler_full_chaotic_run_0 - INFO - [SYNC DEBUG] Epoch 67: sync_weight=0.01, desync_weight=0.01, loss_sync=0.049728
2026-02-23 10:05:48,345 - experiment_chaotic_rossler_full_chaotic_run_0 - INFO - Epoch 67: Train Loss: 0.0849, Train Acc: 0.9933, Val Loss: 0.3413, Val Acc: 0.8989
2026-02-23 10:05:48,862 - experiment_chaotic_rossler_full_chaotic_run_0 - INFO - Train Epoch 68: [0/472 (0.0%)]	Loss: 0.067046
2026-02-23 10:05:52,981 - experiment_chaotic_rossler_full_chaotic_run_0 - INFO - [SYNC DEBUG] Epoch 68: sync_weight=0.01, desync_weight=0.01, loss_sync=0.049915
2026-02-23 10:05:54,185 - experiment_chaotic_rossler_full_chaotic_run_0 - INFO - Epoch 68: Train Loss: 0.0938, Train Acc: 0.9933, Val Loss: 0.2661, Val Acc: 0.9213
2026-02-23 10:05:54,701 - experiment_chaotic_rossler_full_chaotic_run_0 - INFO - Train Epoch 69: [0/472 (0.0%)]	Loss: 0.068424
2026-02-23 10:05:58,857 - experiment_chaotic_rossler_full_chaotic_run_0 - INFO - [SYNC DEBUG] Epoch 69: sync_weight=0.01, desync_weight=0.01, loss_sync=0.049800
2026-02-23 10:06:00,048 - experiment_chaotic_rossler_full_chaotic_run_0 - INFO - Epoch 69: Train Loss: 0.0937, Train Acc: 0.9911, Val Loss: 0.1489, Val Acc: 0.9551
2026-02-23 10:06:00,563 - experiment_chaotic_rossler_full_chaotic_run_0 - INFO - Train Epoch 70: [0/472 (0.0%)]	Loss: 0.128887
2026-02-23 10:06:04,724 - experiment_chaotic_rossler_full_chaotic_run_0 - INFO - [SYNC DEBUG] Epoch 70: sync_weight=0.01, desync_weight=0.01, loss_sync=0.049891
2026-02-23 10:06:05,938 - experiment_chaotic_rossler_full_chaotic_run_0 - INFO - Epoch 70: Train Loss: 0.0960, Train Acc: 0.9888, Val Loss: 0.3252, Val Acc: 0.9213
2026-02-23 10:06:06,517 - experiment_chaotic_rossler_full_chaotic_run_0 - INFO - Train Epoch 71: [0/472 (0.0%)]	Loss: 0.075001
2026-02-23 10:06:08,155 - experiment_chaotic_rossler_full_chaotic_run_0 - DEBUG - [STABILITY] lyap=-0.000, max_norm=0.7, min_std=0.105
2026-02-23 10:06:10,597 - experiment_chaotic_rossler_full_chaotic_run_0 - INFO - [SYNC DEBUG] Epoch 71: sync_weight=0.01, desync_weight=0.01, loss_sync=0.049922
2026-02-23 10:06:11,788 - experiment_chaotic_rossler_full_chaotic_run_0 - INFO - Epoch 71: Train Loss: 0.0964, Train Acc: 0.9888, Val Loss: 0.3356, Val Acc: 0.9213
2026-02-23 10:06:12,303 - experiment_chaotic_rossler_full_chaotic_run_0 - INFO - Train Epoch 72: [0/472 (0.0%)]	Loss: 0.068384
2026-02-23 10:06:16,559 - experiment_chaotic_rossler_full_chaotic_run_0 - INFO - [SYNC DEBUG] Epoch 72: sync_weight=0.01, desync_weight=0.01, loss_sync=0.049770
2026-02-23 10:06:17,792 - experiment_chaotic_rossler_full_chaotic_run_0 - INFO - Epoch 72: Train Loss: 0.0782, Train Acc: 0.9978, Val Loss: 0.1794, Val Acc: 0.9551
2026-02-23 10:06:18,313 - experiment_chaotic_rossler_full_chaotic_run_0 - INFO - Train Epoch 73: [0/472 (0.0%)]	Loss: 0.078470
2026-02-23 10:06:22,460 - experiment_chaotic_rossler_full_chaotic_run_0 - INFO - [SYNC DEBUG] Epoch 73: sync_weight=0.01, desync_weight=0.01, loss_sync=0.049826
2026-02-23 10:06:23,661 - experiment_chaotic_rossler_full_chaotic_run_0 - INFO - Epoch 73: Train Loss: 0.0773, Train Acc: 0.9955, Val Loss: 0.2107, Val Acc: 0.9438
2026-02-23 10:06:24,171 - experiment_chaotic_rossler_full_chaotic_run_0 - INFO - Train Epoch 74: [0/472 (0.0%)]	Loss: 0.076943
2026-02-23 10:06:28,266 - experiment_chaotic_rossler_full_chaotic_run_0 - INFO - [SYNC DEBUG] Epoch 74: sync_weight=0.01, desync_weight=0.01, loss_sync=0.049858
2026-02-23 10:06:29,473 - experiment_chaotic_rossler_full_chaotic_run_0 - INFO - Epoch 74: Train Loss: 0.0883, Train Acc: 0.9866, Val Loss: 0.1497, Val Acc: 0.9551
2026-02-23 10:06:29,980 - experiment_chaotic_rossler_full_chaotic_run_0 - INFO - Train Epoch 75: [0/472 (0.0%)]	Loss: 0.070531
2026-02-23 10:06:34,194 - experiment_chaotic_rossler_full_chaotic_run_0 - INFO - [SYNC DEBUG] Epoch 75: sync_weight=0.01, desync_weight=0.01, loss_sync=0.049639
2026-02-23 10:06:35,394 - experiment_chaotic_rossler_full_chaotic_run_0 - INFO - Epoch 75: Train Loss: 0.0756, Train Acc: 0.9978, Val Loss: 0.1587, Val Acc: 0.9663
2026-02-23 10:06:35,908 - experiment_chaotic_rossler_full_chaotic_run_0 - INFO - Train Epoch 76: [0/472 (0.0%)]	Loss: 0.066444
2026-02-23 10:06:40,067 - experiment_chaotic_rossler_full_chaotic_run_0 - INFO - [SYNC DEBUG] Epoch 76: sync_weight=0.01, desync_weight=0.01, loss_sync=0.049779
2026-02-23 10:06:41,275 - experiment_chaotic_rossler_full_chaotic_run_0 - INFO - Epoch 76: Train Loss: 0.0698, Train Acc: 1.0000, Val Loss: 0.1662, Val Acc: 0.9438
2026-02-23 10:06:41,793 - experiment_chaotic_rossler_full_chaotic_run_0 - INFO - Train Epoch 77: [0/472 (0.0%)]	Loss: 0.063362
2026-02-23 10:06:45,875 - experiment_chaotic_rossler_full_chaotic_run_0 - INFO - [SYNC DEBUG] Epoch 77: sync_weight=0.01, desync_weight=0.01, loss_sync=0.049608
2026-02-23 10:06:47,064 - experiment_chaotic_rossler_full_chaotic_run_0 - INFO - Epoch 77: Train Loss: 0.0813, Train Acc: 0.9911, Val Loss: 0.1080, Val Acc: 0.9551
2026-02-23 10:06:47,579 - experiment_chaotic_rossler_full_chaotic_run_0 - INFO - Train Epoch 78: [0/472 (0.0%)]	Loss: 0.081619
2026-02-23 10:06:49,802 - experiment_chaotic_rossler_full_chaotic_run_0 - DEBUG - [STABILITY] lyap=0.000, max_norm=0.7, min_std=0.100
2026-02-23 10:06:51,662 - experiment_chaotic_rossler_full_chaotic_run_0 - INFO - [SYNC DEBUG] Epoch 78: sync_weight=0.01, desync_weight=0.01, loss_sync=0.049822
2026-02-23 10:06:52,867 - experiment_chaotic_rossler_full_chaotic_run_0 - INFO - Epoch 78: Train Loss: 0.0782, Train Acc: 0.9955, Val Loss: 0.1366, Val Acc: 0.9663
2026-02-23 10:06:53,395 - experiment_chaotic_rossler_full_chaotic_run_0 - INFO - Train Epoch 79: [0/472 (0.0%)]	Loss: 0.106080
2026-02-23 10:06:57,486 - experiment_chaotic_rossler_full_chaotic_run_0 - INFO - [SYNC DEBUG] Epoch 79: sync_weight=0.01, desync_weight=0.01, loss_sync=0.049850
2026-02-23 10:06:58,679 - experiment_chaotic_rossler_full_chaotic_run_0 - INFO - Epoch 79: Train Loss: 0.0896, Train Acc: 0.9911, Val Loss: 0.1110, Val Acc: 0.9663
2026-02-23 10:06:59,196 - experiment_chaotic_rossler_full_chaotic_run_0 - INFO - Train Epoch 80: [0/472 (0.0%)]	Loss: 0.065131
2026-02-23 10:07:03,295 - experiment_chaotic_rossler_full_chaotic_run_0 - INFO - [SYNC DEBUG] Epoch 80: sync_weight=0.01, desync_weight=0.01, loss_sync=0.049826
2026-02-23 10:07:04,499 - experiment_chaotic_rossler_full_chaotic_run_0 - INFO - Epoch 80: Train Loss: 0.0841, Train Acc: 0.9978, Val Loss: 0.0870, Val Acc: 0.9663
2026-02-23 10:07:05,082 - experiment_chaotic_rossler_full_chaotic_run_0 - INFO - Train Epoch 81: [0/472 (0.0%)]	Loss: 0.070243
2026-02-23 10:07:09,187 - experiment_chaotic_rossler_full_chaotic_run_0 - INFO - [SYNC DEBUG] Epoch 81: sync_weight=0.01, desync_weight=0.01, loss_sync=0.050014
2026-02-23 10:07:10,374 - experiment_chaotic_rossler_full_chaotic_run_0 - INFO - Epoch 81: Train Loss: 0.0755, Train Acc: 0.9978, Val Loss: 0.0825, Val Acc: 0.9663
2026-02-23 10:07:10,897 - experiment_chaotic_rossler_full_chaotic_run_0 - INFO - Train Epoch 82: [0/472 (0.0%)]	Loss: 0.080448
2026-02-23 10:07:15,023 - experiment_chaotic_rossler_full_chaotic_run_0 - INFO - [SYNC DEBUG] Epoch 82: sync_weight=0.01, desync_weight=0.01, loss_sync=0.049786
2026-02-23 10:07:16,216 - experiment_chaotic_rossler_full_chaotic_run_0 - INFO - Epoch 82: Train Loss: 0.0785, Train Acc: 0.9978, Val Loss: 0.0826, Val Acc: 0.9775
2026-02-23 10:07:16,298 - experiment_chaotic_rossler_full_chaotic_run_0 - INFO - Saved new best model at epoch 82
2026-02-23 10:07:16,854 - experiment_chaotic_rossler_full_chaotic_run_0 - INFO - Train Epoch 83: [0/472 (0.0%)]	Loss: 0.063340
2026-02-23 10:07:20,944 - experiment_chaotic_rossler_full_chaotic_run_0 - INFO - [SYNC DEBUG] Epoch 83: sync_weight=0.01, desync_weight=0.01, loss_sync=0.049729
2026-02-23 10:07:22,135 - experiment_chaotic_rossler_full_chaotic_run_0 - INFO - Epoch 83: Train Loss: 0.0812, Train Acc: 0.9933, Val Loss: 0.0950, Val Acc: 0.9775
2026-02-23 10:07:22,654 - experiment_chaotic_rossler_full_chaotic_run_0 - INFO - Train Epoch 84: [0/472 (0.0%)]	Loss: 0.072775
2026-02-23 10:07:26,760 - experiment_chaotic_rossler_full_chaotic_run_0 - INFO - [SYNC DEBUG] Epoch 84: sync_weight=0.01, desync_weight=0.01, loss_sync=0.049840
2026-02-23 10:07:27,949 - experiment_chaotic_rossler_full_chaotic_run_0 - INFO - Epoch 84: Train Loss: 0.0871, Train Acc: 0.9933, Val Loss: 0.1076, Val Acc: 0.9551
2026-02-23 10:07:28,467 - experiment_chaotic_rossler_full_chaotic_run_0 - INFO - Train Epoch 85: [0/472 (0.0%)]	Loss: 0.140070
2026-02-23 10:07:31,329 - experiment_chaotic_rossler_full_chaotic_run_0 - DEBUG - [STABILITY] lyap=0.000, max_norm=0.7, min_std=0.102
2026-02-23 10:07:32,584 - experiment_chaotic_rossler_full_chaotic_run_0 - INFO - [SYNC DEBUG] Epoch 85: sync_weight=0.01, desync_weight=0.01, loss_sync=0.049802
2026-02-23 10:07:33,798 - experiment_chaotic_rossler_full_chaotic_run_0 - INFO - Epoch 85: Train Loss: 0.0825, Train Acc: 0.9911, Val Loss: 0.1268, Val Acc: 0.9663
2026-02-23 10:07:34,322 - experiment_chaotic_rossler_full_chaotic_run_0 - INFO - Train Epoch 86: [0/472 (0.0%)]	Loss: 0.068015
2026-02-23 10:07:38,437 - experiment_chaotic_rossler_full_chaotic_run_0 - INFO - [SYNC DEBUG] Epoch 86: sync_weight=0.01, desync_weight=0.01, loss_sync=0.049798
2026-02-23 10:07:39,636 - experiment_chaotic_rossler_full_chaotic_run_0 - INFO - Epoch 86: Train Loss: 0.0779, Train Acc: 0.9978, Val Loss: 0.1357, Val Acc: 0.9551
2026-02-23 10:07:40,151 - experiment_chaotic_rossler_full_chaotic_run_0 - INFO - Train Epoch 87: [0/472 (0.0%)]	Loss: 0.063799
2026-02-23 10:07:44,260 - experiment_chaotic_rossler_full_chaotic_run_0 - INFO - [SYNC DEBUG] Epoch 87: sync_weight=0.01, desync_weight=0.01, loss_sync=0.049814
2026-02-23 10:07:45,476 - experiment_chaotic_rossler_full_chaotic_run_0 - INFO - Epoch 87: Train Loss: 0.0746, Train Acc: 0.9978, Val Loss: 0.1062, Val Acc: 0.9775
2026-02-23 10:07:45,998 - experiment_chaotic_rossler_full_chaotic_run_0 - INFO - Train Epoch 88: [0/472 (0.0%)]	Loss: 0.069852
2026-02-23 10:07:50,174 - experiment_chaotic_rossler_full_chaotic_run_0 - INFO - [SYNC DEBUG] Epoch 88: sync_weight=0.01, desync_weight=0.01, loss_sync=0.049834
2026-02-23 10:07:51,405 - experiment_chaotic_rossler_full_chaotic_run_0 - INFO - Epoch 88: Train Loss: 0.0860, Train Acc: 0.9955, Val Loss: 0.1120, Val Acc: 0.9775
2026-02-23 10:07:51,946 - experiment_chaotic_rossler_full_chaotic_run_0 - INFO - Train Epoch 89: [0/472 (0.0%)]	Loss: 0.073290
2026-02-23 10:07:56,061 - experiment_chaotic_rossler_full_chaotic_run_0 - INFO - [SYNC DEBUG] Epoch 89: sync_weight=0.01, desync_weight=0.01, loss_sync=0.049685
2026-02-23 10:07:57,255 - experiment_chaotic_rossler_full_chaotic_run_0 - INFO - Epoch 89: Train Loss: 0.0735, Train Acc: 0.9978, Val Loss: 0.1133, Val Acc: 0.9663
2026-02-23 10:07:57,773 - experiment_chaotic_rossler_full_chaotic_run_0 - INFO - Train Epoch 90: [0/472 (0.0%)]	Loss: 0.070136
2026-02-23 10:08:01,873 - experiment_chaotic_rossler_full_chaotic_run_0 - INFO - [SYNC DEBUG] Epoch 90: sync_weight=0.01, desync_weight=0.01, loss_sync=0.049917
2026-02-23 10:08:03,083 - experiment_chaotic_rossler_full_chaotic_run_0 - INFO - Epoch 90: Train Loss: 0.0706, Train Acc: 0.9978, Val Loss: 0.0949, Val Acc: 0.9663
2026-02-23 10:08:03,722 - experiment_chaotic_rossler_full_chaotic_run_0 - INFO - Train Epoch 91: [0/472 (0.0%)]	Loss: 0.067998
2026-02-23 10:08:07,949 - experiment_chaotic_rossler_full_chaotic_run_0 - INFO - [SYNC DEBUG] Epoch 91: sync_weight=0.01, desync_weight=0.01, loss_sync=0.049633
2026-02-23 10:08:09,165 - experiment_chaotic_rossler_full_chaotic_run_0 - INFO - Epoch 91: Train Loss: 0.0716, Train Acc: 0.9955, Val Loss: 0.0969, Val Acc: 0.9663
2026-02-23 10:08:09,690 - experiment_chaotic_rossler_full_chaotic_run_0 - INFO - Train Epoch 92: [0/472 (0.0%)]	Loss: 0.085732
2026-02-23 10:08:13,189 - experiment_chaotic_rossler_full_chaotic_run_0 - DEBUG - [STABILITY] lyap=0.000, max_norm=0.7, min_std=0.102
2026-02-23 10:08:13,850 - experiment_chaotic_rossler_full_chaotic_run_0 - INFO - [SYNC DEBUG] Epoch 92: sync_weight=0.01, desync_weight=0.01, loss_sync=0.049695
2026-02-23 10:08:15,060 - experiment_chaotic_rossler_full_chaotic_run_0 - INFO - Epoch 92: Train Loss: 0.0717, Train Acc: 1.0000, Val Loss: 0.0949, Val Acc: 0.9775
2026-02-23 10:08:15,581 - experiment_chaotic_rossler_full_chaotic_run_0 - INFO - Train Epoch 93: [0/472 (0.0%)]	Loss: 0.076107
2026-02-23 10:08:19,688 - experiment_chaotic_rossler_full_chaotic_run_0 - INFO - [SYNC DEBUG] Epoch 93: sync_weight=0.01, desync_weight=0.01, loss_sync=0.049839
2026-02-23 10:08:20,903 - experiment_chaotic_rossler_full_chaotic_run_0 - INFO - Epoch 93: Train Loss: 0.0725, Train Acc: 1.0000, Val Loss: 0.1052, Val Acc: 0.9663
2026-02-23 10:08:21,427 - experiment_chaotic_rossler_full_chaotic_run_0 - INFO - Train Epoch 94: [0/472 (0.0%)]	Loss: 0.101088
2026-02-23 10:08:25,552 - experiment_chaotic_rossler_full_chaotic_run_0 - INFO - [SYNC DEBUG] Epoch 94: sync_weight=0.01, desync_weight=0.01, loss_sync=0.049774
2026-02-23 10:08:26,761 - experiment_chaotic_rossler_full_chaotic_run_0 - INFO - Epoch 94: Train Loss: 0.0723, Train Acc: 1.0000, Val Loss: 0.1064, Val Acc: 0.9775
2026-02-23 10:08:27,282 - experiment_chaotic_rossler_full_chaotic_run_0 - INFO - Train Epoch 95: [0/472 (0.0%)]	Loss: 0.065093
2026-02-23 10:08:31,387 - experiment_chaotic_rossler_full_chaotic_run_0 - INFO - [SYNC DEBUG] Epoch 95: sync_weight=0.01, desync_weight=0.01, loss_sync=0.049757
2026-02-23 10:08:32,590 - experiment_chaotic_rossler_full_chaotic_run_0 - INFO - Epoch 95: Train Loss: 0.0794, Train Acc: 0.9955, Val Loss: 0.1110, Val Acc: 0.9775
2026-02-23 10:08:33,107 - experiment_chaotic_rossler_full_chaotic_run_0 - INFO - Train Epoch 96: [0/472 (0.0%)]	Loss: 0.077920
2026-02-23 10:08:37,242 - experiment_chaotic_rossler_full_chaotic_run_0 - INFO - [SYNC DEBUG] Epoch 96: sync_weight=0.01, desync_weight=0.01, loss_sync=0.049674
2026-02-23 10:08:38,457 - experiment_chaotic_rossler_full_chaotic_run_0 - INFO - Epoch 96: Train Loss: 0.0767, Train Acc: 0.9978, Val Loss: 0.0997, Val Acc: 0.9775
2026-02-23 10:08:38,988 - experiment_chaotic_rossler_full_chaotic_run_0 - INFO - Train Epoch 97: [0/472 (0.0%)]	Loss: 0.132293
2026-02-23 10:08:43,284 - experiment_chaotic_rossler_full_chaotic_run_0 - INFO - [SYNC DEBUG] Epoch 97: sync_weight=0.01, desync_weight=0.01, loss_sync=0.049813
2026-02-23 10:08:44,565 - experiment_chaotic_rossler_full_chaotic_run_0 - INFO - Epoch 97: Train Loss: 0.0809, Train Acc: 0.9911, Val Loss: 0.1035, Val Acc: 0.9775
2026-02-23 10:08:45,118 - experiment_chaotic_rossler_full_chaotic_run_0 - INFO - Train Epoch 98: [0/472 (0.0%)]	Loss: 0.088260
2026-02-23 10:08:49,293 - experiment_chaotic_rossler_full_chaotic_run_0 - INFO - [SYNC DEBUG] Epoch 98: sync_weight=0.01, desync_weight=0.01, loss_sync=0.049800
2026-02-23 10:08:50,520 - experiment_chaotic_rossler_full_chaotic_run_0 - INFO - Epoch 98: Train Loss: 0.0711, Train Acc: 0.9978, Val Loss: 0.1057, Val Acc: 0.9775
2026-02-23 10:08:51,055 - experiment_chaotic_rossler_full_chaotic_run_0 - INFO - Train Epoch 99: [0/472 (0.0%)]	Loss: 0.095560
2026-02-23 10:08:55,197 - experiment_chaotic_rossler_full_chaotic_run_0 - INFO - [SYNC DEBUG] Epoch 99: sync_weight=0.01, desync_weight=0.01, loss_sync=0.049826
2026-02-23 10:08:56,415 - experiment_chaotic_rossler_full_chaotic_run_0 - INFO - Epoch 99: Train Loss: 0.0724, Train Acc: 0.9978, Val Loss: 0.1053, Val Acc: 0.9775
2026-02-23 10:08:56,421 - experiment_chaotic_rossler_full_chaotic_run_0 - INFO - Running final test evaluation...
2026-02-23 10:08:58,647 - experiment_chaotic_rossler_full_chaotic_run_0 - INFO - Test Results:
2026-02-23 10:08:58,647 - experiment_chaotic_rossler_full_chaotic_run_0 - INFO -   loss: 0.2479
2026-02-23 10:08:58,647 - experiment_chaotic_rossler_full_chaotic_run_0 - INFO -   accuracy: 0.9237
2026-02-23 10:08:58,647 - experiment_chaotic_rossler_full_chaotic_run_0 - INFO -   avg_confidence: 0.9856
2026-02-23 10:08:58,647 - experiment_chaotic_rossler_full_chaotic_run_0 - INFO -   embedding_diversity: 0.1487
2026-02-23 10:08:58,647 - experiment_chaotic_rossler_full_chaotic_run_0 - INFO -   embedding_norm_mean: 1.0000
2026-02-23 10:08:58,648 - experiment_chaotic_rossler_full_chaotic_run_0 - INFO -   embedding_norm_std: 0.0000
2026-02-23 10:08:58,653 - experiment_chaotic_rossler_full_chaotic_run_0 - INFO - Training completed
2026-02-23 10:08:59,421 - experiment_chaotic_rossler_full_chaotic_run_0 - INFO - Running comprehensive chaotic network analysis...
2026-02-23 10:08:59,421 - experiment_chaotic_rossler_full_chaotic_run_0 - INFO - Analyzing chaotic features and dynamics...
2026-02-23 10:09:00,077 - experiment_chaotic_rossler_full_chaotic_run_0 - INFO - Chaotic analysis completed
2026-02-23 10:09:00,078 - experiment_chaotic_rossler_full_chaotic_run_0 - INFO - Creating chaotic dynamics visualizations...
2026-02-23 10:09:02,503 - experiment_chaotic_rossler_full_chaotic_run_0 - WARNING - Embedding plotting failed: boolean index did not match indexed array along dimension 0; dimension is 8 but corresponding boolean dimension is 32
2026-02-23 10:09:02,509 - experiment_chaotic_rossler_full_chaotic_run_0 - INFO - Chaotic network analysis completed
