2026-02-23 09:55:59,756 - chaotic_trainer - INFO - ============================================================
2026-02-23 09:55:59,757 - chaotic_trainer - INFO - CHAOTIC NEURAL NETWORKS TRAINING
2026-02-23 09:55:59,757 - chaotic_trainer - INFO - ============================================================
2026-02-23 09:55:59,757 - chaotic_trainer - INFO - Output directory: /scratch/project_2003370/yueyao/Model/experiments/configs/chaotic_system_comparsion/Chua
2026-02-23 09:55:59,757 - chaotic_trainer - INFO - Configuration: {
  "chaotic_system": "lorenz",
  "model_type": "full_chaotic",
  "num_speakers": 100,
  "batch_size": 32,
  "num_epochs": 100,
  "learning_rate": 0.005,
  "weight_decay": 1e-06,
  "gradient_clipping": 1.0,
  "embedding_dim": 10,
  "mlsa_scales": 5,
  "rqa_radius_ratio": 0.1,
  "evolution_time": 0.5,
  "time_step": 0.01,
  "coupling_strength": 1.0,
  "noise_level": 0.001,
  "pooling_type": "comprehensive",
  "speaker_embedding_dim": 256,
  "embedding_hidden_dims": [
    512,
    256,
    128
  ],
  "classifier_type": "plda",
  "temperature": 30.0,
  "margin": 0.35,
  "sample_rate": 16000,
  "max_audio_length": 3.0,
  "data_dir": "/scratch/project_2003370/yueyao/dataset/mini_librispeech/LibriSpeech/dev-clean-2",
  "device": "auto",
  "seed": 42,
  "optimize_parameters": true,
  "optimizer": {
    "type": "adamw",
    "params": {
      "betas": [
        0.9,
        0.999
      ],
      "eps": 1e-08,
      "weight_decay": 0.0001
    }
  },
  "scheduler": {
    "type": "linear",
    "params": {
      "eta_min": 1e-06
    }
  },
  "early_stopping": {
    "patience": 50
  },
  "differentiable_features": {
    "enabled": true,
    "lyapunov_dim": 8,
    "rqa_dim": 6,
    "additional_stats": true
  },
  "adversarial_training": {
    "enabled": true,
    "perturbation_scale": 0.1,
    "warmup_epochs": 5,
    "adversarial_weight": 0.3
  },
  "sync_loss": {
    "enabled": true,
    "sync_weight": 0.1,
    "desync_weight": 0.1,
    "margin": 1.0,
    "sample_ratio": 0.3
  },
  "use_bifurcation_control": true,
  "plda_latent_dim": 128,
  "plda_length_norm": true,
  "epochs": 100
}
2026-02-23 09:55:59,827 - chaotic_trainer - INFO - System info: {'platform': 'Linux-4.18.0-553.74.1.el8_10.x86_64-x86_64-with-glibc2.28', 'system': 'Linux', 'node': 'g1102.mahti.csc.fi', 'release': '4.18.0-553.74.1.el8_10.x86_64', 'version': '#1 SMP Sun Sep 7 09:23:35 EDT 2025', 'machine': 'x86_64', 'processor': 'x86_64', 'python_version': '3.12.10 (main, Jun  3 2025, 21:04:06) [GCC 8.5.0 20210514 (Red Hat 8.5.0-26)]', 'python_executable': '/usr/bin/python', 'cpu_count': 256, 'total_memory': 540285169664, 'available_memory': 511999569920, 'gpu_info': {'cuda_available': True, 'cuda_version': '12.6', 'gpu_count': 1, 'gpu_names': ['NVIDIA A100-SXM4-40GB MIG 1g.5gb']}, 'package_versions': {'numpy': '1.26.4', 'scipy': '1.13.1', 'scikit-learn': 'not installed', 'librosa': '0.11.0', 'soundfile': '0.13.1', 'torch': '2.7.1+cu126', 'tensorflow': 'not installed', 'matplotlib': '3.10.3', 'pandas': '2.3.0'}, 'git_info': {'commit_hash': '1b9376c7b52fe7c8cb3d9e6e9552896e57f82a52', 'branch': 'origin', 'is_dirty': True}}
2026-02-23 09:55:59,827 - chaotic_trainer - INFO - Training 1 systems × 1 types × 1 runs...
2026-02-23 09:55:59,827 - chaotic_trainer - INFO - Systems: ['chua']
2026-02-23 09:55:59,827 - chaotic_trainer - INFO - Model types: ['full_chaotic']
2026-02-23 09:55:59,827 - chaotic_trainer - INFO - 
============================================================
2026-02-23 09:55:59,827 - chaotic_trainer - INFO - TRAINING: CHUA + FULL_CHAOTIC
2026-02-23 09:55:59,827 - chaotic_trainer - INFO - ============================================================
2026-02-23 09:55:59,827 - chaotic_trainer - INFO - Training chaotic_chua_full_chaotic_run_0...
2026-02-23 09:55:59,827 - chaotic_trainer - INFO - Optimizing parameters for chua system...
2026-02-23 09:55:59,840 - chaotic_trainer - INFO - Setting up chaotic_chua_full_chaotic_run_0...
2026-02-23 09:57:07,127 - chaotic_trainer - ERROR - Failed to train chaotic_chua_full_chaotic_run_0: Unknown classifier type: plda
2026-02-23 09:57:07,128 - chaotic_trainer - ERROR - Traceback: Traceback (most recent call last):
  File "/scratch/project_2003370/yueyao/Model/scripts/train_chaotic.py", line 418, in train_single_experiment
    experiment.setup()
  File "/scratch/project_2003370/yueyao/Model/experiments/base_experiment.py", line 314, in setup
    self.model = self.create_model()
                 ^^^^^^^^^^^^^^^^^^^
  File "/scratch/project_2003370/yueyao/Model/experiments/chaotic_experiment.py", line 303, in create_model
    model = ChaoticSpeakerRecognitionNetwork(
            ^^^^^^^^^^^^^^^^^^^^^^^^^^^^^^^^^
  File "/scratch/project_2003370/yueyao/Model/models/chaotic_network.py", line 298, in __init__
    self._initialize_components()
  File "/scratch/project_2003370/yueyao/Model/models/chaotic_network.py", line 482, in _initialize_components
    self.classifier = EnhancedChaoticClassifier(
                      ^^^^^^^^^^^^^^^^^^^^^^^^^^
  File "/scratch/project_2003370/yueyao/Model/models/chaotic_network.py", line 176, in __init__
    raise ValueError(f"Unknown classifier type: {classifier_type}")
ValueError: Unknown classifier type: plda

2026-02-23 09:57:07,129 - chaotic_trainer - INFO - Progress: 1/1 (100.0%)
2026-02-23 09:57:07,129 - chaotic_trainer - WARNING - No successful runs for chua + full_chaotic
2026-02-23 09:57:07,129 - chaotic_trainer - INFO - Analyzing chaotic training results...
2026-02-23 09:57:07,129 - chaotic_trainer - INFO - Generating comprehensive chaotic training report...
2026-02-23 09:57:07,209 - chaotic_trainer - INFO - Visualizations saved to: /scratch/project_2003370/yueyao/Model/experiments/configs/chaotic_system_comparsion/Chua/visualizations
2026-02-23 09:57:07,209 - chaotic_trainer - INFO - Reports generated:
2026-02-23 09:57:07,209 - chaotic_trainer - INFO -   Text report: /scratch/project_2003370/yueyao/Model/experiments/configs/chaotic_system_comparsion/Chua/chaotic_training_report.txt
2026-02-23 09:57:07,209 - chaotic_trainer - INFO -   JSON report: /scratch/project_2003370/yueyao/Model/experiments/configs/chaotic_system_comparsion/Chua/chaotic_training_results.json
2026-02-23 09:57:07,209 - chaotic_trainer - INFO - Chaotic training completed.
2026-02-23 09:57:07,210 - chaotic_trainer - INFO - ============================================================
2026-02-23 10:09:09,639 - chaotic_trainer - INFO - ============================================================
2026-02-23 10:09:09,639 - chaotic_trainer - INFO - CHAOTIC NEURAL NETWORKS TRAINING
2026-02-23 10:09:09,639 - chaotic_trainer - INFO - ============================================================
2026-02-23 10:09:09,639 - chaotic_trainer - INFO - Output directory: /scratch/project_2003370/yueyao/Model/experiments/configs/chaotic_system_comparsion/Chua
2026-02-23 10:09:09,640 - chaotic_trainer - INFO - Configuration: {
  "_nested": {
    "experiment": {
      "name": "base_chaotic_model",
      "description": "Model without any other loss or bifurcation",
      "version": "2.0"
    },
    "data": {
      "data_dir": "/scratch/project_2003370/yueyao/dataset/mini_librispeech/LibriSpeech/dev-clean-2",
      "train_split": 0.7,
      "val_split": 0.15,
      "test_split": 0.15,
      "num_workers": 4,
      "pin_memory": true
    },
    "audio": {
      "sample_rate": 16000,
      "max_audio_length": 3.0,
      "min_audio_length": 0.5,
      "frame_length": 400,
      "hop_length": 160,
      "normalize": true
    },
    "model": {
      "type": "full_chaotic",
      "num_speakers": 251,
      "phase_space": {
        "embedding_dim": 10,
        "delay_method": "autocorr"
      },
      "chaotic_features": {
        "mlsa": {
          "scales": 5
        },
        "rqa": {
          "radius_ratio": 0.1
        }
      },
      "chaotic_embedding": {
        "system_type": "lorenz",
        "evolution_time": 0.5,
        "time_step": 0.01,
        "lorenz": {
          "sigma": 10.0,
          "rho": 28.0,
          "beta": 2.6667
        }
      },
      "attractor_pooling": {
        "type": "comprehensive"
      },
      "speaker_embedding": {
        "dim": 256,
        "hidden_dims": [
          512,
          256,
          128
        ],
        "dropout_rate": 0.3,
        "use_batch_norm": true
      },
      "classifier": {
        "type": "cosine",
        "temperature": 30.0
      }
    },
    "optional_modules": {
      "bifurcation_control": {
        "enabled": false
      },
      "differentiable_features": {
        "enabled": true
      }
    },
    "loss": {
      "classification": {
        "type": "cross_entropy"
      },
      "stability": {
        "enabled": true,
        "weight": 0.1,
        "target_lyapunov_range": [
          0.1,
          2.0
        ],
        "trajectory_bound": 50.0,
        "collapse_threshold": 0.1,
        "diversity_weight": 0.05
      },
      "synchronization": {
        "enabled": true,
        "sync_weight": 0.01,
        "desync_weight": 0.01,
        "dynamic_warmup": true,
        "warmup_epochs": 20
      },
      "adversarial": {
        "enabled": false,
        "warmup_epochs": 5,
        "perturbation_scale": 0.1,
        "weight": 0.3
      }
    },
    "training": {
      "batch_size": 32,
      "num_epochs": 100,
      "gradient_clipping": 1.0,
      "optimizer": {
        "type": "adamw",
        "learning_rate": 0.0005,
        "weight_decay": 0.0001,
        "betas": [
          0.9,
          0.999
        ]
      },
      "scheduler": {
        "type": "cosine",
        "T_max": 100,
        "eta_min": 1e-06
      },
      "early_stopping": {
        "enabled": true,
        "patience": 30,
        "monitor": "val_accuracy",
        "mode": "max"
      },
      "checkpoint": {
        "save_best_only": true,
        "save_frequency": 10
      }
    },
    "hardware": {
      "device": "auto",
      "seed": 42
    },
    "output": {
      "base_dir": "./experiments/outputs/base_chaotic"
    }
  },
  "num_speakers": 251,
  "model_type": "full_chaotic",
  "embedding_dim": 10,
  "delay_method": "autocorr",
  "mlsa_scales": 5,
  "rqa_radius_ratio": 0.1,
  "chaotic_system": "lorenz",
  "evolution_time": 0.5,
  "time_step": 0.01,
  "coupling_strength": 1.0,
  "noise_level": 0.001,
  "pooling_type": "comprehensive",
  "speaker_embedding_dim": 256,
  "embedding_hidden_dims": [
    512,
    256,
    128
  ],
  "classifier_type": "cosine",
  "temperature": 30.0,
  "margin": 0.35,
  "batch_size": 32,
  "num_epochs": 100,
  "learning_rate": 0.0005,
  "weight_decay": 0.0001,
  "gradient_clipping": 1.0,
  "optimizer": {
    "type": "adamw",
    "params": {
      "betas": [
        0.9,
        0.999
      ],
      "eps": 1e-08,
      "weight_decay": 0.0001
    }
  },
  "scheduler": {
    "type": "cosine",
    "params": {
      "T_max": 100,
      "eta_min": 1e-06
    }
  },
  "early_stopping": {
    "patience": 30
  },
  "sample_rate": 16000,
  "max_audio_length": 3.0,
  "frame_length": 400,
  "hop_length": 160,
  "data_dir": "/scratch/project_2003370/yueyao/dataset/mini_librispeech/LibriSpeech/dev-clean-2",
  "device": "auto",
  "seed": 42,
  "loss_config": {
    "classification": {
      "type": "cross_entropy"
    },
    "stability": {
      "enabled": true,
      "weight": 0.1,
      "target_lyapunov_range": [
        0.1,
        2.0
      ],
      "trajectory_bound": 50.0,
      "collapse_threshold": 0.1,
      "diversity_weight": 0.05
    },
    "synchronization": {
      "enabled": true,
      "sync_weight": 0.01,
      "desync_weight": 0.01,
      "dynamic_warmup": true,
      "warmup_epochs": 20
    },
    "adversarial": {
      "enabled": false,
      "warmup_epochs": 5,
      "perturbation_scale": 0.1,
      "weight": 0.3
    }
  },
  "optional_modules": {
    "bifurcation_control": {
      "enabled": false
    },
    "differentiable_features": {
      "enabled": true
    }
  },
  "epochs": 100,
  "optimize_parameters": true
}
2026-02-23 10:09:09,711 - chaotic_trainer - INFO - System info: {'platform': 'Linux-4.18.0-553.74.1.el8_10.x86_64-x86_64-with-glibc2.28', 'system': 'Linux', 'node': 'g1102.mahti.csc.fi', 'release': '4.18.0-553.74.1.el8_10.x86_64', 'version': '#1 SMP Sun Sep 7 09:23:35 EDT 2025', 'machine': 'x86_64', 'processor': 'x86_64', 'python_version': '3.12.10 (main, Jun  3 2025, 21:04:06) [GCC 8.5.0 20210514 (Red Hat 8.5.0-26)]', 'python_executable': '/usr/bin/python', 'cpu_count': 256, 'total_memory': 540285169664, 'available_memory': 510703169536, 'gpu_info': {'cuda_available': True, 'cuda_version': '12.6', 'gpu_count': 1, 'gpu_names': ['NVIDIA A100-SXM4-40GB MIG 1g.5gb']}, 'package_versions': {'numpy': '1.26.4', 'scipy': '1.13.1', 'scikit-learn': 'not installed', 'librosa': '0.11.0', 'soundfile': '0.13.1', 'torch': '2.7.1+cu126', 'tensorflow': 'not installed', 'matplotlib': '3.10.3', 'pandas': '2.3.0'}, 'git_info': {'commit_hash': '1b9376c7b52fe7c8cb3d9e6e9552896e57f82a52', 'branch': 'origin', 'is_dirty': True}}
2026-02-23 10:09:09,711 - chaotic_trainer - INFO - Training 1 systems × 1 types × 1 runs...
2026-02-23 10:09:09,712 - chaotic_trainer - INFO - Systems: ['chua']
2026-02-23 10:09:09,712 - chaotic_trainer - INFO - Model types: ['full_chaotic']
2026-02-23 10:09:09,712 - chaotic_trainer - INFO - 
============================================================
2026-02-23 10:09:09,712 - chaotic_trainer - INFO - TRAINING: CHUA + FULL_CHAOTIC
2026-02-23 10:09:09,712 - chaotic_trainer - INFO - ============================================================
2026-02-23 10:09:09,712 - chaotic_trainer - INFO - Training chaotic_chua_full_chaotic_run_0...
2026-02-23 10:09:09,712 - chaotic_trainer - INFO - Optimizing parameters for chua system...
2026-02-23 10:09:09,724 - chaotic_trainer - INFO - Setting up chaotic_chua_full_chaotic_run_0...
2026-02-23 10:10:17,940 - chaotic_trainer - INFO - 🚀 No checkpoint specified, starting from scratch
2026-02-23 10:10:17,940 - chaotic_trainer - INFO - Model parameters: 584,959 (trainable: 584,959)
2026-02-23 10:10:17,940 - chaotic_trainer - INFO - Training with chaotic dynamics monitoring...
2026-02-23 10:10:17,940 - chaotic_trainer - INFO - Starting training from epoch 0 for 100 more epochs...
2026-02-23 10:10:18,463 - chaotic_trainer - ERROR - Failed to train chaotic_chua_full_chaotic_run_0: Unsupported system type for RK4: chua. Use _integrate_mackey_glass for mackey_glass system.
2026-02-23 10:10:18,467 - chaotic_trainer - ERROR - Traceback: Traceback (most recent call last):
  File "/scratch/project_2003370/yueyao/Model/scripts/train_chaotic.py", line 556, in train_single_experiment
    experiment.train(remaining_epochs)
  File "/scratch/project_2003370/yueyao/Model/experiments/base_experiment.py", line 652, in train
    train_metrics = self.train_epoch()
                    ^^^^^^^^^^^^^^^^^^
  File "/scratch/project_2003370/yueyao/Model/scripts/train_chaotic.py", line 533, in monitored_train_epoch
    metrics = original_train_epoch()
              ^^^^^^^^^^^^^^^^^^^^^^
  File "/scratch/project_2003370/yueyao/Model/experiments/chaotic_experiment.py", line 923, in train_epoch
    epoch_metrics = super().train_epoch()
                    ^^^^^^^^^^^^^^^^^^^^^
  File "/scratch/project_2003370/yueyao/Model/experiments/base_experiment.py", line 396, in train_epoch
    _ = self.model(audio, targets)
        ^^^^^^^^^^^^^^^^^^^^^^^^^^
  File "/usr/local/lib64/python3.12/site-packages/torch/nn/modules/module.py", line 1751, in _wrapped_call_impl
    return self._call_impl(*args, **kwargs)
           ^^^^^^^^^^^^^^^^^^^^^^^^^^^^^^^^
  File "/usr/local/lib64/python3.12/site-packages/torch/nn/modules/module.py", line 1762, in _call_impl
    return forward_call(*args, **kwargs)
           ^^^^^^^^^^^^^^^^^^^^^^^^^^^^^
  File "/scratch/project_2003370/yueyao/Model/models/chaotic_network.py", line 660, in forward
    chaotic_trajectories = self.chaotic_embedding(chaotic_features)
                           ^^^^^^^^^^^^^^^^^^^^^^^^^^^^^^^^^^^^^^^^
  File "/usr/local/lib64/python3.12/site-packages/torch/nn/modules/module.py", line 1751, in _wrapped_call_impl
    return self._call_impl(*args, **kwargs)
           ^^^^^^^^^^^^^^^^^^^^^^^^^^^^^^^^
  File "/usr/local/lib64/python3.12/site-packages/torch/nn/modules/module.py", line 1762, in _call_impl
    return forward_call(*args, **kwargs)
           ^^^^^^^^^^^^^^^^^^^^^^^^^^^^^
  File "/scratch/project_2003370/yueyao/Model/core/chaotic_embedding.py", line 545, in forward
    trajectory = self._generate_trajectory(initial_states, couplings, params)
                 ^^^^^^^^^^^^^^^^^^^^^^^^^^^^^^^^^^^^^^^^^^^^^^^^^^^^^^^^^^^^
  File "/scratch/project_2003370/yueyao/Model/core/chaotic_embedding.py", line 462, in _generate_trajectory
    state = self._runge_kutta_4(state, couplings, params)
            ^^^^^^^^^^^^^^^^^^^^^^^^^^^^^^^^^^^^^^^^^^^^^
  File "/scratch/project_2003370/yueyao/Model/core/chaotic_embedding.py", line 281, in _runge_kutta_4
    raise ValueError(f"Unsupported system type for RK4: {self.system_type}. "
ValueError: Unsupported system type for RK4: chua. Use _integrate_mackey_glass for mackey_glass system.

2026-02-23 10:10:18,469 - chaotic_trainer - INFO - Progress: 1/1 (100.0%)
2026-02-23 10:10:18,469 - chaotic_trainer - WARNING - No successful runs for chua + full_chaotic
2026-02-23 10:10:18,469 - chaotic_trainer - INFO - Analyzing chaotic training results...
2026-02-23 10:10:18,469 - chaotic_trainer - INFO - Generating comprehensive chaotic training report...
2026-02-23 10:10:18,545 - chaotic_trainer - INFO - Visualizations saved to: /scratch/project_2003370/yueyao/Model/experiments/configs/chaotic_system_comparsion/Chua/visualizations
2026-02-23 10:10:18,545 - chaotic_trainer - INFO - Reports generated:
2026-02-23 10:10:18,545 - chaotic_trainer - INFO -   Text report: /scratch/project_2003370/yueyao/Model/experiments/configs/chaotic_system_comparsion/Chua/chaotic_training_report.txt
2026-02-23 10:10:18,545 - chaotic_trainer - INFO -   JSON report: /scratch/project_2003370/yueyao/Model/experiments/configs/chaotic_system_comparsion/Chua/chaotic_training_results.json
2026-02-23 10:10:18,545 - chaotic_trainer - INFO - Chaotic training completed.
2026-02-23 10:10:18,545 - chaotic_trainer - INFO - ============================================================
2026-02-23 10:10:23,895 - chaotic_trainer - INFO - ============================================================
2026-02-23 10:10:23,895 - chaotic_trainer - INFO - CHAOTIC NEURAL NETWORKS TRAINING
2026-02-23 10:10:23,895 - chaotic_trainer - INFO - ============================================================
2026-02-23 10:10:23,895 - chaotic_trainer - INFO - Output directory: /scratch/project_2003370/yueyao/Model/experiments/configs/chaotic_system_comparsion/Chua
2026-02-23 10:10:23,896 - chaotic_trainer - INFO - Configuration: {
  "_nested": {
    "experiment": {
      "name": "base_chaotic_model",
      "description": "Model without any other loss or bifurcation",
      "version": "2.0"
    },
    "data": {
      "data_dir": "/scratch/project_2003370/yueyao/dataset/mini_librispeech/LibriSpeech/dev-clean-2",
      "train_split": 0.7,
      "val_split": 0.15,
      "test_split": 0.15,
      "num_workers": 4,
      "pin_memory": true
    },
    "audio": {
      "sample_rate": 16000,
      "max_audio_length": 3.0,
      "min_audio_length": 0.5,
      "frame_length": 400,
      "hop_length": 160,
      "normalize": true
    },
    "model": {
      "type": "full_chaotic",
      "num_speakers": 251,
      "phase_space": {
        "embedding_dim": 10,
        "delay_method": "autocorr"
      },
      "chaotic_features": {
        "mlsa": {
          "scales": 5
        },
        "rqa": {
          "radius_ratio": 0.1
        }
      },
      "chaotic_embedding": {
        "system_type": "lorenz",
        "evolution_time": 0.5,
        "time_step": 0.01,
        "lorenz": {
          "sigma": 10.0,
          "rho": 28.0,
          "beta": 2.6667
        }
      },
      "attractor_pooling": {
        "type": "comprehensive"
      },
      "speaker_embedding": {
        "dim": 256,
        "hidden_dims": [
          512,
          256,
          128
        ],
        "dropout_rate": 0.3,
        "use_batch_norm": true
      },
      "classifier": {
        "type": "cosine",
        "temperature": 30.0
      }
    },
    "optional_modules": {
      "bifurcation_control": {
        "enabled": false
      },
      "differentiable_features": {
        "enabled": true
      }
    },
    "loss": {
      "classification": {
        "type": "cross_entropy"
      },
      "stability": {
        "enabled": true,
        "weight": 0.1,
        "target_lyapunov_range": [
          0.1,
          2.0
        ],
        "trajectory_bound": 50.0,
        "collapse_threshold": 0.1,
        "diversity_weight": 0.05
      },
      "synchronization": {
        "enabled": true,
        "sync_weight": 0.01,
        "desync_weight": 0.01,
        "dynamic_warmup": true,
        "warmup_epochs": 20
      },
      "adversarial": {
        "enabled": false,
        "warmup_epochs": 5,
        "perturbation_scale": 0.1,
        "weight": 0.3
      }
    },
    "training": {
      "batch_size": 32,
      "num_epochs": 100,
      "gradient_clipping": 1.0,
      "optimizer": {
        "type": "adamw",
        "learning_rate": 0.0005,
        "weight_decay": 0.0001,
        "betas": [
          0.9,
          0.999
        ]
      },
      "scheduler": {
        "type": "cosine",
        "T_max": 100,
        "eta_min": 1e-06
      },
      "early_stopping": {
        "enabled": true,
        "patience": 30,
        "monitor": "val_accuracy",
        "mode": "max"
      },
      "checkpoint": {
        "save_best_only": true,
        "save_frequency": 10
      }
    },
    "hardware": {
      "device": "auto",
      "seed": 42
    },
    "output": {
      "base_dir": "./experiments/outputs/base_chaotic"
    }
  },
  "num_speakers": 251,
  "model_type": "full_chaotic",
  "embedding_dim": 10,
  "delay_method": "autocorr",
  "mlsa_scales": 5,
  "rqa_radius_ratio": 0.1,
  "chaotic_system": "lorenz",
  "evolution_time": 0.5,
  "time_step": 0.01,
  "coupling_strength": 1.0,
  "noise_level": 0.001,
  "pooling_type": "comprehensive",
  "speaker_embedding_dim": 256,
  "embedding_hidden_dims": [
    512,
    256,
    128
  ],
  "classifier_type": "cosine",
  "temperature": 30.0,
  "margin": 0.35,
  "batch_size": 32,
  "num_epochs": 100,
  "learning_rate": 0.0005,
  "weight_decay": 0.0001,
  "gradient_clipping": 1.0,
  "optimizer": {
    "type": "adamw",
    "params": {
      "betas": [
        0.9,
        0.999
      ],
      "eps": 1e-08,
      "weight_decay": 0.0001
    }
  },
  "scheduler": {
    "type": "cosine",
    "params": {
      "T_max": 100,
      "eta_min": 1e-06
    }
  },
  "early_stopping": {
    "patience": 30
  },
  "sample_rate": 16000,
  "max_audio_length": 3.0,
  "frame_length": 400,
  "hop_length": 160,
  "data_dir": "/scratch/project_2003370/yueyao/dataset/mini_librispeech/LibriSpeech/dev-clean-2",
  "device": "auto",
  "seed": 42,
  "loss_config": {
    "classification": {
      "type": "cross_entropy"
    },
    "stability": {
      "enabled": true,
      "weight": 0.1,
      "target_lyapunov_range": [
        0.1,
        2.0
      ],
      "trajectory_bound": 50.0,
      "collapse_threshold": 0.1,
      "diversity_weight": 0.05
    },
    "synchronization": {
      "enabled": true,
      "sync_weight": 0.01,
      "desync_weight": 0.01,
      "dynamic_warmup": true,
      "warmup_epochs": 20
    },
    "adversarial": {
      "enabled": false,
      "warmup_epochs": 5,
      "perturbation_scale": 0.1,
      "weight": 0.3
    }
  },
  "optional_modules": {
    "bifurcation_control": {
      "enabled": false
    },
    "differentiable_features": {
      "enabled": true
    }
  },
  "epochs": 100,
  "optimize_parameters": true
}
2026-02-23 10:10:23,969 - chaotic_trainer - INFO - System info: {'platform': 'Linux-4.18.0-553.74.1.el8_10.x86_64-x86_64-with-glibc2.28', 'system': 'Linux', 'node': 'g1102.mahti.csc.fi', 'release': '4.18.0-553.74.1.el8_10.x86_64', 'version': '#1 SMP Sun Sep 7 09:23:35 EDT 2025', 'machine': 'x86_64', 'processor': 'x86_64', 'python_version': '3.12.10 (main, Jun  3 2025, 21:04:06) [GCC 8.5.0 20210514 (Red Hat 8.5.0-26)]', 'python_executable': '/usr/bin/python', 'cpu_count': 256, 'total_memory': 540285169664, 'available_memory': 510887149568, 'gpu_info': {'cuda_available': True, 'cuda_version': '12.6', 'gpu_count': 1, 'gpu_names': ['NVIDIA A100-SXM4-40GB MIG 1g.5gb']}, 'package_versions': {'numpy': '1.26.4', 'scipy': '1.13.1', 'scikit-learn': 'not installed', 'librosa': '0.11.0', 'soundfile': '0.13.1', 'torch': '2.7.1+cu126', 'tensorflow': 'not installed', 'matplotlib': '3.10.3', 'pandas': '2.3.0'}, 'git_info': {'commit_hash': '1b9376c7b52fe7c8cb3d9e6e9552896e57f82a52', 'branch': 'origin', 'is_dirty': True}}
2026-02-23 10:10:23,969 - chaotic_trainer - INFO - Training 1 systems × 1 types × 1 runs...
2026-02-23 10:10:23,969 - chaotic_trainer - INFO - Systems: ['mackey_glass']
2026-02-23 10:10:23,969 - chaotic_trainer - INFO - Model types: ['full_chaotic']
2026-02-23 10:10:23,969 - chaotic_trainer - INFO - 
============================================================
2026-02-23 10:10:23,969 - chaotic_trainer - INFO - TRAINING: MACKEY_GLASS + FULL_CHAOTIC
2026-02-23 10:10:23,970 - chaotic_trainer - INFO - ============================================================
2026-02-23 10:10:23,970 - chaotic_trainer - INFO - Training chaotic_mackey_glass_full_chaotic_run_0...
2026-02-23 10:10:23,970 - chaotic_trainer - INFO - Optimizing parameters for mackey_glass system...
2026-02-23 10:10:23,983 - chaotic_trainer - INFO - Setting up chaotic_mackey_glass_full_chaotic_run_0...
2026-02-23 10:11:31,554 - chaotic_trainer - INFO - 🚀 No checkpoint specified, starting from scratch
2026-02-23 10:11:31,554 - chaotic_trainer - INFO - Model parameters: 584,959 (trainable: 584,959)
2026-02-23 10:11:31,554 - chaotic_trainer - INFO - Training with chaotic dynamics monitoring...
2026-02-23 10:11:31,554 - chaotic_trainer - INFO - Starting training from epoch 0 for 100 more epochs...
2026-02-23 16:01:54,214 - chaotic_trainer - INFO - ============================================================
2026-02-23 16:01:54,249 - chaotic_trainer - INFO - CHAOTIC NEURAL NETWORKS TRAINING
2026-02-23 16:01:54,249 - chaotic_trainer - INFO - ============================================================
2026-02-23 16:01:54,249 - chaotic_trainer - INFO - Output directory: /scratch/project_2003370/yueyao/Model/experiments/configs/chaotic_system_comparsion/Chua
2026-02-23 16:01:54,249 - chaotic_trainer - INFO - Configuration: {
  "_nested": {
    "experiment": {
      "name": "base_chaotic_model",
      "description": "Model without any other loss or bifurcation",
      "version": "2.0"
    },
    "data": {
      "data_dir": "/scratch/project_2003370/yueyao/dataset/mini_librispeech/LibriSpeech/dev-clean-2",
      "train_split": 0.7,
      "val_split": 0.15,
      "test_split": 0.15,
      "num_workers": 4,
      "pin_memory": true
    },
    "audio": {
      "sample_rate": 16000,
      "max_audio_length": 3.0,
      "min_audio_length": 0.5,
      "frame_length": 400,
      "hop_length": 160,
      "normalize": true
    },
    "model": {
      "type": "full_chaotic",
      "num_speakers": 251,
      "phase_space": {
        "embedding_dim": 10,
        "delay_method": "autocorr"
      },
      "chaotic_features": {
        "mlsa": {
          "scales": 5
        },
        "rqa": {
          "radius_ratio": 0.1
        }
      },
      "chaotic_embedding": {
        "system_type": "lorenz",
        "evolution_time": 0.5,
        "time_step": 0.01,
        "lorenz": {
          "sigma": 10.0,
          "rho": 28.0,
          "beta": 2.6667
        }
      },
      "attractor_pooling": {
        "type": "comprehensive"
      },
      "speaker_embedding": {
        "dim": 256,
        "hidden_dims": [
          512,
          256,
          128
        ],
        "dropout_rate": 0.3,
        "use_batch_norm": true
      },
      "classifier": {
        "type": "cosine",
        "temperature": 30.0
      }
    },
    "optional_modules": {
      "bifurcation_control": {
        "enabled": false
      },
      "differentiable_features": {
        "enabled": true
      }
    },
    "loss": {
      "classification": {
        "type": "cross_entropy"
      },
      "stability": {
        "enabled": true,
        "weight": 0.1,
        "target_lyapunov_range": [
          0.1,
          2.0
        ],
        "trajectory_bound": 50.0,
        "collapse_threshold": 0.1,
        "diversity_weight": 0.05
      },
      "synchronization": {
        "enabled": true,
        "sync_weight": 0.01,
        "desync_weight": 0.01,
        "dynamic_warmup": true,
        "warmup_epochs": 20
      },
      "adversarial": {
        "enabled": false,
        "warmup_epochs": 5,
        "perturbation_scale": 0.1,
        "weight": 0.3
      }
    },
    "training": {
      "batch_size": 32,
      "num_epochs": 100,
      "gradient_clipping": 1.0,
      "optimizer": {
        "type": "adamw",
        "learning_rate": 0.0005,
        "weight_decay": 0.0001,
        "betas": [
          0.9,
          0.999
        ]
      },
      "scheduler": {
        "type": "cosine",
        "T_max": 100,
        "eta_min": 1e-06
      },
      "early_stopping": {
        "enabled": true,
        "patience": 30,
        "monitor": "val_accuracy",
        "mode": "max"
      },
      "checkpoint": {
        "save_best_only": true,
        "save_frequency": 10
      }
    },
    "hardware": {
      "device": "auto",
      "seed": 42
    },
    "output": {
      "base_dir": "./experiments/outputs/base_chaotic"
    }
  },
  "num_speakers": 251,
  "model_type": "full_chaotic",
  "embedding_dim": 10,
  "delay_method": "autocorr",
  "mlsa_scales": 5,
  "rqa_radius_ratio": 0.1,
  "chaotic_system": "lorenz",
  "evolution_time": 0.5,
  "time_step": 0.01,
  "coupling_strength": 1.0,
  "noise_level": 0.001,
  "pooling_type": "comprehensive",
  "speaker_embedding_dim": 256,
  "embedding_hidden_dims": [
    512,
    256,
    128
  ],
  "classifier_type": "cosine",
  "temperature": 30.0,
  "margin": 0.35,
  "batch_size": 32,
  "num_epochs": 100,
  "learning_rate": 0.0005,
  "weight_decay": 0.0001,
  "gradient_clipping": 1.0,
  "optimizer": {
    "type": "adamw",
    "params": {
      "betas": [
        0.9,
        0.999
      ],
      "eps": 1e-08,
      "weight_decay": 0.0001
    }
  },
  "scheduler": {
    "type": "cosine",
    "params": {
      "T_max": 100,
      "eta_min": 1e-06
    }
  },
  "early_stopping": {
    "patience": 30
  },
  "sample_rate": 16000,
  "max_audio_length": 3.0,
  "frame_length": 400,
  "hop_length": 160,
  "data_dir": "/scratch/project_2003370/yueyao/dataset/mini_librispeech/LibriSpeech/dev-clean-2",
  "device": "auto",
  "seed": 42,
  "loss_config": {
    "classification": {
      "type": "cross_entropy"
    },
    "stability": {
      "enabled": true,
      "weight": 0.1,
      "target_lyapunov_range": [
        0.1,
        2.0
      ],
      "trajectory_bound": 50.0,
      "collapse_threshold": 0.1,
      "diversity_weight": 0.05
    },
    "synchronization": {
      "enabled": true,
      "sync_weight": 0.01,
      "desync_weight": 0.01,
      "dynamic_warmup": true,
      "warmup_epochs": 20
    },
    "adversarial": {
      "enabled": false,
      "warmup_epochs": 5,
      "perturbation_scale": 0.1,
      "weight": 0.3
    }
  },
  "optional_modules": {
    "bifurcation_control": {
      "enabled": false
    },
    "differentiable_features": {
      "enabled": true
    }
  },
  "epochs": 100,
  "optimize_parameters": true
}
2026-02-23 16:01:54,324 - chaotic_trainer - INFO - System info: {'platform': 'Linux-4.18.0-553.74.1.el8_10.x86_64-x86_64-with-glibc2.28', 'system': 'Linux', 'node': 'g1102.mahti.csc.fi', 'release': '4.18.0-553.74.1.el8_10.x86_64', 'version': '#1 SMP Sun Sep 7 09:23:35 EDT 2025', 'machine': 'x86_64', 'processor': 'x86_64', 'python_version': '3.12.10 (main, Jun  3 2025, 21:04:06) [GCC 8.5.0 20210514 (Red Hat 8.5.0-26)]', 'python_executable': '/usr/bin/python', 'cpu_count': 256, 'total_memory': 540285169664, 'available_memory': 509056991232, 'gpu_info': {'cuda_available': True, 'cuda_version': '12.6', 'gpu_count': 1, 'gpu_names': ['NVIDIA A100-SXM4-40GB MIG 1g.5gb']}, 'package_versions': {'numpy': '1.26.4', 'scipy': '1.13.1', 'scikit-learn': 'not installed', 'librosa': '0.11.0', 'soundfile': '0.13.1', 'torch': '2.7.1+cu126', 'tensorflow': 'not installed', 'matplotlib': '3.10.3', 'pandas': '2.3.0'}, 'git_info': {'commit_hash': '1b9376c7b52fe7c8cb3d9e6e9552896e57f82a52', 'branch': 'origin', 'is_dirty': True}}
2026-02-23 16:01:54,325 - chaotic_trainer - INFO - Training 1 systems × 1 types × 1 runs...
2026-02-23 16:01:54,325 - chaotic_trainer - INFO - Systems: ['chua']
2026-02-23 16:01:54,325 - chaotic_trainer - INFO - Model types: ['full_chaotic']
2026-02-23 16:01:54,325 - chaotic_trainer - INFO - 
============================================================
2026-02-23 16:01:54,325 - chaotic_trainer - INFO - TRAINING: CHUA + FULL_CHAOTIC
2026-02-23 16:01:54,325 - chaotic_trainer - INFO - ============================================================
2026-02-23 16:01:54,325 - chaotic_trainer - INFO - Training chaotic_chua_full_chaotic_run_0...
2026-02-23 16:01:54,325 - chaotic_trainer - INFO - Optimizing parameters for chua system...
2026-02-23 16:01:54,362 - chaotic_trainer - INFO - Setting up chaotic_chua_full_chaotic_run_0...
2026-02-23 16:03:05,013 - chaotic_trainer - INFO - 🚀 No checkpoint specified, starting from scratch
2026-02-23 16:03:05,013 - chaotic_trainer - INFO - Model parameters: 584,959 (trainable: 584,959)
2026-02-23 16:03:05,013 - chaotic_trainer - INFO - Training with chaotic dynamics monitoring...
2026-02-23 16:03:05,013 - chaotic_trainer - INFO - Starting training from epoch 0 for 100 more epochs...
2026-02-23 16:03:05,553 - chaotic_trainer - ERROR - Failed to train chaotic_chua_full_chaotic_run_0: Unsupported system type for RK4: chua. Use _integrate_mackey_glass for mackey_glass system.
2026-02-23 16:03:05,556 - chaotic_trainer - ERROR - Traceback: Traceback (most recent call last):
  File "/scratch/project_2003370/yueyao/Model/scripts/train_chaotic.py", line 556, in train_single_experiment
    experiment.train(remaining_epochs)
  File "/scratch/project_2003370/yueyao/Model/experiments/base_experiment.py", line 652, in train
    train_metrics = self.train_epoch()
                    ^^^^^^^^^^^^^^^^^^
  File "/scratch/project_2003370/yueyao/Model/scripts/train_chaotic.py", line 533, in monitored_train_epoch
    metrics = original_train_epoch()
              ^^^^^^^^^^^^^^^^^^^^^^
  File "/scratch/project_2003370/yueyao/Model/experiments/chaotic_experiment.py", line 923, in train_epoch
    epoch_metrics = super().train_epoch()
                    ^^^^^^^^^^^^^^^^^^^^^
  File "/scratch/project_2003370/yueyao/Model/experiments/base_experiment.py", line 396, in train_epoch
    _ = self.model(audio, targets)
        ^^^^^^^^^^^^^^^^^^^^^^^^^^
  File "/usr/local/lib64/python3.12/site-packages/torch/nn/modules/module.py", line 1751, in _wrapped_call_impl
    return self._call_impl(*args, **kwargs)
           ^^^^^^^^^^^^^^^^^^^^^^^^^^^^^^^^
  File "/usr/local/lib64/python3.12/site-packages/torch/nn/modules/module.py", line 1762, in _call_impl
    return forward_call(*args, **kwargs)
           ^^^^^^^^^^^^^^^^^^^^^^^^^^^^^
  File "/scratch/project_2003370/yueyao/Model/models/chaotic_network.py", line 660, in forward
    chaotic_trajectories = self.chaotic_embedding(chaotic_features)
                           ^^^^^^^^^^^^^^^^^^^^^^^^^^^^^^^^^^^^^^^^
  File "/usr/local/lib64/python3.12/site-packages/torch/nn/modules/module.py", line 1751, in _wrapped_call_impl
    return self._call_impl(*args, **kwargs)
           ^^^^^^^^^^^^^^^^^^^^^^^^^^^^^^^^
  File "/usr/local/lib64/python3.12/site-packages/torch/nn/modules/module.py", line 1762, in _call_impl
    return forward_call(*args, **kwargs)
           ^^^^^^^^^^^^^^^^^^^^^^^^^^^^^
  File "/scratch/project_2003370/yueyao/Model/core/chaotic_embedding.py", line 545, in forward
    trajectory = self._generate_trajectory(initial_states, couplings, params)
                 ^^^^^^^^^^^^^^^^^^^^^^^^^^^^^^^^^^^^^^^^^^^^^^^^^^^^^^^^^^^^
  File "/scratch/project_2003370/yueyao/Model/core/chaotic_embedding.py", line 462, in _generate_trajectory
    state = self._runge_kutta_4(state, couplings, params)
            ^^^^^^^^^^^^^^^^^^^^^^^^^^^^^^^^^^^^^^^^^^^^^
  File "/scratch/project_2003370/yueyao/Model/core/chaotic_embedding.py", line 281, in _runge_kutta_4
    raise ValueError(f"Unsupported system type for RK4: {self.system_type}. "
ValueError: Unsupported system type for RK4: chua. Use _integrate_mackey_glass for mackey_glass system.

2026-02-23 16:03:05,559 - chaotic_trainer - INFO - Progress: 1/1 (100.0%)
2026-02-23 16:03:05,559 - chaotic_trainer - WARNING - No successful runs for chua + full_chaotic
2026-02-23 16:03:05,559 - chaotic_trainer - INFO - Analyzing chaotic training results...
2026-02-23 16:03:05,559 - chaotic_trainer - INFO - Generating comprehensive chaotic training report...
2026-02-23 16:03:05,632 - chaotic_trainer - INFO - Visualizations saved to: /scratch/project_2003370/yueyao/Model/experiments/configs/chaotic_system_comparsion/Chua/visualizations
2026-02-23 16:03:05,632 - chaotic_trainer - INFO - Reports generated:
2026-02-23 16:03:05,632 - chaotic_trainer - INFO -   Text report: /scratch/project_2003370/yueyao/Model/experiments/configs/chaotic_system_comparsion/Chua/chaotic_training_report.txt
2026-02-23 16:03:05,632 - chaotic_trainer - INFO -   JSON report: /scratch/project_2003370/yueyao/Model/experiments/configs/chaotic_system_comparsion/Chua/chaotic_training_results.json
2026-02-23 16:03:05,633 - chaotic_trainer - INFO - Chaotic training completed.
2026-02-23 16:03:05,633 - chaotic_trainer - INFO - ============================================================
2026-02-23 16:15:20,433 - chaotic_trainer - INFO - ============================================================
2026-02-23 16:15:20,433 - chaotic_trainer - INFO - CHAOTIC NEURAL NETWORKS TRAINING
2026-02-23 16:15:20,433 - chaotic_trainer - INFO - ============================================================
2026-02-23 16:15:20,433 - chaotic_trainer - INFO - Output directory: /scratch/project_2003370/yueyao/Model/experiments/configs/chaotic_system_comparsion/Chua
2026-02-23 16:15:20,433 - chaotic_trainer - INFO - Configuration: {
  "_nested": {
    "experiment": {
      "name": "base_chaotic_model",
      "description": "Model without any other loss or bifurcation",
      "version": "2.0"
    },
    "data": {
      "data_dir": "/scratch/project_2003370/yueyao/dataset/mini_librispeech/LibriSpeech/dev-clean-2",
      "train_split": 0.7,
      "val_split": 0.15,
      "test_split": 0.15,
      "num_workers": 4,
      "pin_memory": true
    },
    "audio": {
      "sample_rate": 16000,
      "max_audio_length": 3.0,
      "min_audio_length": 0.5,
      "frame_length": 400,
      "hop_length": 160,
      "normalize": true
    },
    "model": {
      "type": "full_chaotic",
      "num_speakers": 251,
      "phase_space": {
        "embedding_dim": 10,
        "delay_method": "autocorr"
      },
      "chaotic_features": {
        "mlsa": {
          "scales": 5
        },
        "rqa": {
          "radius_ratio": 0.1
        }
      },
      "chaotic_embedding": {
        "system_type": "lorenz",
        "evolution_time": 0.5,
        "time_step": 0.01,
        "lorenz": {
          "sigma": 10.0,
          "rho": 28.0,
          "beta": 2.6667
        }
      },
      "attractor_pooling": {
        "type": "comprehensive"
      },
      "speaker_embedding": {
        "dim": 256,
        "hidden_dims": [
          512,
          256,
          128
        ],
        "dropout_rate": 0.3,
        "use_batch_norm": true
      },
      "classifier": {
        "type": "cosine",
        "temperature": 30.0
      }
    },
    "optional_modules": {
      "bifurcation_control": {
        "enabled": false
      },
      "differentiable_features": {
        "enabled": true
      }
    },
    "loss": {
      "classification": {
        "type": "cross_entropy"
      },
      "stability": {
        "enabled": true,
        "weight": 0.1,
        "target_lyapunov_range": [
          0.1,
          2.0
        ],
        "trajectory_bound": 50.0,
        "collapse_threshold": 0.1,
        "diversity_weight": 0.05
      },
      "synchronization": {
        "enabled": true,
        "sync_weight": 0.01,
        "desync_weight": 0.01,
        "dynamic_warmup": true,
        "warmup_epochs": 20
      },
      "adversarial": {
        "enabled": false,
        "warmup_epochs": 5,
        "perturbation_scale": 0.1,
        "weight": 0.3
      }
    },
    "training": {
      "batch_size": 32,
      "num_epochs": 100,
      "gradient_clipping": 1.0,
      "optimizer": {
        "type": "adamw",
        "learning_rate": 0.0005,
        "weight_decay": 0.0001,
        "betas": [
          0.9,
          0.999
        ]
      },
      "scheduler": {
        "type": "cosine",
        "T_max": 100,
        "eta_min": 1e-06
      },
      "early_stopping": {
        "enabled": true,
        "patience": 30,
        "monitor": "val_accuracy",
        "mode": "max"
      },
      "checkpoint": {
        "save_best_only": true,
        "save_frequency": 10
      }
    },
    "hardware": {
      "device": "auto",
      "seed": 42
    },
    "output": {
      "base_dir": "./experiments/outputs/base_chaotic"
    }
  },
  "num_speakers": 251,
  "model_type": "full_chaotic",
  "embedding_dim": 10,
  "delay_method": "autocorr",
  "mlsa_scales": 5,
  "rqa_radius_ratio": 0.1,
  "chaotic_system": "lorenz",
  "evolution_time": 0.5,
  "time_step": 0.01,
  "coupling_strength": 1.0,
  "noise_level": 0.001,
  "pooling_type": "comprehensive",
  "speaker_embedding_dim": 256,
  "embedding_hidden_dims": [
    512,
    256,
    128
  ],
  "classifier_type": "cosine",
  "temperature": 30.0,
  "margin": 0.35,
  "batch_size": 32,
  "num_epochs": 100,
  "learning_rate": 0.0005,
  "weight_decay": 0.0001,
  "gradient_clipping": 1.0,
  "optimizer": {
    "type": "adamw",
    "params": {
      "betas": [
        0.9,
        0.999
      ],
      "eps": 1e-08,
      "weight_decay": 0.0001
    }
  },
  "scheduler": {
    "type": "cosine",
    "params": {
      "T_max": 100,
      "eta_min": 1e-06
    }
  },
  "early_stopping": {
    "patience": 30
  },
  "sample_rate": 16000,
  "max_audio_length": 3.0,
  "frame_length": 400,
  "hop_length": 160,
  "data_dir": "/scratch/project_2003370/yueyao/dataset/mini_librispeech/LibriSpeech/dev-clean-2",
  "device": "auto",
  "seed": 42,
  "loss_config": {
    "classification": {
      "type": "cross_entropy"
    },
    "stability": {
      "enabled": true,
      "weight": 0.1,
      "target_lyapunov_range": [
        0.1,
        2.0
      ],
      "trajectory_bound": 50.0,
      "collapse_threshold": 0.1,
      "diversity_weight": 0.05
    },
    "synchronization": {
      "enabled": true,
      "sync_weight": 0.01,
      "desync_weight": 0.01,
      "dynamic_warmup": true,
      "warmup_epochs": 20
    },
    "adversarial": {
      "enabled": false,
      "warmup_epochs": 5,
      "perturbation_scale": 0.1,
      "weight": 0.3
    }
  },
  "optional_modules": {
    "bifurcation_control": {
      "enabled": false
    },
    "differentiable_features": {
      "enabled": true
    }
  },
  "epochs": 100,
  "optimize_parameters": true
}
2026-02-23 16:15:20,504 - chaotic_trainer - INFO - System info: {'platform': 'Linux-4.18.0-553.74.1.el8_10.x86_64-x86_64-with-glibc2.28', 'system': 'Linux', 'node': 'g1102.mahti.csc.fi', 'release': '4.18.0-553.74.1.el8_10.x86_64', 'version': '#1 SMP Sun Sep 7 09:23:35 EDT 2025', 'machine': 'x86_64', 'processor': 'x86_64', 'python_version': '3.12.10 (main, Jun  3 2025, 21:04:06) [GCC 8.5.0 20210514 (Red Hat 8.5.0-26)]', 'python_executable': '/usr/bin/python', 'cpu_count': 256, 'total_memory': 540285169664, 'available_memory': 501322493952, 'gpu_info': {'cuda_available': True, 'cuda_version': '12.6', 'gpu_count': 1, 'gpu_names': ['NVIDIA A100-SXM4-40GB MIG 1g.5gb']}, 'package_versions': {'numpy': '1.26.4', 'scipy': '1.13.1', 'scikit-learn': 'not installed', 'librosa': '0.11.0', 'soundfile': '0.13.1', 'torch': '2.7.1+cu126', 'tensorflow': 'not installed', 'matplotlib': '3.10.3', 'pandas': '2.3.0'}, 'git_info': {'commit_hash': '1b9376c7b52fe7c8cb3d9e6e9552896e57f82a52', 'branch': 'origin', 'is_dirty': True}}
2026-02-23 16:15:20,504 - chaotic_trainer - INFO - Training 1 systems × 1 types × 1 runs...
2026-02-23 16:15:20,504 - chaotic_trainer - INFO - Systems: ['chua']
2026-02-23 16:15:20,504 - chaotic_trainer - INFO - Model types: ['full_chaotic']
2026-02-23 16:15:20,504 - chaotic_trainer - INFO - 
============================================================
2026-02-23 16:15:20,504 - chaotic_trainer - INFO - TRAINING: CHUA + FULL_CHAOTIC
2026-02-23 16:15:20,504 - chaotic_trainer - INFO - ============================================================
2026-02-23 16:15:20,504 - chaotic_trainer - INFO - Training chaotic_chua_full_chaotic_run_0...
2026-02-23 16:15:20,504 - chaotic_trainer - INFO - Optimizing parameters for chua system...
2026-02-23 16:15:20,516 - chaotic_trainer - INFO - Setting up chaotic_chua_full_chaotic_run_0...
