2025-12-01 18:28:58 - experiment3 - INFO - ======================================================================
2025-12-01 18:28:58 - experiment3 - INFO - EXPERIMENT 3: FEW-SHOT LEARNING EVALUATION
2025-12-01 18:28:58 - experiment3 - INFO - ======================================================================
2025-12-01 18:28:58 - experiment3 - INFO - Device: cuda
2025-12-01 18:28:58 - experiment3 - INFO - Samples per speaker: [1, 2, 3, 5, 10, 15, -1]
2025-12-01 18:28:58 - experiment3 - INFO - Runs per condition: 3
2025-12-01 18:28:58 - experiment3 - INFO - ======================================================================
2025-12-01 18:28:58 - experiment3 - INFO - Loading dataset...
2025-12-01 18:28:58 - experiment3 - INFO - Data dir: /scratch/project_2003370/yueyao/dataset/mini_librispeech/LibriSpeech/dev-clean-2
2025-12-01 18:28:58 - experiment3 - INFO - ======================================================================
2025-12-01 18:29:21 - experiment3 - INFO - Full train samples: 472
2025-12-01 18:29:21 - experiment3 - INFO - Val samples: 89
2025-12-01 18:29:21 - experiment3 - INFO - Test samples: 118
2025-12-01 18:29:21 - experiment3 - INFO - Number of speakers: 26
2025-12-01 18:29:21 - experiment3 - INFO - 
======================================================================
2025-12-01 18:29:21 - experiment3 - INFO - Model: MEL_MLP
2025-12-01 18:29:21 - experiment3 - INFO - ======================================================================
2025-12-01 18:29:21 - experiment3 - INFO - 
Samples per speaker: 1
2025-12-01 18:29:31 - experiment3 - INFO -   Run 1: 1 samples/speaker, total=26 samples
2025-12-01 18:30:16 - experiment3 - INFO -     Val: 50.56%, Test: 50.85%
2025-12-01 18:30:16 - experiment3 - INFO -   Run 2: 1 samples/speaker, total=26 samples
2025-12-01 18:30:47 - experiment3 - INFO -     Val: 50.56%, Test: 50.85%
2025-12-01 18:30:47 - experiment3 - INFO -   Run 3: 1 samples/speaker, total=26 samples
2025-12-01 18:31:17 - experiment3 - INFO -     Val: 59.55%, Test: 54.24%
2025-12-01 18:31:17 - experiment3 - INFO -   → Mean Test Acc: 51.98% ± 1.60%
2025-12-01 18:31:17 - experiment3 - INFO - 
Samples per speaker: 2
2025-12-01 18:31:17 - experiment3 - INFO -   Run 1: 2 samples/speaker, total=52 samples
2025-12-01 18:31:53 - experiment3 - INFO -     Val: 77.53%, Test: 73.73%
2025-12-01 18:31:54 - experiment3 - INFO -   Run 2: 2 samples/speaker, total=52 samples
2025-12-01 18:32:31 - experiment3 - INFO -     Val: 78.65%, Test: 73.73%
2025-12-01 18:32:31 - experiment3 - INFO -   Run 3: 2 samples/speaker, total=52 samples
2025-12-01 18:33:07 - experiment3 - INFO -     Val: 75.28%, Test: 73.73%
2025-12-01 18:33:07 - experiment3 - INFO -   → Mean Test Acc: 73.73% ± 0.00%
2025-12-01 18:33:07 - experiment3 - INFO - 
Samples per speaker: 3
2025-12-01 18:33:08 - experiment3 - INFO -   Run 1: 3 samples/speaker, total=78 samples
2025-12-01 18:33:51 - experiment3 - INFO -     Val: 91.01%, Test: 88.98%
2025-12-01 18:33:51 - experiment3 - INFO -   Run 2: 3 samples/speaker, total=78 samples
2025-12-01 18:34:35 - experiment3 - INFO -     Val: 91.01%, Test: 84.75%
2025-12-01 18:34:35 - experiment3 - INFO -   Run 3: 3 samples/speaker, total=78 samples
2025-12-01 18:35:19 - experiment3 - INFO -     Val: 85.39%, Test: 85.59%
2025-12-01 18:35:19 - experiment3 - INFO -   → Mean Test Acc: 86.44% ± 1.83%
2025-12-01 18:35:19 - experiment3 - INFO - 
Samples per speaker: 5
2025-12-01 18:35:19 - experiment3 - INFO -   Run 1: 5 samples/speaker, total=130 samples
2025-12-01 18:36:17 - experiment3 - INFO -     Val: 97.75%, Test: 97.46%
2025-12-01 18:36:17 - experiment3 - INFO -   Run 2: 5 samples/speaker, total=130 samples
2025-12-01 18:37:14 - experiment3 - INFO -     Val: 92.13%, Test: 96.61%
2025-12-01 18:37:14 - experiment3 - INFO -   Run 3: 5 samples/speaker, total=130 samples
2025-12-01 18:38:10 - experiment3 - INFO -     Val: 94.38%, Test: 92.37%
2025-12-01 18:38:10 - experiment3 - INFO -   → Mean Test Acc: 95.48% ± 2.22%
2025-12-01 18:38:10 - experiment3 - INFO - 
Samples per speaker: 10
2025-12-01 18:38:11 - experiment3 - INFO -   Run 1: 10 samples/speaker, total=254 samples
2025-12-01 18:39:32 - experiment3 - INFO -     Val: 97.75%, Test: 98.31%
2025-12-01 18:39:32 - experiment3 - INFO -   Run 2: 10 samples/speaker, total=254 samples
2025-12-01 18:41:00 - experiment3 - INFO -     Val: 98.88%, Test: 97.46%
2025-12-01 18:41:01 - experiment3 - INFO -   Run 3: 10 samples/speaker, total=254 samples
2025-12-01 18:42:27 - experiment3 - INFO -     Val: 98.88%, Test: 99.15%
2025-12-01 18:42:27 - experiment3 - INFO -   → Mean Test Acc: 98.31% ± 0.69%
2025-12-01 18:42:27 - experiment3 - INFO - 
Samples per speaker: 15
2025-12-01 18:42:27 - experiment3 - INFO -   Run 1: 15 samples/speaker, total=360 samples
2025-12-01 18:44:16 - experiment3 - INFO -     Val: 98.88%, Test: 100.00%
2025-12-01 18:44:16 - experiment3 - INFO -   Run 2: 15 samples/speaker, total=360 samples
2025-12-01 18:45:27 - experiment3 - INFO -     Val: 98.88%, Test: 94.92%
2025-12-01 18:45:27 - experiment3 - INFO -   Run 3: 15 samples/speaker, total=360 samples
2025-12-01 18:46:42 - experiment3 - INFO -     Val: 97.75%, Test: 97.46%
2025-12-01 18:46:42 - experiment3 - INFO -   → Mean Test Acc: 97.46% ± 2.08%
2025-12-01 18:46:42 - experiment3 - INFO - 
Samples per speaker: all
2025-12-01 18:46:42 - experiment3 - INFO -   Run 1: all samples/speaker, total=472 samples
2025-12-01 18:48:30 - experiment3 - INFO -     Val: 100.00%, Test: 98.31%
2025-12-01 18:48:30 - experiment3 - INFO -   Run 2: all samples/speaker, total=472 samples
2025-12-01 18:50:36 - experiment3 - INFO -     Val: 100.00%, Test: 97.46%
2025-12-01 18:50:36 - experiment3 - INFO -   Run 3: all samples/speaker, total=472 samples
2025-12-01 18:52:28 - experiment3 - INFO -     Val: 100.00%, Test: 98.31%
2025-12-01 18:52:28 - experiment3 - INFO -   → Mean Test Acc: 98.02% ± 0.40%
2025-12-01 18:52:28 - experiment3 - INFO - 
======================================================================
2025-12-01 18:52:28 - experiment3 - INFO - Model: MFCC_MLP
2025-12-01 18:52:28 - experiment3 - INFO - ======================================================================
2025-12-01 18:52:28 - experiment3 - INFO - 
Samples per speaker: 1
2025-12-01 18:52:28 - experiment3 - INFO -   Run 1: 1 samples/speaker, total=26 samples
2025-12-01 18:52:57 - experiment3 - INFO -     Val: 51.69%, Test: 44.07%
2025-12-01 18:52:57 - experiment3 - INFO -   Run 2: 1 samples/speaker, total=26 samples
2025-12-01 18:53:26 - experiment3 - INFO -     Val: 50.56%, Test: 50.85%
2025-12-01 18:53:26 - experiment3 - INFO -   Run 3: 1 samples/speaker, total=26 samples
2025-12-01 18:53:56 - experiment3 - INFO -     Val: 59.55%, Test: 54.24%
2025-12-01 18:53:56 - experiment3 - INFO -   → Mean Test Acc: 49.72% ± 4.23%
2025-12-01 18:53:56 - experiment3 - INFO - 
Samples per speaker: 2
2025-12-01 18:53:56 - experiment3 - INFO -   Run 1: 2 samples/speaker, total=52 samples
2025-12-01 18:54:33 - experiment3 - INFO -     Val: 77.53%, Test: 73.73%
2025-12-01 18:54:33 - experiment3 - INFO -   Run 2: 2 samples/speaker, total=52 samples
2025-12-01 18:55:09 - experiment3 - INFO -     Val: 78.65%, Test: 73.73%
2025-12-01 18:55:10 - experiment3 - INFO -   Run 3: 2 samples/speaker, total=52 samples
2025-12-01 18:55:46 - experiment3 - INFO -     Val: 75.28%, Test: 73.73%
2025-12-01 18:55:46 - experiment3 - INFO -   → Mean Test Acc: 73.73% ± 0.00%
2025-12-01 18:55:46 - experiment3 - INFO - 
Samples per speaker: 3
2025-12-01 18:55:46 - experiment3 - INFO -   Run 1: 3 samples/speaker, total=78 samples
2025-12-01 18:56:29 - experiment3 - INFO -     Val: 91.01%, Test: 88.98%
2025-12-01 18:56:30 - experiment3 - INFO -   Run 2: 3 samples/speaker, total=78 samples
2025-12-01 18:57:12 - experiment3 - INFO -     Val: 91.01%, Test: 84.75%
2025-12-01 18:57:12 - experiment3 - INFO -   Run 3: 3 samples/speaker, total=78 samples
2025-12-01 18:57:55 - experiment3 - INFO -     Val: 85.39%, Test: 85.59%
2025-12-01 18:57:55 - experiment3 - INFO -   → Mean Test Acc: 86.44% ± 1.83%
2025-12-01 18:57:55 - experiment3 - INFO - 
Samples per speaker: 5
2025-12-01 18:57:55 - experiment3 - INFO -   Run 1: 5 samples/speaker, total=130 samples
2025-12-01 18:58:50 - experiment3 - INFO -     Val: 97.75%, Test: 97.46%
2025-12-01 18:58:51 - experiment3 - INFO -   Run 2: 5 samples/speaker, total=130 samples
2025-12-01 18:59:46 - experiment3 - INFO -     Val: 92.13%, Test: 96.61%
2025-12-01 18:59:47 - experiment3 - INFO -   Run 3: 5 samples/speaker, total=130 samples
2025-12-01 19:00:43 - experiment3 - INFO -     Val: 94.38%, Test: 92.37%
2025-12-01 19:00:43 - experiment3 - INFO -   → Mean Test Acc: 95.48% ± 2.22%
2025-12-01 19:00:43 - experiment3 - INFO - 
Samples per speaker: 10
2025-12-01 19:00:44 - experiment3 - INFO -   Run 1: 10 samples/speaker, total=254 samples
2025-12-01 19:02:05 - experiment3 - INFO -     Val: 97.75%, Test: 98.31%
2025-12-01 19:02:05 - experiment3 - INFO -   Run 2: 10 samples/speaker, total=254 samples
2025-12-01 19:03:34 - experiment3 - INFO -     Val: 98.88%, Test: 97.46%
2025-12-01 19:03:34 - experiment3 - INFO -   Run 3: 10 samples/speaker, total=254 samples
2025-12-01 19:04:59 - experiment3 - INFO -     Val: 98.88%, Test: 99.15%
2025-12-01 19:04:59 - experiment3 - INFO -   → Mean Test Acc: 98.31% ± 0.69%
2025-12-01 19:04:59 - experiment3 - INFO - 
Samples per speaker: 15
2025-12-01 19:05:00 - experiment3 - INFO -   Run 1: 15 samples/speaker, total=360 samples
2025-12-01 19:06:48 - experiment3 - INFO -     Val: 98.88%, Test: 100.00%
2025-12-01 19:06:48 - experiment3 - INFO -   Run 2: 15 samples/speaker, total=360 samples
2025-12-01 19:07:58 - experiment3 - INFO -     Val: 98.88%, Test: 94.92%
2025-12-01 19:07:58 - experiment3 - INFO -   Run 3: 15 samples/speaker, total=360 samples
2025-12-01 19:09:01 - experiment3 - INFO -     Val: 97.75%, Test: 97.46%
2025-12-01 19:09:01 - experiment3 - INFO -   → Mean Test Acc: 97.46% ± 2.08%
2025-12-01 19:09:01 - experiment3 - INFO - 
Samples per speaker: all
2025-12-01 19:09:02 - experiment3 - INFO -   Run 1: all samples/speaker, total=472 samples
2025-12-01 19:10:49 - experiment3 - INFO -     Val: 100.00%, Test: 98.31%
2025-12-01 19:10:50 - experiment3 - INFO -   Run 2: all samples/speaker, total=472 samples
2025-12-01 19:12:53 - experiment3 - INFO -     Val: 100.00%, Test: 97.46%
2025-12-01 19:12:53 - experiment3 - INFO -   Run 3: all samples/speaker, total=472 samples
2025-12-01 19:14:44 - experiment3 - INFO -     Val: 100.00%, Test: 98.31%
2025-12-01 19:14:44 - experiment3 - INFO -   → Mean Test Acc: 98.02% ± 0.40%
2025-12-01 19:14:44 - experiment3 - INFO - 
==========================================================================================
2025-12-01 19:14:44 - experiment3 - INFO - FEW-SHOT LEARNING SUMMARY
2025-12-01 19:14:44 - experiment3 - INFO - ==========================================================================================
2025-12-01 19:14:44 - experiment3 - INFO - Model                 1          2          3          5         10         15        all
2025-12-01 19:14:44 - experiment3 - INFO - ------------------------------------------------------------------------------------------
2025-12-01 19:14:44 - experiment3 - INFO - mel_mlp       52.0±1.6   73.7±0.0   86.4±1.8   95.5±2.2   98.3±0.7   97.5±2.1   98.0±0.4 
2025-12-01 19:14:44 - experiment3 - INFO - mfcc_mlp      49.7±4.2   73.7±0.0   86.4±1.8   95.5±2.2   98.3±0.7   97.5±2.1   98.0±0.4 
2025-12-01 19:14:44 - experiment3 - INFO - ==========================================================================================
2025-12-01 19:14:44 - experiment3 - INFO - (Values show Test Accuracy % ± std)
2025-12-01 19:14:44 - experiment3 - INFO - 
Results saved to: outputs/experiment3_fewshot/fewshot_results.json
2026-01-17 11:29:51 - experiment3 - INFO - ======================================================================
2026-01-17 11:29:51 - experiment3 - INFO - Loading dataset...
2026-01-17 11:29:51 - experiment3 - INFO - Data dir: /scratch/project_2003370/yueyao/dataset/mini_librispeech/LibriSpeech/dev-clean-2
2026-01-17 11:29:51 - experiment3 - INFO - ======================================================================
2026-01-17 11:29:52 - experiment3 - INFO - Full train samples: 472
2026-01-17 11:29:52 - experiment3 - INFO - Val samples: 89
2026-01-17 11:29:52 - experiment3 - INFO - Test samples: 118
2026-01-17 11:29:52 - experiment3 - INFO - Number of speakers: 26
2026-01-17 11:29:52 - experiment3 - INFO - 
======================================================================
2026-01-17 11:29:52 - experiment3 - INFO - Model: MEL_MLP
2026-01-17 11:29:52 - experiment3 - INFO - ======================================================================
2026-01-17 11:29:52 - experiment3 - INFO - 
Samples per speaker: 1
2026-01-17 11:29:52 - experiment3 - INFO -   Run 1: 1 samples/speaker, total=26 samples
2026-01-17 11:30:25 - experiment3 - INFO -     Val: 50.56%, Test: 50.85%
2026-01-17 11:30:25 - experiment3 - INFO -   Run 2: 1 samples/speaker, total=26 samples
2026-01-17 11:30:56 - experiment3 - INFO -     Val: 50.56%, Test: 50.85%
2026-01-17 11:30:58 - experiment3 - INFO -   Run 3: 1 samples/speaker, total=26 samples
2026-01-17 11:31:27 - experiment3 - INFO -     Val: 59.55%, Test: 54.24%
2026-01-17 11:31:27 - experiment3 - INFO -   → Mean Test Acc: 51.98% ± 1.60%
2026-01-17 11:31:27 - experiment3 - INFO - 
Samples per speaker: 2
2026-01-17 11:31:28 - experiment3 - INFO -   Run 1: 2 samples/speaker, total=52 samples
2026-01-17 11:32:04 - experiment3 - INFO -     Val: 77.53%, Test: 73.73%
2026-01-17 11:32:04 - experiment3 - INFO -   Run 2: 2 samples/speaker, total=52 samples
2026-01-17 11:32:40 - experiment3 - INFO -     Val: 78.65%, Test: 73.73%
2026-01-17 11:32:41 - experiment3 - INFO -   Run 3: 2 samples/speaker, total=52 samples
2026-01-17 11:33:17 - experiment3 - INFO -     Val: 75.28%, Test: 73.73%
2026-01-17 11:33:17 - experiment3 - INFO -   → Mean Test Acc: 73.73% ± 0.00%
2026-01-17 11:33:17 - experiment3 - INFO - 
Samples per speaker: 3
2026-01-17 11:33:17 - experiment3 - INFO -   Run 1: 3 samples/speaker, total=78 samples
2026-01-17 11:34:00 - experiment3 - INFO -     Val: 91.01%, Test: 88.98%
2026-01-17 11:34:00 - experiment3 - INFO -   Run 2: 3 samples/speaker, total=78 samples
2026-01-17 11:34:44 - experiment3 - INFO -     Val: 91.01%, Test: 84.75%
2026-01-17 11:34:44 - experiment3 - INFO -   Run 3: 3 samples/speaker, total=78 samples
2026-01-17 11:35:27 - experiment3 - INFO -     Val: 85.39%, Test: 85.59%
2026-01-17 11:35:27 - experiment3 - INFO -   → Mean Test Acc: 86.44% ± 1.83%
2026-01-17 11:35:27 - experiment3 - INFO - 
Samples per speaker: 5
2026-01-17 11:35:27 - experiment3 - INFO -   Run 1: 5 samples/speaker, total=130 samples
2026-01-17 11:36:24 - experiment3 - INFO -     Val: 97.75%, Test: 97.46%
2026-01-17 11:36:24 - experiment3 - INFO -   Run 2: 5 samples/speaker, total=130 samples
2026-01-17 11:37:21 - experiment3 - INFO -     Val: 92.13%, Test: 96.61%
2026-01-17 11:37:21 - experiment3 - INFO -   Run 3: 5 samples/speaker, total=130 samples
2026-01-17 11:38:18 - experiment3 - INFO -     Val: 94.38%, Test: 92.37%
2026-01-17 11:38:18 - experiment3 - INFO -   → Mean Test Acc: 95.48% ± 2.22%
2026-01-17 11:38:18 - experiment3 - INFO - 
Samples per speaker: 10
2026-01-17 11:38:18 - experiment3 - INFO -   Run 1: 10 samples/speaker, total=254 samples
2026-01-17 11:39:40 - experiment3 - INFO -     Val: 97.75%, Test: 98.31%
2026-01-17 11:39:40 - experiment3 - INFO -   Run 2: 10 samples/speaker, total=254 samples
2026-01-17 11:41:07 - experiment3 - INFO -     Val: 98.88%, Test: 97.46%
2026-01-17 11:41:07 - experiment3 - INFO -   Run 3: 10 samples/speaker, total=254 samples
2026-01-17 11:42:31 - experiment3 - INFO -     Val: 98.88%, Test: 99.15%
2026-01-17 11:42:31 - experiment3 - INFO -   → Mean Test Acc: 98.31% ± 0.69%
2026-01-17 11:42:31 - experiment3 - INFO - 
Samples per speaker: 15
2026-01-17 11:42:32 - experiment3 - INFO -   Run 1: 15 samples/speaker, total=360 samples
2026-01-17 11:44:19 - experiment3 - INFO -     Val: 98.88%, Test: 100.00%
2026-01-17 11:44:19 - experiment3 - INFO -   Run 2: 15 samples/speaker, total=360 samples
2026-01-17 11:45:28 - experiment3 - INFO -     Val: 98.88%, Test: 94.92%
2026-01-17 11:45:28 - experiment3 - INFO -   Run 3: 15 samples/speaker, total=360 samples
2026-01-17 11:46:31 - experiment3 - INFO -     Val: 97.75%, Test: 97.46%
2026-01-17 11:46:31 - experiment3 - INFO -   → Mean Test Acc: 97.46% ± 2.08%
2026-01-17 11:46:31 - experiment3 - INFO - 
Samples per speaker: all
2026-01-17 11:46:31 - experiment3 - INFO -   Run 1: all samples/speaker, total=472 samples
2026-01-17 11:48:17 - experiment3 - INFO -     Val: 100.00%, Test: 98.31%
2026-01-17 11:48:17 - experiment3 - INFO -   Run 2: all samples/speaker, total=472 samples
2026-01-17 11:50:21 - experiment3 - INFO -     Val: 100.00%, Test: 97.46%
2026-01-17 11:50:21 - experiment3 - INFO -   Run 3: all samples/speaker, total=472 samples
2026-01-17 11:52:13 - experiment3 - INFO -     Val: 100.00%, Test: 98.31%
2026-01-17 11:52:13 - experiment3 - INFO -   → Mean Test Acc: 98.02% ± 0.40%
2026-01-17 11:52:13 - experiment3 - INFO - 
==========================================================================================
2026-01-17 11:52:13 - experiment3 - INFO - FEW-SHOT LEARNING SUMMARY
2026-01-17 11:52:13 - experiment3 - INFO - ==========================================================================================
2026-01-17 11:52:13 - experiment3 - INFO - Model                 1          2          3          5         10         15        all
2026-01-17 11:52:13 - experiment3 - INFO - ------------------------------------------------------------------------------------------
2026-01-17 11:52:13 - experiment3 - INFO - mel_mlp       52.0±1.6   73.7±0.0   86.4±1.8   95.5±2.2   98.3±0.7   97.5±2.1   98.0±0.4 
2026-01-17 11:52:13 - experiment3 - INFO - ==========================================================================================
2026-01-17 11:52:13 - experiment3 - INFO - (Values show Test Accuracy % ± std)
2026-01-17 11:52:13 - experiment3 - INFO - 
Results saved to: outputs/experiment3_fewshot/fewshot_results.json
2026-01-17 18:41:48 - experiment3 - INFO - ======================================================================
2026-01-17 18:41:48 - experiment3 - INFO - EXPERIMENT 3: FEW-SHOT LEARNING EVALUATION
2026-01-17 18:41:48 - experiment3 - INFO - ======================================================================
2026-01-17 18:41:48 - experiment3 - INFO - Device: cuda
2026-01-17 18:41:48 - experiment3 - INFO - Samples per speaker: [1, 2, 3, 5, 10, 15, -1]
2026-01-17 18:41:48 - experiment3 - INFO - Runs per condition: 3
2026-01-17 18:41:48 - experiment3 - INFO - ======================================================================
2026-01-17 18:41:48 - experiment3 - INFO - Loading dataset...
2026-01-17 18:41:48 - experiment3 - INFO - Data dir: /scratch/project_2003370/yueyao/dataset/mini_librispeech/LibriSpeech/dev-clean-2
2026-01-17 18:41:48 - experiment3 - INFO - ======================================================================
2026-01-17 18:41:48 - experiment3 - INFO - Full train samples: 472
2026-01-17 18:41:48 - experiment3 - INFO - Val samples: 89
2026-01-17 18:41:48 - experiment3 - INFO - Test samples: 118
2026-01-17 18:41:48 - experiment3 - INFO - Number of speakers: 26
2026-01-17 18:41:48 - experiment3 - INFO - 
======================================================================
2026-01-17 18:41:48 - experiment3 - INFO - Model: MEL_MLP
2026-01-17 18:41:48 - experiment3 - INFO - ======================================================================
2026-01-17 18:41:48 - experiment3 - INFO - 
Samples per speaker: 1
2026-01-17 18:41:56 - experiment3 - INFO -   Run 1: 1 samples/speaker, total=26 samples
2026-01-17 18:42:52 - experiment3 - INFO -     Val: 61.80%, Test: 55.08%
2026-01-17 18:42:53 - experiment3 - INFO -   Run 2: 1 samples/speaker, total=26 samples
2026-01-17 18:43:46 - experiment3 - INFO -     Val: 62.92%, Test: 65.25%
2026-01-17 18:43:47 - experiment3 - INFO -   Run 3: 1 samples/speaker, total=26 samples
2026-01-17 18:44:45 - experiment3 - INFO -     Val: 61.80%, Test: 62.71%
2026-01-17 18:44:45 - experiment3 - INFO -   → Mean Test Acc: 61.02% ± 4.32%
2026-01-17 18:44:45 - experiment3 - INFO - 
Samples per speaker: 2
2026-01-17 18:44:45 - experiment3 - INFO -   Run 1: 2 samples/speaker, total=52 samples
2026-01-17 18:45:48 - experiment3 - INFO -     Val: 79.78%, Test: 81.36%
2026-01-17 18:45:49 - experiment3 - INFO -   Run 2: 2 samples/speaker, total=52 samples
2026-01-17 18:46:34 - experiment3 - INFO -     Val: 86.52%, Test: 72.03%
2026-01-17 18:46:35 - experiment3 - INFO -   Run 3: 2 samples/speaker, total=52 samples
2026-01-17 18:47:48 - experiment3 - INFO -     Val: 82.02%, Test: 84.75%
2026-01-17 18:47:48 - experiment3 - INFO -   → Mean Test Acc: 79.38% ± 5.37%
2026-01-17 18:47:48 - experiment3 - INFO - 
Samples per speaker: 3
2026-01-17 18:47:49 - experiment3 - INFO -   Run 1: 3 samples/speaker, total=78 samples
2026-01-17 18:49:38 - experiment3 - INFO -     Val: 94.38%, Test: 91.53%
2026-01-17 18:49:39 - experiment3 - INFO -   Run 2: 3 samples/speaker, total=78 samples
2026-01-17 18:50:44 - experiment3 - INFO -     Val: 91.01%, Test: 88.14%
2026-01-17 18:50:45 - experiment3 - INFO -   Run 3: 3 samples/speaker, total=78 samples
2026-01-17 18:51:56 - experiment3 - INFO -     Val: 85.39%, Test: 88.98%
2026-01-17 18:51:56 - experiment3 - INFO -   → Mean Test Acc: 89.55% ± 1.44%
2026-01-17 18:51:56 - experiment3 - INFO - 
Samples per speaker: 5
2026-01-17 18:51:57 - experiment3 - INFO -   Run 1: 5 samples/speaker, total=130 samples
2026-01-17 18:53:42 - experiment3 - INFO -     Val: 98.88%, Test: 98.31%
2026-01-17 18:53:42 - experiment3 - INFO -   Run 2: 5 samples/speaker, total=130 samples
2026-01-17 18:55:29 - experiment3 - INFO -     Val: 95.51%, Test: 95.76%
2026-01-17 18:55:29 - experiment3 - INFO -   Run 3: 5 samples/speaker, total=130 samples
2026-01-17 18:56:51 - experiment3 - INFO -     Val: 94.38%, Test: 94.07%
2026-01-17 18:56:51 - experiment3 - INFO -   → Mean Test Acc: 96.05% ± 1.74%
2026-01-17 18:56:51 - experiment3 - INFO - 
Samples per speaker: 10
2026-01-17 18:56:51 - experiment3 - INFO -   Run 1: 10 samples/speaker, total=254 samples
2026-01-17 18:59:04 - experiment3 - INFO -     Val: 98.88%, Test: 97.46%
2026-01-17 18:59:04 - experiment3 - INFO -   Run 2: 10 samples/speaker, total=254 samples
2026-01-17 19:00:56 - experiment3 - INFO -     Val: 98.88%, Test: 98.31%
2026-01-17 19:00:57 - experiment3 - INFO -   Run 3: 10 samples/speaker, total=254 samples
2026-01-17 19:02:22 - experiment3 - INFO -     Val: 96.63%, Test: 97.46%
2026-01-17 19:02:22 - experiment3 - INFO -   → Mean Test Acc: 97.74% ± 0.40%
2026-01-17 19:02:22 - experiment3 - INFO - 
Samples per speaker: 15
2026-01-17 19:02:22 - experiment3 - INFO -   Run 1: 15 samples/speaker, total=360 samples
2026-01-17 19:04:15 - experiment3 - INFO -     Val: 98.88%, Test: 99.15%
2026-01-17 19:04:15 - experiment3 - INFO -   Run 2: 15 samples/speaker, total=360 samples
2026-01-17 19:06:22 - experiment3 - INFO -     Val: 98.88%, Test: 98.31%
2026-01-17 19:06:22 - experiment3 - INFO -   Run 3: 15 samples/speaker, total=360 samples
2026-01-17 19:09:01 - experiment3 - INFO -     Val: 98.88%, Test: 97.46%
2026-01-17 19:09:01 - experiment3 - INFO -   → Mean Test Acc: 98.31% ± 0.69%
2026-01-17 19:09:01 - experiment3 - INFO - 
Samples per speaker: all
2026-01-17 19:09:01 - experiment3 - INFO -   Run 1: all samples/speaker, total=472 samples
2026-01-17 19:11:53 - experiment3 - INFO -     Val: 100.00%, Test: 100.00%
2026-01-17 19:11:54 - experiment3 - INFO -   Run 2: all samples/speaker, total=472 samples
2026-01-17 19:14:31 - experiment3 - INFO -     Val: 98.88%, Test: 97.46%
2026-01-17 19:14:31 - experiment3 - INFO -   Run 3: all samples/speaker, total=472 samples
2026-01-17 19:18:44 - experiment3 - INFO -     Val: 100.00%, Test: 100.00%
2026-01-17 19:18:44 - experiment3 - INFO -   → Mean Test Acc: 99.15% ± 1.20%
2026-01-17 19:18:44 - experiment3 - INFO - 
======================================================================
2026-01-17 19:18:44 - experiment3 - INFO - Model: MFCC_MLP
2026-01-17 19:18:44 - experiment3 - INFO - ======================================================================
2026-01-17 19:18:44 - experiment3 - INFO - 
Samples per speaker: 1
2026-01-17 19:18:45 - experiment3 - INFO -   Run 1: 1 samples/speaker, total=26 samples
2026-01-17 19:19:46 - experiment3 - INFO -     Val: 53.93%, Test: 54.24%
2026-01-17 19:19:46 - experiment3 - INFO -   Run 2: 1 samples/speaker, total=26 samples
2026-01-17 19:20:51 - experiment3 - INFO -     Val: 53.93%, Test: 53.39%
2026-01-17 19:20:52 - experiment3 - INFO -   Run 3: 1 samples/speaker, total=26 samples
2026-01-17 19:21:52 - experiment3 - INFO -     Val: 60.67%, Test: 62.71%
2026-01-17 19:21:52 - experiment3 - INFO -   → Mean Test Acc: 56.78% ± 4.21%
2026-01-17 19:21:52 - experiment3 - INFO - 
Samples per speaker: 2
2026-01-17 19:21:52 - experiment3 - INFO -   Run 1: 2 samples/speaker, total=52 samples
2026-01-17 19:23:09 - experiment3 - INFO -     Val: 77.53%, Test: 80.51%
2026-01-17 19:23:09 - experiment3 - INFO -   Run 2: 2 samples/speaker, total=52 samples
2026-01-17 19:24:09 - experiment3 - INFO -     Val: 85.39%, Test: 77.97%
2026-01-17 19:24:09 - experiment3 - INFO -   Run 3: 2 samples/speaker, total=52 samples
2026-01-17 19:24:57 - experiment3 - INFO -     Val: 83.15%, Test: 81.36%
2026-01-17 19:24:57 - experiment3 - INFO -   → Mean Test Acc: 79.94% ± 1.44%
2026-01-17 19:24:57 - experiment3 - INFO - 
Samples per speaker: 3
2026-01-17 19:24:57 - experiment3 - INFO -   Run 1: 3 samples/speaker, total=78 samples
2026-01-17 19:25:37 - experiment3 - INFO -     Val: 89.89%, Test: 80.51%
2026-01-17 19:25:37 - experiment3 - INFO -   Run 2: 3 samples/speaker, total=78 samples
2026-01-17 19:26:18 - experiment3 - INFO -     Val: 85.39%, Test: 83.90%
2026-01-17 19:26:18 - experiment3 - INFO -   Run 3: 3 samples/speaker, total=78 samples
2026-01-17 19:27:08 - experiment3 - INFO -     Val: 80.90%, Test: 85.59%
2026-01-17 19:27:08 - experiment3 - INFO -   → Mean Test Acc: 83.33% ± 2.11%
2026-01-17 19:27:08 - experiment3 - INFO - 
Samples per speaker: 5
2026-01-17 19:27:08 - experiment3 - INFO -   Run 1: 5 samples/speaker, total=130 samples
2026-01-17 19:28:18 - experiment3 - INFO -     Val: 98.88%, Test: 98.31%
2026-01-17 19:28:18 - experiment3 - INFO -   Run 2: 5 samples/speaker, total=130 samples
2026-01-17 19:29:18 - experiment3 - INFO -     Val: 96.63%, Test: 93.22%
2026-01-17 19:29:18 - experiment3 - INFO -   Run 3: 5 samples/speaker, total=130 samples
2026-01-17 19:30:03 - experiment3 - INFO -     Val: 94.38%, Test: 89.83%
2026-01-17 19:30:03 - experiment3 - INFO -   → Mean Test Acc: 93.79% ± 3.48%
2026-01-17 19:30:03 - experiment3 - INFO - 
Samples per speaker: 10
2026-01-17 19:30:03 - experiment3 - INFO -   Run 1: 10 samples/speaker, total=254 samples
2026-01-17 19:31:28 - experiment3 - INFO -     Val: 98.88%, Test: 98.31%
2026-01-17 19:31:29 - experiment3 - INFO -   Run 2: 10 samples/speaker, total=254 samples
2026-01-17 19:32:49 - experiment3 - INFO -     Val: 98.88%, Test: 98.31%
2026-01-17 19:32:50 - experiment3 - INFO -   Run 3: 10 samples/speaker, total=254 samples
2026-01-17 19:34:04 - experiment3 - INFO -     Val: 98.88%, Test: 97.46%
2026-01-17 19:34:04 - experiment3 - INFO -   → Mean Test Acc: 98.02% ± 0.40%
2026-01-17 19:34:04 - experiment3 - INFO - 
Samples per speaker: 15
2026-01-17 19:34:04 - experiment3 - INFO -   Run 1: 15 samples/speaker, total=360 samples
2026-01-17 19:35:44 - experiment3 - INFO -     Val: 100.00%, Test: 99.15%
2026-01-17 19:35:45 - experiment3 - INFO -   Run 2: 15 samples/speaker, total=360 samples
2026-01-17 19:37:19 - experiment3 - INFO -     Val: 100.00%, Test: 100.00%
2026-01-17 19:37:20 - experiment3 - INFO -   Run 3: 15 samples/speaker, total=360 samples
2026-01-17 19:38:58 - experiment3 - INFO -     Val: 100.00%, Test: 100.00%
2026-01-17 19:38:58 - experiment3 - INFO -   → Mean Test Acc: 99.72% ± 0.40%
2026-01-17 19:38:58 - experiment3 - INFO - 
Samples per speaker: all
2026-01-17 19:38:58 - experiment3 - INFO -   Run 1: all samples/speaker, total=472 samples
2026-01-17 19:40:42 - experiment3 - INFO -     Val: 100.00%, Test: 98.31%
2026-01-17 19:40:42 - experiment3 - INFO -   Run 2: all samples/speaker, total=472 samples
2026-01-17 19:42:15 - experiment3 - INFO -     Val: 100.00%, Test: 100.00%
2026-01-17 19:42:15 - experiment3 - INFO -   Run 3: all samples/speaker, total=472 samples
2026-01-17 19:43:54 - experiment3 - INFO -     Val: 100.00%, Test: 100.00%
2026-01-17 19:43:54 - experiment3 - INFO -   → Mean Test Acc: 99.44% ± 0.80%
2026-01-17 19:43:54 - experiment3 - INFO - 
==========================================================================================
2026-01-17 19:43:54 - experiment3 - INFO - FEW-SHOT LEARNING SUMMARY
2026-01-17 19:43:54 - experiment3 - INFO - ==========================================================================================
2026-01-17 19:43:54 - experiment3 - INFO - Model                 1          2          3          5         10         15        all
2026-01-17 19:43:54 - experiment3 - INFO - ------------------------------------------------------------------------------------------
2026-01-17 19:43:54 - experiment3 - INFO - mel_mlp       61.0±4.3   79.4±5.4   89.5±1.4   96.0±1.7   97.7±0.4   98.3±0.7   99.2±1.2 
2026-01-17 19:43:54 - experiment3 - INFO - mfcc_mlp      56.8±4.2   79.9±1.4   83.3±2.1   93.8±3.5   98.0±0.4   99.7±0.4   99.4±0.8 
2026-01-17 19:43:54 - experiment3 - INFO - ==========================================================================================
2026-01-17 19:43:54 - experiment3 - INFO - (Values show Test Accuracy % ± std)
2026-01-17 19:43:54 - experiment3 - INFO - 
Results saved to: outputs/experiment3_fewshot/fewshot_results.json
