2026-02-23 09:55:59,839 - experiment_chaotic_chua_full_chaotic_run_0 - INFO - Initialized experiment: chaotic_chua_full_chaotic_run_0
2026-02-23 09:55:59,839 - experiment_chaotic_chua_full_chaotic_run_0 - INFO - Device: cuda
2026-02-23 09:55:59,840 - experiment_chaotic_chua_full_chaotic_run_0 - INFO - Output directory: /scratch/project_2003370/yueyao/Model/experiments/configs/chaotic_system_comparsion/Chua/experiments/chaotic_chua_full_chaotic_run_0
2026-02-23 09:55:59,840 - experiment_chaotic_chua_full_chaotic_run_0 - INFO - Initialized chaotic network experiment with chua system
2026-02-23 09:55:59,840 - experiment_chaotic_chua_full_chaotic_run_0 - INFO - Setting up experiment components...
2026-02-23 09:55:59,840 - experiment_chaotic_chua_full_chaotic_run_0 - INFO - Creating dataloaders...
2026-02-23 09:56:00,226 - experiment_chaotic_chua_full_chaotic_run_0 - INFO - Detected 26 speakers in dataset
2026-02-23 09:56:00,226 - experiment_chaotic_chua_full_chaotic_run_0 - INFO - Dataloaders created:
2026-02-23 09:56:00,226 - experiment_chaotic_chua_full_chaotic_run_0 - INFO -   Train: 14 batches
2026-02-23 09:56:00,226 - experiment_chaotic_chua_full_chaotic_run_0 - INFO -   Val: 3 batches
2026-02-23 09:56:00,226 - experiment_chaotic_chua_full_chaotic_run_0 - INFO -   Test: 4 batches
2026-02-23 09:56:00,226 - experiment_chaotic_chua_full_chaotic_run_0 - INFO - Creating model...
2026-02-23 09:56:00,226 - experiment_chaotic_chua_full_chaotic_run_0 - INFO - Using actual num_speakers from dataset: 26
2026-02-23 10:09:09,722 - experiment_chaotic_chua_full_chaotic_run_0 - INFO - Initialized experiment: chaotic_chua_full_chaotic_run_0
2026-02-23 10:09:09,722 - experiment_chaotic_chua_full_chaotic_run_0 - INFO - Device: cuda
2026-02-23 10:09:09,722 - experiment_chaotic_chua_full_chaotic_run_0 - INFO - Output directory: /scratch/project_2003370/yueyao/Model/experiments/configs/chaotic_system_comparsion/Chua/experiments/chaotic_chua_full_chaotic_run_0
2026-02-23 10:09:09,723 - experiment_chaotic_chua_full_chaotic_run_0 - INFO - [SYNC LOSS] Enabled with mode: standard
2026-02-23 10:09:09,723 - experiment_chaotic_chua_full_chaotic_run_0 - INFO - [SYNC LOSS] Warmup epochs: 20
2026-02-23 10:09:09,723 - experiment_chaotic_chua_full_chaotic_run_0 - INFO - Initialized chaotic network experiment with chua system
2026-02-23 10:09:09,724 - experiment_chaotic_chua_full_chaotic_run_0 - INFO - Setting up experiment components...
2026-02-23 10:09:09,724 - experiment_chaotic_chua_full_chaotic_run_0 - INFO - Creating dataloaders...
2026-02-23 10:09:10,110 - experiment_chaotic_chua_full_chaotic_run_0 - INFO - Detected 26 speakers in dataset
2026-02-23 10:09:10,110 - experiment_chaotic_chua_full_chaotic_run_0 - INFO - Dataloaders created:
2026-02-23 10:09:10,110 - experiment_chaotic_chua_full_chaotic_run_0 - INFO -   Train: 14 batches
2026-02-23 10:09:10,110 - experiment_chaotic_chua_full_chaotic_run_0 - INFO -   Val: 3 batches
2026-02-23 10:09:10,111 - experiment_chaotic_chua_full_chaotic_run_0 - INFO -   Test: 4 batches
2026-02-23 10:09:10,111 - experiment_chaotic_chua_full_chaotic_run_0 - INFO - Creating model...
2026-02-23 10:09:10,111 - experiment_chaotic_chua_full_chaotic_run_0 - INFO - Using actual num_speakers from dataset: 26
2026-02-23 10:10:16,731 - experiment_chaotic_chua_full_chaotic_run_0 - INFO - Total parameters: 584,959
2026-02-23 10:10:16,731 - experiment_chaotic_chua_full_chaotic_run_0 - INFO - Trainable parameters: 584,959
2026-02-23 10:10:16,731 - experiment_chaotic_chua_full_chaotic_run_0 - INFO - Creating optimizer...
2026-02-23 10:10:17,865 - experiment_chaotic_chua_full_chaotic_run_0 - INFO - Optimizer: AdamW
2026-02-23 10:10:17,865 - experiment_chaotic_chua_full_chaotic_run_0 - INFO - Creating scheduler...
2026-02-23 10:10:17,865 - experiment_chaotic_chua_full_chaotic_run_0 - INFO - Scheduler: CosineAnnealingLR
2026-02-23 10:10:17,865 - experiment_chaotic_chua_full_chaotic_run_0 - INFO - Creating criterion...
2026-02-23 10:10:17,865 - experiment_chaotic_chua_full_chaotic_run_0 - INFO - Criterion: CrossEntropyLoss
2026-02-23 10:10:17,939 - experiment_chaotic_chua_full_chaotic_run_0 - INFO - Configuration saved to: /scratch/project_2003370/yueyao/Model/experiments/configs/chaotic_system_comparsion/Chua/experiments/chaotic_chua_full_chaotic_run_0/config.json
2026-02-23 10:10:17,939 - experiment_chaotic_chua_full_chaotic_run_0 - INFO - Experiment setup completed
2026-02-23 10:10:17,940 - experiment_chaotic_chua_full_chaotic_run_0 - INFO - Starting training for 100 epochs
2026-02-23 10:10:18,078 - experiment_chaotic_chua_full_chaotic_run_0 - INFO - 
================================================================================
2026-02-23 10:10:18,079 - experiment_chaotic_chua_full_chaotic_run_0 - INFO - COMPREHENSIVE DEBUG - FIRST BATCH
2026-02-23 10:10:18,079 - experiment_chaotic_chua_full_chaotic_run_0 - INFO - ================================================================================
2026-02-23 10:10:18,079 - experiment_chaotic_chua_full_chaotic_run_0 - INFO - Batch Info:
2026-02-23 10:10:18,079 - experiment_chaotic_chua_full_chaotic_run_0 - INFO -   Audio shape: torch.Size([32, 48000])
2026-02-23 10:10:18,079 - experiment_chaotic_chua_full_chaotic_run_0 - INFO -   Targets shape: torch.Size([32])
2026-02-23 10:10:18,083 - experiment_chaotic_chua_full_chaotic_run_0 - INFO -   Targets (first 8): tensor([23, 10, 24, 14,  5, 17,  8,  0], device='cuda:0')
2026-02-23 10:10:18,461 - experiment_chaotic_chua_full_chaotic_run_0 - ERROR - Training failed with error: Unsupported system type for RK4: chua. Use _integrate_mackey_glass for mackey_glass system.
2026-02-23 16:01:54,337 - experiment_chaotic_chua_full_chaotic_run_0 - INFO - Initialized experiment: chaotic_chua_full_chaotic_run_0
2026-02-23 16:01:54,350 - experiment_chaotic_chua_full_chaotic_run_0 - INFO - Device: cuda
2026-02-23 16:01:54,350 - experiment_chaotic_chua_full_chaotic_run_0 - INFO - Output directory: /scratch/project_2003370/yueyao/Model/experiments/configs/chaotic_system_comparsion/Chua/experiments/chaotic_chua_full_chaotic_run_0
2026-02-23 16:01:54,362 - experiment_chaotic_chua_full_chaotic_run_0 - INFO - [SYNC LOSS] Enabled with mode: standard
2026-02-23 16:01:54,362 - experiment_chaotic_chua_full_chaotic_run_0 - INFO - [SYNC LOSS] Warmup epochs: 20
2026-02-23 16:01:54,362 - experiment_chaotic_chua_full_chaotic_run_0 - INFO - Initialized chaotic network experiment with chua system
2026-02-23 16:01:54,362 - experiment_chaotic_chua_full_chaotic_run_0 - INFO - Setting up experiment components...
2026-02-23 16:01:54,362 - experiment_chaotic_chua_full_chaotic_run_0 - INFO - Creating dataloaders...
2026-02-23 16:01:58,031 - experiment_chaotic_chua_full_chaotic_run_0 - INFO - Detected 26 speakers in dataset
2026-02-23 16:01:58,031 - experiment_chaotic_chua_full_chaotic_run_0 - INFO - Dataloaders created:
2026-02-23 16:01:58,031 - experiment_chaotic_chua_full_chaotic_run_0 - INFO -   Train: 14 batches
2026-02-23 16:01:58,031 - experiment_chaotic_chua_full_chaotic_run_0 - INFO -   Val: 3 batches
2026-02-23 16:01:58,031 - experiment_chaotic_chua_full_chaotic_run_0 - INFO -   Test: 4 batches
2026-02-23 16:01:58,031 - experiment_chaotic_chua_full_chaotic_run_0 - INFO - Creating model...
2026-02-23 16:01:58,031 - experiment_chaotic_chua_full_chaotic_run_0 - INFO - Using actual num_speakers from dataset: 26
2026-02-23 16:03:03,812 - experiment_chaotic_chua_full_chaotic_run_0 - INFO - Total parameters: 584,959
2026-02-23 16:03:03,813 - experiment_chaotic_chua_full_chaotic_run_0 - INFO - Trainable parameters: 584,959
2026-02-23 16:03:03,813 - experiment_chaotic_chua_full_chaotic_run_0 - INFO - Creating optimizer...
2026-02-23 16:03:04,939 - experiment_chaotic_chua_full_chaotic_run_0 - INFO - Optimizer: AdamW
2026-02-23 16:03:04,939 - experiment_chaotic_chua_full_chaotic_run_0 - INFO - Creating scheduler...
2026-02-23 16:03:04,939 - experiment_chaotic_chua_full_chaotic_run_0 - INFO - Scheduler: CosineAnnealingLR
2026-02-23 16:03:04,939 - experiment_chaotic_chua_full_chaotic_run_0 - INFO - Creating criterion...
2026-02-23 16:03:04,939 - experiment_chaotic_chua_full_chaotic_run_0 - INFO - Criterion: CrossEntropyLoss
2026-02-23 16:03:05,013 - experiment_chaotic_chua_full_chaotic_run_0 - INFO - Configuration saved to: /scratch/project_2003370/yueyao/Model/experiments/configs/chaotic_system_comparsion/Chua/experiments/chaotic_chua_full_chaotic_run_0/config.json
2026-02-23 16:03:05,013 - experiment_chaotic_chua_full_chaotic_run_0 - INFO - Experiment setup completed
2026-02-23 16:03:05,014 - experiment_chaotic_chua_full_chaotic_run_0 - INFO - Starting training for 100 epochs
2026-02-23 16:03:05,172 - experiment_chaotic_chua_full_chaotic_run_0 - INFO - 
================================================================================
2026-02-23 16:03:05,172 - experiment_chaotic_chua_full_chaotic_run_0 - INFO - COMPREHENSIVE DEBUG - FIRST BATCH
2026-02-23 16:03:05,172 - experiment_chaotic_chua_full_chaotic_run_0 - INFO - ================================================================================
2026-02-23 16:03:05,172 - experiment_chaotic_chua_full_chaotic_run_0 - INFO - Batch Info:
2026-02-23 16:03:05,172 - experiment_chaotic_chua_full_chaotic_run_0 - INFO -   Audio shape: torch.Size([32, 48000])
2026-02-23 16:03:05,172 - experiment_chaotic_chua_full_chaotic_run_0 - INFO -   Targets shape: torch.Size([32])
2026-02-23 16:03:05,176 - experiment_chaotic_chua_full_chaotic_run_0 - INFO -   Targets (first 8): tensor([23, 10, 24, 14,  5, 17,  8,  0], device='cuda:0')
2026-02-23 16:03:05,551 - experiment_chaotic_chua_full_chaotic_run_0 - ERROR - Training failed with error: Unsupported system type for RK4: chua. Use _integrate_mackey_glass for mackey_glass system.
2026-02-23 16:15:20,514 - experiment_chaotic_chua_full_chaotic_run_0 - INFO - Initialized experiment: chaotic_chua_full_chaotic_run_0
2026-02-23 16:15:20,514 - experiment_chaotic_chua_full_chaotic_run_0 - INFO - Device: cuda
2026-02-23 16:15:20,514 - experiment_chaotic_chua_full_chaotic_run_0 - INFO - Output directory: /scratch/project_2003370/yueyao/Model/experiments/configs/chaotic_system_comparsion/Chua/experiments/chaotic_chua_full_chaotic_run_0
2026-02-23 16:15:20,516 - experiment_chaotic_chua_full_chaotic_run_0 - INFO - [SYNC LOSS] Enabled with mode: standard
2026-02-23 16:15:20,516 - experiment_chaotic_chua_full_chaotic_run_0 - INFO - [SYNC LOSS] Warmup epochs: 20
2026-02-23 16:15:20,516 - experiment_chaotic_chua_full_chaotic_run_0 - INFO - Initialized chaotic network experiment with chua system
2026-02-23 16:15:20,516 - experiment_chaotic_chua_full_chaotic_run_0 - INFO - Setting up experiment components...
2026-02-23 16:15:20,516 - experiment_chaotic_chua_full_chaotic_run_0 - INFO - Creating dataloaders...
2026-02-23 16:15:20,916 - experiment_chaotic_chua_full_chaotic_run_0 - INFO - Detected 26 speakers in dataset
2026-02-23 16:15:20,917 - experiment_chaotic_chua_full_chaotic_run_0 - INFO - Dataloaders created:
2026-02-23 16:15:20,917 - experiment_chaotic_chua_full_chaotic_run_0 - INFO -   Train: 14 batches
2026-02-23 16:15:20,917 - experiment_chaotic_chua_full_chaotic_run_0 - INFO -   Val: 3 batches
2026-02-23 16:15:20,917 - experiment_chaotic_chua_full_chaotic_run_0 - INFO -   Test: 4 batches
2026-02-23 16:15:20,917 - experiment_chaotic_chua_full_chaotic_run_0 - INFO - Creating model...
2026-02-23 16:15:20,917 - experiment_chaotic_chua_full_chaotic_run_0 - INFO - Using actual num_speakers from dataset: 26
2026-02-23 16:16:26,743 - experiment_chaotic_chua_full_chaotic_run_0 - INFO - Total parameters: 520,511
2026-02-23 16:16:26,743 - experiment_chaotic_chua_full_chaotic_run_0 - INFO - Trainable parameters: 520,511
2026-02-23 16:16:26,743 - experiment_chaotic_chua_full_chaotic_run_0 - INFO - Creating optimizer...
2026-02-23 16:16:27,860 - experiment_chaotic_chua_full_chaotic_run_0 - INFO - Optimizer: AdamW
2026-02-23 16:16:27,860 - experiment_chaotic_chua_full_chaotic_run_0 - INFO - Creating scheduler...
2026-02-23 16:16:27,860 - experiment_chaotic_chua_full_chaotic_run_0 - INFO - Scheduler: CosineAnnealingLR
2026-02-23 16:16:27,860 - experiment_chaotic_chua_full_chaotic_run_0 - INFO - Creating criterion...
2026-02-23 16:16:27,860 - experiment_chaotic_chua_full_chaotic_run_0 - INFO - Criterion: CrossEntropyLoss
2026-02-23 16:16:27,931 - experiment_chaotic_chua_full_chaotic_run_0 - INFO - Configuration saved to: /scratch/project_2003370/yueyao/Model/experiments/configs/chaotic_system_comparsion/Chua/experiments/chaotic_chua_full_chaotic_run_0/config.json
2026-02-23 16:16:27,931 - experiment_chaotic_chua_full_chaotic_run_0 - INFO - Experiment setup completed
2026-02-23 16:16:27,932 - experiment_chaotic_chua_full_chaotic_run_0 - INFO - Starting training for 100 epochs
2026-02-23 16:16:28,099 - experiment_chaotic_chua_full_chaotic_run_0 - INFO - 
================================================================================
2026-02-23 16:16:28,099 - experiment_chaotic_chua_full_chaotic_run_0 - INFO - COMPREHENSIVE DEBUG - FIRST BATCH
2026-02-23 16:16:28,099 - experiment_chaotic_chua_full_chaotic_run_0 - INFO - ================================================================================
2026-02-23 16:16:28,099 - experiment_chaotic_chua_full_chaotic_run_0 - INFO - Batch Info:
2026-02-23 16:16:28,099 - experiment_chaotic_chua_full_chaotic_run_0 - INFO -   Audio shape: torch.Size([32, 48000])
2026-02-23 16:16:28,100 - experiment_chaotic_chua_full_chaotic_run_0 - INFO -   Targets shape: torch.Size([32])
2026-02-23 16:16:28,105 - experiment_chaotic_chua_full_chaotic_run_0 - INFO -   Targets (first 8): tensor([24, 16, 12, 13,  9,  3, 12,  1], device='cuda:0')
2026-02-23 16:16:28,720 - experiment_chaotic_chua_full_chaotic_run_0 - INFO - ================================================================================

2026-02-23 16:16:28,891 - experiment_chaotic_chua_full_chaotic_run_0 - INFO - [STABILITY] Initialized LyapunovStabilityLoss
2026-02-23 16:16:28,897 - experiment_chaotic_chua_full_chaotic_run_0 - DEBUG - [STABILITY] lyap=-0.010, max_norm=1.1, min_std=0.154
2026-02-23 16:16:29,628 - experiment_chaotic_chua_full_chaotic_run_0 - INFO - Train Epoch 0: [0/472 (0.0%)]	Loss: 4.863389
2026-02-23 16:16:34,688 - experiment_chaotic_chua_full_chaotic_run_0 - INFO - [SYNC DEBUG] Epoch 0: sync_weight=0.01, desync_weight=0.01, loss_sync=0.000000
2026-02-23 16:16:36,256 - experiment_chaotic_chua_full_chaotic_run_0 - INFO - Epoch 0: Train Loss: 4.2756, Train Acc: 0.0469, Val Loss: 4.4087, Val Acc: 0.0449
2026-02-23 16:16:36,322 - experiment_chaotic_chua_full_chaotic_run_0 - INFO - Saved new best model at epoch 0
2026-02-23 16:16:37,051 - experiment_chaotic_chua_full_chaotic_run_0 - INFO - Train Epoch 1: [0/472 (0.0%)]	Loss: 4.016617
2026-02-23 16:16:42,225 - experiment_chaotic_chua_full_chaotic_run_0 - INFO - [SYNC DEBUG] Epoch 1: sync_weight=0.01, desync_weight=0.01, loss_sync=0.000000
2026-02-23 16:16:43,814 - experiment_chaotic_chua_full_chaotic_run_0 - INFO - Epoch 1: Train Loss: 3.3714, Train Acc: 0.1406, Val Loss: 3.8962, Val Acc: 0.0449
2026-02-23 16:16:44,447 - experiment_chaotic_chua_full_chaotic_run_0 - INFO - Train Epoch 2: [0/472 (0.0%)]	Loss: 2.108635
2026-02-23 16:16:49,485 - experiment_chaotic_chua_full_chaotic_run_0 - INFO - [SYNC DEBUG] Epoch 2: sync_weight=0.01, desync_weight=0.01, loss_sync=0.000000
2026-02-23 16:16:51,079 - experiment_chaotic_chua_full_chaotic_run_0 - INFO - Epoch 2: Train Loss: 2.4999, Train Acc: 0.2857, Val Loss: 4.3335, Val Acc: 0.0449
2026-02-23 16:16:51,734 - experiment_chaotic_chua_full_chaotic_run_0 - INFO - Train Epoch 3: [0/472 (0.0%)]	Loss: 2.588975
2026-02-23 16:16:56,921 - experiment_chaotic_chua_full_chaotic_run_0 - INFO - [SYNC DEBUG] Epoch 3: sync_weight=0.01, desync_weight=0.01, loss_sync=0.000000
2026-02-23 16:16:58,521 - experiment_chaotic_chua_full_chaotic_run_0 - INFO - Epoch 3: Train Loss: 2.0770, Train Acc: 0.3728, Val Loss: 4.0914, Val Acc: 0.0449
2026-02-23 16:16:59,162 - experiment_chaotic_chua_full_chaotic_run_0 - INFO - Train Epoch 4: [0/472 (0.0%)]	Loss: 1.683658
2026-02-23 16:17:04,319 - experiment_chaotic_chua_full_chaotic_run_0 - INFO - [SYNC DEBUG] Epoch 4: sync_weight=0.01, desync_weight=0.01, loss_sync=0.000000
2026-02-23 16:17:05,937 - experiment_chaotic_chua_full_chaotic_run_0 - INFO - Epoch 4: Train Loss: 1.6068, Train Acc: 0.4933, Val Loss: 5.9960, Val Acc: 0.0449
2026-02-23 16:17:06,577 - experiment_chaotic_chua_full_chaotic_run_0 - INFO - Train Epoch 5: [0/472 (0.0%)]	Loss: 1.588604
2026-02-23 16:17:11,886 - experiment_chaotic_chua_full_chaotic_run_0 - INFO - [SYNC DEBUG] Epoch 5: sync_weight=0.01, desync_weight=0.01, loss_sync=0.000000
2026-02-23 16:17:13,494 - experiment_chaotic_chua_full_chaotic_run_0 - INFO - Epoch 5: Train Loss: 1.3418, Train Acc: 0.5938, Val Loss: 5.6736, Val Acc: 0.0449
2026-02-23 16:17:14,144 - experiment_chaotic_chua_full_chaotic_run_0 - INFO - Train Epoch 6: [0/472 (0.0%)]	Loss: 1.128058
2026-02-23 16:17:19,176 - experiment_chaotic_chua_full_chaotic_run_0 - INFO - [SYNC DEBUG] Epoch 6: sync_weight=0.01, desync_weight=0.01, loss_sync=0.000000
2026-02-23 16:17:20,776 - experiment_chaotic_chua_full_chaotic_run_0 - INFO - Epoch 6: Train Loss: 1.2037, Train Acc: 0.6161, Val Loss: 7.0875, Val Acc: 0.0449
2026-02-23 16:17:21,418 - experiment_chaotic_chua_full_chaotic_run_0 - INFO - Train Epoch 7: [0/472 (0.0%)]	Loss: 1.141273
2026-02-23 16:17:21,950 - experiment_chaotic_chua_full_chaotic_run_0 - DEBUG - [STABILITY] lyap=-0.005, max_norm=12.8, min_std=2.149
2026-02-23 16:17:26,487 - experiment_chaotic_chua_full_chaotic_run_0 - INFO - [SYNC DEBUG] Epoch 7: sync_weight=0.01, desync_weight=0.01, loss_sync=0.000000
2026-02-23 16:17:28,088 - experiment_chaotic_chua_full_chaotic_run_0 - INFO - Epoch 7: Train Loss: 1.0040, Train Acc: 0.6897, Val Loss: 7.3879, Val Acc: 0.0449
2026-02-23 16:17:28,723 - experiment_chaotic_chua_full_chaotic_run_0 - INFO - Train Epoch 8: [0/472 (0.0%)]	Loss: 0.791485
2026-02-23 16:17:33,754 - experiment_chaotic_chua_full_chaotic_run_0 - INFO - [SYNC DEBUG] Epoch 8: sync_weight=0.01, desync_weight=0.01, loss_sync=0.000000
2026-02-23 16:17:35,330 - experiment_chaotic_chua_full_chaotic_run_0 - INFO - Epoch 8: Train Loss: 0.8768, Train Acc: 0.7054, Val Loss: 5.6981, Val Acc: 0.0449
2026-02-23 16:17:35,332 - experiment_chaotic_chua_full_chaotic_run_0 - INFO - [SYNC LOSS] Dynamic activation triggered at epoch 9
2026-02-23 16:17:35,332 - experiment_chaotic_chua_full_chaotic_run_0 - INFO - [SYNC LOSS] Train accuracy 70.54% >= threshold 70.00%
2026-02-23 16:17:35,965 - experiment_chaotic_chua_full_chaotic_run_0 - INFO - Train Epoch 9: [0/472 (0.0%)]	Loss: 0.640732
2026-02-23 16:17:41,039 - experiment_chaotic_chua_full_chaotic_run_0 - INFO - [SYNC DEBUG] Epoch 9: sync_weight=0.01, desync_weight=0.01, loss_sync=0.049816
2026-02-23 16:17:42,610 - experiment_chaotic_chua_full_chaotic_run_0 - INFO - Epoch 9: Train Loss: 0.7559, Train Acc: 0.7723, Val Loss: 5.3623, Val Acc: 0.0562
2026-02-23 16:17:42,684 - experiment_chaotic_chua_full_chaotic_run_0 - INFO - Saved new best model at epoch 9
2026-02-23 16:17:43,358 - experiment_chaotic_chua_full_chaotic_run_0 - INFO - Train Epoch 10: [0/472 (0.0%)]	Loss: 0.671230
2026-02-23 16:17:48,407 - experiment_chaotic_chua_full_chaotic_run_0 - INFO - [SYNC DEBUG] Epoch 10: sync_weight=0.01, desync_weight=0.01, loss_sync=0.049944
2026-02-23 16:17:49,996 - experiment_chaotic_chua_full_chaotic_run_0 - INFO - Epoch 10: Train Loss: 0.7250, Train Acc: 0.7768, Val Loss: 4.6577, Val Acc: 0.0562
2026-02-23 16:17:50,695 - experiment_chaotic_chua_full_chaotic_run_0 - INFO - Train Epoch 11: [0/472 (0.0%)]	Loss: 0.506990
2026-02-23 16:17:55,766 - experiment_chaotic_chua_full_chaotic_run_0 - INFO - [SYNC DEBUG] Epoch 11: sync_weight=0.01, desync_weight=0.01, loss_sync=0.049903
2026-02-23 16:17:57,355 - experiment_chaotic_chua_full_chaotic_run_0 - INFO - Epoch 11: Train Loss: 0.6264, Train Acc: 0.8237, Val Loss: 4.8194, Val Acc: 0.0787
2026-02-23 16:17:57,427 - experiment_chaotic_chua_full_chaotic_run_0 - INFO - Saved new best model at epoch 11
2026-02-23 16:17:58,091 - experiment_chaotic_chua_full_chaotic_run_0 - INFO - Train Epoch 12: [0/472 (0.0%)]	Loss: 0.683447
2026-02-23 16:18:03,172 - experiment_chaotic_chua_full_chaotic_run_0 - INFO - [SYNC DEBUG] Epoch 12: sync_weight=0.01, desync_weight=0.01, loss_sync=0.049853
2026-02-23 16:18:04,769 - experiment_chaotic_chua_full_chaotic_run_0 - INFO - Epoch 12: Train Loss: 0.6103, Train Acc: 0.8304, Val Loss: 3.6174, Val Acc: 0.2247
2026-02-23 16:18:04,839 - experiment_chaotic_chua_full_chaotic_run_0 - INFO - Saved new best model at epoch 12
2026-02-23 16:18:05,501 - experiment_chaotic_chua_full_chaotic_run_0 - INFO - Train Epoch 13: [0/472 (0.0%)]	Loss: 0.463178
2026-02-23 16:18:10,528 - experiment_chaotic_chua_full_chaotic_run_0 - INFO - [SYNC DEBUG] Epoch 13: sync_weight=0.01, desync_weight=0.01, loss_sync=0.049973
2026-02-23 16:18:12,119 - experiment_chaotic_chua_full_chaotic_run_0 - INFO - Epoch 13: Train Loss: 0.5740, Train Acc: 0.8482, Val Loss: 3.8422, Val Acc: 0.2022
2026-02-23 16:18:12,774 - experiment_chaotic_chua_full_chaotic_run_0 - INFO - Train Epoch 14: [0/472 (0.0%)]	Loss: 0.405801
2026-02-23 16:18:14,049 - experiment_chaotic_chua_full_chaotic_run_0 - DEBUG - [STABILITY] lyap=-0.004, max_norm=11.8, min_std=2.081
2026-02-23 16:18:17,836 - experiment_chaotic_chua_full_chaotic_run_0 - INFO - [SYNC DEBUG] Epoch 14: sync_weight=0.01, desync_weight=0.01, loss_sync=0.049937
2026-02-23 16:18:19,442 - experiment_chaotic_chua_full_chaotic_run_0 - INFO - Epoch 14: Train Loss: 0.4945, Train Acc: 0.8594, Val Loss: 4.8416, Val Acc: 0.1685
2026-02-23 16:18:20,082 - experiment_chaotic_chua_full_chaotic_run_0 - INFO - Train Epoch 15: [0/472 (0.0%)]	Loss: 0.313729
2026-02-23 16:18:25,119 - experiment_chaotic_chua_full_chaotic_run_0 - INFO - [SYNC DEBUG] Epoch 15: sync_weight=0.01, desync_weight=0.01, loss_sync=0.050011
2026-02-23 16:18:26,727 - experiment_chaotic_chua_full_chaotic_run_0 - INFO - Epoch 15: Train Loss: 0.4410, Train Acc: 0.8951, Val Loss: 5.7154, Val Acc: 0.0787
2026-02-23 16:18:27,383 - experiment_chaotic_chua_full_chaotic_run_0 - INFO - Train Epoch 16: [0/472 (0.0%)]	Loss: 0.684473
2026-02-23 16:18:32,487 - experiment_chaotic_chua_full_chaotic_run_0 - INFO - [SYNC DEBUG] Epoch 16: sync_weight=0.01, desync_weight=0.01, loss_sync=0.049923
2026-02-23 16:18:34,112 - experiment_chaotic_chua_full_chaotic_run_0 - INFO - Epoch 16: Train Loss: 0.4413, Train Acc: 0.8862, Val Loss: 6.2635, Val Acc: 0.1236
2026-02-23 16:18:34,778 - experiment_chaotic_chua_full_chaotic_run_0 - INFO - Train Epoch 17: [0/472 (0.0%)]	Loss: 0.449847
2026-02-23 16:18:39,923 - experiment_chaotic_chua_full_chaotic_run_0 - INFO - [SYNC DEBUG] Epoch 17: sync_weight=0.01, desync_weight=0.01, loss_sync=0.049954
2026-02-23 16:18:41,562 - experiment_chaotic_chua_full_chaotic_run_0 - INFO - Epoch 17: Train Loss: 0.4728, Train Acc: 0.8594, Val Loss: 5.8520, Val Acc: 0.0899
2026-02-23 16:18:42,216 - experiment_chaotic_chua_full_chaotic_run_0 - INFO - Train Epoch 18: [0/472 (0.0%)]	Loss: 0.338964
2026-02-23 16:18:47,409 - experiment_chaotic_chua_full_chaotic_run_0 - INFO - [SYNC DEBUG] Epoch 18: sync_weight=0.01, desync_weight=0.01, loss_sync=0.049920
2026-02-23 16:18:49,038 - experiment_chaotic_chua_full_chaotic_run_0 - INFO - Epoch 18: Train Loss: 0.3347, Train Acc: 0.9219, Val Loss: 4.7175, Val Acc: 0.1236
2026-02-23 16:18:49,686 - experiment_chaotic_chua_full_chaotic_run_0 - INFO - Train Epoch 19: [0/472 (0.0%)]	Loss: 0.237125
2026-02-23 16:18:54,792 - experiment_chaotic_chua_full_chaotic_run_0 - INFO - [SYNC DEBUG] Epoch 19: sync_weight=0.01, desync_weight=0.01, loss_sync=0.049948
2026-02-23 16:18:56,405 - experiment_chaotic_chua_full_chaotic_run_0 - INFO - Epoch 19: Train Loss: 0.3069, Train Acc: 0.9263, Val Loss: 3.4108, Val Acc: 0.2472
2026-02-23 16:18:56,474 - experiment_chaotic_chua_full_chaotic_run_0 - INFO - Saved new best model at epoch 19
2026-02-23 16:18:57,161 - experiment_chaotic_chua_full_chaotic_run_0 - INFO - Train Epoch 20: [0/472 (0.0%)]	Loss: 0.588518
2026-02-23 16:19:02,215 - experiment_chaotic_chua_full_chaotic_run_0 - INFO - [SYNC DEBUG] Epoch 20: sync_weight=0.01, desync_weight=0.01, loss_sync=0.049814
2026-02-23 16:19:03,836 - experiment_chaotic_chua_full_chaotic_run_0 - INFO - Epoch 20: Train Loss: 0.3392, Train Acc: 0.9330, Val Loss: 6.3466, Val Acc: 0.0449
2026-02-23 16:19:04,558 - experiment_chaotic_chua_full_chaotic_run_0 - INFO - Train Epoch 21: [0/472 (0.0%)]	Loss: 0.175714
2026-02-23 16:19:06,587 - experiment_chaotic_chua_full_chaotic_run_0 - DEBUG - [STABILITY] lyap=-0.007, max_norm=13.1, min_std=2.231
2026-02-23 16:19:09,708 - experiment_chaotic_chua_full_chaotic_run_0 - INFO - [SYNC DEBUG] Epoch 21: sync_weight=0.01, desync_weight=0.01, loss_sync=0.049973
2026-02-23 16:19:11,318 - experiment_chaotic_chua_full_chaotic_run_0 - INFO - Epoch 21: Train Loss: 0.3279, Train Acc: 0.9174, Val Loss: 7.2705, Val Acc: 0.0449
2026-02-23 16:19:11,954 - experiment_chaotic_chua_full_chaotic_run_0 - INFO - Train Epoch 22: [0/472 (0.0%)]	Loss: 0.212595
2026-02-23 16:19:17,033 - experiment_chaotic_chua_full_chaotic_run_0 - INFO - [SYNC DEBUG] Epoch 22: sync_weight=0.01, desync_weight=0.01, loss_sync=0.049929
2026-02-23 16:19:18,666 - experiment_chaotic_chua_full_chaotic_run_0 - INFO - Epoch 22: Train Loss: 0.2969, Train Acc: 0.9241, Val Loss: 5.2585, Val Acc: 0.1011
2026-02-23 16:19:19,312 - experiment_chaotic_chua_full_chaotic_run_0 - INFO - Train Epoch 23: [0/472 (0.0%)]	Loss: 0.702457
2026-02-23 16:19:24,352 - experiment_chaotic_chua_full_chaotic_run_0 - INFO - [SYNC DEBUG] Epoch 23: sync_weight=0.01, desync_weight=0.01, loss_sync=0.050039
2026-02-23 16:19:25,967 - experiment_chaotic_chua_full_chaotic_run_0 - INFO - Epoch 23: Train Loss: 0.3303, Train Acc: 0.9152, Val Loss: 4.2269, Val Acc: 0.2022
2026-02-23 16:19:26,617 - experiment_chaotic_chua_full_chaotic_run_0 - INFO - Train Epoch 24: [0/472 (0.0%)]	Loss: 0.243282
2026-02-23 16:19:31,723 - experiment_chaotic_chua_full_chaotic_run_0 - INFO - [SYNC DEBUG] Epoch 24: sync_weight=0.01, desync_weight=0.01, loss_sync=0.049942
2026-02-23 16:19:33,351 - experiment_chaotic_chua_full_chaotic_run_0 - INFO - Epoch 24: Train Loss: 0.2908, Train Acc: 0.9286, Val Loss: 4.2774, Val Acc: 0.2697
2026-02-23 16:19:33,423 - experiment_chaotic_chua_full_chaotic_run_0 - INFO - Saved new best model at epoch 24
2026-02-23 16:19:34,099 - experiment_chaotic_chua_full_chaotic_run_0 - INFO - Train Epoch 25: [0/472 (0.0%)]	Loss: 0.234830
2026-02-23 16:19:39,225 - experiment_chaotic_chua_full_chaotic_run_0 - INFO - [SYNC DEBUG] Epoch 25: sync_weight=0.01, desync_weight=0.01, loss_sync=0.049921
2026-02-23 16:19:40,838 - experiment_chaotic_chua_full_chaotic_run_0 - INFO - Epoch 25: Train Loss: 0.2513, Train Acc: 0.9397, Val Loss: 4.8691, Val Acc: 0.1573
2026-02-23 16:19:41,478 - experiment_chaotic_chua_full_chaotic_run_0 - INFO - Train Epoch 26: [0/472 (0.0%)]	Loss: 0.192780
2026-02-23 16:19:46,645 - experiment_chaotic_chua_full_chaotic_run_0 - INFO - [SYNC DEBUG] Epoch 26: sync_weight=0.01, desync_weight=0.01, loss_sync=0.049957
2026-02-23 16:19:48,271 - experiment_chaotic_chua_full_chaotic_run_0 - INFO - Epoch 26: Train Loss: 0.2631, Train Acc: 0.9464, Val Loss: 4.7884, Val Acc: 0.1573
2026-02-23 16:19:48,933 - experiment_chaotic_chua_full_chaotic_run_0 - INFO - Train Epoch 27: [0/472 (0.0%)]	Loss: 0.319518
2026-02-23 16:19:54,012 - experiment_chaotic_chua_full_chaotic_run_0 - INFO - [SYNC DEBUG] Epoch 27: sync_weight=0.01, desync_weight=0.01, loss_sync=0.049903
2026-02-23 16:19:55,642 - experiment_chaotic_chua_full_chaotic_run_0 - INFO - Epoch 27: Train Loss: 0.2592, Train Acc: 0.9353, Val Loss: 6.2137, Val Acc: 0.1348
2026-02-23 16:19:56,295 - experiment_chaotic_chua_full_chaotic_run_0 - INFO - Train Epoch 28: [0/472 (0.0%)]	Loss: 0.180963
2026-02-23 16:19:59,075 - experiment_chaotic_chua_full_chaotic_run_0 - DEBUG - [STABILITY] lyap=-0.007, max_norm=13.3, min_std=2.252
2026-02-23 16:20:01,384 - experiment_chaotic_chua_full_chaotic_run_0 - INFO - [SYNC DEBUG] Epoch 28: sync_weight=0.01, desync_weight=0.01, loss_sync=0.049952
2026-02-23 16:20:02,995 - experiment_chaotic_chua_full_chaotic_run_0 - INFO - Epoch 28: Train Loss: 0.2021, Train Acc: 0.9531, Val Loss: 5.2076, Val Acc: 0.1573
2026-02-23 16:20:03,669 - experiment_chaotic_chua_full_chaotic_run_0 - INFO - Train Epoch 29: [0/472 (0.0%)]	Loss: 0.287832
2026-02-23 16:20:08,725 - experiment_chaotic_chua_full_chaotic_run_0 - INFO - [SYNC DEBUG] Epoch 29: sync_weight=0.01, desync_weight=0.01, loss_sync=0.049930
2026-02-23 16:20:10,349 - experiment_chaotic_chua_full_chaotic_run_0 - INFO - Epoch 29: Train Loss: 0.1993, Train Acc: 0.9531, Val Loss: 3.1804, Val Acc: 0.2360
2026-02-23 16:20:11,006 - experiment_chaotic_chua_full_chaotic_run_0 - INFO - Train Epoch 30: [0/472 (0.0%)]	Loss: 0.277329
2026-02-23 16:20:16,090 - experiment_chaotic_chua_full_chaotic_run_0 - INFO - [SYNC DEBUG] Epoch 30: sync_weight=0.01, desync_weight=0.01, loss_sync=0.049976
2026-02-23 16:20:17,705 - experiment_chaotic_chua_full_chaotic_run_0 - INFO - Epoch 30: Train Loss: 0.2178, Train Acc: 0.9397, Val Loss: 5.3819, Val Acc: 0.2360
2026-02-23 16:20:18,413 - experiment_chaotic_chua_full_chaotic_run_0 - INFO - Train Epoch 31: [0/472 (0.0%)]	Loss: 0.134410
2026-02-23 16:20:23,800 - experiment_chaotic_chua_full_chaotic_run_0 - INFO - [SYNC DEBUG] Epoch 31: sync_weight=0.01, desync_weight=0.01, loss_sync=0.049966
2026-02-23 16:20:25,419 - experiment_chaotic_chua_full_chaotic_run_0 - INFO - Epoch 31: Train Loss: 0.2077, Train Acc: 0.9509, Val Loss: 3.5773, Val Acc: 0.3258
2026-02-23 16:20:25,491 - experiment_chaotic_chua_full_chaotic_run_0 - INFO - Saved new best model at epoch 31
2026-02-23 16:20:26,163 - experiment_chaotic_chua_full_chaotic_run_0 - INFO - Train Epoch 32: [0/472 (0.0%)]	Loss: 0.138727
2026-02-23 16:20:31,299 - experiment_chaotic_chua_full_chaotic_run_0 - INFO - [SYNC DEBUG] Epoch 32: sync_weight=0.01, desync_weight=0.01, loss_sync=0.049969
2026-02-23 16:20:32,910 - experiment_chaotic_chua_full_chaotic_run_0 - INFO - Epoch 32: Train Loss: 0.2005, Train Acc: 0.9598, Val Loss: 4.9588, Val Acc: 0.1124
2026-02-23 16:20:33,551 - experiment_chaotic_chua_full_chaotic_run_0 - INFO - Train Epoch 33: [0/472 (0.0%)]	Loss: 0.214792
2026-02-23 16:20:38,637 - experiment_chaotic_chua_full_chaotic_run_0 - INFO - [SYNC DEBUG] Epoch 33: sync_weight=0.01, desync_weight=0.01, loss_sync=0.049967
2026-02-23 16:20:40,288 - experiment_chaotic_chua_full_chaotic_run_0 - INFO - Epoch 33: Train Loss: 0.1945, Train Acc: 0.9487, Val Loss: 3.3686, Val Acc: 0.3483
2026-02-23 16:20:40,355 - experiment_chaotic_chua_full_chaotic_run_0 - INFO - Saved new best model at epoch 33
2026-02-23 16:20:41,068 - experiment_chaotic_chua_full_chaotic_run_0 - INFO - Train Epoch 34: [0/472 (0.0%)]	Loss: 0.123136
2026-02-23 16:20:46,119 - experiment_chaotic_chua_full_chaotic_run_0 - INFO - [SYNC DEBUG] Epoch 34: sync_weight=0.01, desync_weight=0.01, loss_sync=0.049877
2026-02-23 16:20:47,746 - experiment_chaotic_chua_full_chaotic_run_0 - INFO - Epoch 34: Train Loss: 0.1694, Train Acc: 0.9688, Val Loss: 7.4866, Val Acc: 0.0449
2026-02-23 16:20:48,406 - experiment_chaotic_chua_full_chaotic_run_0 - INFO - Train Epoch 35: [0/472 (0.0%)]	Loss: 0.112835
2026-02-23 16:20:51,928 - experiment_chaotic_chua_full_chaotic_run_0 - DEBUG - [STABILITY] lyap=-0.007, max_norm=13.3, min_std=2.255
2026-02-23 16:20:53,505 - experiment_chaotic_chua_full_chaotic_run_0 - INFO - [SYNC DEBUG] Epoch 35: sync_weight=0.01, desync_weight=0.01, loss_sync=0.049958
2026-02-23 16:20:55,134 - experiment_chaotic_chua_full_chaotic_run_0 - INFO - Epoch 35: Train Loss: 0.2021, Train Acc: 0.9598, Val Loss: 5.6818, Val Acc: 0.0674
2026-02-23 16:20:55,779 - experiment_chaotic_chua_full_chaotic_run_0 - INFO - Train Epoch 36: [0/472 (0.0%)]	Loss: 0.099189
2026-02-23 16:21:00,870 - experiment_chaotic_chua_full_chaotic_run_0 - INFO - [SYNC DEBUG] Epoch 36: sync_weight=0.01, desync_weight=0.01, loss_sync=0.049920
2026-02-23 16:21:02,490 - experiment_chaotic_chua_full_chaotic_run_0 - INFO - Epoch 36: Train Loss: 0.1692, Train Acc: 0.9643, Val Loss: 5.1955, Val Acc: 0.1348
2026-02-23 16:21:03,142 - experiment_chaotic_chua_full_chaotic_run_0 - INFO - Train Epoch 37: [0/472 (0.0%)]	Loss: 0.230720
2026-02-23 16:21:08,279 - experiment_chaotic_chua_full_chaotic_run_0 - INFO - [SYNC DEBUG] Epoch 37: sync_weight=0.01, desync_weight=0.01, loss_sync=0.049888
2026-02-23 16:21:09,917 - experiment_chaotic_chua_full_chaotic_run_0 - INFO - Epoch 37: Train Loss: 0.2411, Train Acc: 0.9442, Val Loss: 4.7392, Val Acc: 0.1573
2026-02-23 16:21:10,564 - experiment_chaotic_chua_full_chaotic_run_0 - INFO - Train Epoch 38: [0/472 (0.0%)]	Loss: 0.214858
2026-02-23 16:21:15,629 - experiment_chaotic_chua_full_chaotic_run_0 - INFO - [SYNC DEBUG] Epoch 38: sync_weight=0.01, desync_weight=0.01, loss_sync=0.049927
2026-02-23 16:21:17,256 - experiment_chaotic_chua_full_chaotic_run_0 - INFO - Epoch 38: Train Loss: 0.2225, Train Acc: 0.9375, Val Loss: 4.0297, Val Acc: 0.1573
2026-02-23 16:21:17,898 - experiment_chaotic_chua_full_chaotic_run_0 - INFO - Train Epoch 39: [0/472 (0.0%)]	Loss: 0.283261
2026-02-23 16:21:22,968 - experiment_chaotic_chua_full_chaotic_run_0 - INFO - [SYNC DEBUG] Epoch 39: sync_weight=0.01, desync_weight=0.01, loss_sync=0.049956
2026-02-23 16:21:24,608 - experiment_chaotic_chua_full_chaotic_run_0 - INFO - Epoch 39: Train Loss: 0.1873, Train Acc: 0.9531, Val Loss: 3.5632, Val Acc: 0.2697
2026-02-23 16:21:25,280 - experiment_chaotic_chua_full_chaotic_run_0 - INFO - Train Epoch 40: [0/472 (0.0%)]	Loss: 0.153265
2026-02-23 16:21:30,370 - experiment_chaotic_chua_full_chaotic_run_0 - INFO - [SYNC DEBUG] Epoch 40: sync_weight=0.01, desync_weight=0.01, loss_sync=0.049943
2026-02-23 16:21:31,988 - experiment_chaotic_chua_full_chaotic_run_0 - INFO - Epoch 40: Train Loss: 0.1786, Train Acc: 0.9643, Val Loss: 3.4805, Val Acc: 0.3146
2026-02-23 16:21:32,705 - experiment_chaotic_chua_full_chaotic_run_0 - INFO - Train Epoch 41: [0/472 (0.0%)]	Loss: 0.118347
2026-02-23 16:21:37,828 - experiment_chaotic_chua_full_chaotic_run_0 - INFO - [SYNC DEBUG] Epoch 41: sync_weight=0.01, desync_weight=0.01, loss_sync=0.049948
2026-02-23 16:21:39,434 - experiment_chaotic_chua_full_chaotic_run_0 - INFO - Epoch 41: Train Loss: 0.1422, Train Acc: 0.9777, Val Loss: 4.5662, Val Acc: 0.1348
2026-02-23 16:21:40,076 - experiment_chaotic_chua_full_chaotic_run_0 - INFO - Train Epoch 42: [0/472 (0.0%)]	Loss: 0.099765
2026-02-23 16:21:44,327 - experiment_chaotic_chua_full_chaotic_run_0 - DEBUG - [STABILITY] lyap=-0.007, max_norm=13.4, min_std=2.276
2026-02-23 16:21:45,152 - experiment_chaotic_chua_full_chaotic_run_0 - INFO - [SYNC DEBUG] Epoch 42: sync_weight=0.01, desync_weight=0.01, loss_sync=0.050002
2026-02-23 16:21:46,760 - experiment_chaotic_chua_full_chaotic_run_0 - INFO - Epoch 42: Train Loss: 0.1320, Train Acc: 0.9799, Val Loss: 4.0828, Val Acc: 0.2135
2026-02-23 16:21:47,415 - experiment_chaotic_chua_full_chaotic_run_0 - INFO - Train Epoch 43: [0/472 (0.0%)]	Loss: 0.144471
2026-02-23 16:21:52,478 - experiment_chaotic_chua_full_chaotic_run_0 - INFO - [SYNC DEBUG] Epoch 43: sync_weight=0.01, desync_weight=0.01, loss_sync=0.049907
2026-02-23 16:21:54,108 - experiment_chaotic_chua_full_chaotic_run_0 - INFO - Epoch 43: Train Loss: 0.1296, Train Acc: 0.9821, Val Loss: 3.2759, Val Acc: 0.3034
2026-02-23 16:21:54,755 - experiment_chaotic_chua_full_chaotic_run_0 - INFO - Train Epoch 44: [0/472 (0.0%)]	Loss: 0.100924
2026-02-23 16:21:59,821 - experiment_chaotic_chua_full_chaotic_run_0 - INFO - [SYNC DEBUG] Epoch 44: sync_weight=0.01, desync_weight=0.01, loss_sync=0.049978
2026-02-23 16:22:01,451 - experiment_chaotic_chua_full_chaotic_run_0 - INFO - Epoch 44: Train Loss: 0.1308, Train Acc: 0.9754, Val Loss: 5.8882, Val Acc: 0.1124
2026-02-23 16:22:02,117 - experiment_chaotic_chua_full_chaotic_run_0 - INFO - Train Epoch 45: [0/472 (0.0%)]	Loss: 0.077952
2026-02-23 16:22:07,195 - experiment_chaotic_chua_full_chaotic_run_0 - INFO - [SYNC DEBUG] Epoch 45: sync_weight=0.01, desync_weight=0.01, loss_sync=0.049962
2026-02-23 16:22:08,825 - experiment_chaotic_chua_full_chaotic_run_0 - INFO - Epoch 45: Train Loss: 0.1282, Train Acc: 0.9777, Val Loss: 11.1159, Val Acc: 0.0449
2026-02-23 16:22:09,488 - experiment_chaotic_chua_full_chaotic_run_0 - INFO - Train Epoch 46: [0/472 (0.0%)]	Loss: 0.092605
2026-02-23 16:22:14,576 - experiment_chaotic_chua_full_chaotic_run_0 - INFO - [SYNC DEBUG] Epoch 46: sync_weight=0.01, desync_weight=0.01, loss_sync=0.049903
2026-02-23 16:22:16,196 - experiment_chaotic_chua_full_chaotic_run_0 - INFO - Epoch 46: Train Loss: 0.1142, Train Acc: 0.9844, Val Loss: 10.5951, Val Acc: 0.0449
2026-02-23 16:22:16,845 - experiment_chaotic_chua_full_chaotic_run_0 - INFO - Train Epoch 47: [0/472 (0.0%)]	Loss: 0.079246
2026-02-23 16:22:21,904 - experiment_chaotic_chua_full_chaotic_run_0 - INFO - [SYNC DEBUG] Epoch 47: sync_weight=0.01, desync_weight=0.01, loss_sync=0.049857
2026-02-23 16:22:23,514 - experiment_chaotic_chua_full_chaotic_run_0 - INFO - Epoch 47: Train Loss: 0.1300, Train Acc: 0.9844, Val Loss: 9.1681, Val Acc: 0.0899
2026-02-23 16:22:24,170 - experiment_chaotic_chua_full_chaotic_run_0 - INFO - Train Epoch 48: [0/472 (0.0%)]	Loss: 0.127410
2026-02-23 16:22:29,270 - experiment_chaotic_chua_full_chaotic_run_0 - INFO - [SYNC DEBUG] Epoch 48: sync_weight=0.01, desync_weight=0.01, loss_sync=0.049921
2026-02-23 16:22:30,885 - experiment_chaotic_chua_full_chaotic_run_0 - INFO - Epoch 48: Train Loss: 0.1217, Train Acc: 0.9799, Val Loss: 6.5679, Val Acc: 0.1798
2026-02-23 16:22:31,536 - experiment_chaotic_chua_full_chaotic_run_0 - INFO - Train Epoch 49: [0/472 (0.0%)]	Loss: 0.150799
2026-02-23 16:22:36,620 - experiment_chaotic_chua_full_chaotic_run_0 - INFO - [SYNC DEBUG] Epoch 49: sync_weight=0.01, desync_weight=0.01, loss_sync=0.050015
2026-02-23 16:22:38,243 - experiment_chaotic_chua_full_chaotic_run_0 - INFO - Epoch 49: Train Loss: 0.0904, Train Acc: 0.9933, Val Loss: 4.2023, Val Acc: 0.3371
2026-02-23 16:22:38,682 - experiment_chaotic_chua_full_chaotic_run_0 - DEBUG - [STABILITY] lyap=-0.007, max_norm=12.9, min_std=2.214
2026-02-23 16:22:38,896 - experiment_chaotic_chua_full_chaotic_run_0 - INFO - Train Epoch 50: [0/472 (0.0%)]	Loss: 0.093547
2026-02-23 16:22:43,940 - experiment_chaotic_chua_full_chaotic_run_0 - INFO - [SYNC DEBUG] Epoch 50: sync_weight=0.01, desync_weight=0.01, loss_sync=0.049928
2026-02-23 16:22:45,554 - experiment_chaotic_chua_full_chaotic_run_0 - INFO - Epoch 50: Train Loss: 0.0974, Train Acc: 0.9888, Val Loss: 5.5250, Val Acc: 0.1910
2026-02-23 16:22:46,292 - experiment_chaotic_chua_full_chaotic_run_0 - INFO - Train Epoch 51: [0/472 (0.0%)]	Loss: 0.103483
2026-02-23 16:22:51,425 - experiment_chaotic_chua_full_chaotic_run_0 - INFO - [SYNC DEBUG] Epoch 51: sync_weight=0.01, desync_weight=0.01, loss_sync=0.049959
2026-02-23 16:22:53,033 - experiment_chaotic_chua_full_chaotic_run_0 - INFO - Epoch 51: Train Loss: 0.1172, Train Acc: 0.9821, Val Loss: 6.3229, Val Acc: 0.1348
2026-02-23 16:22:53,675 - experiment_chaotic_chua_full_chaotic_run_0 - INFO - Train Epoch 52: [0/472 (0.0%)]	Loss: 0.142645
2026-02-23 16:22:58,794 - experiment_chaotic_chua_full_chaotic_run_0 - INFO - [SYNC DEBUG] Epoch 52: sync_weight=0.01, desync_weight=0.01, loss_sync=0.049950
2026-02-23 16:23:00,393 - experiment_chaotic_chua_full_chaotic_run_0 - INFO - Epoch 52: Train Loss: 0.1240, Train Acc: 0.9754, Val Loss: 4.9698, Val Acc: 0.2247
2026-02-23 16:23:01,036 - experiment_chaotic_chua_full_chaotic_run_0 - INFO - Train Epoch 53: [0/472 (0.0%)]	Loss: 0.069527
2026-02-23 16:23:06,391 - experiment_chaotic_chua_full_chaotic_run_0 - INFO - [SYNC DEBUG] Epoch 53: sync_weight=0.01, desync_weight=0.01, loss_sync=0.049915
2026-02-23 16:23:08,006 - experiment_chaotic_chua_full_chaotic_run_0 - INFO - Epoch 53: Train Loss: 0.0973, Train Acc: 0.9888, Val Loss: 7.3797, Val Acc: 0.1798
2026-02-23 16:23:08,664 - experiment_chaotic_chua_full_chaotic_run_0 - INFO - Train Epoch 54: [0/472 (0.0%)]	Loss: 0.069982
2026-02-23 16:23:13,766 - experiment_chaotic_chua_full_chaotic_run_0 - INFO - [SYNC DEBUG] Epoch 54: sync_weight=0.01, desync_weight=0.01, loss_sync=0.049927
2026-02-23 16:23:15,368 - experiment_chaotic_chua_full_chaotic_run_0 - INFO - Epoch 54: Train Loss: 0.1080, Train Acc: 0.9799, Val Loss: 0.5349, Val Acc: 0.8427
2026-02-23 16:23:15,445 - experiment_chaotic_chua_full_chaotic_run_0 - INFO - Saved new best model at epoch 54
2026-02-23 16:23:16,130 - experiment_chaotic_chua_full_chaotic_run_0 - INFO - Train Epoch 55: [0/472 (0.0%)]	Loss: 0.169728
2026-02-23 16:23:21,223 - experiment_chaotic_chua_full_chaotic_run_0 - INFO - [SYNC DEBUG] Epoch 55: sync_weight=0.01, desync_weight=0.01, loss_sync=0.049948
2026-02-23 16:23:22,865 - experiment_chaotic_chua_full_chaotic_run_0 - INFO - Epoch 55: Train Loss: 0.1256, Train Acc: 0.9754, Val Loss: 1.6603, Val Acc: 0.6180
2026-02-23 16:23:23,521 - experiment_chaotic_chua_full_chaotic_run_0 - INFO - Train Epoch 56: [0/472 (0.0%)]	Loss: 0.136845
2026-02-23 16:23:28,610 - experiment_chaotic_chua_full_chaotic_run_0 - INFO - [SYNC DEBUG] Epoch 56: sync_weight=0.01, desync_weight=0.01, loss_sync=0.049932
2026-02-23 16:23:30,240 - experiment_chaotic_chua_full_chaotic_run_0 - INFO - Epoch 56: Train Loss: 0.1124, Train Acc: 0.9844, Val Loss: 1.6558, Val Acc: 0.6067
2026-02-23 16:23:30,878 - experiment_chaotic_chua_full_chaotic_run_0 - INFO - Train Epoch 57: [0/472 (0.0%)]	Loss: 0.205942
2026-02-23 16:23:31,463 - experiment_chaotic_chua_full_chaotic_run_0 - DEBUG - [STABILITY] lyap=-0.006, max_norm=12.8, min_std=2.210
2026-02-23 16:23:36,047 - experiment_chaotic_chua_full_chaotic_run_0 - INFO - [SYNC DEBUG] Epoch 57: sync_weight=0.01, desync_weight=0.01, loss_sync=0.049897
2026-02-23 16:23:37,666 - experiment_chaotic_chua_full_chaotic_run_0 - INFO - Epoch 57: Train Loss: 0.1096, Train Acc: 0.9888, Val Loss: 2.9141, Val Acc: 0.4944
2026-02-23 16:23:38,311 - experiment_chaotic_chua_full_chaotic_run_0 - INFO - Train Epoch 58: [0/472 (0.0%)]	Loss: 0.064616
2026-02-23 16:23:43,453 - experiment_chaotic_chua_full_chaotic_run_0 - INFO - [SYNC DEBUG] Epoch 58: sync_weight=0.01, desync_weight=0.01, loss_sync=0.049922
2026-02-23 16:23:45,050 - experiment_chaotic_chua_full_chaotic_run_0 - INFO - Epoch 58: Train Loss: 0.1186, Train Acc: 0.9821, Val Loss: 1.7965, Val Acc: 0.5955
2026-02-23 16:23:45,685 - experiment_chaotic_chua_full_chaotic_run_0 - INFO - Train Epoch 59: [0/472 (0.0%)]	Loss: 0.070679
2026-02-23 16:23:50,741 - experiment_chaotic_chua_full_chaotic_run_0 - INFO - [SYNC DEBUG] Epoch 59: sync_weight=0.01, desync_weight=0.01, loss_sync=0.049938
2026-02-23 16:23:52,369 - experiment_chaotic_chua_full_chaotic_run_0 - INFO - Epoch 59: Train Loss: 0.0941, Train Acc: 0.9933, Val Loss: 4.0135, Val Acc: 0.3933
2026-02-23 16:23:53,024 - experiment_chaotic_chua_full_chaotic_run_0 - INFO - Train Epoch 60: [0/472 (0.0%)]	Loss: 0.211259
2026-02-23 16:23:58,107 - experiment_chaotic_chua_full_chaotic_run_0 - INFO - [SYNC DEBUG] Epoch 60: sync_weight=0.01, desync_weight=0.01, loss_sync=0.049952
2026-02-23 16:23:59,707 - experiment_chaotic_chua_full_chaotic_run_0 - INFO - Epoch 60: Train Loss: 0.0965, Train Acc: 0.9911, Val Loss: 0.3439, Val Acc: 0.8989
2026-02-23 16:23:59,776 - experiment_chaotic_chua_full_chaotic_run_0 - INFO - Saved new best model at epoch 60
2026-02-23 16:24:00,547 - experiment_chaotic_chua_full_chaotic_run_0 - INFO - Train Epoch 61: [0/472 (0.0%)]	Loss: 0.067228
2026-02-23 16:24:05,583 - experiment_chaotic_chua_full_chaotic_run_0 - INFO - [SYNC DEBUG] Epoch 61: sync_weight=0.01, desync_weight=0.01, loss_sync=0.049943
2026-02-23 16:24:07,149 - experiment_chaotic_chua_full_chaotic_run_0 - INFO - Epoch 61: Train Loss: 0.0957, Train Acc: 0.9866, Val Loss: 2.9530, Val Acc: 0.4382
2026-02-23 16:24:07,782 - experiment_chaotic_chua_full_chaotic_run_0 - INFO - Train Epoch 62: [0/472 (0.0%)]	Loss: 0.070138
2026-02-23 16:24:12,828 - experiment_chaotic_chua_full_chaotic_run_0 - INFO - [SYNC DEBUG] Epoch 62: sync_weight=0.01, desync_weight=0.01, loss_sync=0.049931
2026-02-23 16:24:14,385 - experiment_chaotic_chua_full_chaotic_run_0 - INFO - Epoch 62: Train Loss: 0.0801, Train Acc: 0.9933, Val Loss: 1.1277, Val Acc: 0.7416
2026-02-23 16:24:15,017 - experiment_chaotic_chua_full_chaotic_run_0 - INFO - Train Epoch 63: [0/472 (0.0%)]	Loss: 0.062409
2026-02-23 16:24:20,054 - experiment_chaotic_chua_full_chaotic_run_0 - INFO - [SYNC DEBUG] Epoch 63: sync_weight=0.01, desync_weight=0.01, loss_sync=0.049911
2026-02-23 16:24:21,607 - experiment_chaotic_chua_full_chaotic_run_0 - INFO - Epoch 63: Train Loss: 0.0942, Train Acc: 0.9911, Val Loss: 2.9443, Val Acc: 0.4831
2026-02-23 16:24:22,232 - experiment_chaotic_chua_full_chaotic_run_0 - INFO - Train Epoch 64: [0/472 (0.0%)]	Loss: 0.082402
2026-02-23 16:24:23,502 - experiment_chaotic_chua_full_chaotic_run_0 - DEBUG - [STABILITY] lyap=-0.006, max_norm=12.6, min_std=2.189
2026-02-23 16:24:27,282 - experiment_chaotic_chua_full_chaotic_run_0 - INFO - [SYNC DEBUG] Epoch 64: sync_weight=0.01, desync_weight=0.01, loss_sync=0.049963
2026-02-23 16:24:28,872 - experiment_chaotic_chua_full_chaotic_run_0 - INFO - Epoch 64: Train Loss: 0.0961, Train Acc: 0.9911, Val Loss: 4.7053, Val Acc: 0.2809
2026-02-23 16:24:29,522 - experiment_chaotic_chua_full_chaotic_run_0 - INFO - Train Epoch 65: [0/472 (0.0%)]	Loss: 0.080024
2026-02-23 16:24:34,556 - experiment_chaotic_chua_full_chaotic_run_0 - INFO - [SYNC DEBUG] Epoch 65: sync_weight=0.01, desync_weight=0.01, loss_sync=0.049947
2026-02-23 16:24:36,162 - experiment_chaotic_chua_full_chaotic_run_0 - INFO - Epoch 65: Train Loss: 0.1080, Train Acc: 0.9844, Val Loss: 1.2920, Val Acc: 0.6854
2026-02-23 16:24:36,807 - experiment_chaotic_chua_full_chaotic_run_0 - INFO - Train Epoch 66: [0/472 (0.0%)]	Loss: 0.069004
2026-02-23 16:24:41,889 - experiment_chaotic_chua_full_chaotic_run_0 - INFO - [SYNC DEBUG] Epoch 66: sync_weight=0.01, desync_weight=0.01, loss_sync=0.049938
2026-02-23 16:24:43,501 - experiment_chaotic_chua_full_chaotic_run_0 - INFO - Epoch 66: Train Loss: 0.0860, Train Acc: 0.9955, Val Loss: 1.3251, Val Acc: 0.7079
2026-02-23 16:24:44,143 - experiment_chaotic_chua_full_chaotic_run_0 - INFO - Train Epoch 67: [0/472 (0.0%)]	Loss: 0.217813
2026-02-23 16:24:49,221 - experiment_chaotic_chua_full_chaotic_run_0 - INFO - [SYNC DEBUG] Epoch 67: sync_weight=0.01, desync_weight=0.01, loss_sync=0.049939
2026-02-23 16:24:50,806 - experiment_chaotic_chua_full_chaotic_run_0 - INFO - Epoch 67: Train Loss: 0.0924, Train Acc: 0.9888, Val Loss: 0.7922, Val Acc: 0.7978
2026-02-23 16:24:51,440 - experiment_chaotic_chua_full_chaotic_run_0 - INFO - Train Epoch 68: [0/472 (0.0%)]	Loss: 0.119981
2026-02-23 16:24:56,480 - experiment_chaotic_chua_full_chaotic_run_0 - INFO - [SYNC DEBUG] Epoch 68: sync_weight=0.01, desync_weight=0.01, loss_sync=0.049922
2026-02-23 16:24:58,087 - experiment_chaotic_chua_full_chaotic_run_0 - INFO - Epoch 68: Train Loss: 0.0914, Train Acc: 0.9933, Val Loss: 0.9298, Val Acc: 0.7978
2026-02-23 16:24:58,737 - experiment_chaotic_chua_full_chaotic_run_0 - INFO - Train Epoch 69: [0/472 (0.0%)]	Loss: 0.070862
2026-02-23 16:25:03,981 - experiment_chaotic_chua_full_chaotic_run_0 - INFO - [SYNC DEBUG] Epoch 69: sync_weight=0.01, desync_weight=0.01, loss_sync=0.049906
2026-02-23 16:25:05,577 - experiment_chaotic_chua_full_chaotic_run_0 - INFO - Epoch 69: Train Loss: 0.0764, Train Acc: 0.9978, Val Loss: 0.3293, Val Acc: 0.8989
2026-02-23 16:25:06,215 - experiment_chaotic_chua_full_chaotic_run_0 - INFO - Train Epoch 70: [0/472 (0.0%)]	Loss: 0.080335
2026-02-23 16:25:11,233 - experiment_chaotic_chua_full_chaotic_run_0 - INFO - [SYNC DEBUG] Epoch 70: sync_weight=0.01, desync_weight=0.01, loss_sync=0.049909
2026-02-23 16:25:12,834 - experiment_chaotic_chua_full_chaotic_run_0 - INFO - Epoch 70: Train Loss: 0.0836, Train Acc: 0.9933, Val Loss: 0.5838, Val Acc: 0.8764
2026-02-23 16:25:13,549 - experiment_chaotic_chua_full_chaotic_run_0 - INFO - Train Epoch 71: [0/472 (0.0%)]	Loss: 0.066006
2026-02-23 16:25:15,582 - experiment_chaotic_chua_full_chaotic_run_0 - DEBUG - [STABILITY] lyap=-0.005, max_norm=12.5, min_std=2.179
2026-02-23 16:25:18,617 - experiment_chaotic_chua_full_chaotic_run_0 - INFO - [SYNC DEBUG] Epoch 71: sync_weight=0.01, desync_weight=0.01, loss_sync=0.049908
2026-02-23 16:25:20,229 - experiment_chaotic_chua_full_chaotic_run_0 - INFO - Epoch 71: Train Loss: 0.0825, Train Acc: 0.9911, Val Loss: 2.2333, Val Acc: 0.5843
2026-02-23 16:25:20,863 - experiment_chaotic_chua_full_chaotic_run_0 - INFO - Train Epoch 72: [0/472 (0.0%)]	Loss: 0.087787
2026-02-23 16:25:25,906 - experiment_chaotic_chua_full_chaotic_run_0 - INFO - [SYNC DEBUG] Epoch 72: sync_weight=0.01, desync_weight=0.01, loss_sync=0.049930
2026-02-23 16:25:27,506 - experiment_chaotic_chua_full_chaotic_run_0 - INFO - Epoch 72: Train Loss: 0.0976, Train Acc: 0.9888, Val Loss: 0.2155, Val Acc: 0.9213
2026-02-23 16:25:27,574 - experiment_chaotic_chua_full_chaotic_run_0 - INFO - Saved new best model at epoch 72
2026-02-23 16:25:28,250 - experiment_chaotic_chua_full_chaotic_run_0 - INFO - Train Epoch 73: [0/472 (0.0%)]	Loss: 0.065026
2026-02-23 16:25:33,301 - experiment_chaotic_chua_full_chaotic_run_0 - INFO - [SYNC DEBUG] Epoch 73: sync_weight=0.01, desync_weight=0.01, loss_sync=0.049917
2026-02-23 16:25:34,915 - experiment_chaotic_chua_full_chaotic_run_0 - INFO - Epoch 73: Train Loss: 0.0726, Train Acc: 1.0000, Val Loss: 0.2390, Val Acc: 0.9213
2026-02-23 16:25:35,555 - experiment_chaotic_chua_full_chaotic_run_0 - INFO - Train Epoch 74: [0/472 (0.0%)]	Loss: 0.063855
2026-02-23 16:25:40,654 - experiment_chaotic_chua_full_chaotic_run_0 - INFO - [SYNC DEBUG] Epoch 74: sync_weight=0.01, desync_weight=0.01, loss_sync=0.049958
2026-02-23 16:25:42,270 - experiment_chaotic_chua_full_chaotic_run_0 - INFO - Epoch 74: Train Loss: 0.0834, Train Acc: 0.9933, Val Loss: 0.5763, Val Acc: 0.8764
2026-02-23 16:25:42,935 - experiment_chaotic_chua_full_chaotic_run_0 - INFO - Train Epoch 75: [0/472 (0.0%)]	Loss: 0.065438
2026-02-23 16:25:47,978 - experiment_chaotic_chua_full_chaotic_run_0 - INFO - [SYNC DEBUG] Epoch 75: sync_weight=0.01, desync_weight=0.01, loss_sync=0.049913
2026-02-23 16:25:49,579 - experiment_chaotic_chua_full_chaotic_run_0 - INFO - Epoch 75: Train Loss: 0.0799, Train Acc: 0.9933, Val Loss: 0.2257, Val Acc: 0.9213
2026-02-23 16:25:50,239 - experiment_chaotic_chua_full_chaotic_run_0 - INFO - Train Epoch 76: [0/472 (0.0%)]	Loss: 0.083076
2026-02-23 16:25:55,286 - experiment_chaotic_chua_full_chaotic_run_0 - INFO - [SYNC DEBUG] Epoch 76: sync_weight=0.01, desync_weight=0.01, loss_sync=0.049980
2026-02-23 16:25:56,897 - experiment_chaotic_chua_full_chaotic_run_0 - INFO - Epoch 76: Train Loss: 0.0771, Train Acc: 0.9978, Val Loss: 4.8854, Val Acc: 0.2584
2026-02-23 16:25:57,556 - experiment_chaotic_chua_full_chaotic_run_0 - INFO - Train Epoch 77: [0/472 (0.0%)]	Loss: 0.064230
2026-02-23 16:26:02,609 - experiment_chaotic_chua_full_chaotic_run_0 - INFO - [SYNC DEBUG] Epoch 77: sync_weight=0.01, desync_weight=0.01, loss_sync=0.049971
2026-02-23 16:26:04,223 - experiment_chaotic_chua_full_chaotic_run_0 - INFO - Epoch 77: Train Loss: 0.0833, Train Acc: 0.9933, Val Loss: 4.1371, Val Acc: 0.3820
2026-02-23 16:26:04,868 - experiment_chaotic_chua_full_chaotic_run_0 - INFO - Train Epoch 78: [0/472 (0.0%)]	Loss: 0.084360
2026-02-23 16:26:07,640 - experiment_chaotic_chua_full_chaotic_run_0 - DEBUG - [STABILITY] lyap=-0.005, max_norm=12.4, min_std=2.176
2026-02-23 16:26:09,944 - experiment_chaotic_chua_full_chaotic_run_0 - INFO - [SYNC DEBUG] Epoch 78: sync_weight=0.01, desync_weight=0.01, loss_sync=0.049947
2026-02-23 16:26:11,559 - experiment_chaotic_chua_full_chaotic_run_0 - INFO - Epoch 78: Train Loss: 0.0800, Train Acc: 0.9933, Val Loss: 1.6932, Val Acc: 0.6854
2026-02-23 16:26:12,200 - experiment_chaotic_chua_full_chaotic_run_0 - INFO - Train Epoch 79: [0/472 (0.0%)]	Loss: 0.130291
2026-02-23 16:26:17,294 - experiment_chaotic_chua_full_chaotic_run_0 - INFO - [SYNC DEBUG] Epoch 79: sync_weight=0.01, desync_weight=0.01, loss_sync=0.049944
2026-02-23 16:26:18,897 - experiment_chaotic_chua_full_chaotic_run_0 - INFO - Epoch 79: Train Loss: 0.0926, Train Acc: 0.9844, Val Loss: 1.5195, Val Acc: 0.6966
2026-02-23 16:26:19,545 - experiment_chaotic_chua_full_chaotic_run_0 - INFO - Train Epoch 80: [0/472 (0.0%)]	Loss: 0.066624
2026-02-23 16:26:24,584 - experiment_chaotic_chua_full_chaotic_run_0 - INFO - [SYNC DEBUG] Epoch 80: sync_weight=0.01, desync_weight=0.01, loss_sync=0.050023
2026-02-23 16:26:26,194 - experiment_chaotic_chua_full_chaotic_run_0 - INFO - Epoch 80: Train Loss: 0.0711, Train Acc: 0.9978, Val Loss: 0.2749, Val Acc: 0.9213
2026-02-23 16:26:26,916 - experiment_chaotic_chua_full_chaotic_run_0 - INFO - Train Epoch 81: [0/472 (0.0%)]	Loss: 0.068804
2026-02-23 16:26:32,010 - experiment_chaotic_chua_full_chaotic_run_0 - INFO - [SYNC DEBUG] Epoch 81: sync_weight=0.01, desync_weight=0.01, loss_sync=0.049958
2026-02-23 16:26:33,622 - experiment_chaotic_chua_full_chaotic_run_0 - INFO - Epoch 81: Train Loss: 0.0721, Train Acc: 0.9978, Val Loss: 0.3718, Val Acc: 0.8539
2026-02-23 16:26:34,265 - experiment_chaotic_chua_full_chaotic_run_0 - INFO - Train Epoch 82: [0/472 (0.0%)]	Loss: 0.077273
2026-02-23 16:26:39,317 - experiment_chaotic_chua_full_chaotic_run_0 - INFO - [SYNC DEBUG] Epoch 82: sync_weight=0.01, desync_weight=0.01, loss_sync=0.049916
2026-02-23 16:26:40,925 - experiment_chaotic_chua_full_chaotic_run_0 - INFO - Epoch 82: Train Loss: 0.0748, Train Acc: 0.9955, Val Loss: 0.2742, Val Acc: 0.9101
2026-02-23 16:26:41,576 - experiment_chaotic_chua_full_chaotic_run_0 - INFO - Train Epoch 83: [0/472 (0.0%)]	Loss: 0.081136
2026-02-23 16:26:46,614 - experiment_chaotic_chua_full_chaotic_run_0 - INFO - [SYNC DEBUG] Epoch 83: sync_weight=0.01, desync_weight=0.01, loss_sync=0.049947
2026-02-23 16:26:48,213 - experiment_chaotic_chua_full_chaotic_run_0 - INFO - Epoch 83: Train Loss: 0.0767, Train Acc: 0.9933, Val Loss: 0.0852, Val Acc: 0.9551
2026-02-23 16:26:48,286 - experiment_chaotic_chua_full_chaotic_run_0 - INFO - Saved new best model at epoch 83
2026-02-23 16:26:48,959 - experiment_chaotic_chua_full_chaotic_run_0 - INFO - Train Epoch 84: [0/472 (0.0%)]	Loss: 0.061865
2026-02-23 16:26:54,020 - experiment_chaotic_chua_full_chaotic_run_0 - INFO - [SYNC DEBUG] Epoch 84: sync_weight=0.01, desync_weight=0.01, loss_sync=0.049966
2026-02-23 16:26:55,632 - experiment_chaotic_chua_full_chaotic_run_0 - INFO - Epoch 84: Train Loss: 0.0698, Train Acc: 0.9978, Val Loss: 0.1058, Val Acc: 0.9551
2026-02-23 16:26:56,284 - experiment_chaotic_chua_full_chaotic_run_0 - INFO - Train Epoch 85: [0/472 (0.0%)]	Loss: 0.065806
2026-02-23 16:26:59,764 - experiment_chaotic_chua_full_chaotic_run_0 - DEBUG - [STABILITY] lyap=-0.005, max_norm=12.5, min_std=2.179
2026-02-23 16:27:01,332 - experiment_chaotic_chua_full_chaotic_run_0 - INFO - [SYNC DEBUG] Epoch 85: sync_weight=0.01, desync_weight=0.01, loss_sync=0.049958
2026-02-23 16:27:02,944 - experiment_chaotic_chua_full_chaotic_run_0 - INFO - Epoch 85: Train Loss: 0.0683, Train Acc: 0.9978, Val Loss: 0.0339, Val Acc: 0.9888
2026-02-23 16:27:03,012 - experiment_chaotic_chua_full_chaotic_run_0 - INFO - Saved new best model at epoch 85
2026-02-23 16:27:03,694 - experiment_chaotic_chua_full_chaotic_run_0 - INFO - Train Epoch 86: [0/472 (0.0%)]	Loss: 0.064766
2026-02-23 16:27:08,729 - experiment_chaotic_chua_full_chaotic_run_0 - INFO - [SYNC DEBUG] Epoch 86: sync_weight=0.01, desync_weight=0.01, loss_sync=0.049963
2026-02-23 16:27:10,341 - experiment_chaotic_chua_full_chaotic_run_0 - INFO - Epoch 86: Train Loss: 0.0671, Train Acc: 1.0000, Val Loss: 0.0411, Val Acc: 0.9775
2026-02-23 16:27:11,001 - experiment_chaotic_chua_full_chaotic_run_0 - INFO - Train Epoch 87: [0/472 (0.0%)]	Loss: 0.063587
2026-02-23 16:27:16,054 - experiment_chaotic_chua_full_chaotic_run_0 - INFO - [SYNC DEBUG] Epoch 87: sync_weight=0.01, desync_weight=0.01, loss_sync=0.049957
2026-02-23 16:27:17,659 - experiment_chaotic_chua_full_chaotic_run_0 - INFO - Epoch 87: Train Loss: 0.0704, Train Acc: 0.9978, Val Loss: 0.0276, Val Acc: 0.9888
2026-02-23 16:27:18,304 - experiment_chaotic_chua_full_chaotic_run_0 - INFO - Train Epoch 88: [0/472 (0.0%)]	Loss: 0.063520
2026-02-23 16:27:23,341 - experiment_chaotic_chua_full_chaotic_run_0 - INFO - [SYNC DEBUG] Epoch 88: sync_weight=0.01, desync_weight=0.01, loss_sync=0.049937
2026-02-23 16:27:24,945 - experiment_chaotic_chua_full_chaotic_run_0 - INFO - Epoch 88: Train Loss: 0.0741, Train Acc: 0.9955, Val Loss: 0.0337, Val Acc: 0.9888
2026-02-23 16:27:25,586 - experiment_chaotic_chua_full_chaotic_run_0 - INFO - Train Epoch 89: [0/472 (0.0%)]	Loss: 0.065537
2026-02-23 16:27:30,631 - experiment_chaotic_chua_full_chaotic_run_0 - INFO - [SYNC DEBUG] Epoch 89: sync_weight=0.01, desync_weight=0.01, loss_sync=0.049926
2026-02-23 16:27:32,252 - experiment_chaotic_chua_full_chaotic_run_0 - INFO - Epoch 89: Train Loss: 0.0717, Train Acc: 1.0000, Val Loss: 0.0397, Val Acc: 0.9888
2026-02-23 16:27:32,899 - experiment_chaotic_chua_full_chaotic_run_0 - INFO - Train Epoch 90: [0/472 (0.0%)]	Loss: 0.065155
2026-02-23 16:27:37,933 - experiment_chaotic_chua_full_chaotic_run_0 - INFO - [SYNC DEBUG] Epoch 90: sync_weight=0.01, desync_weight=0.01, loss_sync=0.049910
2026-02-23 16:27:39,538 - experiment_chaotic_chua_full_chaotic_run_0 - INFO - Epoch 90: Train Loss: 0.0773, Train Acc: 0.9955, Val Loss: 0.0297, Val Acc: 0.9888
2026-02-23 16:27:40,266 - experiment_chaotic_chua_full_chaotic_run_0 - INFO - Train Epoch 91: [0/472 (0.0%)]	Loss: 0.067837
2026-02-23 16:27:45,292 - experiment_chaotic_chua_full_chaotic_run_0 - INFO - [SYNC DEBUG] Epoch 91: sync_weight=0.01, desync_weight=0.01, loss_sync=0.049946
2026-02-23 16:27:46,891 - experiment_chaotic_chua_full_chaotic_run_0 - INFO - Epoch 91: Train Loss: 0.0680, Train Acc: 1.0000, Val Loss: 0.0204, Val Acc: 0.9888
2026-02-23 16:27:47,541 - experiment_chaotic_chua_full_chaotic_run_0 - INFO - Train Epoch 92: [0/472 (0.0%)]	Loss: 0.062589
2026-02-23 16:27:51,755 - experiment_chaotic_chua_full_chaotic_run_0 - DEBUG - [STABILITY] lyap=-0.005, max_norm=12.5, min_std=2.175
2026-02-23 16:27:52,586 - experiment_chaotic_chua_full_chaotic_run_0 - INFO - [SYNC DEBUG] Epoch 92: sync_weight=0.01, desync_weight=0.01, loss_sync=0.049950
2026-02-23 16:27:54,196 - experiment_chaotic_chua_full_chaotic_run_0 - INFO - Epoch 92: Train Loss: 0.0673, Train Acc: 1.0000, Val Loss: 0.0311, Val Acc: 0.9888
2026-02-23 16:27:54,840 - experiment_chaotic_chua_full_chaotic_run_0 - INFO - Train Epoch 93: [0/472 (0.0%)]	Loss: 0.065723
2026-02-23 16:28:00,134 - experiment_chaotic_chua_full_chaotic_run_0 - INFO - [SYNC DEBUG] Epoch 93: sync_weight=0.01, desync_weight=0.01, loss_sync=0.049945
2026-02-23 16:28:01,750 - experiment_chaotic_chua_full_chaotic_run_0 - INFO - Epoch 93: Train Loss: 0.0683, Train Acc: 1.0000, Val Loss: 0.0241, Val Acc: 0.9888
2026-02-23 16:28:02,394 - experiment_chaotic_chua_full_chaotic_run_0 - INFO - Train Epoch 94: [0/472 (0.0%)]	Loss: 0.065604
2026-02-23 16:28:07,427 - experiment_chaotic_chua_full_chaotic_run_0 - INFO - [SYNC DEBUG] Epoch 94: sync_weight=0.01, desync_weight=0.01, loss_sync=0.049956
2026-02-23 16:28:09,045 - experiment_chaotic_chua_full_chaotic_run_0 - INFO - Epoch 94: Train Loss: 0.0685, Train Acc: 1.0000, Val Loss: 0.0198, Val Acc: 0.9888
2026-02-23 16:28:09,695 - experiment_chaotic_chua_full_chaotic_run_0 - INFO - Train Epoch 95: [0/472 (0.0%)]	Loss: 0.075935
2026-02-23 16:28:14,754 - experiment_chaotic_chua_full_chaotic_run_0 - INFO - [SYNC DEBUG] Epoch 95: sync_weight=0.01, desync_weight=0.01, loss_sync=0.049948
2026-02-23 16:28:16,346 - experiment_chaotic_chua_full_chaotic_run_0 - INFO - Epoch 95: Train Loss: 0.0696, Train Acc: 0.9978, Val Loss: 0.0268, Val Acc: 0.9888
2026-02-23 16:28:16,998 - experiment_chaotic_chua_full_chaotic_run_0 - INFO - Train Epoch 96: [0/472 (0.0%)]	Loss: 0.065060
2026-02-23 16:28:22,061 - experiment_chaotic_chua_full_chaotic_run_0 - INFO - [SYNC DEBUG] Epoch 96: sync_weight=0.01, desync_weight=0.01, loss_sync=0.049904
2026-02-23 16:28:23,682 - experiment_chaotic_chua_full_chaotic_run_0 - INFO - Epoch 96: Train Loss: 0.0781, Train Acc: 0.9955, Val Loss: 0.0263, Val Acc: 0.9888
2026-02-23 16:28:24,322 - experiment_chaotic_chua_full_chaotic_run_0 - INFO - Train Epoch 97: [0/472 (0.0%)]	Loss: 0.063280
2026-02-23 16:28:29,358 - experiment_chaotic_chua_full_chaotic_run_0 - INFO - [SYNC DEBUG] Epoch 97: sync_weight=0.01, desync_weight=0.01, loss_sync=0.049940
2026-02-23 16:28:30,972 - experiment_chaotic_chua_full_chaotic_run_0 - INFO - Epoch 97: Train Loss: 0.0775, Train Acc: 0.9955, Val Loss: 0.0218, Val Acc: 0.9888
2026-02-23 16:28:31,626 - experiment_chaotic_chua_full_chaotic_run_0 - INFO - Train Epoch 98: [0/472 (0.0%)]	Loss: 0.067656
2026-02-23 16:28:36,659 - experiment_chaotic_chua_full_chaotic_run_0 - INFO - [SYNC DEBUG] Epoch 98: sync_weight=0.01, desync_weight=0.01, loss_sync=0.049974
2026-02-23 16:28:38,257 - experiment_chaotic_chua_full_chaotic_run_0 - INFO - Epoch 98: Train Loss: 0.0759, Train Acc: 0.9955, Val Loss: 0.0197, Val Acc: 0.9888
2026-02-23 16:28:38,904 - experiment_chaotic_chua_full_chaotic_run_0 - INFO - Train Epoch 99: [0/472 (0.0%)]	Loss: 0.063076
2026-02-23 16:28:43,934 - experiment_chaotic_chua_full_chaotic_run_0 - INFO - [SYNC DEBUG] Epoch 99: sync_weight=0.01, desync_weight=0.01, loss_sync=0.049931
2026-02-23 16:28:45,551 - experiment_chaotic_chua_full_chaotic_run_0 - INFO - Epoch 99: Train Loss: 0.0732, Train Acc: 0.9978, Val Loss: 0.0201, Val Acc: 0.9888
2026-02-23 16:28:45,556 - experiment_chaotic_chua_full_chaotic_run_0 - INFO - Running final test evaluation...
2026-02-23 16:28:46,568 - experiment_chaotic_chua_full_chaotic_run_0 - INFO - Test Results:
2026-02-23 16:28:46,568 - experiment_chaotic_chua_full_chaotic_run_0 - INFO -   loss: 0.2226
2026-02-23 16:28:46,568 - experiment_chaotic_chua_full_chaotic_run_0 - INFO -   accuracy: 0.9576
2026-02-23 16:28:46,568 - experiment_chaotic_chua_full_chaotic_run_0 - INFO -   avg_confidence: 0.9999
2026-02-23 16:28:46,568 - experiment_chaotic_chua_full_chaotic_run_0 - INFO -   embedding_diversity: 0.1668
2026-02-23 16:28:46,568 - experiment_chaotic_chua_full_chaotic_run_0 - INFO -   embedding_norm_mean: 1.0000
2026-02-23 16:28:46,568 - experiment_chaotic_chua_full_chaotic_run_0 - INFO -   embedding_norm_std: 0.0000
2026-02-23 16:28:46,570 - experiment_chaotic_chua_full_chaotic_run_0 - INFO - Training completed
2026-02-23 16:28:47,569 - experiment_chaotic_chua_full_chaotic_run_0 - INFO - Running comprehensive chaotic network analysis...
2026-02-23 16:28:47,570 - experiment_chaotic_chua_full_chaotic_run_0 - INFO - Analyzing chaotic features and dynamics...
2026-02-23 16:28:48,330 - experiment_chaotic_chua_full_chaotic_run_0 - INFO - Chaotic analysis completed
2026-02-23 16:28:48,332 - experiment_chaotic_chua_full_chaotic_run_0 - INFO - Creating chaotic dynamics visualizations...
2026-02-23 16:28:50,659 - experiment_chaotic_chua_full_chaotic_run_0 - WARNING - Embedding plotting failed: boolean index did not match indexed array along dimension 0; dimension is 8 but corresponding boolean dimension is 32
2026-02-23 16:28:50,665 - experiment_chaotic_chua_full_chaotic_run_0 - INFO - Chaotic network analysis completed
