2026-01-12 12:54:02,352 - experiment_chaotic_lorenz_full_chaotic_run_0 - INFO - Initialized experiment: chaotic_lorenz_full_chaotic_run_0
2026-01-12 12:54:02,352 - experiment_chaotic_lorenz_full_chaotic_run_0 - INFO - Device: cuda
2026-01-12 12:54:02,352 - experiment_chaotic_lorenz_full_chaotic_run_0 - INFO - Output directory: /scratch/project_2003370/yueyao/Model/experiments/configs/patience_early_stop/5/experiments/chaotic_lorenz_full_chaotic_run_0
2026-01-12 12:54:02,352 - experiment_chaotic_lorenz_full_chaotic_run_0 - INFO - [SYNC LOSS] Enabled with mode: standard
2026-01-12 12:54:02,353 - experiment_chaotic_lorenz_full_chaotic_run_0 - INFO - Initialized chaotic network experiment with lorenz system
2026-01-12 12:54:02,353 - experiment_chaotic_lorenz_full_chaotic_run_0 - INFO - Setting up experiment components...
2026-01-12 12:54:02,353 - experiment_chaotic_lorenz_full_chaotic_run_0 - INFO - Creating dataloaders...
2026-01-12 12:54:02,803 - experiment_chaotic_lorenz_full_chaotic_run_0 - INFO - Detected 26 speakers in dataset
2026-01-12 12:54:02,803 - experiment_chaotic_lorenz_full_chaotic_run_0 - INFO - Dataloaders created:
2026-01-12 12:54:02,803 - experiment_chaotic_lorenz_full_chaotic_run_0 - INFO -   Train: 14 batches
2026-01-12 12:54:02,803 - experiment_chaotic_lorenz_full_chaotic_run_0 - INFO -   Val: 3 batches
2026-01-12 12:54:02,803 - experiment_chaotic_lorenz_full_chaotic_run_0 - INFO -   Test: 4 batches
2026-01-12 12:54:02,803 - experiment_chaotic_lorenz_full_chaotic_run_0 - INFO - Creating model...
2026-01-12 12:54:02,803 - experiment_chaotic_lorenz_full_chaotic_run_0 - INFO - Using actual num_speakers from dataset: 26
2026-01-12 12:54:02,803 - experiment_chaotic_lorenz_full_chaotic_run_0 - INFO - [BIFURCATION] use_bifurcation_control=False
2026-01-12 12:54:33,554 - experiment_chaotic_lorenz_full_chaotic_run_0 - INFO - Total parameters: 458,181
2026-01-12 12:54:33,554 - experiment_chaotic_lorenz_full_chaotic_run_0 - INFO - Trainable parameters: 458,181
2026-01-12 12:54:33,554 - experiment_chaotic_lorenz_full_chaotic_run_0 - INFO - Creating optimizer...
2026-01-12 12:54:34,684 - experiment_chaotic_lorenz_full_chaotic_run_0 - INFO - Optimizer: AdamW
2026-01-12 12:54:34,684 - experiment_chaotic_lorenz_full_chaotic_run_0 - INFO - Creating scheduler...
2026-01-12 12:54:34,684 - experiment_chaotic_lorenz_full_chaotic_run_0 - INFO - Scheduler: CosineAnnealingLR
2026-01-12 12:54:34,684 - experiment_chaotic_lorenz_full_chaotic_run_0 - INFO - Creating criterion...
2026-01-12 12:54:34,684 - experiment_chaotic_lorenz_full_chaotic_run_0 - INFO - Criterion: CrossEntropyLoss
2026-01-12 12:54:34,734 - experiment_chaotic_lorenz_full_chaotic_run_0 - INFO - Configuration saved to: /scratch/project_2003370/yueyao/Model/experiments/configs/patience_early_stop/5/experiments/chaotic_lorenz_full_chaotic_run_0/config.json
2026-01-12 12:54:34,734 - experiment_chaotic_lorenz_full_chaotic_run_0 - INFO - Experiment setup completed
2026-01-12 12:54:34,735 - experiment_chaotic_lorenz_full_chaotic_run_0 - INFO - Starting training for 100 epochs
2026-01-12 12:54:49,686 - experiment_chaotic_lorenz_full_chaotic_run_0 - INFO - 
================================================================================
2026-01-12 12:54:49,686 - experiment_chaotic_lorenz_full_chaotic_run_0 - INFO - COMPREHENSIVE DEBUG - FIRST BATCH
2026-01-12 12:54:49,686 - experiment_chaotic_lorenz_full_chaotic_run_0 - INFO - ================================================================================
2026-01-12 12:54:49,687 - experiment_chaotic_lorenz_full_chaotic_run_0 - INFO - Batch Info:
2026-01-12 12:54:49,687 - experiment_chaotic_lorenz_full_chaotic_run_0 - INFO -   Audio shape: torch.Size([32, 48000])
2026-01-12 12:54:49,687 - experiment_chaotic_lorenz_full_chaotic_run_0 - INFO -   Targets shape: torch.Size([32])
2026-01-12 12:54:49,691 - experiment_chaotic_lorenz_full_chaotic_run_0 - INFO -   Targets (first 8): tensor([19, 24, 16, 12, 16, 10,  8,  2], device='cuda:0')
2026-01-12 12:54:50,395 - experiment_chaotic_lorenz_full_chaotic_run_0 - INFO - ================================================================================

2026-01-12 12:54:50,397 - experiment_chaotic_lorenz_full_chaotic_run_0 - INFO - [ADVERSARIAL] Initialized AdversarialChaoticAugmentation
2026-01-12 12:54:50,541 - experiment_chaotic_lorenz_full_chaotic_run_0 - INFO - [STABILITY] Initialized LyapunovStabilityLoss
2026-01-12 12:54:51,220 - experiment_chaotic_lorenz_full_chaotic_run_0 - INFO - Train Epoch 0: [0/472 (0.0%)]	Loss: 4.923960
2026-01-12 12:54:58,119 - experiment_chaotic_lorenz_full_chaotic_run_0 - INFO - [ADVERSARIAL] Warmup: epoch 1/5
2026-01-12 12:54:59,295 - experiment_chaotic_lorenz_full_chaotic_run_0 - INFO - Epoch 0: Train Loss: 4.8014, Train Acc: 0.0603, Val Loss: 4.0485, Val Acc: 0.0449
2026-01-12 12:54:59,377 - experiment_chaotic_lorenz_full_chaotic_run_0 - INFO - Saved new best model at epoch 0
2026-01-12 12:55:01,391 - experiment_chaotic_lorenz_full_chaotic_run_0 - INFO - Train Epoch 1: [0/472 (0.0%)]	Loss: 3.966856
2026-01-12 12:55:07,052 - experiment_chaotic_lorenz_full_chaotic_run_0 - INFO - [ADVERSARIAL] Warmup: epoch 2/5
2026-01-12 12:55:08,112 - experiment_chaotic_lorenz_full_chaotic_run_0 - INFO - Epoch 1: Train Loss: 3.9180, Train Acc: 0.1384, Val Loss: 3.9802, Val Acc: 0.0449
2026-01-12 12:55:08,717 - experiment_chaotic_lorenz_full_chaotic_run_0 - INFO - Train Epoch 2: [0/472 (0.0%)]	Loss: 3.402680
2026-01-12 12:55:14,278 - experiment_chaotic_lorenz_full_chaotic_run_0 - INFO - [ADVERSARIAL] Warmup: epoch 3/5
2026-01-12 12:55:15,495 - experiment_chaotic_lorenz_full_chaotic_run_0 - INFO - Epoch 2: Train Loss: 3.6048, Train Acc: 0.1652, Val Loss: 5.2322, Val Acc: 0.0562
2026-01-12 12:55:15,580 - experiment_chaotic_lorenz_full_chaotic_run_0 - INFO - Saved new best model at epoch 2
2026-01-12 12:55:16,186 - experiment_chaotic_lorenz_full_chaotic_run_0 - INFO - Train Epoch 3: [0/472 (0.0%)]	Loss: 3.541806
2026-01-12 12:55:21,574 - experiment_chaotic_lorenz_full_chaotic_run_0 - INFO - [ADVERSARIAL] Warmup: epoch 4/5
2026-01-12 12:55:22,677 - experiment_chaotic_lorenz_full_chaotic_run_0 - INFO - Epoch 3: Train Loss: 2.9412, Train Acc: 0.3259, Val Loss: 4.7960, Val Acc: 0.0449
2026-01-12 12:55:23,236 - experiment_chaotic_lorenz_full_chaotic_run_0 - INFO - Train Epoch 4: [0/472 (0.0%)]	Loss: 2.422234
2026-01-12 12:55:28,831 - experiment_chaotic_lorenz_full_chaotic_run_0 - INFO - [ADVERSARIAL] Warmup: epoch 5/5
2026-01-12 12:55:29,950 - experiment_chaotic_lorenz_full_chaotic_run_0 - INFO - Epoch 4: Train Loss: 2.6545, Train Acc: 0.3504, Val Loss: 4.6848, Val Acc: 0.0449
2026-01-12 12:55:30,619 - experiment_chaotic_lorenz_full_chaotic_run_0 - INFO - Train Epoch 5: [0/472 (0.0%)]	Loss: 2.375702
2026-01-12 12:55:37,067 - experiment_chaotic_lorenz_full_chaotic_run_0 - INFO - [ADVERSARIAL] Warmup complete, adversarial training activated!
2026-01-12 12:55:38,295 - experiment_chaotic_lorenz_full_chaotic_run_0 - INFO - Epoch 5: Train Loss: 2.8005, Train Acc: 0.4442, Val Loss: 4.8230, Val Acc: 0.0449
2026-01-12 12:55:38,920 - experiment_chaotic_lorenz_full_chaotic_run_0 - INFO - Train Epoch 6: [0/472 (0.0%)]	Loss: 2.357543
2026-01-12 12:55:46,466 - experiment_chaotic_lorenz_full_chaotic_run_0 - INFO - Epoch 6: Train Loss: 2.5054, Train Acc: 0.5223, Val Loss: 4.3675, Val Acc: 0.0899
2026-01-12 12:55:46,760 - experiment_chaotic_lorenz_full_chaotic_run_0 - INFO - Saved new best model at epoch 6
2026-01-12 12:55:47,518 - experiment_chaotic_lorenz_full_chaotic_run_0 - INFO - Train Epoch 7: [0/472 (0.0%)]	Loss: 2.437913
2026-01-12 12:55:55,167 - experiment_chaotic_lorenz_full_chaotic_run_0 - INFO - Epoch 7: Train Loss: 2.0344, Train Acc: 0.6250, Val Loss: 3.9919, Val Acc: 0.1011
2026-01-12 12:55:55,259 - experiment_chaotic_lorenz_full_chaotic_run_0 - INFO - Saved new best model at epoch 7
2026-01-12 12:55:55,946 - experiment_chaotic_lorenz_full_chaotic_run_0 - INFO - Train Epoch 8: [0/472 (0.0%)]	Loss: 1.585997
2026-01-12 12:56:03,616 - experiment_chaotic_lorenz_full_chaotic_run_0 - INFO - Epoch 8: Train Loss: 1.8475, Train Acc: 0.6853, Val Loss: 4.6930, Val Acc: 0.0899
2026-01-12 12:56:04,250 - experiment_chaotic_lorenz_full_chaotic_run_0 - INFO - Train Epoch 9: [0/472 (0.0%)]	Loss: 1.377608
2026-01-12 12:56:11,908 - experiment_chaotic_lorenz_full_chaotic_run_0 - INFO - Epoch 9: Train Loss: 1.6352, Train Acc: 0.7254, Val Loss: 4.2544, Val Acc: 0.1348
2026-01-12 12:56:11,990 - experiment_chaotic_lorenz_full_chaotic_run_0 - INFO - Saved new best model at epoch 9
2026-01-12 12:56:12,668 - experiment_chaotic_lorenz_full_chaotic_run_0 - INFO - Train Epoch 10: [0/472 (0.0%)]	Loss: 1.245028
2026-01-12 12:56:20,338 - experiment_chaotic_lorenz_full_chaotic_run_0 - INFO - Epoch 10: Train Loss: 1.4856, Train Acc: 0.7500, Val Loss: 3.8623, Val Acc: 0.1461
2026-01-12 12:56:20,419 - experiment_chaotic_lorenz_full_chaotic_run_0 - INFO - Saved new best model at epoch 10
2026-01-12 12:56:21,237 - experiment_chaotic_lorenz_full_chaotic_run_0 - INFO - Train Epoch 11: [0/472 (0.0%)]	Loss: 0.935837
2026-01-12 12:56:28,731 - experiment_chaotic_lorenz_full_chaotic_run_0 - INFO - Epoch 11: Train Loss: 1.3153, Train Acc: 0.8147, Val Loss: 5.1113, Val Acc: 0.0449
2026-01-12 12:56:29,408 - experiment_chaotic_lorenz_full_chaotic_run_0 - INFO - Train Epoch 12: [0/472 (0.0%)]	Loss: 1.063026
2026-01-12 12:56:37,346 - experiment_chaotic_lorenz_full_chaotic_run_0 - INFO - Epoch 12: Train Loss: 1.2409, Train Acc: 0.8103, Val Loss: 3.2856, Val Acc: 0.2135
2026-01-12 12:56:37,453 - experiment_chaotic_lorenz_full_chaotic_run_0 - INFO - Saved new best model at epoch 12
2026-01-12 12:56:38,122 - experiment_chaotic_lorenz_full_chaotic_run_0 - INFO - Train Epoch 13: [0/472 (0.0%)]	Loss: 0.978193
2026-01-12 12:56:45,705 - experiment_chaotic_lorenz_full_chaotic_run_0 - INFO - Epoch 13: Train Loss: 1.1001, Train Acc: 0.8571, Val Loss: 6.3677, Val Acc: 0.0562
2026-01-12 12:56:46,412 - experiment_chaotic_lorenz_full_chaotic_run_0 - INFO - Train Epoch 14: [0/472 (0.0%)]	Loss: 1.276967
2026-01-12 12:56:54,009 - experiment_chaotic_lorenz_full_chaotic_run_0 - INFO - Epoch 14: Train Loss: 1.0909, Train Acc: 0.8661, Val Loss: 3.0789, Val Acc: 0.2135
2026-01-12 12:56:54,714 - experiment_chaotic_lorenz_full_chaotic_run_0 - INFO - Train Epoch 15: [0/472 (0.0%)]	Loss: 0.836005
2026-01-12 12:57:02,337 - experiment_chaotic_lorenz_full_chaotic_run_0 - INFO - Epoch 15: Train Loss: 0.9874, Train Acc: 0.8862, Val Loss: 6.2656, Val Acc: 0.0449
2026-01-12 12:57:03,005 - experiment_chaotic_lorenz_full_chaotic_run_0 - INFO - Train Epoch 16: [0/472 (0.0%)]	Loss: 1.349784
2026-01-12 12:57:10,279 - experiment_chaotic_lorenz_full_chaotic_run_0 - INFO - Epoch 16: Train Loss: 0.9453, Train Acc: 0.8884, Val Loss: 4.2008, Val Acc: 0.2022
2026-01-12 12:57:10,857 - experiment_chaotic_lorenz_full_chaotic_run_0 - INFO - Train Epoch 17: [0/472 (0.0%)]	Loss: 0.738138
2026-01-12 12:57:17,088 - experiment_chaotic_lorenz_full_chaotic_run_0 - INFO - Epoch 17: Train Loss: 0.8686, Train Acc: 0.9085, Val Loss: 5.7689, Val Acc: 0.1236
2026-01-12 12:57:17,090 - experiment_chaotic_lorenz_full_chaotic_run_0 - INFO - Early stopping triggered at epoch 17
2026-01-12 12:57:17,092 - experiment_chaotic_lorenz_full_chaotic_run_0 - INFO - Running final test evaluation...
2026-01-12 12:57:19,115 - experiment_chaotic_lorenz_full_chaotic_run_0 - INFO - Test Results:
2026-01-12 12:57:19,115 - experiment_chaotic_lorenz_full_chaotic_run_0 - INFO -   loss: 5.7905
2026-01-12 12:57:19,115 - experiment_chaotic_lorenz_full_chaotic_run_0 - INFO -   accuracy: 0.1017
2026-01-12 12:57:19,115 - experiment_chaotic_lorenz_full_chaotic_run_0 - INFO -   avg_confidence: 0.9913
2026-01-12 12:57:19,115 - experiment_chaotic_lorenz_full_chaotic_run_0 - INFO -   embedding_diversity: 0.1256
2026-01-12 12:57:19,115 - experiment_chaotic_lorenz_full_chaotic_run_0 - INFO -   embedding_norm_mean: 1.0000
2026-01-12 12:57:19,115 - experiment_chaotic_lorenz_full_chaotic_run_0 - INFO -   embedding_norm_std: 0.0000
2026-01-12 12:57:19,117 - experiment_chaotic_lorenz_full_chaotic_run_0 - INFO - Training completed
2026-01-12 12:57:19,880 - experiment_chaotic_lorenz_full_chaotic_run_0 - INFO - Running comprehensive chaotic network analysis...
2026-01-12 12:57:19,881 - experiment_chaotic_lorenz_full_chaotic_run_0 - INFO - Analyzing chaotic features and dynamics...
2026-01-12 12:57:20,561 - experiment_chaotic_lorenz_full_chaotic_run_0 - INFO - Chaotic analysis completed
2026-01-12 12:57:20,563 - experiment_chaotic_lorenz_full_chaotic_run_0 - INFO - Creating chaotic dynamics visualizations...
2026-01-12 12:57:22,802 - experiment_chaotic_lorenz_full_chaotic_run_0 - WARNING - Embedding plotting failed: boolean index did not match indexed array along dimension 0; dimension is 8 but corresponding boolean dimension is 32
2026-01-12 12:57:22,808 - experiment_chaotic_lorenz_full_chaotic_run_0 - INFO - Chaotic network analysis completed
2026-02-23 10:12:31,697 - experiment_chaotic_lorenz_full_chaotic_run_0 - INFO - Initialized experiment: chaotic_lorenz_full_chaotic_run_0
2026-02-23 10:12:31,723 - experiment_chaotic_lorenz_full_chaotic_run_0 - INFO - Device: cuda
2026-02-23 10:12:31,723 - experiment_chaotic_lorenz_full_chaotic_run_0 - INFO - Output directory: /scratch/project_2003370/yueyao/Model/experiments/configs/patience_early_stop/5/experiments/chaotic_lorenz_full_chaotic_run_0
2026-02-23 10:12:31,724 - experiment_chaotic_lorenz_full_chaotic_run_0 - INFO - [SYNC LOSS] Enabled with mode: standard
2026-02-23 10:12:31,724 - experiment_chaotic_lorenz_full_chaotic_run_0 - INFO - [SYNC LOSS] Warmup epochs: 20
2026-02-23 10:12:31,724 - experiment_chaotic_lorenz_full_chaotic_run_0 - INFO - Initialized chaotic network experiment with lorenz system
2026-02-23 10:12:31,724 - experiment_chaotic_lorenz_full_chaotic_run_0 - INFO - Setting up experiment components...
2026-02-23 10:12:31,724 - experiment_chaotic_lorenz_full_chaotic_run_0 - INFO - Creating dataloaders...
2026-02-23 10:12:32,114 - experiment_chaotic_lorenz_full_chaotic_run_0 - INFO - Detected 26 speakers in dataset
2026-02-23 10:12:32,114 - experiment_chaotic_lorenz_full_chaotic_run_0 - INFO - Dataloaders created:
2026-02-23 10:12:32,115 - experiment_chaotic_lorenz_full_chaotic_run_0 - INFO -   Train: 14 batches
2026-02-23 10:12:32,115 - experiment_chaotic_lorenz_full_chaotic_run_0 - INFO -   Val: 3 batches
2026-02-23 10:12:32,115 - experiment_chaotic_lorenz_full_chaotic_run_0 - INFO -   Test: 4 batches
2026-02-23 10:12:32,115 - experiment_chaotic_lorenz_full_chaotic_run_0 - INFO - Creating model...
2026-02-23 10:12:32,115 - experiment_chaotic_lorenz_full_chaotic_run_0 - INFO - Using actual num_speakers from dataset: 26
2026-02-23 10:13:38,689 - experiment_chaotic_lorenz_full_chaotic_run_0 - INFO - Total parameters: 584,959
2026-02-23 10:13:38,689 - experiment_chaotic_lorenz_full_chaotic_run_0 - INFO - Trainable parameters: 584,959
2026-02-23 10:13:38,689 - experiment_chaotic_lorenz_full_chaotic_run_0 - INFO - Creating optimizer...
2026-02-23 10:13:39,827 - experiment_chaotic_lorenz_full_chaotic_run_0 - INFO - Optimizer: AdamW
2026-02-23 10:13:39,827 - experiment_chaotic_lorenz_full_chaotic_run_0 - INFO - Creating scheduler...
2026-02-23 10:13:39,827 - experiment_chaotic_lorenz_full_chaotic_run_0 - INFO - Scheduler: CosineAnnealingLR
2026-02-23 10:13:39,827 - experiment_chaotic_lorenz_full_chaotic_run_0 - INFO - Creating criterion...
2026-02-23 10:13:39,827 - experiment_chaotic_lorenz_full_chaotic_run_0 - INFO - Criterion: CrossEntropyLoss
2026-02-23 10:13:39,905 - experiment_chaotic_lorenz_full_chaotic_run_0 - INFO - Configuration saved to: /scratch/project_2003370/yueyao/Model/experiments/configs/patience_early_stop/5/experiments/chaotic_lorenz_full_chaotic_run_0/config.json
2026-02-23 10:13:39,905 - experiment_chaotic_lorenz_full_chaotic_run_0 - INFO - Experiment setup completed
2026-02-23 10:13:39,906 - experiment_chaotic_lorenz_full_chaotic_run_0 - INFO - Starting training for 100 epochs
2026-02-23 10:13:40,642 - experiment_chaotic_lorenz_full_chaotic_run_0 - INFO - 
================================================================================
2026-02-23 10:13:40,642 - experiment_chaotic_lorenz_full_chaotic_run_0 - INFO - COMPREHENSIVE DEBUG - FIRST BATCH
2026-02-23 10:13:40,642 - experiment_chaotic_lorenz_full_chaotic_run_0 - INFO - ================================================================================
2026-02-23 10:13:40,643 - experiment_chaotic_lorenz_full_chaotic_run_0 - INFO - Batch Info:
2026-02-23 10:13:40,643 - experiment_chaotic_lorenz_full_chaotic_run_0 - INFO -   Audio shape: torch.Size([32, 48000])
2026-02-23 10:13:40,643 - experiment_chaotic_lorenz_full_chaotic_run_0 - INFO -   Targets shape: torch.Size([32])
2026-02-23 10:13:40,648 - experiment_chaotic_lorenz_full_chaotic_run_0 - INFO -   Targets (first 8): tensor([23, 10, 24, 14,  5, 17,  8,  0], device='cuda:0')
2026-02-23 10:13:41,325 - experiment_chaotic_lorenz_full_chaotic_run_0 - INFO - ================================================================================

2026-02-23 10:13:41,326 - experiment_chaotic_lorenz_full_chaotic_run_0 - INFO - [ADVERSARIAL] Initialized AdversarialChaoticAugmentation
2026-02-23 10:13:41,544 - experiment_chaotic_lorenz_full_chaotic_run_0 - INFO - [STABILITY] Initialized LyapunovStabilityLoss
2026-02-23 10:13:41,550 - experiment_chaotic_lorenz_full_chaotic_run_0 - DEBUG - [STABILITY] lyap=0.091, max_norm=46.0, min_std=0.016
2026-02-23 10:13:42,218 - experiment_chaotic_lorenz_full_chaotic_run_0 - INFO - Train Epoch 0: [0/472 (0.0%)]	Loss: 4.856831
2026-02-23 10:13:47,441 - experiment_chaotic_lorenz_full_chaotic_run_0 - INFO - [SYNC DEBUG] Epoch 0: sync_weight=0.01, desync_weight=0.01, loss_sync=0.000000
2026-02-23 10:13:49,501 - experiment_chaotic_lorenz_full_chaotic_run_0 - INFO - Epoch 0: Train Loss: 4.7100, Train Acc: 0.0246, Val Loss: 4.1377, Val Acc: 0.0225
2026-02-23 10:13:49,574 - experiment_chaotic_lorenz_full_chaotic_run_0 - INFO - Saved new best model at epoch 0
2026-02-23 10:13:50,333 - experiment_chaotic_lorenz_full_chaotic_run_0 - INFO - Train Epoch 1: [0/472 (0.0%)]	Loss: 4.349686
2026-02-23 10:13:55,748 - experiment_chaotic_lorenz_full_chaotic_run_0 - INFO - [SYNC DEBUG] Epoch 1: sync_weight=0.01, desync_weight=0.01, loss_sync=0.000000
2026-02-23 10:13:57,180 - experiment_chaotic_lorenz_full_chaotic_run_0 - INFO - Epoch 1: Train Loss: 4.2210, Train Acc: 0.0491, Val Loss: 4.2938, Val Acc: 0.0449
2026-02-23 10:13:57,264 - experiment_chaotic_lorenz_full_chaotic_run_0 - INFO - Saved new best model at epoch 1
2026-02-23 10:13:57,906 - experiment_chaotic_lorenz_full_chaotic_run_0 - INFO - Train Epoch 2: [0/472 (0.0%)]	Loss: 3.810868
2026-02-23 10:14:02,304 - experiment_chaotic_lorenz_full_chaotic_run_0 - INFO - [SYNC DEBUG] Epoch 2: sync_weight=0.01, desync_weight=0.01, loss_sync=0.000000
2026-02-23 10:14:03,452 - experiment_chaotic_lorenz_full_chaotic_run_0 - INFO - Epoch 2: Train Loss: 4.0253, Train Acc: 0.0402, Val Loss: 4.0444, Val Acc: 0.0225
2026-02-23 10:14:03,956 - experiment_chaotic_lorenz_full_chaotic_run_0 - INFO - Train Epoch 3: [0/472 (0.0%)]	Loss: 3.769290
2026-02-23 10:14:08,226 - experiment_chaotic_lorenz_full_chaotic_run_0 - INFO - [SYNC DEBUG] Epoch 3: sync_weight=0.01, desync_weight=0.01, loss_sync=0.000000
2026-02-23 10:14:09,390 - experiment_chaotic_lorenz_full_chaotic_run_0 - INFO - Epoch 3: Train Loss: 3.7033, Train Acc: 0.0647, Val Loss: 3.8103, Val Acc: 0.0449
2026-02-23 10:14:09,903 - experiment_chaotic_lorenz_full_chaotic_run_0 - INFO - Train Epoch 4: [0/472 (0.0%)]	Loss: 3.612037
2026-02-23 10:14:14,196 - experiment_chaotic_lorenz_full_chaotic_run_0 - INFO - [SYNC DEBUG] Epoch 4: sync_weight=0.01, desync_weight=0.01, loss_sync=0.000000
2026-02-23 10:14:15,360 - experiment_chaotic_lorenz_full_chaotic_run_0 - INFO - Epoch 4: Train Loss: 3.5630, Train Acc: 0.0692, Val Loss: 3.4240, Val Acc: 0.0899
2026-02-23 10:14:15,432 - experiment_chaotic_lorenz_full_chaotic_run_0 - INFO - Saved new best model at epoch 4
2026-02-23 10:14:16,020 - experiment_chaotic_lorenz_full_chaotic_run_0 - INFO - Train Epoch 5: [0/472 (0.0%)]	Loss: 4.435973
2026-02-23 10:14:20,910 - experiment_chaotic_lorenz_full_chaotic_run_0 - INFO - [SYNC DEBUG] Epoch 5: sync_weight=0.01, desync_weight=0.01, loss_sync=0.000000
2026-02-23 10:14:22,076 - experiment_chaotic_lorenz_full_chaotic_run_0 - INFO - Epoch 5: Train Loss: 4.3211, Train Acc: 0.1027, Val Loss: 3.1612, Val Acc: 0.1124
2026-02-23 10:14:22,154 - experiment_chaotic_lorenz_full_chaotic_run_0 - INFO - Saved new best model at epoch 5
2026-02-23 10:14:22,727 - experiment_chaotic_lorenz_full_chaotic_run_0 - INFO - Train Epoch 6: [0/472 (0.0%)]	Loss: 3.667455
2026-02-23 10:14:27,594 - experiment_chaotic_lorenz_full_chaotic_run_0 - INFO - [SYNC DEBUG] Epoch 6: sync_weight=0.01, desync_weight=0.01, loss_sync=0.000000
2026-02-23 10:14:28,747 - experiment_chaotic_lorenz_full_chaotic_run_0 - INFO - Epoch 6: Train Loss: 3.7962, Train Acc: 0.1406, Val Loss: 2.8513, Val Acc: 0.1348
2026-02-23 10:14:28,825 - experiment_chaotic_lorenz_full_chaotic_run_0 - INFO - Saved new best model at epoch 6
2026-02-23 10:14:29,409 - experiment_chaotic_lorenz_full_chaotic_run_0 - INFO - Train Epoch 7: [0/472 (0.0%)]	Loss: 3.649378
2026-02-23 10:14:29,933 - experiment_chaotic_lorenz_full_chaotic_run_0 - DEBUG - [STABILITY] lyap=0.021, max_norm=50.2, min_std=9.742
2026-02-23 10:14:34,240 - experiment_chaotic_lorenz_full_chaotic_run_0 - INFO - [SYNC DEBUG] Epoch 7: sync_weight=0.01, desync_weight=0.01, loss_sync=0.000000
2026-02-23 10:14:35,440 - experiment_chaotic_lorenz_full_chaotic_run_0 - INFO - Epoch 7: Train Loss: 3.6132, Train Acc: 0.1987, Val Loss: 2.8857, Val Acc: 0.2135
2026-02-23 10:14:35,520 - experiment_chaotic_lorenz_full_chaotic_run_0 - INFO - Saved new best model at epoch 7
2026-02-23 10:14:36,104 - experiment_chaotic_lorenz_full_chaotic_run_0 - INFO - Train Epoch 8: [0/472 (0.0%)]	Loss: 3.162087
2026-02-23 10:14:40,907 - experiment_chaotic_lorenz_full_chaotic_run_0 - INFO - [SYNC DEBUG] Epoch 8: sync_weight=0.01, desync_weight=0.01, loss_sync=0.000000
2026-02-23 10:14:42,073 - experiment_chaotic_lorenz_full_chaotic_run_0 - INFO - Epoch 8: Train Loss: 3.1930, Train Acc: 0.2388, Val Loss: 2.3967, Val Acc: 0.3483
2026-02-23 10:14:42,149 - experiment_chaotic_lorenz_full_chaotic_run_0 - INFO - Saved new best model at epoch 8
2026-02-23 10:14:42,738 - experiment_chaotic_lorenz_full_chaotic_run_0 - INFO - Train Epoch 9: [0/472 (0.0%)]	Loss: 2.889623
2026-02-23 10:14:47,485 - experiment_chaotic_lorenz_full_chaotic_run_0 - INFO - [SYNC DEBUG] Epoch 9: sync_weight=0.01, desync_weight=0.01, loss_sync=0.000000
2026-02-23 10:14:48,693 - experiment_chaotic_lorenz_full_chaotic_run_0 - INFO - Epoch 9: Train Loss: 2.9082, Train Acc: 0.2902, Val Loss: 2.0740, Val Acc: 0.3596
2026-02-23 10:14:48,771 - experiment_chaotic_lorenz_full_chaotic_run_0 - INFO - Saved new best model at epoch 9
2026-02-23 10:14:49,363 - experiment_chaotic_lorenz_full_chaotic_run_0 - INFO - Train Epoch 10: [0/472 (0.0%)]	Loss: 2.998906
2026-02-23 10:14:54,147 - experiment_chaotic_lorenz_full_chaotic_run_0 - INFO - [SYNC DEBUG] Epoch 10: sync_weight=0.01, desync_weight=0.01, loss_sync=0.000000
2026-02-23 10:14:55,340 - experiment_chaotic_lorenz_full_chaotic_run_0 - INFO - Epoch 10: Train Loss: 2.7104, Train Acc: 0.3661, Val Loss: 2.2764, Val Acc: 0.3258
2026-02-23 10:14:55,961 - experiment_chaotic_lorenz_full_chaotic_run_0 - INFO - Train Epoch 11: [0/472 (0.0%)]	Loss: 2.580721
2026-02-23 10:15:00,707 - experiment_chaotic_lorenz_full_chaotic_run_0 - INFO - [SYNC DEBUG] Epoch 11: sync_weight=0.01, desync_weight=0.01, loss_sync=0.000000
2026-02-23 10:15:01,897 - experiment_chaotic_lorenz_full_chaotic_run_0 - INFO - Epoch 11: Train Loss: 2.5257, Train Acc: 0.3705, Val Loss: 2.0815, Val Acc: 0.3258
2026-02-23 10:15:02,459 - experiment_chaotic_lorenz_full_chaotic_run_0 - INFO - Train Epoch 12: [0/472 (0.0%)]	Loss: 2.967450
2026-02-23 10:15:07,199 - experiment_chaotic_lorenz_full_chaotic_run_0 - INFO - [SYNC DEBUG] Epoch 12: sync_weight=0.01, desync_weight=0.01, loss_sync=0.000000
2026-02-23 10:15:08,380 - experiment_chaotic_lorenz_full_chaotic_run_0 - INFO - Epoch 12: Train Loss: 2.5006, Train Acc: 0.3415, Val Loss: 1.7678, Val Acc: 0.4382
2026-02-23 10:15:08,459 - experiment_chaotic_lorenz_full_chaotic_run_0 - INFO - Saved new best model at epoch 12
2026-02-23 10:15:09,064 - experiment_chaotic_lorenz_full_chaotic_run_0 - INFO - Train Epoch 13: [0/472 (0.0%)]	Loss: 2.010976
2026-02-23 10:15:13,923 - experiment_chaotic_lorenz_full_chaotic_run_0 - INFO - [SYNC DEBUG] Epoch 13: sync_weight=0.01, desync_weight=0.01, loss_sync=0.000000
2026-02-23 10:15:15,339 - experiment_chaotic_lorenz_full_chaotic_run_0 - INFO - Epoch 13: Train Loss: 2.2003, Train Acc: 0.4018, Val Loss: 1.9751, Val Acc: 0.3708
2026-02-23 10:15:16,006 - experiment_chaotic_lorenz_full_chaotic_run_0 - INFO - Train Epoch 14: [0/472 (0.0%)]	Loss: 2.185619
2026-02-23 10:15:17,565 - experiment_chaotic_lorenz_full_chaotic_run_0 - DEBUG - [STABILITY] lyap=0.016, max_norm=50.5, min_std=10.592
2026-02-23 10:15:21,899 - experiment_chaotic_lorenz_full_chaotic_run_0 - INFO - [SYNC DEBUG] Epoch 14: sync_weight=0.01, desync_weight=0.01, loss_sync=0.000000
2026-02-23 10:15:23,328 - experiment_chaotic_lorenz_full_chaotic_run_0 - INFO - Epoch 14: Train Loss: 1.9407, Train Acc: 0.5022, Val Loss: 1.8537, Val Acc: 0.3483
2026-02-23 10:15:23,978 - experiment_chaotic_lorenz_full_chaotic_run_0 - INFO - Train Epoch 15: [0/472 (0.0%)]	Loss: 1.968952
2026-02-23 10:15:29,821 - experiment_chaotic_lorenz_full_chaotic_run_0 - INFO - [SYNC DEBUG] Epoch 15: sync_weight=0.01, desync_weight=0.01, loss_sync=0.000000
2026-02-23 10:15:31,216 - experiment_chaotic_lorenz_full_chaotic_run_0 - INFO - Epoch 15: Train Loss: 1.8349, Train Acc: 0.5312, Val Loss: 1.9986, Val Acc: 0.3708
2026-02-23 10:15:31,853 - experiment_chaotic_lorenz_full_chaotic_run_0 - INFO - Train Epoch 16: [0/472 (0.0%)]	Loss: 1.973516
2026-02-23 10:15:37,647 - experiment_chaotic_lorenz_full_chaotic_run_0 - INFO - [SYNC DEBUG] Epoch 16: sync_weight=0.01, desync_weight=0.01, loss_sync=0.000000
2026-02-23 10:15:39,060 - experiment_chaotic_lorenz_full_chaotic_run_0 - INFO - Epoch 16: Train Loss: 1.6498, Train Acc: 0.5871, Val Loss: 1.4702, Val Acc: 0.5506
2026-02-23 10:15:39,138 - experiment_chaotic_lorenz_full_chaotic_run_0 - INFO - Saved new best model at epoch 16
2026-02-23 10:15:39,848 - experiment_chaotic_lorenz_full_chaotic_run_0 - INFO - Train Epoch 17: [0/472 (0.0%)]	Loss: 1.734366
2026-02-23 10:15:45,589 - experiment_chaotic_lorenz_full_chaotic_run_0 - INFO - [SYNC DEBUG] Epoch 17: sync_weight=0.01, desync_weight=0.01, loss_sync=0.000000
2026-02-23 10:15:47,043 - experiment_chaotic_lorenz_full_chaotic_run_0 - INFO - Epoch 17: Train Loss: 1.4445, Train Acc: 0.6250, Val Loss: 1.8652, Val Acc: 0.3596
2026-02-23 10:15:47,692 - experiment_chaotic_lorenz_full_chaotic_run_0 - INFO - Train Epoch 18: [0/472 (0.0%)]	Loss: 1.127240
2026-02-23 10:15:53,896 - experiment_chaotic_lorenz_full_chaotic_run_0 - INFO - [SYNC DEBUG] Epoch 18: sync_weight=0.01, desync_weight=0.01, loss_sync=0.000000
2026-02-23 10:15:55,335 - experiment_chaotic_lorenz_full_chaotic_run_0 - INFO - Epoch 18: Train Loss: 1.2510, Train Acc: 0.6853, Val Loss: 1.6085, Val Acc: 0.4270
2026-02-23 10:15:56,020 - experiment_chaotic_lorenz_full_chaotic_run_0 - INFO - Train Epoch 19: [0/472 (0.0%)]	Loss: 1.312011
2026-02-23 10:16:02,336 - experiment_chaotic_lorenz_full_chaotic_run_0 - INFO - [SYNC DEBUG] Epoch 19: sync_weight=0.01, desync_weight=0.01, loss_sync=0.000000
2026-02-23 10:16:03,705 - experiment_chaotic_lorenz_full_chaotic_run_0 - INFO - Epoch 19: Train Loss: 1.1770, Train Acc: 0.7232, Val Loss: 1.3936, Val Acc: 0.5618
2026-02-23 10:16:03,793 - experiment_chaotic_lorenz_full_chaotic_run_0 - INFO - Saved new best model at epoch 19
2026-02-23 10:16:03,830 - experiment_chaotic_lorenz_full_chaotic_run_0 - INFO - [SYNC LOSS] Dynamic activation triggered at epoch 20
2026-02-23 10:16:03,830 - experiment_chaotic_lorenz_full_chaotic_run_0 - INFO - [SYNC LOSS] Train accuracy 72.32% >= threshold 70.00%
2026-02-23 10:16:04,507 - experiment_chaotic_lorenz_full_chaotic_run_0 - INFO - Train Epoch 20: [0/472 (0.0%)]	Loss: 1.039144
2026-02-23 10:16:10,435 - experiment_chaotic_lorenz_full_chaotic_run_0 - INFO - [SYNC DEBUG] Epoch 20: sync_weight=0.01, desync_weight=0.01, loss_sync=0.049660
2026-02-23 10:16:11,779 - experiment_chaotic_lorenz_full_chaotic_run_0 - INFO - Epoch 20: Train Loss: 1.1017, Train Acc: 0.7277, Val Loss: 1.2778, Val Acc: 0.5843
2026-02-23 10:16:11,858 - experiment_chaotic_lorenz_full_chaotic_run_0 - INFO - Saved new best model at epoch 20
2026-02-23 10:16:12,538 - experiment_chaotic_lorenz_full_chaotic_run_0 - INFO - Train Epoch 21: [0/472 (0.0%)]	Loss: 1.330941
2026-02-23 10:16:15,018 - experiment_chaotic_lorenz_full_chaotic_run_0 - DEBUG - [STABILITY] lyap=0.014, max_norm=50.1, min_std=11.292
2026-02-23 10:16:18,641 - experiment_chaotic_lorenz_full_chaotic_run_0 - INFO - [SYNC DEBUG] Epoch 21: sync_weight=0.01, desync_weight=0.01, loss_sync=0.049767
2026-02-23 10:16:19,900 - experiment_chaotic_lorenz_full_chaotic_run_0 - INFO - Epoch 21: Train Loss: 0.9765, Train Acc: 0.7790, Val Loss: 1.3599, Val Acc: 0.5506
2026-02-23 10:16:20,506 - experiment_chaotic_lorenz_full_chaotic_run_0 - INFO - Train Epoch 22: [0/472 (0.0%)]	Loss: 0.745624
2026-02-23 10:16:26,564 - experiment_chaotic_lorenz_full_chaotic_run_0 - INFO - [SYNC DEBUG] Epoch 22: sync_weight=0.01, desync_weight=0.01, loss_sync=0.050104
2026-02-23 10:16:27,917 - experiment_chaotic_lorenz_full_chaotic_run_0 - INFO - Epoch 22: Train Loss: 0.8380, Train Acc: 0.7946, Val Loss: 0.9781, Val Acc: 0.6292
2026-02-23 10:16:28,030 - experiment_chaotic_lorenz_full_chaotic_run_0 - INFO - Saved new best model at epoch 22
2026-02-23 10:16:28,689 - experiment_chaotic_lorenz_full_chaotic_run_0 - INFO - Train Epoch 23: [0/472 (0.0%)]	Loss: 0.629814
2026-02-23 10:16:34,618 - experiment_chaotic_lorenz_full_chaotic_run_0 - INFO - [SYNC DEBUG] Epoch 23: sync_weight=0.01, desync_weight=0.01, loss_sync=0.050263
2026-02-23 10:16:36,003 - experiment_chaotic_lorenz_full_chaotic_run_0 - INFO - Epoch 23: Train Loss: 0.8077, Train Acc: 0.8170, Val Loss: 1.2692, Val Acc: 0.5955
2026-02-23 10:16:36,699 - experiment_chaotic_lorenz_full_chaotic_run_0 - INFO - Train Epoch 24: [0/472 (0.0%)]	Loss: 0.728083
2026-02-23 10:16:42,644 - experiment_chaotic_lorenz_full_chaotic_run_0 - INFO - [SYNC DEBUG] Epoch 24: sync_weight=0.01, desync_weight=0.01, loss_sync=0.050006
2026-02-23 10:16:44,111 - experiment_chaotic_lorenz_full_chaotic_run_0 - INFO - Epoch 24: Train Loss: 0.6123, Train Acc: 0.8661, Val Loss: 1.3461, Val Acc: 0.5169
2026-02-23 10:16:44,801 - experiment_chaotic_lorenz_full_chaotic_run_0 - INFO - Train Epoch 25: [0/472 (0.0%)]	Loss: 0.777767
2026-02-23 10:16:50,683 - experiment_chaotic_lorenz_full_chaotic_run_0 - INFO - [SYNC DEBUG] Epoch 25: sync_weight=0.01, desync_weight=0.01, loss_sync=0.049820
2026-02-23 10:16:52,136 - experiment_chaotic_lorenz_full_chaotic_run_0 - INFO - Epoch 25: Train Loss: 0.5979, Train Acc: 0.8817, Val Loss: 1.5775, Val Acc: 0.5056
2026-02-23 10:16:52,772 - experiment_chaotic_lorenz_full_chaotic_run_0 - INFO - Train Epoch 26: [0/472 (0.0%)]	Loss: 0.439295
2026-02-23 10:16:58,552 - experiment_chaotic_lorenz_full_chaotic_run_0 - INFO - [SYNC DEBUG] Epoch 26: sync_weight=0.01, desync_weight=0.01, loss_sync=0.050090
2026-02-23 10:16:59,929 - experiment_chaotic_lorenz_full_chaotic_run_0 - INFO - Epoch 26: Train Loss: 0.5230, Train Acc: 0.8862, Val Loss: 0.9012, Val Acc: 0.7191
2026-02-23 10:17:00,011 - experiment_chaotic_lorenz_full_chaotic_run_0 - INFO - Saved new best model at epoch 26
2026-02-23 10:17:00,756 - experiment_chaotic_lorenz_full_chaotic_run_0 - INFO - Train Epoch 27: [0/472 (0.0%)]	Loss: 0.535448
2026-02-23 10:17:06,632 - experiment_chaotic_lorenz_full_chaotic_run_0 - INFO - [SYNC DEBUG] Epoch 27: sync_weight=0.01, desync_weight=0.01, loss_sync=0.049802
2026-02-23 10:17:08,081 - experiment_chaotic_lorenz_full_chaotic_run_0 - INFO - Epoch 27: Train Loss: 0.5010, Train Acc: 0.8728, Val Loss: 1.4359, Val Acc: 0.5506
2026-02-23 10:17:08,717 - experiment_chaotic_lorenz_full_chaotic_run_0 - INFO - Train Epoch 28: [0/472 (0.0%)]	Loss: 0.560357
2026-02-23 10:17:11,961 - experiment_chaotic_lorenz_full_chaotic_run_0 - DEBUG - [STABILITY] lyap=0.014, max_norm=49.7, min_std=11.253
2026-02-23 10:17:14,591 - experiment_chaotic_lorenz_full_chaotic_run_0 - INFO - [SYNC DEBUG] Epoch 28: sync_weight=0.01, desync_weight=0.01, loss_sync=0.049638
2026-02-23 10:17:15,959 - experiment_chaotic_lorenz_full_chaotic_run_0 - INFO - Epoch 28: Train Loss: 0.4708, Train Acc: 0.9152, Val Loss: 0.8325, Val Acc: 0.6966
2026-02-23 10:17:16,651 - experiment_chaotic_lorenz_full_chaotic_run_0 - INFO - Train Epoch 29: [0/472 (0.0%)]	Loss: 0.686039
2026-02-23 10:17:22,682 - experiment_chaotic_lorenz_full_chaotic_run_0 - INFO - [SYNC DEBUG] Epoch 29: sync_weight=0.01, desync_weight=0.01, loss_sync=0.049661
2026-02-23 10:17:24,140 - experiment_chaotic_lorenz_full_chaotic_run_0 - INFO - Epoch 29: Train Loss: 0.4025, Train Acc: 0.9353, Val Loss: 1.4285, Val Acc: 0.5955
2026-02-23 10:17:24,823 - experiment_chaotic_lorenz_full_chaotic_run_0 - INFO - Train Epoch 30: [0/472 (0.0%)]	Loss: 0.396418
2026-02-23 10:17:30,806 - experiment_chaotic_lorenz_full_chaotic_run_0 - INFO - [SYNC DEBUG] Epoch 30: sync_weight=0.01, desync_weight=0.01, loss_sync=0.050132
2026-02-23 10:17:32,235 - experiment_chaotic_lorenz_full_chaotic_run_0 - INFO - Epoch 30: Train Loss: 0.4286, Train Acc: 0.9219, Val Loss: 1.3621, Val Acc: 0.5730
2026-02-23 10:17:33,088 - experiment_chaotic_lorenz_full_chaotic_run_0 - INFO - Train Epoch 31: [0/472 (0.0%)]	Loss: 0.310243
2026-02-23 10:17:38,967 - experiment_chaotic_lorenz_full_chaotic_run_0 - INFO - [SYNC DEBUG] Epoch 31: sync_weight=0.01, desync_weight=0.01, loss_sync=0.049918
2026-02-23 10:17:40,387 - experiment_chaotic_lorenz_full_chaotic_run_0 - INFO - Epoch 31: Train Loss: 0.3883, Train Acc: 0.9353, Val Loss: 1.7779, Val Acc: 0.5393
2026-02-23 10:17:40,389 - experiment_chaotic_lorenz_full_chaotic_run_0 - INFO - Early stopping triggered at epoch 31
2026-02-23 10:17:40,408 - experiment_chaotic_lorenz_full_chaotic_run_0 - INFO - Running final test evaluation...
2026-02-23 10:17:41,989 - experiment_chaotic_lorenz_full_chaotic_run_0 - INFO - Test Results:
2026-02-23 10:17:41,989 - experiment_chaotic_lorenz_full_chaotic_run_0 - INFO -   loss: 1.7181
2026-02-23 10:17:41,989 - experiment_chaotic_lorenz_full_chaotic_run_0 - INFO -   accuracy: 0.4915
2026-02-23 10:17:41,989 - experiment_chaotic_lorenz_full_chaotic_run_0 - INFO -   avg_confidence: 0.9373
2026-02-23 10:17:41,989 - experiment_chaotic_lorenz_full_chaotic_run_0 - INFO -   embedding_diversity: 0.0552
2026-02-23 10:17:41,989 - experiment_chaotic_lorenz_full_chaotic_run_0 - INFO -   embedding_norm_mean: 1.0000
2026-02-23 10:17:41,989 - experiment_chaotic_lorenz_full_chaotic_run_0 - INFO -   embedding_norm_std: 0.0000
2026-02-23 10:17:42,005 - experiment_chaotic_lorenz_full_chaotic_run_0 - INFO - Training completed
2026-02-23 10:17:43,088 - experiment_chaotic_lorenz_full_chaotic_run_0 - INFO - Running comprehensive chaotic network analysis...
2026-02-23 10:17:43,089 - experiment_chaotic_lorenz_full_chaotic_run_0 - INFO - Analyzing chaotic features and dynamics...
2026-02-23 10:17:44,052 - experiment_chaotic_lorenz_full_chaotic_run_0 - INFO - Chaotic analysis completed
2026-02-23 10:17:44,053 - experiment_chaotic_lorenz_full_chaotic_run_0 - INFO - Creating chaotic dynamics visualizations...
2026-02-23 10:17:46,542 - experiment_chaotic_lorenz_full_chaotic_run_0 - WARNING - Embedding plotting failed: boolean index did not match indexed array along dimension 0; dimension is 8 but corresponding boolean dimension is 32
2026-02-23 10:17:46,549 - experiment_chaotic_lorenz_full_chaotic_run_0 - INFO - Chaotic network analysis completed
