2026-01-09 16:02:46,491 - chaotic_trainer - INFO - ============================================================
2026-01-09 16:02:46,492 - chaotic_trainer - INFO - CHAOTIC NEURAL NETWORKS TRAINING
2026-01-09 16:02:46,492 - chaotic_trainer - INFO - ============================================================
2026-01-09 16:02:46,492 - chaotic_trainer - INFO - Output directory: /scratch/project_2003370/yueyao/Model/experiments/configs/sync_experiments/H3a
2026-01-09 16:02:46,492 - chaotic_trainer - INFO - Configuration: {
  "_nested": {
    "experiment": {
      "name": "sync_ablation_A_full",
      "description": "Full model with all loss functions enabled",
      "version": "2.0"
    },
    "data": {
      "data_dir": "/scratch/project_2003370/yueyao/dataset/mini_librispeech/LibriSpeech/dev-clean-2",
      "train_split": 0.7,
      "val_split": 0.15,
      "test_split": 0.15,
      "num_workers": 4,
      "pin_memory": true
    },
    "audio": {
      "sample_rate": 16000,
      "max_audio_length": 3.0,
      "min_audio_length": 0.5,
      "frame_length": 400,
      "hop_length": 160,
      "normalize": true
    },
    "model": {
      "type": "full_chaotic",
      "num_speakers": 251,
      "phase_space": {
        "embedding_dim": 10,
        "delay_method": "autocorr"
      },
      "chaotic_features": {
        "mlsa": {
          "scales": 5
        },
        "rqa": {
          "radius_ratio": 0.1
        }
      },
      "chaotic_embedding": {
        "system_type": "lorenz",
        "evolution_time": 0.5,
        "time_step": 0.01,
        "lorenz": {
          "sigma": 10.0,
          "rho": 28.0,
          "beta": 2.6667
        }
      },
      "attractor_pooling": {
        "type": "comprehensive"
      },
      "speaker_embedding": {
        "dim": 256,
        "hidden_dims": [
          512,
          256,
          128
        ],
        "dropout_rate": 0.3,
        "use_batch_norm": true
      },
      "classifier": {
        "type": "cosine",
        "temperature": 30.0
      }
    },
    "optional_modules": {
      "bifurcation_control": {
        "enabled": false
      },
      "differentiable_features": {
        "enabled": true
      }
    },
    "loss": {
      "classification": {
        "type": "cross_entropy"
      },
      "stability": {
        "enabled": true,
        "weight": 0.1,
        "target_lyapunov_range": [
          0.1,
          2.0
        ],
        "trajectory_bound": 50.0,
        "collapse_threshold": 0.1,
        "diversity_weight": 0.05
      },
      "synchronization": {
        "enabled": true,
        "sync_weight": 0.1,
        "desync_weight": 0.1,
        "margin": 5.0,
        "sample_ratio": 1.0,
        "distance_type": "euclidean"
      },
      "adversarial": {
        "enabled": true,
        "warmup_epochs": 5,
        "perturbation_scale": 0.1,
        "weight": 0.3
      }
    },
    "training": {
      "batch_size": 32,
      "num_epochs": 100,
      "gradient_clipping": 1.0,
      "optimizer": {
        "type": "adamw",
        "learning_rate": 0.0005,
        "weight_decay": 0.0001,
        "betas": [
          0.9,
          0.999
        ]
      },
      "scheduler": {
        "type": "cosine",
        "T_max": 100,
        "eta_min": 1e-06
      },
      "early_stopping": {
        "enabled": true,
        "patience": 30,
        "monitor": "val_accuracy",
        "mode": "max"
      },
      "checkpoint": {
        "save_best_only": true,
        "save_frequency": 10
      }
    },
    "hardware": {
      "device": "auto",
      "seed": 42
    },
    "output": {
      "base_dir": "./experiments/outputs/experiment_A"
    }
  },
  "num_speakers": 251,
  "model_type": "full_chaotic",
  "embedding_dim": 10,
  "delay_method": "autocorr",
  "mlsa_scales": 5,
  "rqa_radius_ratio": 0.1,
  "chaotic_system": "lorenz",
  "evolution_time": 0.5,
  "time_step": 0.01,
  "coupling_strength": 1.0,
  "noise_level": 0.001,
  "pooling_type": "comprehensive",
  "speaker_embedding_dim": 256,
  "embedding_hidden_dims": [
    512,
    256,
    128
  ],
  "classifier_type": "cosine",
  "temperature": 30.0,
  "margin": 0.35,
  "batch_size": 32,
  "num_epochs": 100,
  "learning_rate": 0.0005,
  "weight_decay": 0.0001,
  "gradient_clipping": 1.0,
  "optimizer": {
    "type": "adamw",
    "params": {
      "betas": [
        0.9,
        0.999
      ],
      "eps": 1e-08,
      "weight_decay": 0.0001
    }
  },
  "scheduler": {
    "type": "cosine",
    "params": {
      "T_max": 100,
      "eta_min": 1e-06
    }
  },
  "early_stopping": {
    "patience": 30
  },
  "sample_rate": 16000,
  "max_audio_length": 3.0,
  "frame_length": 400,
  "hop_length": 160,
  "data_dir": "/scratch/project_2003370/yueyao/dataset/mini_librispeech/LibriSpeech/dev-clean-2",
  "device": "auto",
  "seed": 42,
  "loss_config": {
    "classification": {
      "type": "cross_entropy"
    },
    "stability": {
      "enabled": true,
      "weight": 0.1,
      "target_lyapunov_range": [
        0.1,
        2.0
      ],
      "trajectory_bound": 50.0,
      "collapse_threshold": 0.1,
      "diversity_weight": 0.05
    },
    "synchronization": {
      "enabled": true,
      "sync_weight": 0.1,
      "desync_weight": 0.1,
      "margin": 5.0,
      "sample_ratio": 1.0,
      "distance_type": "euclidean"
    },
    "adversarial": {
      "enabled": true,
      "warmup_epochs": 5,
      "perturbation_scale": 0.1,
      "weight": 0.3
    }
  },
  "optional_modules": {
    "bifurcation_control": {
      "enabled": false
    },
    "differentiable_features": {
      "enabled": true
    }
  },
  "epochs": 100,
  "optimize_parameters": true
}
2026-01-09 16:02:46,534 - chaotic_trainer - INFO - System info: {'platform': 'Linux-4.18.0-553.74.1.el8_10.x86_64-x86_64-with-glibc2.28', 'system': 'Linux', 'node': 'g1102.mahti.csc.fi', 'release': '4.18.0-553.74.1.el8_10.x86_64', 'version': '#1 SMP Sun Sep 7 09:23:35 EDT 2025', 'machine': 'x86_64', 'processor': 'x86_64', 'python_version': '3.12.10 (main, Jun  3 2025, 21:04:06) [GCC 8.5.0 20210514 (Red Hat 8.5.0-26)]', 'python_executable': '/usr/bin/python', 'cpu_count': 256, 'total_memory': 540285186048, 'available_memory': 495218757632, 'gpu_info': {'cuda_available': True, 'cuda_version': '12.6', 'gpu_count': 1, 'gpu_names': ['NVIDIA A100-SXM4-40GB MIG 1g.5gb']}, 'package_versions': {'numpy': '1.26.4', 'scipy': '1.13.1', 'scikit-learn': 'not installed', 'librosa': '0.11.0', 'soundfile': '0.13.1', 'torch': '2.7.1+cu126', 'tensorflow': 'not installed', 'matplotlib': '3.10.3', 'pandas': '2.3.0'}, 'git_info': {'commit_hash': '51c92cdc63686073ead2a70ee657542846b3dc20', 'branch': 'origin', 'is_dirty': True}}
2026-01-09 16:02:46,534 - chaotic_trainer - INFO - Training 1 systems × 1 types × 1 runs...
2026-01-09 16:02:46,534 - chaotic_trainer - INFO - Systems: ['lorenz']
2026-01-09 16:02:46,534 - chaotic_trainer - INFO - Model types: ['full_chaotic']
2026-01-09 16:02:46,534 - chaotic_trainer - INFO - 
============================================================
2026-01-09 16:02:46,534 - chaotic_trainer - INFO - TRAINING: LORENZ + FULL_CHAOTIC
2026-01-09 16:02:46,534 - chaotic_trainer - INFO - ============================================================
2026-01-09 16:02:46,534 - chaotic_trainer - INFO - Training chaotic_lorenz_full_chaotic_run_0...
2026-01-09 16:02:46,534 - chaotic_trainer - INFO - Optimizing parameters for lorenz system...
2026-01-09 16:02:46,547 - chaotic_trainer - INFO - Setting up chaotic_lorenz_full_chaotic_run_0...
2026-01-09 16:03:19,648 - chaotic_trainer - INFO - 🚀 No checkpoint specified, starting from scratch
2026-01-09 16:03:19,648 - chaotic_trainer - INFO - Model parameters: 458,181 (trainable: 458,181)
2026-01-09 16:03:19,648 - chaotic_trainer - INFO - Training with chaotic dynamics monitoring...
2026-01-09 16:03:19,648 - chaotic_trainer - INFO - Starting training from epoch 0 for 100 more epochs...
2026-01-09 16:16:11,994 - chaotic_trainer - INFO - Evaluating chaotic_lorenz_full_chaotic_run_0...
2026-01-09 16:16:12,819 - chaotic_trainer - INFO - Running chaotic analysis...
2026-01-09 16:16:15,821 - chaotic_trainer - INFO - Completed chaotic_lorenz_full_chaotic_run_0: Accuracy: 0.9407, Loss: 0.2266, Time: 805.4s
2026-01-09 16:16:15,911 - chaotic_trainer - INFO - Progress: 1/1 (100.0%)
2026-01-09 16:16:15,911 - chaotic_trainer - INFO - lorenz + full_chaotic Summary: 0.9407 ± 0.0000
2026-01-09 16:16:15,911 - chaotic_trainer - INFO - Analyzing chaotic training results...
2026-01-09 16:16:15,913 - chaotic_trainer - INFO - Generating comprehensive chaotic training report...
2026-01-09 16:16:17,580 - chaotic_trainer - INFO - Visualizations saved to: /scratch/project_2003370/yueyao/Model/experiments/configs/sync_experiments/H3a/visualizations
2026-01-09 16:16:17,580 - chaotic_trainer - INFO - Reports generated:
2026-01-09 16:16:17,580 - chaotic_trainer - INFO -   Text report: /scratch/project_2003370/yueyao/Model/experiments/configs/sync_experiments/H3a/chaotic_training_report.txt
2026-01-09 16:16:17,580 - chaotic_trainer - INFO -   JSON report: /scratch/project_2003370/yueyao/Model/experiments/configs/sync_experiments/H3a/chaotic_training_results.json
2026-01-09 16:16:17,580 - chaotic_trainer - INFO - Chaotic training completed.
2026-01-09 16:16:17,581 - chaotic_trainer - INFO - ============================================================
2026-01-09 23:13:33,725 - chaotic_trainer - INFO - ============================================================
2026-01-09 23:13:33,746 - chaotic_trainer - INFO - CHAOTIC NEURAL NETWORKS TRAINING
2026-01-09 23:13:33,746 - chaotic_trainer - INFO - ============================================================
2026-01-09 23:13:33,746 - chaotic_trainer - INFO - Output directory: /scratch/project_2003370/yueyao/Model/experiments/configs/sync_experiments/H3a
2026-01-09 23:13:33,746 - chaotic_trainer - INFO - Configuration: {
  "_nested": {
    "experiment": {
      "name": "sync_ablation_A_full",
      "description": "Full model with all loss functions enabled",
      "version": "2.0"
    },
    "data": {
      "data_dir": "/scratch/project_2003370/yueyao/dataset/mini_librispeech/LibriSpeech/dev-clean-2",
      "train_split": 0.7,
      "val_split": 0.15,
      "test_split": 0.15,
      "num_workers": 4,
      "pin_memory": true
    },
    "audio": {
      "sample_rate": 16000,
      "max_audio_length": 3.0,
      "min_audio_length": 0.5,
      "frame_length": 400,
      "hop_length": 160,
      "normalize": true
    },
    "model": {
      "type": "full_chaotic",
      "num_speakers": 251,
      "phase_space": {
        "embedding_dim": 10,
        "delay_method": "autocorr"
      },
      "chaotic_features": {
        "mlsa": {
          "scales": 5
        },
        "rqa": {
          "radius_ratio": 0.1
        }
      },
      "chaotic_embedding": {
        "system_type": "lorenz",
        "evolution_time": 0.5,
        "time_step": 0.01,
        "lorenz": {
          "sigma": 10.0,
          "rho": 28.0,
          "beta": 2.6667
        }
      },
      "attractor_pooling": {
        "type": "comprehensive"
      },
      "speaker_embedding": {
        "dim": 256,
        "hidden_dims": [
          512,
          256,
          128
        ],
        "dropout_rate": 0.3,
        "use_batch_norm": true
      },
      "classifier": {
        "type": "cosine",
        "temperature": 30.0
      }
    },
    "optional_modules": {
      "bifurcation_control": {
        "enabled": false
      },
      "differentiable_features": {
        "enabled": true
      }
    },
    "loss": {
      "classification": {
        "type": "cross_entropy"
      },
      "stability": {
        "enabled": true,
        "weight": 0.1,
        "target_lyapunov_range": [
          0.1,
          2.0
        ],
        "trajectory_bound": 50.0,
        "collapse_threshold": 0.1,
        "diversity_weight": 0.05
      },
      "synchronization": {
        "enabled": true,
        "sync_weight": 0.1,
        "desync_weight": 0.1,
        "margin": 5.0,
        "sample_ratio": 1.0,
        "distance_type": "euclidean"
      },
      "adversarial": {
        "enabled": true,
        "warmup_epochs": 5,
        "perturbation_scale": 0.1,
        "weight": 0.3
      }
    },
    "training": {
      "batch_size": 32,
      "num_epochs": 100,
      "gradient_clipping": 1.0,
      "optimizer": {
        "type": "adamw",
        "learning_rate": 0.0005,
        "weight_decay": 0.0001,
        "betas": [
          0.9,
          0.999
        ]
      },
      "scheduler": {
        "type": "cosine",
        "T_max": 100,
        "eta_min": 1e-06
      },
      "early_stopping": {
        "enabled": true,
        "patience": 30,
        "monitor": "val_accuracy",
        "mode": "max"
      },
      "checkpoint": {
        "save_best_only": true,
        "save_frequency": 10
      }
    },
    "hardware": {
      "device": "auto",
      "seed": 42
    },
    "output": {
      "base_dir": "./experiments/outputs/experiment_A"
    }
  },
  "num_speakers": 251,
  "model_type": "full_chaotic",
  "embedding_dim": 10,
  "delay_method": "autocorr",
  "mlsa_scales": 5,
  "rqa_radius_ratio": 0.1,
  "chaotic_system": "lorenz",
  "evolution_time": 0.5,
  "time_step": 0.01,
  "coupling_strength": 1.0,
  "noise_level": 0.001,
  "pooling_type": "comprehensive",
  "speaker_embedding_dim": 256,
  "embedding_hidden_dims": [
    512,
    256,
    128
  ],
  "classifier_type": "cosine",
  "temperature": 30.0,
  "margin": 0.35,
  "batch_size": 32,
  "num_epochs": 100,
  "learning_rate": 0.0005,
  "weight_decay": 0.0001,
  "gradient_clipping": 1.0,
  "optimizer": {
    "type": "adamw",
    "params": {
      "betas": [
        0.9,
        0.999
      ],
      "eps": 1e-08,
      "weight_decay": 0.0001
    }
  },
  "scheduler": {
    "type": "cosine",
    "params": {
      "T_max": 100,
      "eta_min": 1e-06
    }
  },
  "early_stopping": {
    "patience": 30
  },
  "sample_rate": 16000,
  "max_audio_length": 3.0,
  "frame_length": 400,
  "hop_length": 160,
  "data_dir": "/scratch/project_2003370/yueyao/dataset/mini_librispeech/LibriSpeech/dev-clean-2",
  "device": "auto",
  "seed": 42,
  "loss_config": {
    "classification": {
      "type": "cross_entropy"
    },
    "stability": {
      "enabled": true,
      "weight": 0.1,
      "target_lyapunov_range": [
        0.1,
        2.0
      ],
      "trajectory_bound": 50.0,
      "collapse_threshold": 0.1,
      "diversity_weight": 0.05
    },
    "synchronization": {
      "enabled": true,
      "sync_weight": 0.1,
      "desync_weight": 0.1,
      "margin": 5.0,
      "sample_ratio": 1.0,
      "distance_type": "euclidean"
    },
    "adversarial": {
      "enabled": true,
      "warmup_epochs": 5,
      "perturbation_scale": 0.1,
      "weight": 0.3
    }
  },
  "optional_modules": {
    "bifurcation_control": {
      "enabled": false
    },
    "differentiable_features": {
      "enabled": true
    }
  },
  "epochs": 100,
  "optimize_parameters": true
}
2026-01-09 23:13:33,791 - chaotic_trainer - INFO - System info: {'platform': 'Linux-4.18.0-553.74.1.el8_10.x86_64-x86_64-with-glibc2.28', 'system': 'Linux', 'node': 'g1102.mahti.csc.fi', 'release': '4.18.0-553.74.1.el8_10.x86_64', 'version': '#1 SMP Sun Sep 7 09:23:35 EDT 2025', 'machine': 'x86_64', 'processor': 'x86_64', 'python_version': '3.12.10 (main, Jun  3 2025, 21:04:06) [GCC 8.5.0 20210514 (Red Hat 8.5.0-26)]', 'python_executable': '/usr/bin/python', 'cpu_count': 256, 'total_memory': 540285186048, 'available_memory': 505107517440, 'gpu_info': {'cuda_available': True, 'cuda_version': '12.6', 'gpu_count': 1, 'gpu_names': ['NVIDIA A100-SXM4-40GB MIG 1g.5gb']}, 'package_versions': {'numpy': '1.26.4', 'scipy': '1.13.1', 'scikit-learn': 'not installed', 'librosa': '0.11.0', 'soundfile': '0.13.1', 'torch': '2.7.1+cu126', 'tensorflow': 'not installed', 'matplotlib': '3.10.3', 'pandas': '2.3.0'}, 'git_info': {'commit_hash': '51c92cdc63686073ead2a70ee657542846b3dc20', 'branch': 'origin', 'is_dirty': True}}
2026-01-09 23:13:33,791 - chaotic_trainer - INFO - Training 1 systems × 1 types × 1 runs...
2026-01-09 23:13:33,791 - chaotic_trainer - INFO - Systems: ['lorenz']
2026-01-09 23:13:33,791 - chaotic_trainer - INFO - Model types: ['full_chaotic']
2026-01-09 23:13:33,791 - chaotic_trainer - INFO - 
============================================================
2026-01-09 23:13:33,791 - chaotic_trainer - INFO - TRAINING: LORENZ + FULL_CHAOTIC
2026-01-09 23:13:33,791 - chaotic_trainer - INFO - ============================================================
2026-01-09 23:13:33,791 - chaotic_trainer - INFO - Training chaotic_lorenz_full_chaotic_run_0...
2026-01-09 23:13:33,791 - chaotic_trainer - INFO - Optimizing parameters for lorenz system...
2026-01-09 23:13:33,816 - chaotic_trainer - INFO - Setting up chaotic_lorenz_full_chaotic_run_0...
2026-01-09 23:14:06,406 - chaotic_trainer - INFO - 🚀 No checkpoint specified, starting from scratch
2026-01-09 23:14:06,406 - chaotic_trainer - INFO - Model parameters: 458,181 (trainable: 458,181)
2026-01-09 23:14:06,406 - chaotic_trainer - INFO - Training with chaotic dynamics monitoring...
2026-01-09 23:14:06,406 - chaotic_trainer - INFO - Starting training from epoch 0 for 100 more epochs...
2026-01-09 23:27:58,754 - chaotic_trainer - INFO - Evaluating chaotic_lorenz_full_chaotic_run_0...
2026-01-09 23:27:59,583 - chaotic_trainer - INFO - Running chaotic analysis...
2026-01-09 23:28:02,744 - chaotic_trainer - INFO - Completed chaotic_lorenz_full_chaotic_run_0: Accuracy: 0.9661, Loss: 0.1390, Time: 864.9s
2026-01-09 23:28:02,834 - chaotic_trainer - INFO - Progress: 1/1 (100.0%)
2026-01-09 23:28:02,834 - chaotic_trainer - INFO - lorenz + full_chaotic Summary: 0.9661 ± 0.0000
2026-01-09 23:28:02,834 - chaotic_trainer - INFO - Analyzing chaotic training results...
2026-01-09 23:28:02,835 - chaotic_trainer - INFO - Generating comprehensive chaotic training report...
2026-01-09 23:28:04,442 - chaotic_trainer - INFO - Visualizations saved to: /scratch/project_2003370/yueyao/Model/experiments/configs/sync_experiments/H3a/visualizations
2026-01-09 23:28:04,442 - chaotic_trainer - INFO - Reports generated:
2026-01-09 23:28:04,443 - chaotic_trainer - INFO -   Text report: /scratch/project_2003370/yueyao/Model/experiments/configs/sync_experiments/H3a/chaotic_training_report.txt
2026-01-09 23:28:04,443 - chaotic_trainer - INFO -   JSON report: /scratch/project_2003370/yueyao/Model/experiments/configs/sync_experiments/H3a/chaotic_training_results.json
2026-01-09 23:28:04,443 - chaotic_trainer - INFO - Chaotic training completed.
2026-01-09 23:28:04,443 - chaotic_trainer - INFO - ============================================================
2026-01-10 10:37:13,532 - chaotic_trainer - INFO - ============================================================
2026-01-10 10:37:13,545 - chaotic_trainer - INFO - CHAOTIC NEURAL NETWORKS TRAINING
2026-01-10 10:37:13,545 - chaotic_trainer - INFO - ============================================================
2026-01-10 10:37:13,546 - chaotic_trainer - INFO - Output directory: /scratch/project_2003370/yueyao/Model/experiments/configs/sync_experiments/H3a
2026-01-10 10:37:13,546 - chaotic_trainer - INFO - Configuration: {
  "_nested": {
    "experiment": {
      "name": "sync_ablation_A_full",
      "description": "Full model with all loss functions enabled",
      "version": "2.0"
    },
    "data": {
      "data_dir": "/scratch/project_2003370/yueyao/dataset/mini_librispeech/LibriSpeech/dev-clean-2",
      "train_split": 0.7,
      "val_split": 0.15,
      "test_split": 0.15,
      "num_workers": 4,
      "pin_memory": true
    },
    "audio": {
      "sample_rate": 16000,
      "max_audio_length": 3.0,
      "min_audio_length": 0.5,
      "frame_length": 400,
      "hop_length": 160,
      "normalize": true
    },
    "model": {
      "type": "full_chaotic",
      "num_speakers": 251,
      "phase_space": {
        "embedding_dim": 10,
        "delay_method": "autocorr"
      },
      "chaotic_features": {
        "mlsa": {
          "scales": 5
        },
        "rqa": {
          "radius_ratio": 0.1
        }
      },
      "chaotic_embedding": {
        "system_type": "lorenz",
        "evolution_time": 0.5,
        "time_step": 0.01,
        "lorenz": {
          "sigma": 10.0,
          "rho": 28.0,
          "beta": 2.6667
        }
      },
      "attractor_pooling": {
        "type": "comprehensive"
      },
      "speaker_embedding": {
        "dim": 256,
        "hidden_dims": [
          512,
          256,
          128
        ],
        "dropout_rate": 0.3,
        "use_batch_norm": true
      },
      "classifier": {
        "type": "cosine",
        "temperature": 30.0
      }
    },
    "optional_modules": {
      "bifurcation_control": {
        "enabled": false
      },
      "differentiable_features": {
        "enabled": true
      }
    },
    "loss": {
      "classification": {
        "type": "cross_entropy"
      },
      "stability": {
        "enabled": true,
        "weight": 0.1,
        "target_lyapunov_range": [
          0.1,
          2.0
        ],
        "trajectory_bound": 50.0,
        "collapse_threshold": 0.1,
        "diversity_weight": 0.05
      },
      "synchronization": {
        "enabled": true,
        "sync_weight": 0.1,
        "desync_weight": 0.1,
        "margin": 5.0,
        "sample_ratio": 1.0,
        "distance_type": "euclidean"
      },
      "adversarial": {
        "enabled": true,
        "warmup_epochs": 5,
        "perturbation_scale": 0.1,
        "weight": 0.3
      }
    },
    "training": {
      "batch_size": 32,
      "num_epochs": 100,
      "gradient_clipping": 1.0,
      "optimizer": {
        "type": "adamw",
        "learning_rate": 0.0005,
        "weight_decay": 0.0001,
        "betas": [
          0.9,
          0.999
        ]
      },
      "scheduler": {
        "type": "cosine",
        "T_max": 100,
        "eta_min": 1e-06
      },
      "early_stopping": {
        "enabled": true,
        "patience": 30,
        "monitor": "val_accuracy",
        "mode": "max"
      },
      "checkpoint": {
        "save_best_only": true,
        "save_frequency": 10
      }
    },
    "hardware": {
      "device": "auto",
      "seed": 42
    },
    "output": {
      "base_dir": "./experiments/outputs/experiment_A"
    }
  },
  "num_speakers": 251,
  "model_type": "full_chaotic",
  "embedding_dim": 10,
  "delay_method": "autocorr",
  "mlsa_scales": 5,
  "rqa_radius_ratio": 0.1,
  "chaotic_system": "lorenz",
  "evolution_time": 0.5,
  "time_step": 0.01,
  "coupling_strength": 1.0,
  "noise_level": 0.001,
  "pooling_type": "comprehensive",
  "speaker_embedding_dim": 256,
  "embedding_hidden_dims": [
    512,
    256,
    128
  ],
  "classifier_type": "cosine",
  "temperature": 30.0,
  "margin": 0.35,
  "batch_size": 32,
  "num_epochs": 100,
  "learning_rate": 0.0005,
  "weight_decay": 0.0001,
  "gradient_clipping": 1.0,
  "optimizer": {
    "type": "adamw",
    "params": {
      "betas": [
        0.9,
        0.999
      ],
      "eps": 1e-08,
      "weight_decay": 0.0001
    }
  },
  "scheduler": {
    "type": "cosine",
    "params": {
      "T_max": 100,
      "eta_min": 1e-06
    }
  },
  "early_stopping": {
    "patience": 30
  },
  "sample_rate": 16000,
  "max_audio_length": 3.0,
  "frame_length": 400,
  "hop_length": 160,
  "data_dir": "/scratch/project_2003370/yueyao/dataset/mini_librispeech/LibriSpeech/dev-clean-2",
  "device": "auto",
  "seed": 42,
  "loss_config": {
    "classification": {
      "type": "cross_entropy"
    },
    "stability": {
      "enabled": true,
      "weight": 0.1,
      "target_lyapunov_range": [
        0.1,
        2.0
      ],
      "trajectory_bound": 50.0,
      "collapse_threshold": 0.1,
      "diversity_weight": 0.05
    },
    "synchronization": {
      "enabled": true,
      "sync_weight": 0.1,
      "desync_weight": 0.1,
      "margin": 5.0,
      "sample_ratio": 1.0,
      "distance_type": "euclidean"
    },
    "adversarial": {
      "enabled": true,
      "warmup_epochs": 5,
      "perturbation_scale": 0.1,
      "weight": 0.3
    }
  },
  "optional_modules": {
    "bifurcation_control": {
      "enabled": false
    },
    "differentiable_features": {
      "enabled": true
    }
  },
  "epochs": 100,
  "optimize_parameters": true
}
2026-01-10 10:37:13,593 - chaotic_trainer - INFO - System info: {'platform': 'Linux-4.18.0-553.74.1.el8_10.x86_64-x86_64-with-glibc2.28', 'system': 'Linux', 'node': 'g1102.mahti.csc.fi', 'release': '4.18.0-553.74.1.el8_10.x86_64', 'version': '#1 SMP Sun Sep 7 09:23:35 EDT 2025', 'machine': 'x86_64', 'processor': 'x86_64', 'python_version': '3.12.10 (main, Jun  3 2025, 21:04:06) [GCC 8.5.0 20210514 (Red Hat 8.5.0-26)]', 'python_executable': '/usr/bin/python', 'cpu_count': 256, 'total_memory': 540285186048, 'available_memory': 512536961024, 'gpu_info': {'cuda_available': True, 'cuda_version': '12.6', 'gpu_count': 1, 'gpu_names': ['NVIDIA A100-SXM4-40GB MIG 1g.5gb']}, 'package_versions': {'numpy': '1.26.4', 'scipy': '1.13.1', 'scikit-learn': 'not installed', 'librosa': '0.11.0', 'soundfile': '0.13.1', 'torch': '2.7.1+cu126', 'tensorflow': 'not installed', 'matplotlib': '3.10.3', 'pandas': '2.3.0'}, 'git_info': {'commit_hash': '51c92cdc63686073ead2a70ee657542846b3dc20', 'branch': 'origin', 'is_dirty': True}}
2026-01-10 10:37:13,593 - chaotic_trainer - INFO - Training 1 systems × 1 types × 1 runs...
2026-01-10 10:37:13,593 - chaotic_trainer - INFO - Systems: ['lorenz']
2026-01-10 10:37:13,593 - chaotic_trainer - INFO - Model types: ['full_chaotic']
2026-01-10 10:37:13,593 - chaotic_trainer - INFO - 
============================================================
2026-01-10 10:37:13,594 - chaotic_trainer - INFO - TRAINING: LORENZ + FULL_CHAOTIC
2026-01-10 10:37:13,594 - chaotic_trainer - INFO - ============================================================
2026-01-10 10:37:13,594 - chaotic_trainer - INFO - Training chaotic_lorenz_full_chaotic_run_0...
2026-01-10 10:37:13,594 - chaotic_trainer - INFO - Optimizing parameters for lorenz system...
2026-01-10 10:37:13,614 - chaotic_trainer - INFO - Setting up chaotic_lorenz_full_chaotic_run_0...
2026-01-10 10:38:02,079 - chaotic_trainer - INFO - 🚀 No checkpoint specified, starting from scratch
2026-01-10 10:38:02,080 - chaotic_trainer - INFO - Model parameters: 458,181 (trainable: 458,181)
2026-01-10 10:38:02,080 - chaotic_trainer - INFO - Training with chaotic dynamics monitoring...
2026-01-10 10:38:02,080 - chaotic_trainer - INFO - Starting training from epoch 0 for 100 more epochs...
2026-01-10 10:53:49,311 - chaotic_trainer - INFO - Evaluating chaotic_lorenz_full_chaotic_run_0...
2026-01-10 10:53:50,140 - chaotic_trainer - INFO - Running chaotic analysis...
2026-01-10 10:53:53,296 - chaotic_trainer - INFO - Completed chaotic_lorenz_full_chaotic_run_0: Accuracy: 0.9661, Loss: 0.2141, Time: 995.7s
2026-01-10 10:53:53,387 - chaotic_trainer - INFO - Progress: 1/1 (100.0%)
2026-01-10 10:53:53,387 - chaotic_trainer - INFO - lorenz + full_chaotic Summary: 0.9661 ± 0.0000
2026-01-10 10:53:53,387 - chaotic_trainer - INFO - Analyzing chaotic training results...
2026-01-10 10:53:53,389 - chaotic_trainer - INFO - Generating comprehensive chaotic training report...
2026-01-10 10:53:55,035 - chaotic_trainer - INFO - Visualizations saved to: /scratch/project_2003370/yueyao/Model/experiments/configs/sync_experiments/H3a/visualizations
2026-01-10 10:53:55,036 - chaotic_trainer - INFO - Reports generated:
2026-01-10 10:53:55,036 - chaotic_trainer - INFO -   Text report: /scratch/project_2003370/yueyao/Model/experiments/configs/sync_experiments/H3a/chaotic_training_report.txt
2026-01-10 10:53:55,036 - chaotic_trainer - INFO -   JSON report: /scratch/project_2003370/yueyao/Model/experiments/configs/sync_experiments/H3a/chaotic_training_results.json
2026-01-10 10:53:55,036 - chaotic_trainer - INFO - Chaotic training completed.
2026-01-10 10:53:55,036 - chaotic_trainer - INFO - ============================================================
2026-01-10 15:04:20,886 - chaotic_trainer - INFO - ============================================================
2026-01-10 15:04:20,897 - chaotic_trainer - INFO - CHAOTIC NEURAL NETWORKS TRAINING
2026-01-10 15:04:20,897 - chaotic_trainer - INFO - ============================================================
2026-01-10 15:04:20,897 - chaotic_trainer - INFO - Output directory: /scratch/project_2003370/yueyao/Model/experiments/configs/sync_experiments/H3a
2026-01-10 15:04:20,898 - chaotic_trainer - INFO - Configuration: {
  "_nested": {
    "experiment": {
      "name": "sync_ablation_A_full",
      "description": "Full model with all loss functions enabled",
      "version": "2.0"
    },
    "data": {
      "data_dir": "/scratch/project_2003370/yueyao/dataset/mini_librispeech/LibriSpeech/dev-clean-2",
      "train_split": 0.7,
      "val_split": 0.15,
      "test_split": 0.15,
      "num_workers": 4,
      "pin_memory": true
    },
    "audio": {
      "sample_rate": 16000,
      "max_audio_length": 3.0,
      "min_audio_length": 0.5,
      "frame_length": 400,
      "hop_length": 160,
      "normalize": true
    },
    "model": {
      "type": "full_chaotic",
      "num_speakers": 251,
      "phase_space": {
        "embedding_dim": 10,
        "delay_method": "autocorr"
      },
      "chaotic_features": {
        "mlsa": {
          "scales": 5
        },
        "rqa": {
          "radius_ratio": 0.1
        }
      },
      "chaotic_embedding": {
        "system_type": "lorenz",
        "evolution_time": 0.5,
        "time_step": 0.01,
        "lorenz": {
          "sigma": 10.0,
          "rho": 28.0,
          "beta": 2.6667
        }
      },
      "attractor_pooling": {
        "type": "comprehensive"
      },
      "speaker_embedding": {
        "dim": 256,
        "hidden_dims": [
          512,
          256,
          128
        ],
        "dropout_rate": 0.3,
        "use_batch_norm": true
      },
      "classifier": {
        "type": "cosine",
        "temperature": 30.0
      }
    },
    "optional_modules": {
      "bifurcation_control": {
        "enabled": false
      },
      "differentiable_features": {
        "enabled": true
      }
    },
    "loss": {
      "classification": {
        "type": "cross_entropy"
      },
      "stability": {
        "enabled": true,
        "weight": 0.1,
        "target_lyapunov_range": [
          0.1,
          2.0
        ],
        "trajectory_bound": 50.0,
        "collapse_threshold": 0.1,
        "diversity_weight": 0.05
      },
      "synchronization": {
        "enabled": true,
        "sync_weight": 0.1,
        "desync_weight": 0.1,
        "margin": 5.0,
        "sample_ratio": 1.0,
        "distance_type": "euclidean"
      },
      "adversarial": {
        "enabled": true,
        "warmup_epochs": 5,
        "perturbation_scale": 0.1,
        "weight": 0.3
      }
    },
    "training": {
      "batch_size": 32,
      "num_epochs": 100,
      "gradient_clipping": 1.0,
      "optimizer": {
        "type": "adamw",
        "learning_rate": 0.0005,
        "weight_decay": 0.0001,
        "betas": [
          0.9,
          0.999
        ]
      },
      "scheduler": {
        "type": "cosine",
        "T_max": 100,
        "eta_min": 1e-06
      },
      "early_stopping": {
        "enabled": true,
        "patience": 30,
        "monitor": "val_accuracy",
        "mode": "max"
      },
      "checkpoint": {
        "save_best_only": true,
        "save_frequency": 10
      }
    },
    "hardware": {
      "device": "auto",
      "seed": 42
    },
    "output": {
      "base_dir": "./experiments/outputs/experiment_A"
    }
  },
  "num_speakers": 251,
  "model_type": "full_chaotic",
  "embedding_dim": 10,
  "delay_method": "autocorr",
  "mlsa_scales": 5,
  "rqa_radius_ratio": 0.1,
  "chaotic_system": "lorenz",
  "evolution_time": 0.5,
  "time_step": 0.01,
  "coupling_strength": 1.0,
  "noise_level": 0.001,
  "pooling_type": "comprehensive",
  "speaker_embedding_dim": 256,
  "embedding_hidden_dims": [
    512,
    256,
    128
  ],
  "classifier_type": "cosine",
  "temperature": 30.0,
  "margin": 0.35,
  "batch_size": 32,
  "num_epochs": 100,
  "learning_rate": 0.0005,
  "weight_decay": 0.0001,
  "gradient_clipping": 1.0,
  "optimizer": {
    "type": "adamw",
    "params": {
      "betas": [
        0.9,
        0.999
      ],
      "eps": 1e-08,
      "weight_decay": 0.0001
    }
  },
  "scheduler": {
    "type": "cosine",
    "params": {
      "T_max": 100,
      "eta_min": 1e-06
    }
  },
  "early_stopping": {
    "patience": 30
  },
  "sample_rate": 16000,
  "max_audio_length": 3.0,
  "frame_length": 400,
  "hop_length": 160,
  "data_dir": "/scratch/project_2003370/yueyao/dataset/mini_librispeech/LibriSpeech/dev-clean-2",
  "device": "auto",
  "seed": 42,
  "loss_config": {
    "classification": {
      "type": "cross_entropy"
    },
    "stability": {
      "enabled": true,
      "weight": 0.1,
      "target_lyapunov_range": [
        0.1,
        2.0
      ],
      "trajectory_bound": 50.0,
      "collapse_threshold": 0.1,
      "diversity_weight": 0.05
    },
    "synchronization": {
      "enabled": true,
      "sync_weight": 0.1,
      "desync_weight": 0.1,
      "margin": 5.0,
      "sample_ratio": 1.0,
      "distance_type": "euclidean"
    },
    "adversarial": {
      "enabled": true,
      "warmup_epochs": 5,
      "perturbation_scale": 0.1,
      "weight": 0.3
    }
  },
  "optional_modules": {
    "bifurcation_control": {
      "enabled": false
    },
    "differentiable_features": {
      "enabled": true
    }
  },
  "epochs": 100,
  "optimize_parameters": true
}
2026-01-10 15:04:20,944 - chaotic_trainer - INFO - System info: {'platform': 'Linux-4.18.0-553.74.1.el8_10.x86_64-x86_64-with-glibc2.28', 'system': 'Linux', 'node': 'g1102.mahti.csc.fi', 'release': '4.18.0-553.74.1.el8_10.x86_64', 'version': '#1 SMP Sun Sep 7 09:23:35 EDT 2025', 'machine': 'x86_64', 'processor': 'x86_64', 'python_version': '3.12.10 (main, Jun  3 2025, 21:04:06) [GCC 8.5.0 20210514 (Red Hat 8.5.0-26)]', 'python_executable': '/usr/bin/python', 'cpu_count': 256, 'total_memory': 540285186048, 'available_memory': 512702488576, 'gpu_info': {'cuda_available': True, 'cuda_version': '12.6', 'gpu_count': 1, 'gpu_names': ['NVIDIA A100-SXM4-40GB MIG 1g.5gb']}, 'package_versions': {'numpy': '1.26.4', 'scipy': '1.13.1', 'scikit-learn': 'not installed', 'librosa': '0.11.0', 'soundfile': '0.13.1', 'torch': '2.7.1+cu126', 'tensorflow': 'not installed', 'matplotlib': '3.10.3', 'pandas': '2.3.0'}, 'git_info': {'commit_hash': '51c92cdc63686073ead2a70ee657542846b3dc20', 'branch': 'origin', 'is_dirty': True}}
2026-01-10 15:04:20,945 - chaotic_trainer - INFO - Training 1 systems × 1 types × 1 runs...
2026-01-10 15:04:20,945 - chaotic_trainer - INFO - Systems: ['lorenz']
2026-01-10 15:04:20,945 - chaotic_trainer - INFO - Model types: ['full_chaotic']
2026-01-10 15:04:20,945 - chaotic_trainer - INFO - 
============================================================
2026-01-10 15:04:20,945 - chaotic_trainer - INFO - TRAINING: LORENZ + FULL_CHAOTIC
2026-01-10 15:04:20,945 - chaotic_trainer - INFO - ============================================================
2026-01-10 15:04:20,945 - chaotic_trainer - INFO - Training chaotic_lorenz_full_chaotic_run_0...
2026-01-10 15:04:20,945 - chaotic_trainer - INFO - Optimizing parameters for lorenz system...
2026-01-10 15:04:20,967 - chaotic_trainer - INFO - Setting up chaotic_lorenz_full_chaotic_run_0...
2026-01-10 15:04:53,613 - chaotic_trainer - INFO - 🚀 No checkpoint specified, starting from scratch
2026-01-10 15:04:53,614 - chaotic_trainer - INFO - Model parameters: 458,181 (trainable: 458,181)
2026-01-10 15:04:53,614 - chaotic_trainer - INFO - Training with chaotic dynamics monitoring...
2026-01-10 15:04:53,614 - chaotic_trainer - INFO - Starting training from epoch 0 for 100 more epochs...
2026-01-10 15:16:03,267 - chaotic_trainer - INFO - Evaluating chaotic_lorenz_full_chaotic_run_0...
2026-01-10 15:16:04,070 - chaotic_trainer - INFO - Running chaotic analysis...
2026-01-10 15:16:07,340 - chaotic_trainer - INFO - Completed chaotic_lorenz_full_chaotic_run_0: Accuracy: 0.9661, Loss: 0.1767, Time: 702.3s
2026-01-10 15:16:07,428 - chaotic_trainer - INFO - Progress: 1/1 (100.0%)
2026-01-10 15:16:07,428 - chaotic_trainer - INFO - lorenz + full_chaotic Summary: 0.9661 ± 0.0000
2026-01-10 15:16:07,428 - chaotic_trainer - INFO - Analyzing chaotic training results...
2026-01-10 15:16:07,429 - chaotic_trainer - INFO - Generating comprehensive chaotic training report...
2026-01-10 15:16:09,322 - chaotic_trainer - INFO - Visualizations saved to: /scratch/project_2003370/yueyao/Model/experiments/configs/sync_experiments/H3a/visualizations
2026-01-10 15:16:09,323 - chaotic_trainer - INFO - Reports generated:
2026-01-10 15:16:09,323 - chaotic_trainer - INFO -   Text report: /scratch/project_2003370/yueyao/Model/experiments/configs/sync_experiments/H3a/chaotic_training_report.txt
2026-01-10 15:16:09,323 - chaotic_trainer - INFO -   JSON report: /scratch/project_2003370/yueyao/Model/experiments/configs/sync_experiments/H3a/chaotic_training_results.json
2026-01-10 15:16:09,323 - chaotic_trainer - INFO - Chaotic training completed.
2026-01-10 15:16:09,323 - chaotic_trainer - INFO - ============================================================
2026-01-11 12:23:00,084 - chaotic_trainer - INFO - ============================================================
2026-01-11 12:23:00,107 - chaotic_trainer - INFO - CHAOTIC NEURAL NETWORKS TRAINING
2026-01-11 12:23:00,107 - chaotic_trainer - INFO - ============================================================
2026-01-11 12:23:00,107 - chaotic_trainer - INFO - Output directory: /scratch/project_2003370/yueyao/Model/experiments/configs/sync_experiments/H3a
2026-01-11 12:23:00,107 - chaotic_trainer - INFO - Configuration: {
  "_nested": {
    "experiment": {
      "name": "sync_ablation_A_full",
      "description": "Full model with all loss functions enabled",
      "version": "2.0"
    },
    "data": {
      "data_dir": "/scratch/project_2003370/yueyao/dataset/mini_librispeech/LibriSpeech/dev-clean-2",
      "train_split": 0.7,
      "val_split": 0.15,
      "test_split": 0.15,
      "num_workers": 4,
      "pin_memory": true
    },
    "audio": {
      "sample_rate": 16000,
      "max_audio_length": 3.0,
      "min_audio_length": 0.5,
      "frame_length": 400,
      "hop_length": 160,
      "normalize": true
    },
    "model": {
      "type": "full_chaotic",
      "num_speakers": 251,
      "phase_space": {
        "embedding_dim": 10,
        "delay_method": "autocorr"
      },
      "chaotic_features": {
        "mlsa": {
          "scales": 5
        },
        "rqa": {
          "radius_ratio": 0.1
        }
      },
      "chaotic_embedding": {
        "system_type": "lorenz",
        "evolution_time": 0.5,
        "time_step": 0.01,
        "lorenz": {
          "sigma": 10.0,
          "rho": 28.0,
          "beta": 2.6667
        }
      },
      "attractor_pooling": {
        "type": "comprehensive"
      },
      "speaker_embedding": {
        "dim": 256,
        "hidden_dims": [
          512,
          256,
          128
        ],
        "dropout_rate": 0.3,
        "use_batch_norm": true
      },
      "classifier": {
        "type": "cosine",
        "temperature": 30.0
      }
    },
    "optional_modules": {
      "bifurcation_control": {
        "enabled": false
      },
      "differentiable_features": {
        "enabled": true
      }
    },
    "loss": {
      "classification": {
        "type": "cross_entropy"
      },
      "stability": {
        "enabled": true,
        "weight": 0.1,
        "target_lyapunov_range": [
          0.1,
          2.0
        ],
        "trajectory_bound": 50.0,
        "collapse_threshold": 0.1,
        "diversity_weight": 0.05
      },
      "synchronization": {
        "enabled": true,
        "sync_weight": 0.1,
        "desync_weight": 0.1,
        "margin": 5.0,
        "sample_ratio": 1.0,
        "distance_type": "euclidean"
      },
      "adversarial": {
        "enabled": true,
        "warmup_epochs": 5,
        "perturbation_scale": 0.1,
        "weight": 0.3
      }
    },
    "training": {
      "batch_size": 32,
      "num_epochs": 100,
      "gradient_clipping": 1.0,
      "optimizer": {
        "type": "adamw",
        "learning_rate": 0.0005,
        "weight_decay": 0.0001,
        "betas": [
          0.9,
          0.999
        ]
      },
      "scheduler": {
        "type": "cosine",
        "T_max": 100,
        "eta_min": 1e-06
      },
      "early_stopping": {
        "enabled": true,
        "patience": 30,
        "monitor": "val_accuracy",
        "mode": "max"
      },
      "checkpoint": {
        "save_best_only": true,
        "save_frequency": 10
      }
    },
    "hardware": {
      "device": "auto",
      "seed": 42
    },
    "output": {
      "base_dir": "./experiments/outputs/experiment_A"
    }
  },
  "num_speakers": 251,
  "model_type": "full_chaotic",
  "embedding_dim": 10,
  "delay_method": "autocorr",
  "mlsa_scales": 5,
  "rqa_radius_ratio": 0.1,
  "chaotic_system": "lorenz",
  "evolution_time": 0.5,
  "time_step": 0.01,
  "coupling_strength": 1.0,
  "noise_level": 0.001,
  "pooling_type": "comprehensive",
  "speaker_embedding_dim": 256,
  "embedding_hidden_dims": [
    512,
    256,
    128
  ],
  "classifier_type": "cosine",
  "temperature": 30.0,
  "margin": 0.35,
  "batch_size": 32,
  "num_epochs": 100,
  "learning_rate": 0.0005,
  "weight_decay": 0.0001,
  "gradient_clipping": 1.0,
  "optimizer": {
    "type": "adamw",
    "params": {
      "betas": [
        0.9,
        0.999
      ],
      "eps": 1e-08,
      "weight_decay": 0.0001
    }
  },
  "scheduler": {
    "type": "cosine",
    "params": {
      "T_max": 100,
      "eta_min": 1e-06
    }
  },
  "early_stopping": {
    "patience": 30
  },
  "sample_rate": 16000,
  "max_audio_length": 3.0,
  "frame_length": 400,
  "hop_length": 160,
  "data_dir": "/scratch/project_2003370/yueyao/dataset/mini_librispeech/LibriSpeech/dev-clean-2",
  "device": "auto",
  "seed": 42,
  "loss_config": {
    "classification": {
      "type": "cross_entropy"
    },
    "stability": {
      "enabled": true,
      "weight": 0.1,
      "target_lyapunov_range": [
        0.1,
        2.0
      ],
      "trajectory_bound": 50.0,
      "collapse_threshold": 0.1,
      "diversity_weight": 0.05
    },
    "synchronization": {
      "enabled": true,
      "sync_weight": 0.1,
      "desync_weight": 0.1,
      "margin": 5.0,
      "sample_ratio": 1.0,
      "distance_type": "euclidean"
    },
    "adversarial": {
      "enabled": true,
      "warmup_epochs": 5,
      "perturbation_scale": 0.1,
      "weight": 0.3
    }
  },
  "optional_modules": {
    "bifurcation_control": {
      "enabled": false
    },
    "differentiable_features": {
      "enabled": true
    }
  },
  "epochs": 100,
  "optimize_parameters": true
}
2026-01-11 12:23:00,152 - chaotic_trainer - INFO - System info: {'platform': 'Linux-4.18.0-553.74.1.el8_10.x86_64-x86_64-with-glibc2.28', 'system': 'Linux', 'node': 'g1102.mahti.csc.fi', 'release': '4.18.0-553.74.1.el8_10.x86_64', 'version': '#1 SMP Sun Sep 7 09:23:35 EDT 2025', 'machine': 'x86_64', 'processor': 'x86_64', 'python_version': '3.12.10 (main, Jun  3 2025, 21:04:06) [GCC 8.5.0 20210514 (Red Hat 8.5.0-26)]', 'python_executable': '/usr/bin/python', 'cpu_count': 256, 'total_memory': 540285186048, 'available_memory': 510315311104, 'gpu_info': {'cuda_available': True, 'cuda_version': '12.6', 'gpu_count': 1, 'gpu_names': ['NVIDIA A100-SXM4-40GB MIG 1g.5gb']}, 'package_versions': {'numpy': '1.26.4', 'scipy': '1.13.1', 'scikit-learn': 'not installed', 'librosa': '0.11.0', 'soundfile': '0.13.1', 'torch': '2.7.1+cu126', 'tensorflow': 'not installed', 'matplotlib': '3.10.3', 'pandas': '2.3.0'}, 'git_info': {'commit_hash': '51c92cdc63686073ead2a70ee657542846b3dc20', 'branch': 'origin', 'is_dirty': True}}
2026-01-11 12:23:00,152 - chaotic_trainer - INFO - Training 1 systems × 1 types × 1 runs...
2026-01-11 12:23:00,152 - chaotic_trainer - INFO - Systems: ['lorenz']
2026-01-11 12:23:00,152 - chaotic_trainer - INFO - Model types: ['full_chaotic']
2026-01-11 12:23:00,153 - chaotic_trainer - INFO - 
============================================================
2026-01-11 12:23:00,153 - chaotic_trainer - INFO - TRAINING: LORENZ + FULL_CHAOTIC
2026-01-11 12:23:00,153 - chaotic_trainer - INFO - ============================================================
2026-01-11 12:23:00,153 - chaotic_trainer - INFO - Training chaotic_lorenz_full_chaotic_run_0...
2026-01-11 12:23:00,153 - chaotic_trainer - INFO - Optimizing parameters for lorenz system...
2026-01-11 12:23:00,180 - chaotic_trainer - INFO - Setting up chaotic_lorenz_full_chaotic_run_0...
2026-01-11 12:23:33,284 - chaotic_trainer - INFO - 🚀 No checkpoint specified, starting from scratch
2026-01-11 12:23:33,285 - chaotic_trainer - INFO - Model parameters: 458,181 (trainable: 458,181)
2026-01-11 12:23:33,285 - chaotic_trainer - INFO - Training with chaotic dynamics monitoring...
2026-01-11 12:23:33,285 - chaotic_trainer - INFO - Starting training from epoch 0 for 100 more epochs...
2026-01-11 13:07:36,002 - chaotic_trainer - INFO - ============================================================
2026-01-11 13:07:36,020 - chaotic_trainer - INFO - CHAOTIC NEURAL NETWORKS TRAINING
2026-01-11 13:07:36,020 - chaotic_trainer - INFO - ============================================================
2026-01-11 13:07:36,020 - chaotic_trainer - INFO - Output directory: /scratch/project_2003370/yueyao/Model/experiments/configs/sync_experiments/H3a
2026-01-11 13:07:36,021 - chaotic_trainer - INFO - Configuration: {
  "_nested": {
    "experiment": {
      "name": "sync_ablation_A_full",
      "description": "Full model with all loss functions enabled",
      "version": "2.0"
    },
    "data": {
      "data_dir": "/scratch/project_2003370/yueyao/dataset/mini_librispeech/LibriSpeech/dev-clean-2",
      "train_split": 0.7,
      "val_split": 0.15,
      "test_split": 0.15,
      "num_workers": 4,
      "pin_memory": true
    },
    "audio": {
      "sample_rate": 16000,
      "max_audio_length": 3.0,
      "min_audio_length": 0.5,
      "frame_length": 400,
      "hop_length": 160,
      "normalize": true
    },
    "model": {
      "type": "full_chaotic",
      "num_speakers": 251,
      "phase_space": {
        "embedding_dim": 10,
        "delay_method": "autocorr"
      },
      "chaotic_features": {
        "mlsa": {
          "scales": 5
        },
        "rqa": {
          "radius_ratio": 0.1
        }
      },
      "chaotic_embedding": {
        "system_type": "lorenz",
        "evolution_time": 0.5,
        "time_step": 0.01,
        "lorenz": {
          "sigma": 10.0,
          "rho": 28.0,
          "beta": 2.6667
        }
      },
      "attractor_pooling": {
        "type": "comprehensive"
      },
      "speaker_embedding": {
        "dim": 256,
        "hidden_dims": [
          512,
          256,
          128
        ],
        "dropout_rate": 0.3,
        "use_batch_norm": true
      },
      "classifier": {
        "type": "cosine",
        "temperature": 30.0
      }
    },
    "optional_modules": {
      "bifurcation_control": {
        "enabled": false
      },
      "differentiable_features": {
        "enabled": true
      }
    },
    "loss": {
      "classification": {
        "type": "cross_entropy"
      },
      "stability": {
        "enabled": true,
        "weight": 0.1,
        "target_lyapunov_range": [
          0.1,
          2.0
        ],
        "trajectory_bound": 50.0,
        "collapse_threshold": 0.1,
        "diversity_weight": 0.05
      },
      "synchronization": {
        "enabled": true,
        "sync_weight": 0.1,
        "desync_weight": 0.1,
        "margin": 5.0,
        "sample_ratio": 1.0,
        "distance_type": "euclidean"
      },
      "adversarial": {
        "enabled": true,
        "warmup_epochs": 5,
        "perturbation_scale": 0.1,
        "weight": 0.3
      }
    },
    "training": {
      "batch_size": 32,
      "num_epochs": 100,
      "gradient_clipping": 1.0,
      "optimizer": {
        "type": "adamw",
        "learning_rate": 0.0005,
        "weight_decay": 0.0001,
        "betas": [
          0.9,
          0.999
        ]
      },
      "scheduler": {
        "type": "cosine",
        "T_max": 100,
        "eta_min": 1e-06
      },
      "early_stopping": {
        "enabled": true,
        "patience": 30,
        "monitor": "val_accuracy",
        "mode": "max"
      },
      "checkpoint": {
        "save_best_only": true,
        "save_frequency": 10
      }
    },
    "hardware": {
      "device": "auto",
      "seed": 42
    },
    "output": {
      "base_dir": "./experiments/outputs/experiment_A"
    }
  },
  "num_speakers": 251,
  "model_type": "full_chaotic",
  "embedding_dim": 10,
  "delay_method": "autocorr",
  "mlsa_scales": 5,
  "rqa_radius_ratio": 0.1,
  "chaotic_system": "lorenz",
  "evolution_time": 0.5,
  "time_step": 0.01,
  "coupling_strength": 1.0,
  "noise_level": 0.001,
  "pooling_type": "comprehensive",
  "speaker_embedding_dim": 256,
  "embedding_hidden_dims": [
    512,
    256,
    128
  ],
  "classifier_type": "cosine",
  "temperature": 30.0,
  "margin": 0.35,
  "batch_size": 32,
  "num_epochs": 100,
  "learning_rate": 0.0005,
  "weight_decay": 0.0001,
  "gradient_clipping": 1.0,
  "optimizer": {
    "type": "adamw",
    "params": {
      "betas": [
        0.9,
        0.999
      ],
      "eps": 1e-08,
      "weight_decay": 0.0001
    }
  },
  "scheduler": {
    "type": "cosine",
    "params": {
      "T_max": 100,
      "eta_min": 1e-06
    }
  },
  "early_stopping": {
    "patience": 30
  },
  "sample_rate": 16000,
  "max_audio_length": 3.0,
  "frame_length": 400,
  "hop_length": 160,
  "data_dir": "/scratch/project_2003370/yueyao/dataset/mini_librispeech/LibriSpeech/dev-clean-2",
  "device": "auto",
  "seed": 42,
  "loss_config": {
    "classification": {
      "type": "cross_entropy"
    },
    "stability": {
      "enabled": true,
      "weight": 0.1,
      "target_lyapunov_range": [
        0.1,
        2.0
      ],
      "trajectory_bound": 50.0,
      "collapse_threshold": 0.1,
      "diversity_weight": 0.05
    },
    "synchronization": {
      "enabled": true,
      "sync_weight": 0.1,
      "desync_weight": 0.1,
      "margin": 5.0,
      "sample_ratio": 1.0,
      "distance_type": "euclidean"
    },
    "adversarial": {
      "enabled": true,
      "warmup_epochs": 5,
      "perturbation_scale": 0.1,
      "weight": 0.3
    }
  },
  "optional_modules": {
    "bifurcation_control": {
      "enabled": false
    },
    "differentiable_features": {
      "enabled": true
    }
  },
  "epochs": 100,
  "optimize_parameters": true
}
2026-01-11 13:07:36,064 - chaotic_trainer - INFO - System info: {'platform': 'Linux-4.18.0-553.74.1.el8_10.x86_64-x86_64-with-glibc2.28', 'system': 'Linux', 'node': 'g1102.mahti.csc.fi', 'release': '4.18.0-553.74.1.el8_10.x86_64', 'version': '#1 SMP Sun Sep 7 09:23:35 EDT 2025', 'machine': 'x86_64', 'processor': 'x86_64', 'python_version': '3.12.10 (main, Jun  3 2025, 21:04:06) [GCC 8.5.0 20210514 (Red Hat 8.5.0-26)]', 'python_executable': '/usr/bin/python', 'cpu_count': 256, 'total_memory': 540285186048, 'available_memory': 511844429824, 'gpu_info': {'cuda_available': True, 'cuda_version': '12.6', 'gpu_count': 1, 'gpu_names': ['NVIDIA A100-SXM4-40GB MIG 1g.5gb']}, 'package_versions': {'numpy': '1.26.4', 'scipy': '1.13.1', 'scikit-learn': 'not installed', 'librosa': '0.11.0', 'soundfile': '0.13.1', 'torch': '2.7.1+cu126', 'tensorflow': 'not installed', 'matplotlib': '3.10.3', 'pandas': '2.3.0'}, 'git_info': {'commit_hash': '51c92cdc63686073ead2a70ee657542846b3dc20', 'branch': 'origin', 'is_dirty': True}}
2026-01-11 13:07:36,064 - chaotic_trainer - INFO - Training 1 systems × 1 types × 1 runs...
2026-01-11 13:07:36,064 - chaotic_trainer - INFO - Systems: ['lorenz']
2026-01-11 13:07:36,064 - chaotic_trainer - INFO - Model types: ['full_chaotic']
2026-01-11 13:07:36,064 - chaotic_trainer - INFO - 
============================================================
2026-01-11 13:07:36,064 - chaotic_trainer - INFO - TRAINING: LORENZ + FULL_CHAOTIC
2026-01-11 13:07:36,064 - chaotic_trainer - INFO - ============================================================
2026-01-11 13:07:36,064 - chaotic_trainer - INFO - Training chaotic_lorenz_full_chaotic_run_0...
2026-01-11 13:07:36,065 - chaotic_trainer - INFO - Optimizing parameters for lorenz system...
2026-01-11 13:07:36,092 - chaotic_trainer - INFO - Setting up chaotic_lorenz_full_chaotic_run_0...
2026-01-11 13:08:08,834 - chaotic_trainer - INFO - 🚀 No checkpoint specified, starting from scratch
2026-01-11 13:08:08,834 - chaotic_trainer - INFO - Model parameters: 458,181 (trainable: 458,181)
2026-01-11 13:08:08,834 - chaotic_trainer - INFO - Training with chaotic dynamics monitoring...
2026-01-11 13:08:08,834 - chaotic_trainer - INFO - Starting training from epoch 0 for 100 more epochs...
2026-01-11 13:19:25,206 - chaotic_trainer - INFO - Evaluating chaotic_lorenz_full_chaotic_run_0...
2026-01-11 13:19:26,023 - chaotic_trainer - INFO - Running chaotic analysis...
2026-01-11 13:19:28,956 - chaotic_trainer - INFO - Completed chaotic_lorenz_full_chaotic_run_0: Accuracy: 0.9661, Loss: 0.1767, Time: 709.1s
2026-01-11 13:19:29,220 - chaotic_trainer - INFO - Progress: 1/1 (100.0%)
2026-01-11 13:19:29,220 - chaotic_trainer - INFO - lorenz + full_chaotic Summary: 0.9661 ± 0.0000
2026-01-11 13:19:29,220 - chaotic_trainer - INFO - Analyzing chaotic training results...
2026-01-11 13:19:29,222 - chaotic_trainer - INFO - Generating comprehensive chaotic training report...
2026-01-11 13:19:30,871 - chaotic_trainer - INFO - Visualizations saved to: /scratch/project_2003370/yueyao/Model/experiments/configs/sync_experiments/H3a/visualizations
2026-01-11 13:19:30,871 - chaotic_trainer - INFO - Reports generated:
2026-01-11 13:19:30,871 - chaotic_trainer - INFO -   Text report: /scratch/project_2003370/yueyao/Model/experiments/configs/sync_experiments/H3a/chaotic_training_report.txt
2026-01-11 13:19:30,871 - chaotic_trainer - INFO -   JSON report: /scratch/project_2003370/yueyao/Model/experiments/configs/sync_experiments/H3a/chaotic_training_results.json
2026-01-11 13:19:30,872 - chaotic_trainer - INFO - Chaotic training completed.
2026-01-11 13:19:30,872 - chaotic_trainer - INFO - ============================================================
2026-01-14 13:58:06,904 - chaotic_trainer - INFO - ============================================================
2026-01-14 13:58:06,917 - chaotic_trainer - INFO - CHAOTIC NEURAL NETWORKS TRAINING
2026-01-14 13:58:06,917 - chaotic_trainer - INFO - ============================================================
2026-01-14 13:58:06,917 - chaotic_trainer - INFO - Output directory: /scratch/project_2003370/yueyao/Model/experiments/configs/sync_experiments/H3/H3a
2026-01-14 13:58:06,917 - chaotic_trainer - INFO - Configuration: {
  "_nested": {
    "experiment": {
      "name": "sync_ablation_A_full",
      "description": "Full model with all loss functions enabled",
      "version": "2.0"
    },
    "data": {
      "data_dir": "/scratch/project_2003370/yueyao/dataset/mini_librispeech/LibriSpeech/dev-clean-2",
      "train_split": 0.7,
      "val_split": 0.15,
      "test_split": 0.15,
      "num_workers": 4,
      "pin_memory": true
    },
    "audio": {
      "sample_rate": 16000,
      "max_audio_length": 3.0,
      "min_audio_length": 0.5,
      "frame_length": 400,
      "hop_length": 160,
      "normalize": true
    },
    "model": {
      "type": "full_chaotic",
      "num_speakers": 251,
      "phase_space": {
        "embedding_dim": 10,
        "delay_method": "autocorr"
      },
      "chaotic_features": {
        "mlsa": {
          "scales": 5
        },
        "rqa": {
          "radius_ratio": 0.1
        }
      },
      "chaotic_embedding": {
        "system_type": "lorenz",
        "evolution_time": 0.5,
        "time_step": 0.01,
        "lorenz": {
          "sigma": 10.0,
          "rho": 28.0,
          "beta": 2.6667
        }
      },
      "attractor_pooling": {
        "type": "comprehensive"
      },
      "speaker_embedding": {
        "dim": 256,
        "hidden_dims": [
          512,
          256,
          128
        ],
        "dropout_rate": 0.3,
        "use_batch_norm": true
      },
      "classifier": {
        "type": "cosine",
        "temperature": 30.0
      }
    },
    "optional_modules": {
      "bifurcation_control": {
        "enabled": false
      },
      "differentiable_features": {
        "enabled": true
      }
    },
    "loss": {
      "classification": {
        "type": "cross_entropy"
      },
      "stability": {
        "enabled": true,
        "weight": 0.1,
        "target_lyapunov_range": [
          0.1,
          2.0
        ],
        "trajectory_bound": 50.0,
        "collapse_threshold": 0.1,
        "diversity_weight": 0.05
      },
      "synchronization": {
        "enabled": true,
        "sync_weight": 0.1,
        "desync_weight": 0.1,
        "margin": 5.0,
        "sample_ratio": 1.0,
        "distance_type": "euclidean"
      },
      "adversarial": {
        "enabled": true,
        "warmup_epochs": 5,
        "perturbation_scale": 0.1,
        "weight": 0.3
      }
    },
    "training": {
      "batch_size": 32,
      "num_epochs": 100,
      "gradient_clipping": 1.0,
      "optimizer": {
        "type": "adamw",
        "learning_rate": 0.0005,
        "weight_decay": 0.0001,
        "betas": [
          0.9,
          0.999
        ]
      },
      "scheduler": {
        "type": "cosine",
        "T_max": 100,
        "eta_min": 1e-06
      },
      "early_stopping": {
        "enabled": true,
        "patience": 30,
        "monitor": "val_accuracy",
        "mode": "max"
      },
      "checkpoint": {
        "save_best_only": true,
        "save_frequency": 10
      }
    },
    "hardware": {
      "device": "auto",
      "seed": 42
    },
    "output": {
      "base_dir": "./experiments/outputs/experiment_A"
    }
  },
  "num_speakers": 251,
  "model_type": "full_chaotic",
  "embedding_dim": 10,
  "delay_method": "autocorr",
  "mlsa_scales": 5,
  "rqa_radius_ratio": 0.1,
  "chaotic_system": "lorenz",
  "evolution_time": 0.5,
  "time_step": 0.01,
  "coupling_strength": 1.0,
  "noise_level": 0.001,
  "pooling_type": "comprehensive",
  "speaker_embedding_dim": 256,
  "embedding_hidden_dims": [
    512,
    256,
    128
  ],
  "classifier_type": "cosine",
  "temperature": 30.0,
  "margin": 0.35,
  "batch_size": 32,
  "num_epochs": 100,
  "learning_rate": 0.0005,
  "weight_decay": 0.0001,
  "gradient_clipping": 1.0,
  "optimizer": {
    "type": "adamw",
    "params": {
      "betas": [
        0.9,
        0.999
      ],
      "eps": 1e-08,
      "weight_decay": 0.0001
    }
  },
  "scheduler": {
    "type": "cosine",
    "params": {
      "T_max": 100,
      "eta_min": 1e-06
    }
  },
  "early_stopping": {
    "patience": 30
  },
  "sample_rate": 16000,
  "max_audio_length": 3.0,
  "frame_length": 400,
  "hop_length": 160,
  "data_dir": "/scratch/project_2003370/yueyao/dataset/mini_librispeech/LibriSpeech/dev-clean-2",
  "device": "auto",
  "seed": 42,
  "loss_config": {
    "classification": {
      "type": "cross_entropy"
    },
    "stability": {
      "enabled": true,
      "weight": 0.1,
      "target_lyapunov_range": [
        0.1,
        2.0
      ],
      "trajectory_bound": 50.0,
      "collapse_threshold": 0.1,
      "diversity_weight": 0.05
    },
    "synchronization": {
      "enabled": true,
      "sync_weight": 0.1,
      "desync_weight": 0.1,
      "margin": 5.0,
      "sample_ratio": 1.0,
      "distance_type": "euclidean"
    },
    "adversarial": {
      "enabled": true,
      "warmup_epochs": 5,
      "perturbation_scale": 0.1,
      "weight": 0.3
    }
  },
  "optional_modules": {
    "bifurcation_control": {
      "enabled": false
    },
    "differentiable_features": {
      "enabled": true
    }
  },
  "epochs": 100,
  "optimize_parameters": true
}
2026-01-14 13:58:06,964 - chaotic_trainer - INFO - System info: {'platform': 'Linux-4.18.0-553.74.1.el8_10.x86_64-x86_64-with-glibc2.28', 'system': 'Linux', 'node': 'g1102.mahti.csc.fi', 'release': '4.18.0-553.74.1.el8_10.x86_64', 'version': '#1 SMP Sun Sep 7 09:23:35 EDT 2025', 'machine': 'x86_64', 'processor': 'x86_64', 'python_version': '3.12.10 (main, Jun  3 2025, 21:04:06) [GCC 8.5.0 20210514 (Red Hat 8.5.0-26)]', 'python_executable': '/usr/bin/python', 'cpu_count': 256, 'total_memory': 540285186048, 'available_memory': 492768296960, 'gpu_info': {'cuda_available': True, 'cuda_version': '12.6', 'gpu_count': 1, 'gpu_names': ['NVIDIA A100-SXM4-40GB MIG 1g.5gb']}, 'package_versions': {'numpy': '1.26.4', 'scipy': '1.13.1', 'scikit-learn': 'not installed', 'librosa': '0.11.0', 'soundfile': '0.13.1', 'torch': '2.7.1+cu126', 'tensorflow': 'not installed', 'matplotlib': '3.10.3', 'pandas': '2.3.0'}, 'git_info': {'commit_hash': '51c92cdc63686073ead2a70ee657542846b3dc20', 'branch': 'origin', 'is_dirty': True}}
2026-01-14 13:58:06,964 - chaotic_trainer - INFO - Training 1 systems × 1 types × 1 runs...
2026-01-14 13:58:06,964 - chaotic_trainer - INFO - Systems: ['lorenz']
2026-01-14 13:58:06,964 - chaotic_trainer - INFO - Model types: ['full_chaotic']
2026-01-14 13:58:06,964 - chaotic_trainer - INFO - 
============================================================
2026-01-14 13:58:06,964 - chaotic_trainer - INFO - TRAINING: LORENZ + FULL_CHAOTIC
2026-01-14 13:58:06,964 - chaotic_trainer - INFO - ============================================================
2026-01-14 13:58:06,964 - chaotic_trainer - INFO - Training chaotic_lorenz_full_chaotic_run_0...
2026-01-14 13:58:06,964 - chaotic_trainer - INFO - Optimizing parameters for lorenz system...
2026-01-14 13:58:07,105 - chaotic_trainer - INFO - Setting up chaotic_lorenz_full_chaotic_run_0...
2026-01-14 13:58:39,997 - chaotic_trainer - INFO - 🚀 No checkpoint specified, starting from scratch
2026-01-14 13:58:39,998 - chaotic_trainer - INFO - Model parameters: 458,181 (trainable: 458,181)
2026-01-14 13:58:39,998 - chaotic_trainer - INFO - Training with chaotic dynamics monitoring...
2026-01-14 13:58:39,998 - chaotic_trainer - INFO - Starting training from epoch 0 for 100 more epochs...
2026-01-14 14:14:56,815 - chaotic_trainer - INFO - Evaluating chaotic_lorenz_full_chaotic_run_0...
2026-01-14 14:14:57,838 - chaotic_trainer - INFO - Running chaotic analysis...
2026-01-14 14:15:01,205 - chaotic_trainer - INFO - Completed chaotic_lorenz_full_chaotic_run_0: Accuracy: 0.9661, Loss: 0.2750, Time: 1009.7s
2026-01-14 14:15:01,298 - chaotic_trainer - INFO - Progress: 1/1 (100.0%)
2026-01-14 14:15:01,299 - chaotic_trainer - INFO - lorenz + full_chaotic Summary: 0.9661 ± 0.0000
2026-01-14 14:15:01,299 - chaotic_trainer - INFO - Analyzing chaotic training results...
2026-01-14 14:15:01,300 - chaotic_trainer - INFO - Generating comprehensive chaotic training report...
2026-01-14 14:15:03,059 - chaotic_trainer - INFO - Visualizations saved to: /scratch/project_2003370/yueyao/Model/experiments/configs/sync_experiments/H3/H3a/visualizations
2026-01-14 14:15:03,060 - chaotic_trainer - INFO - Reports generated:
2026-01-14 14:15:03,060 - chaotic_trainer - INFO -   Text report: /scratch/project_2003370/yueyao/Model/experiments/configs/sync_experiments/H3/H3a/chaotic_training_report.txt
2026-01-14 14:15:03,060 - chaotic_trainer - INFO -   JSON report: /scratch/project_2003370/yueyao/Model/experiments/configs/sync_experiments/H3/H3a/chaotic_training_results.json
2026-01-14 14:15:03,060 - chaotic_trainer - INFO - Chaotic training completed.
2026-01-14 14:15:03,060 - chaotic_trainer - INFO - ============================================================
2026-01-24 10:50:04,914 - chaotic_trainer - INFO - ============================================================
2026-01-24 10:50:04,944 - chaotic_trainer - INFO - CHAOTIC NEURAL NETWORKS TRAINING
2026-01-24 10:50:04,944 - chaotic_trainer - INFO - ============================================================
2026-01-24 10:50:04,944 - chaotic_trainer - INFO - Output directory: /scratch/project_2003370/yueyao/Model/experiments/configs/sync_experiments/H3/H3a
2026-01-24 10:50:04,944 - chaotic_trainer - INFO - Configuration: {
  "_nested": {
    "experiment": {
      "name": "sample_ratio_full"
    },
    "data": {
      "data_dir": "/scratch/project_2003370/yueyao/dataset/mini_librispeech/LibriSpeech/dev-clean-2",
      "train_split": 0.7,
      "val_split": 0.15,
      "test_split": 0.15,
      "num_workers": 4,
      "pin_memory": true
    },
    "audio": {
      "sample_rate": 16000,
      "max_audio_length": 3.0,
      "min_audio_length": 0.5,
      "frame_length": 400,
      "hop_length": 160,
      "normalize": true
    },
    "model": {
      "type": "full_chaotic",
      "num_speakers": 251,
      "phase_space": {
        "embedding_dim": 10,
        "delay_method": "autocorr"
      },
      "chaotic_features": {
        "mlsa": {
          "scales": 5
        },
        "rqa": {
          "radius_ratio": 0.1
        }
      },
      "chaotic_embedding": {
        "system_type": "lorenz",
        "evolution_time": 0.5,
        "time_step": 0.01,
        "lorenz": {
          "sigma": 10.0,
          "rho": 28.0,
          "beta": 2.6667
        }
      },
      "attractor_pooling": {
        "type": "comprehensive"
      },
      "speaker_embedding": {
        "dim": 256,
        "hidden_dims": [
          512,
          256,
          128
        ],
        "dropout_rate": 0.3,
        "use_batch_norm": true
      },
      "classifier": {
        "type": "cosine",
        "temperature": 30.0
      }
    },
    "optional_modules": {
      "bifurcation_control": {
        "enabled": false
      },
      "differentiable_features": {
        "enabled": true
      }
    },
    "loss": {
      "classification": {
        "type": "cross_entropy"
      },
      "stability": {
        "enabled": true,
        "weight": 0.1,
        "target_lyapunov_range": [
          0.1,
          2.0
        ],
        "trajectory_bound": 50.0,
        "collapse_threshold": 0.1,
        "diversity_weight": 0.05
      },
      "synchronization": {
        "enabled": true,
        "sync_weight": 0.1,
        "desync_weight": 0.1,
        "margin": 5.0,
        "sample_ratio": 1.0,
        "distance_type": "euclidean"
      },
      "adversarial": {
        "enabled": true,
        "warmup_epochs": 5,
        "perturbation_scale": 0.1,
        "weight": 0.3
      }
    },
    "training": {
      "batch_size": 32,
      "num_epochs": 100,
      "gradient_clipping": 1.0,
      "optimizer": {
        "type": "adamw",
        "learning_rate": 0.0005,
        "weight_decay": 0.0001,
        "betas": [
          0.9,
          0.999
        ]
      },
      "scheduler": {
        "type": "cosine",
        "T_max": 100,
        "eta_min": 1e-06
      },
      "early_stopping": {
        "enabled": true,
        "patience": 30,
        "monitor": "val_accuracy",
        "mode": "max"
      },
      "checkpoint": {
        "save_best_only": true,
        "save_frequency": 10
      }
    },
    "hardware": {
      "device": "auto",
      "seed": 42
    },
    "output": {
      "base_dir": "./experiments/outputs/experiment_A"
    }
  },
  "num_speakers": 251,
  "model_type": "full_chaotic",
  "embedding_dim": 10,
  "delay_method": "autocorr",
  "mlsa_scales": 5,
  "rqa_radius_ratio": 0.1,
  "chaotic_system": "lorenz",
  "evolution_time": 0.5,
  "time_step": 0.01,
  "coupling_strength": 1.0,
  "noise_level": 0.001,
  "pooling_type": "comprehensive",
  "speaker_embedding_dim": 256,
  "embedding_hidden_dims": [
    512,
    256,
    128
  ],
  "classifier_type": "cosine",
  "temperature": 30.0,
  "margin": 0.35,
  "batch_size": 32,
  "num_epochs": 100,
  "learning_rate": 0.0005,
  "weight_decay": 0.0001,
  "gradient_clipping": 1.0,
  "optimizer": {
    "type": "adamw",
    "params": {
      "betas": [
        0.9,
        0.999
      ],
      "eps": 1e-08,
      "weight_decay": 0.0001
    }
  },
  "scheduler": {
    "type": "cosine",
    "params": {
      "T_max": 100,
      "eta_min": 1e-06
    }
  },
  "early_stopping": {
    "patience": 30
  },
  "sample_rate": 16000,
  "max_audio_length": 3.0,
  "frame_length": 400,
  "hop_length": 160,
  "data_dir": "/scratch/project_2003370/yueyao/dataset/mini_librispeech/LibriSpeech/dev-clean-2",
  "device": "auto",
  "seed": 42,
  "loss_config": {
    "classification": {
      "type": "cross_entropy"
    },
    "stability": {
      "enabled": true,
      "weight": 0.1,
      "target_lyapunov_range": [
        0.1,
        2.0
      ],
      "trajectory_bound": 50.0,
      "collapse_threshold": 0.1,
      "diversity_weight": 0.05
    },
    "synchronization": {
      "enabled": true,
      "sync_weight": 0.1,
      "desync_weight": 0.1,
      "margin": 5.0,
      "sample_ratio": 1.0,
      "distance_type": "euclidean"
    },
    "adversarial": {
      "enabled": true,
      "warmup_epochs": 5,
      "perturbation_scale": 0.1,
      "weight": 0.3
    }
  },
  "optional_modules": {
    "bifurcation_control": {
      "enabled": false
    },
    "differentiable_features": {
      "enabled": true
    }
  },
  "epochs": 100,
  "optimize_parameters": true
}
2026-01-24 10:50:04,994 - chaotic_trainer - INFO - System info: {'platform': 'Linux-4.18.0-553.74.1.el8_10.x86_64-x86_64-with-glibc2.28', 'system': 'Linux', 'node': 'g1102.mahti.csc.fi', 'release': '4.18.0-553.74.1.el8_10.x86_64', 'version': '#1 SMP Sun Sep 7 09:23:35 EDT 2025', 'machine': 'x86_64', 'processor': 'x86_64', 'python_version': '3.12.10 (main, Jun  3 2025, 21:04:06) [GCC 8.5.0 20210514 (Red Hat 8.5.0-26)]', 'python_executable': '/usr/bin/python', 'cpu_count': 256, 'total_memory': 540285186048, 'available_memory': 516502855680, 'gpu_info': {'cuda_available': True, 'cuda_version': '12.6', 'gpu_count': 1, 'gpu_names': ['NVIDIA A100-SXM4-40GB MIG 1g.5gb']}, 'package_versions': {'numpy': '1.26.4', 'scipy': '1.13.1', 'scikit-learn': 'not installed', 'librosa': '0.11.0', 'soundfile': '0.13.1', 'torch': '2.7.1+cu126', 'tensorflow': 'not installed', 'matplotlib': '3.10.3', 'pandas': '2.3.0'}, 'git_info': {'commit_hash': '51c92cdc63686073ead2a70ee657542846b3dc20', 'branch': 'origin', 'is_dirty': True}}
2026-01-24 10:50:04,995 - chaotic_trainer - INFO - Training 1 systems × 1 types × 1 runs...
2026-01-24 10:50:04,995 - chaotic_trainer - INFO - Systems: ['lorenz']
2026-01-24 10:50:04,995 - chaotic_trainer - INFO - Model types: ['full_chaotic']
2026-01-24 10:50:04,995 - chaotic_trainer - INFO - 
============================================================
2026-01-24 10:50:04,995 - chaotic_trainer - INFO - TRAINING: LORENZ + FULL_CHAOTIC
2026-01-24 10:50:04,995 - chaotic_trainer - INFO - ============================================================
2026-01-24 10:50:04,995 - chaotic_trainer - INFO - Training chaotic_lorenz_full_chaotic_run_0...
2026-01-24 10:50:04,995 - chaotic_trainer - INFO - Optimizing parameters for lorenz system...
2026-01-24 10:50:05,028 - chaotic_trainer - INFO - Setting up chaotic_lorenz_full_chaotic_run_0...
2026-01-24 10:51:13,320 - chaotic_trainer - INFO - 🚀 No checkpoint specified, starting from scratch
2026-01-24 10:51:13,321 - chaotic_trainer - INFO - Model parameters: 520,511 (trainable: 520,511)
2026-01-24 10:51:13,321 - chaotic_trainer - INFO - Training with chaotic dynamics monitoring...
2026-01-24 10:51:13,321 - chaotic_trainer - INFO - Starting training from epoch 0 for 100 more epochs...
2026-01-24 11:06:16,023 - chaotic_trainer - INFO - Evaluating chaotic_lorenz_full_chaotic_run_0...
2026-01-24 11:06:17,087 - chaotic_trainer - INFO - Running chaotic analysis...
2026-01-24 11:06:20,455 - chaotic_trainer - INFO - Completed chaotic_lorenz_full_chaotic_run_0: Accuracy: 0.9492, Loss: 0.2371, Time: 971.0s
2026-01-24 11:06:20,472 - chaotic_trainer - INFO - Progress: 1/1 (100.0%)
2026-01-24 11:06:20,473 - chaotic_trainer - INFO - lorenz + full_chaotic Summary: 0.9492 ± 0.0000
2026-01-24 11:06:20,473 - chaotic_trainer - INFO - Analyzing chaotic training results...
2026-01-24 11:06:20,474 - chaotic_trainer - INFO - Generating comprehensive chaotic training report...
2026-01-24 11:06:22,677 - chaotic_trainer - INFO - Visualizations saved to: /scratch/project_2003370/yueyao/Model/experiments/configs/sync_experiments/H3/H3a/visualizations
2026-01-24 11:06:22,678 - chaotic_trainer - INFO - Reports generated:
2026-01-24 11:06:22,678 - chaotic_trainer - INFO -   Text report: /scratch/project_2003370/yueyao/Model/experiments/configs/sync_experiments/H3/H3a/chaotic_training_report.txt
2026-01-24 11:06:22,678 - chaotic_trainer - INFO -   JSON report: /scratch/project_2003370/yueyao/Model/experiments/configs/sync_experiments/H3/H3a/chaotic_training_results.json
2026-01-24 11:06:22,678 - chaotic_trainer - INFO - Chaotic training completed.
2026-01-24 11:06:22,678 - chaotic_trainer - INFO - ============================================================
