2026-01-13 13:15:05,049 - experiment_baseline_mel_mlp_run_0 - INFO - Initialized experiment: baseline_mel_mlp_run_0
2026-01-13 13:15:05,050 - experiment_baseline_mel_mlp_run_0 - INFO - Device: cuda
2026-01-13 13:15:05,050 - experiment_baseline_mel_mlp_run_0 - INFO - Output directory: /scratch/project_2003370/yueyao/Model/scripts/train_baselines/mel_mlp/experiments/baseline_mel_mlp_run_0
2026-01-13 13:15:05,050 - experiment_baseline_mel_mlp_run_0 - INFO - Initialized mel_mlp baseline experiment
2026-01-13 13:15:05,050 - experiment_baseline_mel_mlp_run_0 - INFO - Setting up experiment components...
2026-01-13 13:15:05,083 - experiment_baseline_mel_mlp_run_0 - INFO - ✅ DATA PATH VARIFICATION SUCCESS: /scratch/project_2003370/yueyao/dataset/mini_librispeech/LibriSpeech/dev-clean-2
2026-01-13 13:15:05,083 - experiment_baseline_mel_mlp_run_0 - INFO - FOUND FLAC FILES: 1089
2026-01-13 13:15:05,815 - experiment_baseline_mel_mlp_run_0 - ERROR - Model device mismatch: cuda:0 vs cuda
2026-01-13 13:15:05,815 - experiment_baseline_mel_mlp_run_0 - INFO - Model created and moved to device: cuda:0
2026-01-13 13:15:05,815 - experiment_baseline_mel_mlp_run_0 - INFO - Total parameters: 69,284
2026-01-13 13:15:05,815 - experiment_baseline_mel_mlp_run_0 - INFO - Trainable parameters: 69,284
2026-01-13 13:15:06,210 - experiment_baseline_mel_mlp_run_0 - INFO - Scanning Every Data to verify the real Label Range...
2026-01-13 13:15:06,245 - experiment_baseline_mel_mlp_run_0 - INFO - Scanning the Training Dataset...
2026-01-13 13:15:06,279 - experiment_baseline_mel_mlp_run_0 - INFO - Finish Scan 1 batch, current label range: 0-24
2026-01-13 13:15:08,256 - experiment_baseline_mel_mlp_run_0 - INFO - Scanning the Val Dataset...
2026-01-13 13:15:10,451 - experiment_baseline_mel_mlp_run_0 - INFO - Scanning the Test Dataset...
2026-01-13 13:15:13,236 - experiment_baseline_mel_mlp_run_0 - INFO - ===== Dataset Labels Analysis =====
2026-01-13 13:15:13,236 - experiment_baseline_mel_mlp_run_0 - INFO - INPUT SHAPE: torch.Size([32, 48000])
2026-01-13 13:15:13,236 - experiment_baseline_mel_mlp_run_0 - INFO - LABEL RANGE: 0 to 25
2026-01-13 13:15:13,236 - experiment_baseline_mel_mlp_run_0 - INFO - ACTUAL SPEAKERS: 26
2026-01-13 13:15:13,236 - experiment_baseline_mel_mlp_run_0 - INFO - UNIQUE LABEL NUMBER: 26
2026-01-13 13:15:13,236 - experiment_baseline_mel_mlp_run_0 - INFO - SPEAKER NUMBER IN CONFIG: 100
2026-01-13 13:15:13,236 - experiment_baseline_mel_mlp_run_0 - INFO - BASELINE TYPE: mel_mlp
2026-01-13 13:15:13,236 - experiment_baseline_mel_mlp_run_0 - WARNING - Detect original dataset: torch.Size([32, 48000])，but baseline type is mel_mlp
2026-01-13 13:15:13,236 - experiment_baseline_mel_mlp_run_0 - WARNING - Probably will lead to dim unmatch，model will auto-fit in
2026-01-13 13:15:13,237 - experiment_baseline_mel_mlp_run_0 - INFO - ✅ FALL LABEL RANGE VERIFICATION PASS: [0, 25] in 100 category
2026-01-13 13:15:13,621 - experiment_baseline_mel_mlp_run_0 - INFO - Dataloaders created:
2026-01-13 13:15:13,622 - experiment_baseline_mel_mlp_run_0 - INFO -   Train: 14 batches
2026-01-13 13:15:13,622 - experiment_baseline_mel_mlp_run_0 - INFO -   Val: 3 batches
2026-01-13 13:15:13,622 - experiment_baseline_mel_mlp_run_0 - INFO -   Test: 4 batches
2026-01-13 13:15:14,789 - experiment_baseline_mel_mlp_run_0 - INFO - Optimizer: Adam
2026-01-13 13:15:14,790 - experiment_baseline_mel_mlp_run_0 - INFO - Scheduler: StepLR
2026-01-13 13:15:14,790 - experiment_baseline_mel_mlp_run_0 - INFO - Criterion: CrossEntropyLoss
2026-01-13 13:15:14,834 - experiment_baseline_mel_mlp_run_0 - INFO - Configuration saved to: /scratch/project_2003370/yueyao/Model/scripts/train_baselines/mel_mlp/experiments/baseline_mel_mlp_run_0/config.json
2026-01-13 13:15:14,834 - experiment_baseline_mel_mlp_run_0 - INFO - Experiment setup completed
2026-01-13 13:15:14,834 - experiment_baseline_mel_mlp_run_0 - INFO - Starting training for 100 epochs
2026-01-13 13:15:15,004 - experiment_baseline_mel_mlp_run_0 - INFO - 
================================================================================
2026-01-13 13:15:15,005 - experiment_baseline_mel_mlp_run_0 - INFO - COMPREHENSIVE DEBUG - FIRST BATCH
2026-01-13 13:15:15,005 - experiment_baseline_mel_mlp_run_0 - INFO - ================================================================================
2026-01-13 13:15:15,005 - experiment_baseline_mel_mlp_run_0 - INFO - Batch Info:
2026-01-13 13:15:15,005 - experiment_baseline_mel_mlp_run_0 - INFO -   Audio shape: torch.Size([32, 48000])
2026-01-13 13:15:15,005 - experiment_baseline_mel_mlp_run_0 - INFO -   Targets shape: torch.Size([32])
2026-01-13 13:15:15,008 - experiment_baseline_mel_mlp_run_0 - INFO -   Targets (first 8): tensor([22, 23, 21,  3, 19, 10,  3, 18], device='cuda:0')
2026-01-13 13:15:15,608 - experiment_baseline_mel_mlp_run_0 - INFO - ================================================================================

2026-01-13 13:15:15,788 - experiment_baseline_mel_mlp_run_0 - INFO - Train Epoch 0: [0/472 (0.0%)]	Loss: 4.714887
2026-01-13 13:15:18,891 - experiment_baseline_mel_mlp_run_0 - INFO - Epoch 0: Train Loss: 4.4411, Train Acc: 0.0580, Val Loss: 4.2158, Val Acc: 0.3146
2026-01-13 13:15:19,061 - experiment_baseline_mel_mlp_run_0 - INFO - Saved new best model at epoch 0
2026-01-13 13:15:19,243 - experiment_baseline_mel_mlp_run_0 - INFO - Train Epoch 1: [0/472 (0.0%)]	Loss: 4.092575
2026-01-13 13:15:21,762 - experiment_baseline_mel_mlp_run_0 - INFO - Epoch 1: Train Loss: 3.7555, Train Acc: 0.2366, Val Loss: 3.5228, Val Acc: 0.4382
2026-01-13 13:15:21,890 - experiment_baseline_mel_mlp_run_0 - INFO - Saved new best model at epoch 1
2026-01-13 13:15:22,049 - experiment_baseline_mel_mlp_run_0 - INFO - Train Epoch 2: [0/472 (0.0%)]	Loss: 3.281818
2026-01-13 13:15:24,519 - experiment_baseline_mel_mlp_run_0 - INFO - Epoch 2: Train Loss: 3.1974, Train Acc: 0.3839, Val Loss: 2.9144, Val Acc: 0.5281
2026-01-13 13:15:24,626 - experiment_baseline_mel_mlp_run_0 - INFO - Saved new best model at epoch 2
2026-01-13 13:15:24,786 - experiment_baseline_mel_mlp_run_0 - INFO - Train Epoch 3: [0/472 (0.0%)]	Loss: 2.760527
2026-01-13 13:15:27,257 - experiment_baseline_mel_mlp_run_0 - INFO - Epoch 3: Train Loss: 2.7597, Train Acc: 0.5022, Val Loss: 2.4671, Val Acc: 0.6966
2026-01-13 13:15:27,365 - experiment_baseline_mel_mlp_run_0 - INFO - Saved new best model at epoch 3
2026-01-13 13:15:27,527 - experiment_baseline_mel_mlp_run_0 - INFO - Train Epoch 4: [0/472 (0.0%)]	Loss: 2.455028
2026-01-13 13:15:30,010 - experiment_baseline_mel_mlp_run_0 - INFO - Epoch 4: Train Loss: 2.4015, Train Acc: 0.5804, Val Loss: 2.0461, Val Acc: 0.7753
2026-01-13 13:15:30,112 - experiment_baseline_mel_mlp_run_0 - INFO - Saved new best model at epoch 4
2026-01-13 13:15:30,272 - experiment_baseline_mel_mlp_run_0 - INFO - Train Epoch 5: [0/472 (0.0%)]	Loss: 2.310730
2026-01-13 13:15:32,771 - experiment_baseline_mel_mlp_run_0 - INFO - Epoch 5: Train Loss: 2.0651, Train Acc: 0.6652, Val Loss: 1.7977, Val Acc: 0.8090
2026-01-13 13:15:32,877 - experiment_baseline_mel_mlp_run_0 - INFO - Saved new best model at epoch 5
2026-01-13 13:15:33,040 - experiment_baseline_mel_mlp_run_0 - INFO - Train Epoch 6: [0/472 (0.0%)]	Loss: 1.856415
2026-01-13 13:15:35,535 - experiment_baseline_mel_mlp_run_0 - INFO - Epoch 6: Train Loss: 1.7987, Train Acc: 0.7344, Val Loss: 1.5064, Val Acc: 0.8539
2026-01-13 13:15:35,639 - experiment_baseline_mel_mlp_run_0 - INFO - Saved new best model at epoch 6
2026-01-13 13:15:35,798 - experiment_baseline_mel_mlp_run_0 - INFO - Train Epoch 7: [0/472 (0.0%)]	Loss: 1.662041
2026-01-13 13:15:38,304 - experiment_baseline_mel_mlp_run_0 - INFO - Epoch 7: Train Loss: 1.5484, Train Acc: 0.7746, Val Loss: 1.2695, Val Acc: 0.8764
2026-01-13 13:15:38,407 - experiment_baseline_mel_mlp_run_0 - INFO - Saved new best model at epoch 7
2026-01-13 13:15:38,567 - experiment_baseline_mel_mlp_run_0 - INFO - Train Epoch 8: [0/472 (0.0%)]	Loss: 1.486522
2026-01-13 13:15:41,069 - experiment_baseline_mel_mlp_run_0 - INFO - Epoch 8: Train Loss: 1.3940, Train Acc: 0.8214, Val Loss: 1.0589, Val Acc: 0.9326
2026-01-13 13:15:41,173 - experiment_baseline_mel_mlp_run_0 - INFO - Saved new best model at epoch 8
2026-01-13 13:15:41,334 - experiment_baseline_mel_mlp_run_0 - INFO - Train Epoch 9: [0/472 (0.0%)]	Loss: 1.248605
2026-01-13 13:15:43,815 - experiment_baseline_mel_mlp_run_0 - INFO - Epoch 9: Train Loss: 1.2683, Train Acc: 0.8103, Val Loss: 0.9364, Val Acc: 0.9213
2026-01-13 13:15:44,050 - experiment_baseline_mel_mlp_run_0 - INFO - Train Epoch 10: [0/472 (0.0%)]	Loss: 1.213894
2026-01-13 13:15:46,505 - experiment_baseline_mel_mlp_run_0 - INFO - Epoch 10: Train Loss: 1.0818, Train Acc: 0.8527, Val Loss: 0.7795, Val Acc: 0.9438
2026-01-13 13:15:46,617 - experiment_baseline_mel_mlp_run_0 - INFO - Saved new best model at epoch 10
2026-01-13 13:15:46,801 - experiment_baseline_mel_mlp_run_0 - INFO - Train Epoch 11: [0/472 (0.0%)]	Loss: 1.088138
2026-01-13 13:15:49,251 - experiment_baseline_mel_mlp_run_0 - INFO - Epoch 11: Train Loss: 1.0564, Train Acc: 0.8326, Val Loss: 0.7096, Val Acc: 0.9551
2026-01-13 13:15:49,362 - experiment_baseline_mel_mlp_run_0 - INFO - Saved new best model at epoch 11
2026-01-13 13:15:49,521 - experiment_baseline_mel_mlp_run_0 - INFO - Train Epoch 12: [0/472 (0.0%)]	Loss: 0.932840
2026-01-13 13:15:51,967 - experiment_baseline_mel_mlp_run_0 - INFO - Epoch 12: Train Loss: 0.8874, Train Acc: 0.8750, Val Loss: 0.5811, Val Acc: 0.9438
2026-01-13 13:15:52,205 - experiment_baseline_mel_mlp_run_0 - INFO - Train Epoch 13: [0/472 (0.0%)]	Loss: 0.726400
2026-01-13 13:15:54,631 - experiment_baseline_mel_mlp_run_0 - INFO - Epoch 13: Train Loss: 0.8243, Train Acc: 0.8862, Val Loss: 0.5240, Val Acc: 0.9551
2026-01-13 13:15:54,874 - experiment_baseline_mel_mlp_run_0 - INFO - Train Epoch 14: [0/472 (0.0%)]	Loss: 0.783967
2026-01-13 13:15:57,287 - experiment_baseline_mel_mlp_run_0 - INFO - Epoch 14: Train Loss: 0.7827, Train Acc: 0.8750, Val Loss: 0.4272, Val Acc: 0.9775
2026-01-13 13:15:57,397 - experiment_baseline_mel_mlp_run_0 - INFO - Saved new best model at epoch 14
2026-01-13 13:15:57,557 - experiment_baseline_mel_mlp_run_0 - INFO - Train Epoch 15: [0/472 (0.0%)]	Loss: 0.719857
2026-01-13 13:15:59,987 - experiment_baseline_mel_mlp_run_0 - INFO - Epoch 15: Train Loss: 0.6783, Train Acc: 0.8951, Val Loss: 0.3955, Val Acc: 0.9775
2026-01-13 13:16:00,222 - experiment_baseline_mel_mlp_run_0 - INFO - Train Epoch 16: [0/472 (0.0%)]	Loss: 0.765032
2026-01-13 13:16:02,665 - experiment_baseline_mel_mlp_run_0 - INFO - Epoch 16: Train Loss: 0.6124, Train Acc: 0.9107, Val Loss: 0.3534, Val Acc: 0.9888
2026-01-13 13:16:02,776 - experiment_baseline_mel_mlp_run_0 - INFO - Saved new best model at epoch 16
2026-01-13 13:16:02,934 - experiment_baseline_mel_mlp_run_0 - INFO - Train Epoch 17: [0/472 (0.0%)]	Loss: 0.545150
2026-01-13 13:16:05,350 - experiment_baseline_mel_mlp_run_0 - INFO - Epoch 17: Train Loss: 0.5990, Train Acc: 0.9062, Val Loss: 0.3317, Val Acc: 0.9663
2026-01-13 13:16:05,585 - experiment_baseline_mel_mlp_run_0 - INFO - Train Epoch 18: [0/472 (0.0%)]	Loss: 0.488793
2026-01-13 13:16:08,004 - experiment_baseline_mel_mlp_run_0 - INFO - Epoch 18: Train Loss: 0.5669, Train Acc: 0.9196, Val Loss: 0.2717, Val Acc: 0.9775
2026-01-13 13:16:08,239 - experiment_baseline_mel_mlp_run_0 - INFO - Train Epoch 19: [0/472 (0.0%)]	Loss: 0.443981
2026-01-13 13:16:10,678 - experiment_baseline_mel_mlp_run_0 - INFO - Epoch 19: Train Loss: 0.5053, Train Acc: 0.9174, Val Loss: 0.3223, Val Acc: 0.9551
2026-01-13 13:16:10,912 - experiment_baseline_mel_mlp_run_0 - INFO - Train Epoch 20: [0/472 (0.0%)]	Loss: 0.454974
2026-01-13 13:16:13,343 - experiment_baseline_mel_mlp_run_0 - INFO - Epoch 20: Train Loss: 0.4434, Train Acc: 0.9397, Val Loss: 0.2805, Val Acc: 0.9663
2026-01-13 13:16:13,602 - experiment_baseline_mel_mlp_run_0 - INFO - Train Epoch 21: [0/472 (0.0%)]	Loss: 0.457685
2026-01-13 13:16:16,053 - experiment_baseline_mel_mlp_run_0 - INFO - Epoch 21: Train Loss: 0.4259, Train Acc: 0.9487, Val Loss: 0.2052, Val Acc: 0.9775
2026-01-13 13:16:16,301 - experiment_baseline_mel_mlp_run_0 - INFO - Train Epoch 22: [0/472 (0.0%)]	Loss: 0.417575
2026-01-13 13:16:18,731 - experiment_baseline_mel_mlp_run_0 - INFO - Epoch 22: Train Loss: 0.4236, Train Acc: 0.9263, Val Loss: 0.2211, Val Acc: 0.9438
2026-01-13 13:16:18,969 - experiment_baseline_mel_mlp_run_0 - INFO - Train Epoch 23: [0/472 (0.0%)]	Loss: 0.488102
2026-01-13 13:16:21,426 - experiment_baseline_mel_mlp_run_0 - INFO - Epoch 23: Train Loss: 0.3998, Train Acc: 0.9330, Val Loss: 0.1721, Val Acc: 0.9888
2026-01-13 13:16:21,668 - experiment_baseline_mel_mlp_run_0 - INFO - Train Epoch 24: [0/472 (0.0%)]	Loss: 0.350990
2026-01-13 13:16:24,130 - experiment_baseline_mel_mlp_run_0 - INFO - Epoch 24: Train Loss: 0.3586, Train Acc: 0.9375, Val Loss: 0.2455, Val Acc: 0.9663
2026-01-13 13:16:24,369 - experiment_baseline_mel_mlp_run_0 - INFO - Train Epoch 25: [0/472 (0.0%)]	Loss: 0.389752
2026-01-13 13:16:26,823 - experiment_baseline_mel_mlp_run_0 - INFO - Epoch 25: Train Loss: 0.3482, Train Acc: 0.9375, Val Loss: 0.1408, Val Acc: 1.0000
2026-01-13 13:16:26,937 - experiment_baseline_mel_mlp_run_0 - INFO - Saved new best model at epoch 25
2026-01-13 13:16:27,098 - experiment_baseline_mel_mlp_run_0 - INFO - Train Epoch 26: [0/472 (0.0%)]	Loss: 0.384288
2026-01-13 13:16:29,571 - experiment_baseline_mel_mlp_run_0 - INFO - Epoch 26: Train Loss: 0.3109, Train Acc: 0.9487, Val Loss: 0.1618, Val Acc: 0.9663
2026-01-13 13:16:29,807 - experiment_baseline_mel_mlp_run_0 - INFO - Train Epoch 27: [0/472 (0.0%)]	Loss: 0.419588
2026-01-13 13:16:32,263 - experiment_baseline_mel_mlp_run_0 - INFO - Epoch 27: Train Loss: 0.3422, Train Acc: 0.9397, Val Loss: 0.1342, Val Acc: 0.9775
2026-01-13 13:16:32,500 - experiment_baseline_mel_mlp_run_0 - INFO - Train Epoch 28: [0/472 (0.0%)]	Loss: 0.238836
2026-01-13 13:16:35,157 - experiment_baseline_mel_mlp_run_0 - INFO - Epoch 28: Train Loss: 0.3247, Train Acc: 0.9509, Val Loss: 0.1279, Val Acc: 0.9888
2026-01-13 13:16:35,399 - experiment_baseline_mel_mlp_run_0 - INFO - Train Epoch 29: [0/472 (0.0%)]	Loss: 0.346269
2026-01-13 13:16:37,866 - experiment_baseline_mel_mlp_run_0 - INFO - Epoch 29: Train Loss: 0.3216, Train Acc: 0.9487, Val Loss: 0.1696, Val Acc: 0.9663
2026-01-13 13:16:38,102 - experiment_baseline_mel_mlp_run_0 - INFO - Train Epoch 30: [0/472 (0.0%)]	Loss: 0.251733
2026-01-13 13:16:40,541 - experiment_baseline_mel_mlp_run_0 - INFO - Epoch 30: Train Loss: 0.3429, Train Acc: 0.9152, Val Loss: 0.0968, Val Acc: 0.9888
2026-01-13 13:16:40,807 - experiment_baseline_mel_mlp_run_0 - INFO - Train Epoch 31: [0/472 (0.0%)]	Loss: 0.250058
2026-01-13 13:16:43,246 - experiment_baseline_mel_mlp_run_0 - INFO - Epoch 31: Train Loss: 0.2916, Train Acc: 0.9487, Val Loss: 0.1131, Val Acc: 0.9888
2026-01-13 13:16:43,481 - experiment_baseline_mel_mlp_run_0 - INFO - Train Epoch 32: [0/472 (0.0%)]	Loss: 0.214581
2026-01-13 13:16:45,915 - experiment_baseline_mel_mlp_run_0 - INFO - Epoch 32: Train Loss: 0.2587, Train Acc: 0.9554, Val Loss: 0.1033, Val Acc: 0.9775
2026-01-13 13:16:46,153 - experiment_baseline_mel_mlp_run_0 - INFO - Train Epoch 33: [0/472 (0.0%)]	Loss: 0.315998
2026-01-13 13:16:48,592 - experiment_baseline_mel_mlp_run_0 - INFO - Epoch 33: Train Loss: 0.2537, Train Acc: 0.9621, Val Loss: 0.0939, Val Acc: 0.9888
2026-01-13 13:16:48,837 - experiment_baseline_mel_mlp_run_0 - INFO - Train Epoch 34: [0/472 (0.0%)]	Loss: 0.164242
2026-01-13 13:16:51,291 - experiment_baseline_mel_mlp_run_0 - INFO - Epoch 34: Train Loss: 0.2345, Train Acc: 0.9621, Val Loss: 0.0719, Val Acc: 1.0000
2026-01-13 13:16:51,528 - experiment_baseline_mel_mlp_run_0 - INFO - Train Epoch 35: [0/472 (0.0%)]	Loss: 0.143230
2026-01-13 13:16:53,987 - experiment_baseline_mel_mlp_run_0 - INFO - Epoch 35: Train Loss: 0.2295, Train Acc: 0.9732, Val Loss: 0.1048, Val Acc: 0.9775
2026-01-13 13:16:54,223 - experiment_baseline_mel_mlp_run_0 - INFO - Train Epoch 36: [0/472 (0.0%)]	Loss: 0.157614
2026-01-13 13:16:56,694 - experiment_baseline_mel_mlp_run_0 - INFO - Epoch 36: Train Loss: 0.2035, Train Acc: 0.9710, Val Loss: 0.0721, Val Acc: 0.9888
2026-01-13 13:16:56,932 - experiment_baseline_mel_mlp_run_0 - INFO - Train Epoch 37: [0/472 (0.0%)]	Loss: 0.384576
2026-01-13 13:16:59,392 - experiment_baseline_mel_mlp_run_0 - INFO - Epoch 37: Train Loss: 0.2126, Train Acc: 0.9732, Val Loss: 0.0886, Val Acc: 0.9888
2026-01-13 13:16:59,629 - experiment_baseline_mel_mlp_run_0 - INFO - Train Epoch 38: [0/472 (0.0%)]	Loss: 0.152826
2026-01-13 13:17:02,062 - experiment_baseline_mel_mlp_run_0 - INFO - Epoch 38: Train Loss: 0.2175, Train Acc: 0.9643, Val Loss: 0.0623, Val Acc: 1.0000
2026-01-13 13:17:02,301 - experiment_baseline_mel_mlp_run_0 - INFO - Train Epoch 39: [0/472 (0.0%)]	Loss: 0.319215
2026-01-13 13:17:04,737 - experiment_baseline_mel_mlp_run_0 - INFO - Epoch 39: Train Loss: 0.1909, Train Acc: 0.9754, Val Loss: 0.0860, Val Acc: 0.9888
2026-01-13 13:17:04,973 - experiment_baseline_mel_mlp_run_0 - INFO - Train Epoch 40: [0/472 (0.0%)]	Loss: 0.137989
2026-01-13 13:17:07,417 - experiment_baseline_mel_mlp_run_0 - INFO - Epoch 40: Train Loss: 0.1577, Train Acc: 0.9844, Val Loss: 0.0670, Val Acc: 0.9888
2026-01-13 13:17:07,540 - experiment_baseline_mel_mlp_run_0 - INFO - Early stopping triggered at epoch 40
2026-01-13 13:17:07,546 - experiment_baseline_mel_mlp_run_0 - INFO - Running final test evaluation...
2026-01-13 13:17:08,140 - experiment_baseline_mel_mlp_run_0 - INFO - Test Results:
2026-01-13 13:17:08,140 - experiment_baseline_mel_mlp_run_0 - INFO -   loss: 0.0783
2026-01-13 13:17:08,140 - experiment_baseline_mel_mlp_run_0 - INFO -   accuracy: 0.9831
2026-01-13 13:17:08,140 - experiment_baseline_mel_mlp_run_0 - INFO -   precision_macro: 0.9872
2026-01-13 13:17:08,140 - experiment_baseline_mel_mlp_run_0 - INFO -   recall_macro: 0.9795
2026-01-13 13:17:08,140 - experiment_baseline_mel_mlp_run_0 - INFO -   f1_macro: 0.9810
2026-01-13 13:17:08,140 - experiment_baseline_mel_mlp_run_0 - INFO -   precision_weighted: 0.9859
2026-01-13 13:17:08,140 - experiment_baseline_mel_mlp_run_0 - INFO -   recall_weighted: 0.9831
2026-01-13 13:17:08,140 - experiment_baseline_mel_mlp_run_0 - INFO -   f1_weighted: 0.9825
2026-01-13 13:17:08,140 - experiment_baseline_mel_mlp_run_0 - INFO -   precision_class_0: 1.0000
2026-01-13 13:17:08,141 - experiment_baseline_mel_mlp_run_0 - INFO -   recall_class_0: 1.0000
2026-01-13 13:17:08,141 - experiment_baseline_mel_mlp_run_0 - INFO -   f1_class_0: 1.0000
2026-01-13 13:17:08,141 - experiment_baseline_mel_mlp_run_0 - INFO -   precision_class_1: 1.0000
2026-01-13 13:17:08,141 - experiment_baseline_mel_mlp_run_0 - INFO -   recall_class_1: 1.0000
2026-01-13 13:17:08,141 - experiment_baseline_mel_mlp_run_0 - INFO -   f1_class_1: 1.0000
2026-01-13 13:17:08,141 - experiment_baseline_mel_mlp_run_0 - INFO -   precision_class_2: 1.0000
2026-01-13 13:17:08,141 - experiment_baseline_mel_mlp_run_0 - INFO -   recall_class_2: 1.0000
2026-01-13 13:17:08,141 - experiment_baseline_mel_mlp_run_0 - INFO -   f1_class_2: 1.0000
2026-01-13 13:17:08,141 - experiment_baseline_mel_mlp_run_0 - INFO -   precision_class_3: 0.8333
2026-01-13 13:17:08,141 - experiment_baseline_mel_mlp_run_0 - INFO -   recall_class_3: 1.0000
2026-01-13 13:17:08,141 - experiment_baseline_mel_mlp_run_0 - INFO -   f1_class_3: 0.9091
2026-01-13 13:17:08,141 - experiment_baseline_mel_mlp_run_0 - INFO -   precision_class_4: 1.0000
2026-01-13 13:17:08,141 - experiment_baseline_mel_mlp_run_0 - INFO -   recall_class_4: 1.0000
2026-01-13 13:17:08,141 - experiment_baseline_mel_mlp_run_0 - INFO -   f1_class_4: 1.0000
2026-01-13 13:17:08,141 - experiment_baseline_mel_mlp_run_0 - INFO -   precision_class_5: 1.0000
2026-01-13 13:17:08,142 - experiment_baseline_mel_mlp_run_0 - INFO -   recall_class_5: 1.0000
2026-01-13 13:17:08,142 - experiment_baseline_mel_mlp_run_0 - INFO -   f1_class_5: 1.0000
2026-01-13 13:17:08,142 - experiment_baseline_mel_mlp_run_0 - INFO -   precision_class_6: 1.0000
2026-01-13 13:17:08,142 - experiment_baseline_mel_mlp_run_0 - INFO -   recall_class_6: 1.0000
2026-01-13 13:17:08,142 - experiment_baseline_mel_mlp_run_0 - INFO -   f1_class_6: 1.0000
2026-01-13 13:17:08,142 - experiment_baseline_mel_mlp_run_0 - INFO -   precision_class_7: 1.0000
2026-01-13 13:17:08,142 - experiment_baseline_mel_mlp_run_0 - INFO -   recall_class_7: 1.0000
2026-01-13 13:17:08,142 - experiment_baseline_mel_mlp_run_0 - INFO -   f1_class_7: 1.0000
2026-01-13 13:17:08,142 - experiment_baseline_mel_mlp_run_0 - INFO -   precision_class_8: 1.0000
2026-01-13 13:17:08,142 - experiment_baseline_mel_mlp_run_0 - INFO -   recall_class_8: 1.0000
2026-01-13 13:17:08,142 - experiment_baseline_mel_mlp_run_0 - INFO -   f1_class_8: 1.0000
2026-01-13 13:17:08,142 - experiment_baseline_mel_mlp_run_0 - INFO -   precision_class_9: 1.0000
2026-01-13 13:17:08,142 - experiment_baseline_mel_mlp_run_0 - INFO -   recall_class_9: 1.0000
2026-01-13 13:17:08,142 - experiment_baseline_mel_mlp_run_0 - INFO -   f1_class_9: 1.0000
2026-01-13 13:17:08,142 - experiment_baseline_mel_mlp_run_0 - INFO -   precision_class_10: 1.0000
2026-01-13 13:17:08,143 - experiment_baseline_mel_mlp_run_0 - INFO -   recall_class_10: 1.0000
2026-01-13 13:17:08,143 - experiment_baseline_mel_mlp_run_0 - INFO -   f1_class_10: 1.0000
2026-01-13 13:17:08,143 - experiment_baseline_mel_mlp_run_0 - INFO -   precision_class_11: 1.0000
2026-01-13 13:17:08,143 - experiment_baseline_mel_mlp_run_0 - INFO -   recall_class_11: 1.0000
2026-01-13 13:17:08,143 - experiment_baseline_mel_mlp_run_0 - INFO -   f1_class_11: 1.0000
2026-01-13 13:17:08,143 - experiment_baseline_mel_mlp_run_0 - INFO -   precision_class_12: 1.0000
2026-01-13 13:17:08,143 - experiment_baseline_mel_mlp_run_0 - INFO -   recall_class_12: 1.0000
2026-01-13 13:17:08,143 - experiment_baseline_mel_mlp_run_0 - INFO -   f1_class_12: 1.0000
2026-01-13 13:17:08,143 - experiment_baseline_mel_mlp_run_0 - INFO -   precision_class_13: 0.8333
2026-01-13 13:17:08,143 - experiment_baseline_mel_mlp_run_0 - INFO -   recall_class_13: 1.0000
2026-01-13 13:17:08,143 - experiment_baseline_mel_mlp_run_0 - INFO -   f1_class_13: 0.9091
2026-01-13 13:17:08,143 - experiment_baseline_mel_mlp_run_0 - INFO -   precision_class_14: 1.0000
2026-01-13 13:17:08,143 - experiment_baseline_mel_mlp_run_0 - INFO -   recall_class_14: 1.0000
2026-01-13 13:17:08,143 - experiment_baseline_mel_mlp_run_0 - INFO -   f1_class_14: 1.0000
2026-01-13 13:17:08,143 - experiment_baseline_mel_mlp_run_0 - INFO -   precision_class_15: 1.0000
2026-01-13 13:17:08,144 - experiment_baseline_mel_mlp_run_0 - INFO -   recall_class_15: 1.0000
2026-01-13 13:17:08,144 - experiment_baseline_mel_mlp_run_0 - INFO -   f1_class_15: 1.0000
2026-01-13 13:17:08,144 - experiment_baseline_mel_mlp_run_0 - INFO -   precision_class_16: 1.0000
2026-01-13 13:17:08,144 - experiment_baseline_mel_mlp_run_0 - INFO -   recall_class_16: 1.0000
2026-01-13 13:17:08,144 - experiment_baseline_mel_mlp_run_0 - INFO -   f1_class_16: 1.0000
2026-01-13 13:17:08,144 - experiment_baseline_mel_mlp_run_0 - INFO -   precision_class_17: 1.0000
2026-01-13 13:17:08,144 - experiment_baseline_mel_mlp_run_0 - INFO -   recall_class_17: 1.0000
2026-01-13 13:17:08,144 - experiment_baseline_mel_mlp_run_0 - INFO -   f1_class_17: 1.0000
2026-01-13 13:17:08,144 - experiment_baseline_mel_mlp_run_0 - INFO -   precision_class_18: 1.0000
2026-01-13 13:17:08,144 - experiment_baseline_mel_mlp_run_0 - INFO -   recall_class_18: 1.0000
2026-01-13 13:17:08,144 - experiment_baseline_mel_mlp_run_0 - INFO -   f1_class_18: 1.0000
2026-01-13 13:17:08,144 - experiment_baseline_mel_mlp_run_0 - INFO -   precision_class_19: 1.0000
2026-01-13 13:17:08,144 - experiment_baseline_mel_mlp_run_0 - INFO -   recall_class_19: 1.0000
2026-01-13 13:17:08,144 - experiment_baseline_mel_mlp_run_0 - INFO -   f1_class_19: 1.0000
2026-01-13 13:17:08,144 - experiment_baseline_mel_mlp_run_0 - INFO -   precision_class_20: 1.0000
2026-01-13 13:17:08,145 - experiment_baseline_mel_mlp_run_0 - INFO -   recall_class_20: 1.0000
2026-01-13 13:17:08,145 - experiment_baseline_mel_mlp_run_0 - INFO -   f1_class_20: 1.0000
2026-01-13 13:17:08,145 - experiment_baseline_mel_mlp_run_0 - INFO -   precision_class_21: 1.0000
2026-01-13 13:17:08,145 - experiment_baseline_mel_mlp_run_0 - INFO -   recall_class_21: 0.8000
2026-01-13 13:17:08,145 - experiment_baseline_mel_mlp_run_0 - INFO -   f1_class_21: 0.8889
2026-01-13 13:17:08,145 - experiment_baseline_mel_mlp_run_0 - INFO -   precision_class_22: 1.0000
2026-01-13 13:17:08,145 - experiment_baseline_mel_mlp_run_0 - INFO -   recall_class_22: 1.0000
2026-01-13 13:17:08,145 - experiment_baseline_mel_mlp_run_0 - INFO -   f1_class_22: 1.0000
2026-01-13 13:17:08,145 - experiment_baseline_mel_mlp_run_0 - INFO -   precision_class_23: 1.0000
2026-01-13 13:17:08,145 - experiment_baseline_mel_mlp_run_0 - INFO -   recall_class_23: 1.0000
2026-01-13 13:17:08,145 - experiment_baseline_mel_mlp_run_0 - INFO -   f1_class_23: 1.0000
2026-01-13 13:17:08,145 - experiment_baseline_mel_mlp_run_0 - INFO -   precision_class_24: 1.0000
2026-01-13 13:17:08,145 - experiment_baseline_mel_mlp_run_0 - INFO -   recall_class_24: 1.0000
2026-01-13 13:17:08,145 - experiment_baseline_mel_mlp_run_0 - INFO -   f1_class_24: 1.0000
2026-01-13 13:17:08,145 - experiment_baseline_mel_mlp_run_0 - INFO -   precision_class_25: 1.0000
2026-01-13 13:17:08,146 - experiment_baseline_mel_mlp_run_0 - INFO -   recall_class_25: 0.6667
2026-01-13 13:17:08,146 - experiment_baseline_mel_mlp_run_0 - INFO -   f1_class_25: 0.8000
2026-01-13 13:17:08,146 - experiment_baseline_mel_mlp_run_0 - INFO -   balanced_accuracy: 0.9795
2026-01-13 13:17:08,150 - experiment_baseline_mel_mlp_run_0 - INFO - Training completed
2026-01-13 13:17:08,747 - experiment_baseline_mel_mlp_run_0 - INFO - Running baseline analysis...
2026-01-13 13:17:08,749 - experiment_baseline_mel_mlp_run_0 - INFO - Baseline analysis completed
