2026-01-24 10:16:09,484 - experiment_chaotic_lorenz_full_chaotic_run_0 - INFO - Initialized experiment: chaotic_lorenz_full_chaotic_run_0
2026-01-24 10:16:09,485 - experiment_chaotic_lorenz_full_chaotic_run_0 - INFO - Device: cuda
2026-01-24 10:16:09,485 - experiment_chaotic_lorenz_full_chaotic_run_0 - INFO - Output directory: /scratch/project_2003370/yueyao/Model/experiments/configs/Lyapunov_loss/weight_0.1/experiments/chaotic_lorenz_full_chaotic_run_0
2026-01-24 10:16:09,486 - experiment_chaotic_lorenz_full_chaotic_run_0 - INFO - [SYNC LOSS] Enabled with mode: standard
2026-01-24 10:16:09,486 - experiment_chaotic_lorenz_full_chaotic_run_0 - INFO - Initialized chaotic network experiment with lorenz system
2026-01-24 10:16:09,486 - experiment_chaotic_lorenz_full_chaotic_run_0 - INFO - Setting up experiment components...
2026-01-24 10:16:09,486 - experiment_chaotic_lorenz_full_chaotic_run_0 - INFO - Creating dataloaders...
2026-01-24 10:16:09,874 - experiment_chaotic_lorenz_full_chaotic_run_0 - INFO - Detected 26 speakers in dataset
2026-01-24 10:16:09,874 - experiment_chaotic_lorenz_full_chaotic_run_0 - INFO - Dataloaders created:
2026-01-24 10:16:09,874 - experiment_chaotic_lorenz_full_chaotic_run_0 - INFO -   Train: 14 batches
2026-01-24 10:16:09,874 - experiment_chaotic_lorenz_full_chaotic_run_0 - INFO -   Val: 3 batches
2026-01-24 10:16:09,874 - experiment_chaotic_lorenz_full_chaotic_run_0 - INFO -   Test: 4 batches
2026-01-24 10:16:09,874 - experiment_chaotic_lorenz_full_chaotic_run_0 - INFO - Creating model...
2026-01-24 10:16:09,874 - experiment_chaotic_lorenz_full_chaotic_run_0 - INFO - Using actual num_speakers from dataset: 26
2026-01-24 10:17:07,168 - experiment_chaotic_lorenz_full_chaotic_run_0 - INFO - Initialized experiment: chaotic_lorenz_full_chaotic_run_0
2026-01-24 10:17:07,169 - experiment_chaotic_lorenz_full_chaotic_run_0 - INFO - Device: cuda
2026-01-24 10:17:07,169 - experiment_chaotic_lorenz_full_chaotic_run_0 - INFO - Output directory: /scratch/project_2003370/yueyao/Model/experiments/configs/Lyapunov_loss/weight_0.01/experiments/chaotic_lorenz_full_chaotic_run_0
2026-01-24 10:17:07,170 - experiment_chaotic_lorenz_full_chaotic_run_0 - INFO - [SYNC LOSS] Enabled with mode: standard
2026-01-24 10:17:07,170 - experiment_chaotic_lorenz_full_chaotic_run_0 - INFO - Initialized chaotic network experiment with lorenz system
2026-01-24 10:17:07,170 - experiment_chaotic_lorenz_full_chaotic_run_0 - INFO - Setting up experiment components...
2026-01-24 10:17:07,170 - experiment_chaotic_lorenz_full_chaotic_run_0 - INFO - Creating dataloaders...
2026-01-24 10:17:07,557 - experiment_chaotic_lorenz_full_chaotic_run_0 - INFO - Detected 26 speakers in dataset
2026-01-24 10:17:07,557 - experiment_chaotic_lorenz_full_chaotic_run_0 - INFO - Dataloaders created:
2026-01-24 10:17:07,557 - experiment_chaotic_lorenz_full_chaotic_run_0 - INFO -   Train: 14 batches
2026-01-24 10:17:07,557 - experiment_chaotic_lorenz_full_chaotic_run_0 - INFO -   Val: 3 batches
2026-01-24 10:17:07,557 - experiment_chaotic_lorenz_full_chaotic_run_0 - INFO -   Test: 4 batches
2026-01-24 10:17:07,557 - experiment_chaotic_lorenz_full_chaotic_run_0 - INFO - Creating model...
2026-01-24 10:17:07,557 - experiment_chaotic_lorenz_full_chaotic_run_0 - INFO - Using actual num_speakers from dataset: 26
2026-01-24 10:18:13,896 - experiment_chaotic_lorenz_full_chaotic_run_0 - INFO - Total parameters: 520,511
2026-01-24 10:18:13,896 - experiment_chaotic_lorenz_full_chaotic_run_0 - INFO - Trainable parameters: 520,511
2026-01-24 10:18:13,896 - experiment_chaotic_lorenz_full_chaotic_run_0 - INFO - Creating optimizer...
2026-01-24 10:18:15,023 - experiment_chaotic_lorenz_full_chaotic_run_0 - INFO - Optimizer: AdamW
2026-01-24 10:18:15,023 - experiment_chaotic_lorenz_full_chaotic_run_0 - INFO - Creating scheduler...
2026-01-24 10:18:15,023 - experiment_chaotic_lorenz_full_chaotic_run_0 - INFO - Scheduler: CosineAnnealingLR
2026-01-24 10:18:15,023 - experiment_chaotic_lorenz_full_chaotic_run_0 - INFO - Creating criterion...
2026-01-24 10:18:15,024 - experiment_chaotic_lorenz_full_chaotic_run_0 - INFO - Criterion: CrossEntropyLoss
2026-01-24 10:18:15,072 - experiment_chaotic_lorenz_full_chaotic_run_0 - INFO - Configuration saved to: /scratch/project_2003370/yueyao/Model/experiments/configs/Lyapunov_loss/weight_0.01/experiments/chaotic_lorenz_full_chaotic_run_0/config.json
2026-01-24 10:18:15,072 - experiment_chaotic_lorenz_full_chaotic_run_0 - INFO - Experiment setup completed
2026-01-24 10:18:15,073 - experiment_chaotic_lorenz_full_chaotic_run_0 - INFO - Starting training for 100 epochs
2026-01-24 10:18:15,073 - experiment_chaotic_lorenz_full_chaotic_run_0 - INFO - [SYNC LOSS] Warmup complete, synchronization loss activated!
2026-01-24 10:18:15,212 - experiment_chaotic_lorenz_full_chaotic_run_0 - INFO - 
================================================================================
2026-01-24 10:18:15,212 - experiment_chaotic_lorenz_full_chaotic_run_0 - INFO - COMPREHENSIVE DEBUG - FIRST BATCH
2026-01-24 10:18:15,213 - experiment_chaotic_lorenz_full_chaotic_run_0 - INFO - ================================================================================
2026-01-24 10:18:15,213 - experiment_chaotic_lorenz_full_chaotic_run_0 - INFO - Batch Info:
2026-01-24 10:18:15,213 - experiment_chaotic_lorenz_full_chaotic_run_0 - INFO -   Audio shape: torch.Size([32, 48000])
2026-01-24 10:18:15,213 - experiment_chaotic_lorenz_full_chaotic_run_0 - INFO -   Targets shape: torch.Size([32])
2026-01-24 10:18:15,217 - experiment_chaotic_lorenz_full_chaotic_run_0 - INFO -   Targets (first 8): tensor([24, 16, 12, 13,  9,  3, 12,  1], device='cuda:0')
2026-01-24 10:18:16,055 - experiment_chaotic_lorenz_full_chaotic_run_0 - INFO - ================================================================================

2026-01-24 10:18:16,196 - experiment_chaotic_lorenz_full_chaotic_run_0 - INFO - [STABILITY] Initialized LyapunovStabilityLoss
2026-01-24 10:18:16,202 - experiment_chaotic_lorenz_full_chaotic_run_0 - DEBUG - [STABILITY] lyap=0.095, max_norm=48.2, min_std=7.916
2026-01-24 10:18:16,863 - experiment_chaotic_lorenz_full_chaotic_run_0 - INFO - Train Epoch 0: [0/472 (0.0%)]	Loss: 4.583149
2026-01-24 10:18:21,109 - experiment_chaotic_lorenz_full_chaotic_run_0 - INFO - [SYNC DEBUG] Epoch 0: sync_weight=0.0, desync_weight=0.0, loss_sync=0.000000
2026-01-24 10:18:22,389 - experiment_chaotic_lorenz_full_chaotic_run_0 - INFO - Epoch 0: Train Loss: 4.4136, Train Acc: 0.0536, Val Loss: 4.2434, Val Acc: 0.0449
2026-01-24 10:18:22,466 - experiment_chaotic_lorenz_full_chaotic_run_0 - INFO - Saved new best model at epoch 0
2026-01-24 10:18:23,142 - experiment_chaotic_lorenz_full_chaotic_run_0 - INFO - Train Epoch 1: [0/472 (0.0%)]	Loss: 4.193365
2026-01-24 10:18:27,418 - experiment_chaotic_lorenz_full_chaotic_run_0 - INFO - [SYNC DEBUG] Epoch 1: sync_weight=0.0, desync_weight=0.0, loss_sync=0.000000
2026-01-24 10:18:28,700 - experiment_chaotic_lorenz_full_chaotic_run_0 - INFO - Epoch 1: Train Loss: 3.7683, Train Acc: 0.0737, Val Loss: 4.2060, Val Acc: 0.0449
2026-01-24 10:18:29,247 - experiment_chaotic_lorenz_full_chaotic_run_0 - INFO - Train Epoch 2: [0/472 (0.0%)]	Loss: 2.691515
2026-01-24 10:18:33,545 - experiment_chaotic_lorenz_full_chaotic_run_0 - INFO - [SYNC DEBUG] Epoch 2: sync_weight=0.0, desync_weight=0.0, loss_sync=0.000000
2026-01-24 10:18:34,822 - experiment_chaotic_lorenz_full_chaotic_run_0 - INFO - Epoch 2: Train Loss: 3.0015, Train Acc: 0.1674, Val Loss: 4.0105, Val Acc: 0.0449
2026-01-24 10:18:35,361 - experiment_chaotic_lorenz_full_chaotic_run_0 - INFO - Train Epoch 3: [0/472 (0.0%)]	Loss: 2.630401
2026-01-24 10:18:39,696 - experiment_chaotic_lorenz_full_chaotic_run_0 - INFO - [SYNC DEBUG] Epoch 3: sync_weight=0.0, desync_weight=0.0, loss_sync=0.000000
2026-01-24 10:18:41,023 - experiment_chaotic_lorenz_full_chaotic_run_0 - INFO - Epoch 3: Train Loss: 2.4118, Train Acc: 0.2857, Val Loss: 4.7039, Val Acc: 0.0449
2026-01-24 10:18:41,563 - experiment_chaotic_lorenz_full_chaotic_run_0 - INFO - Train Epoch 4: [0/472 (0.0%)]	Loss: 1.807268
2026-01-24 10:18:45,896 - experiment_chaotic_lorenz_full_chaotic_run_0 - INFO - [SYNC DEBUG] Epoch 4: sync_weight=0.0, desync_weight=0.0, loss_sync=0.000000
2026-01-24 10:18:47,182 - experiment_chaotic_lorenz_full_chaotic_run_0 - INFO - Epoch 4: Train Loss: 1.9754, Train Acc: 0.4107, Val Loss: 4.2912, Val Acc: 0.0449
2026-01-24 10:18:47,721 - experiment_chaotic_lorenz_full_chaotic_run_0 - INFO - Train Epoch 5: [0/472 (0.0%)]	Loss: 1.843720
2026-01-24 10:18:52,065 - experiment_chaotic_lorenz_full_chaotic_run_0 - INFO - [SYNC DEBUG] Epoch 5: sync_weight=0.0, desync_weight=0.0, loss_sync=0.000000
2026-01-24 10:18:53,356 - experiment_chaotic_lorenz_full_chaotic_run_0 - INFO - Epoch 5: Train Loss: 1.7453, Train Acc: 0.4821, Val Loss: 5.7719, Val Acc: 0.0449
2026-01-24 10:18:53,890 - experiment_chaotic_lorenz_full_chaotic_run_0 - INFO - Train Epoch 6: [0/472 (0.0%)]	Loss: 2.182153
2026-01-24 10:18:58,131 - experiment_chaotic_lorenz_full_chaotic_run_0 - INFO - [SYNC DEBUG] Epoch 6: sync_weight=0.0, desync_weight=0.0, loss_sync=0.000000
2026-01-24 10:18:59,394 - experiment_chaotic_lorenz_full_chaotic_run_0 - INFO - Epoch 6: Train Loss: 2.4413, Train Acc: 0.3058, Val Loss: 5.1846, Val Acc: 0.0449
2026-01-24 10:18:59,934 - experiment_chaotic_lorenz_full_chaotic_run_0 - INFO - Train Epoch 7: [0/472 (0.0%)]	Loss: 1.861768
2026-01-24 10:19:00,375 - experiment_chaotic_lorenz_full_chaotic_run_0 - DEBUG - [STABILITY] lyap=0.037, max_norm=36.8, min_std=6.310
2026-01-24 10:19:04,216 - experiment_chaotic_lorenz_full_chaotic_run_0 - INFO - [SYNC DEBUG] Epoch 7: sync_weight=0.0, desync_weight=0.0, loss_sync=0.000000
2026-01-24 10:19:05,482 - experiment_chaotic_lorenz_full_chaotic_run_0 - INFO - Epoch 7: Train Loss: 1.5602, Train Acc: 0.5201, Val Loss: 4.2214, Val Acc: 0.0449
2026-01-24 10:19:06,027 - experiment_chaotic_lorenz_full_chaotic_run_0 - INFO - Train Epoch 8: [0/472 (0.0%)]	Loss: 1.298639
2026-01-24 10:19:10,274 - experiment_chaotic_lorenz_full_chaotic_run_0 - INFO - [SYNC DEBUG] Epoch 8: sync_weight=0.0, desync_weight=0.0, loss_sync=0.000000
2026-01-24 10:19:11,516 - experiment_chaotic_lorenz_full_chaotic_run_0 - INFO - Epoch 8: Train Loss: 1.2562, Train Acc: 0.5915, Val Loss: 4.3853, Val Acc: 0.0899
2026-01-24 10:19:11,595 - experiment_chaotic_lorenz_full_chaotic_run_0 - INFO - Saved new best model at epoch 8
2026-01-24 10:19:12,186 - experiment_chaotic_lorenz_full_chaotic_run_0 - INFO - Train Epoch 9: [0/472 (0.0%)]	Loss: 0.912218
2026-01-24 10:19:16,467 - experiment_chaotic_lorenz_full_chaotic_run_0 - INFO - [SYNC DEBUG] Epoch 9: sync_weight=0.0, desync_weight=0.0, loss_sync=0.000000
2026-01-24 10:19:17,790 - experiment_chaotic_lorenz_full_chaotic_run_0 - INFO - Epoch 9: Train Loss: 0.9874, Train Acc: 0.6808, Val Loss: 5.7403, Val Acc: 0.0449
2026-01-24 10:19:18,363 - experiment_chaotic_lorenz_full_chaotic_run_0 - INFO - Train Epoch 10: [0/472 (0.0%)]	Loss: 0.497814
2026-01-24 10:19:22,617 - experiment_chaotic_lorenz_full_chaotic_run_0 - INFO - [SYNC DEBUG] Epoch 10: sync_weight=0.0, desync_weight=0.0, loss_sync=0.000000
2026-01-24 10:19:23,892 - experiment_chaotic_lorenz_full_chaotic_run_0 - INFO - Epoch 10: Train Loss: 0.8640, Train Acc: 0.6964, Val Loss: 5.3851, Val Acc: 0.0449
2026-01-24 10:19:24,509 - experiment_chaotic_lorenz_full_chaotic_run_0 - INFO - Train Epoch 11: [0/472 (0.0%)]	Loss: 0.372228
2026-01-24 10:19:28,786 - experiment_chaotic_lorenz_full_chaotic_run_0 - INFO - [SYNC DEBUG] Epoch 11: sync_weight=0.0, desync_weight=0.0, loss_sync=0.000000
2026-01-24 10:19:30,037 - experiment_chaotic_lorenz_full_chaotic_run_0 - INFO - Epoch 11: Train Loss: 0.7468, Train Acc: 0.7545, Val Loss: 4.1273, Val Acc: 0.1124
2026-01-24 10:19:30,116 - experiment_chaotic_lorenz_full_chaotic_run_0 - INFO - Saved new best model at epoch 11
2026-01-24 10:19:30,689 - experiment_chaotic_lorenz_full_chaotic_run_0 - INFO - Train Epoch 12: [0/472 (0.0%)]	Loss: 0.679418
2026-01-24 10:19:34,963 - experiment_chaotic_lorenz_full_chaotic_run_0 - INFO - [SYNC DEBUG] Epoch 12: sync_weight=0.0, desync_weight=0.0, loss_sync=0.000000
2026-01-24 10:19:36,264 - experiment_chaotic_lorenz_full_chaotic_run_0 - INFO - Epoch 12: Train Loss: 0.6792, Train Acc: 0.7768, Val Loss: 4.0523, Val Acc: 0.1236
2026-01-24 10:19:36,343 - experiment_chaotic_lorenz_full_chaotic_run_0 - INFO - Saved new best model at epoch 12
2026-01-24 10:19:36,925 - experiment_chaotic_lorenz_full_chaotic_run_0 - INFO - Train Epoch 13: [0/472 (0.0%)]	Loss: 0.378198
2026-01-24 10:19:41,398 - experiment_chaotic_lorenz_full_chaotic_run_0 - INFO - [SYNC DEBUG] Epoch 13: sync_weight=0.0, desync_weight=0.0, loss_sync=0.000000
2026-01-24 10:19:42,657 - experiment_chaotic_lorenz_full_chaotic_run_0 - INFO - Epoch 13: Train Loss: 0.5755, Train Acc: 0.8170, Val Loss: 3.2602, Val Acc: 0.1910
2026-01-24 10:19:42,737 - experiment_chaotic_lorenz_full_chaotic_run_0 - INFO - Saved new best model at epoch 13
2026-01-24 10:19:43,332 - experiment_chaotic_lorenz_full_chaotic_run_0 - INFO - Train Epoch 14: [0/472 (0.0%)]	Loss: 0.364359
2026-01-24 10:19:44,402 - experiment_chaotic_lorenz_full_chaotic_run_0 - DEBUG - [STABILITY] lyap=0.014, max_norm=11.9, min_std=1.716
2026-01-24 10:19:47,609 - experiment_chaotic_lorenz_full_chaotic_run_0 - INFO - [SYNC DEBUG] Epoch 14: sync_weight=0.0, desync_weight=0.0, loss_sync=0.000000
2026-01-24 10:19:48,865 - experiment_chaotic_lorenz_full_chaotic_run_0 - INFO - Epoch 14: Train Loss: 0.4822, Train Acc: 0.8638, Val Loss: 5.2565, Val Acc: 0.1124
2026-01-24 10:19:49,415 - experiment_chaotic_lorenz_full_chaotic_run_0 - INFO - Train Epoch 15: [0/472 (0.0%)]	Loss: 0.230046
2026-01-24 10:19:53,691 - experiment_chaotic_lorenz_full_chaotic_run_0 - INFO - [SYNC DEBUG] Epoch 15: sync_weight=0.0, desync_weight=0.0, loss_sync=0.000000
2026-01-24 10:19:54,962 - experiment_chaotic_lorenz_full_chaotic_run_0 - INFO - Epoch 15: Train Loss: 0.4411, Train Acc: 0.8683, Val Loss: 5.4938, Val Acc: 0.1124
2026-01-24 10:19:55,511 - experiment_chaotic_lorenz_full_chaotic_run_0 - INFO - Train Epoch 16: [0/472 (0.0%)]	Loss: 0.547062
2026-01-24 10:19:59,737 - experiment_chaotic_lorenz_full_chaotic_run_0 - INFO - [SYNC DEBUG] Epoch 16: sync_weight=0.0, desync_weight=0.0, loss_sync=0.000000
2026-01-24 10:20:00,972 - experiment_chaotic_lorenz_full_chaotic_run_0 - INFO - Epoch 16: Train Loss: 0.4587, Train Acc: 0.8415, Val Loss: 5.0214, Val Acc: 0.1348
2026-01-24 10:20:01,538 - experiment_chaotic_lorenz_full_chaotic_run_0 - INFO - Train Epoch 17: [0/472 (0.0%)]	Loss: 0.216181
2026-01-24 10:20:05,783 - experiment_chaotic_lorenz_full_chaotic_run_0 - INFO - [SYNC DEBUG] Epoch 17: sync_weight=0.0, desync_weight=0.0, loss_sync=0.000000
2026-01-24 10:20:07,047 - experiment_chaotic_lorenz_full_chaotic_run_0 - INFO - Epoch 17: Train Loss: 0.3481, Train Acc: 0.8839, Val Loss: 2.2661, Val Acc: 0.3596
2026-01-24 10:20:07,123 - experiment_chaotic_lorenz_full_chaotic_run_0 - INFO - Saved new best model at epoch 17
2026-01-24 10:20:07,711 - experiment_chaotic_lorenz_full_chaotic_run_0 - INFO - Train Epoch 18: [0/472 (0.0%)]	Loss: 0.483985
2026-01-24 10:20:11,999 - experiment_chaotic_lorenz_full_chaotic_run_0 - INFO - [SYNC DEBUG] Epoch 18: sync_weight=0.0, desync_weight=0.0, loss_sync=0.000000
2026-01-24 10:20:13,220 - experiment_chaotic_lorenz_full_chaotic_run_0 - INFO - Epoch 18: Train Loss: 0.2874, Train Acc: 0.8996, Val Loss: 4.2738, Val Acc: 0.0674
2026-01-24 10:20:13,776 - experiment_chaotic_lorenz_full_chaotic_run_0 - INFO - Train Epoch 19: [0/472 (0.0%)]	Loss: 0.260484
2026-01-24 10:20:18,022 - experiment_chaotic_lorenz_full_chaotic_run_0 - INFO - [SYNC DEBUG] Epoch 19: sync_weight=0.0, desync_weight=0.0, loss_sync=0.000000
2026-01-24 10:20:19,286 - experiment_chaotic_lorenz_full_chaotic_run_0 - INFO - Epoch 19: Train Loss: 0.2549, Train Acc: 0.9219, Val Loss: 0.6837, Val Acc: 0.7865
2026-01-24 10:20:19,364 - experiment_chaotic_lorenz_full_chaotic_run_0 - INFO - Saved new best model at epoch 19
2026-01-24 10:20:19,955 - experiment_chaotic_lorenz_full_chaotic_run_0 - INFO - Train Epoch 20: [0/472 (0.0%)]	Loss: 0.333190
2026-01-24 10:20:24,244 - experiment_chaotic_lorenz_full_chaotic_run_0 - INFO - [SYNC DEBUG] Epoch 20: sync_weight=0.0, desync_weight=0.0, loss_sync=0.000000
2026-01-24 10:20:25,452 - experiment_chaotic_lorenz_full_chaotic_run_0 - INFO - Epoch 20: Train Loss: 0.2950, Train Acc: 0.9107, Val Loss: 8.2416, Val Acc: 0.0449
2026-01-24 10:20:26,074 - experiment_chaotic_lorenz_full_chaotic_run_0 - INFO - Train Epoch 21: [0/472 (0.0%)]	Loss: 0.353726
2026-01-24 10:20:27,765 - experiment_chaotic_lorenz_full_chaotic_run_0 - DEBUG - [STABILITY] lyap=0.018, max_norm=14.7, min_std=2.182
2026-01-24 10:20:30,305 - experiment_chaotic_lorenz_full_chaotic_run_0 - INFO - [SYNC DEBUG] Epoch 21: sync_weight=0.0, desync_weight=0.0, loss_sync=0.000000
2026-01-24 10:20:31,577 - experiment_chaotic_lorenz_full_chaotic_run_0 - INFO - Epoch 21: Train Loss: 0.3658, Train Acc: 0.8750, Val Loss: 9.2709, Val Acc: 0.0449
2026-01-24 10:20:32,137 - experiment_chaotic_lorenz_full_chaotic_run_0 - INFO - Train Epoch 22: [0/472 (0.0%)]	Loss: 0.084276
2026-01-24 10:20:36,410 - experiment_chaotic_lorenz_full_chaotic_run_0 - INFO - [SYNC DEBUG] Epoch 22: sync_weight=0.0, desync_weight=0.0, loss_sync=0.000000
2026-01-24 10:20:37,687 - experiment_chaotic_lorenz_full_chaotic_run_0 - INFO - Epoch 22: Train Loss: 0.2478, Train Acc: 0.9286, Val Loss: 8.3019, Val Acc: 0.0449
2026-01-24 10:20:38,222 - experiment_chaotic_lorenz_full_chaotic_run_0 - INFO - Train Epoch 23: [0/472 (0.0%)]	Loss: 0.506624
2026-01-24 10:20:42,438 - experiment_chaotic_lorenz_full_chaotic_run_0 - INFO - [SYNC DEBUG] Epoch 23: sync_weight=0.0, desync_weight=0.0, loss_sync=0.000000
2026-01-24 10:20:43,675 - experiment_chaotic_lorenz_full_chaotic_run_0 - INFO - Epoch 23: Train Loss: 0.2734, Train Acc: 0.9152, Val Loss: 1.8645, Val Acc: 0.5843
2026-01-24 10:20:44,215 - experiment_chaotic_lorenz_full_chaotic_run_0 - INFO - Train Epoch 24: [0/472 (0.0%)]	Loss: 0.085279
2026-01-24 10:20:48,502 - experiment_chaotic_lorenz_full_chaotic_run_0 - INFO - [SYNC DEBUG] Epoch 24: sync_weight=0.0, desync_weight=0.0, loss_sync=0.000000
2026-01-24 10:20:49,772 - experiment_chaotic_lorenz_full_chaotic_run_0 - INFO - Epoch 24: Train Loss: 0.2018, Train Acc: 0.9420, Val Loss: 1.1724, Val Acc: 0.6854
2026-01-24 10:20:50,316 - experiment_chaotic_lorenz_full_chaotic_run_0 - INFO - Train Epoch 25: [0/472 (0.0%)]	Loss: 0.117291
2026-01-24 10:20:54,610 - experiment_chaotic_lorenz_full_chaotic_run_0 - INFO - [SYNC DEBUG] Epoch 25: sync_weight=0.0, desync_weight=0.0, loss_sync=0.000000
2026-01-24 10:20:55,882 - experiment_chaotic_lorenz_full_chaotic_run_0 - INFO - Epoch 25: Train Loss: 0.2206, Train Acc: 0.9375, Val Loss: 1.3503, Val Acc: 0.6180
2026-01-24 10:20:56,425 - experiment_chaotic_lorenz_full_chaotic_run_0 - INFO - Train Epoch 26: [0/472 (0.0%)]	Loss: 0.136365
2026-01-24 10:21:00,631 - experiment_chaotic_lorenz_full_chaotic_run_0 - INFO - [SYNC DEBUG] Epoch 26: sync_weight=0.0, desync_weight=0.0, loss_sync=0.000000
2026-01-24 10:21:01,904 - experiment_chaotic_lorenz_full_chaotic_run_0 - INFO - Epoch 26: Train Loss: 0.1717, Train Acc: 0.9464, Val Loss: 2.5424, Val Acc: 0.3483
2026-01-24 10:21:02,443 - experiment_chaotic_lorenz_full_chaotic_run_0 - INFO - Train Epoch 27: [0/472 (0.0%)]	Loss: 0.142524
2026-01-24 10:21:06,718 - experiment_chaotic_lorenz_full_chaotic_run_0 - INFO - [SYNC DEBUG] Epoch 27: sync_weight=0.0, desync_weight=0.0, loss_sync=0.000000
2026-01-24 10:21:07,992 - experiment_chaotic_lorenz_full_chaotic_run_0 - INFO - Epoch 27: Train Loss: 0.2108, Train Acc: 0.9286, Val Loss: 6.5659, Val Acc: 0.1124
2026-01-24 10:21:08,534 - experiment_chaotic_lorenz_full_chaotic_run_0 - INFO - Train Epoch 28: [0/472 (0.0%)]	Loss: 0.380540
2026-01-24 10:21:10,873 - experiment_chaotic_lorenz_full_chaotic_run_0 - DEBUG - [STABILITY] lyap=0.018, max_norm=14.7, min_std=2.244
2026-01-24 10:21:12,816 - experiment_chaotic_lorenz_full_chaotic_run_0 - INFO - [SYNC DEBUG] Epoch 28: sync_weight=0.0, desync_weight=0.0, loss_sync=0.000000
2026-01-24 10:21:14,073 - experiment_chaotic_lorenz_full_chaotic_run_0 - INFO - Epoch 28: Train Loss: 0.1849, Train Acc: 0.9531, Val Loss: 0.8407, Val Acc: 0.7865
2026-01-24 10:21:14,617 - experiment_chaotic_lorenz_full_chaotic_run_0 - INFO - Train Epoch 29: [0/472 (0.0%)]	Loss: 0.225307
2026-01-24 10:21:18,917 - experiment_chaotic_lorenz_full_chaotic_run_0 - INFO - [SYNC DEBUG] Epoch 29: sync_weight=0.0, desync_weight=0.0, loss_sync=0.000000
2026-01-24 10:21:20,219 - experiment_chaotic_lorenz_full_chaotic_run_0 - INFO - Epoch 29: Train Loss: 0.1831, Train Acc: 0.9397, Val Loss: 5.5944, Val Acc: 0.2135
2026-01-24 10:21:20,754 - experiment_chaotic_lorenz_full_chaotic_run_0 - INFO - Train Epoch 30: [0/472 (0.0%)]	Loss: 0.176787
2026-01-24 10:21:25,078 - experiment_chaotic_lorenz_full_chaotic_run_0 - INFO - [SYNC DEBUG] Epoch 30: sync_weight=0.0, desync_weight=0.0, loss_sync=0.000000
2026-01-24 10:21:26,333 - experiment_chaotic_lorenz_full_chaotic_run_0 - INFO - Epoch 30: Train Loss: 0.1743, Train Acc: 0.9487, Val Loss: 2.5375, Val Acc: 0.4382
2026-01-24 10:21:26,954 - experiment_chaotic_lorenz_full_chaotic_run_0 - INFO - Train Epoch 31: [0/472 (0.0%)]	Loss: 0.079802
2026-01-24 10:21:31,182 - experiment_chaotic_lorenz_full_chaotic_run_0 - INFO - [SYNC DEBUG] Epoch 31: sync_weight=0.0, desync_weight=0.0, loss_sync=0.000000
2026-01-24 10:21:32,475 - experiment_chaotic_lorenz_full_chaotic_run_0 - INFO - Epoch 31: Train Loss: 0.1742, Train Acc: 0.9420, Val Loss: 2.6562, Val Acc: 0.3483
2026-01-24 10:21:33,030 - experiment_chaotic_lorenz_full_chaotic_run_0 - INFO - Train Epoch 32: [0/472 (0.0%)]	Loss: 0.050053
2026-01-24 10:21:37,304 - experiment_chaotic_lorenz_full_chaotic_run_0 - INFO - [SYNC DEBUG] Epoch 32: sync_weight=0.0, desync_weight=0.0, loss_sync=0.000000
2026-01-24 10:21:38,570 - experiment_chaotic_lorenz_full_chaotic_run_0 - INFO - Epoch 32: Train Loss: 0.1291, Train Acc: 0.9665, Val Loss: 1.3137, Val Acc: 0.6517
2026-01-24 10:21:39,095 - experiment_chaotic_lorenz_full_chaotic_run_0 - INFO - Train Epoch 33: [0/472 (0.0%)]	Loss: 0.164608
2026-01-24 10:21:43,373 - experiment_chaotic_lorenz_full_chaotic_run_0 - INFO - [SYNC DEBUG] Epoch 33: sync_weight=0.0, desync_weight=0.0, loss_sync=0.000000
2026-01-24 10:21:44,597 - experiment_chaotic_lorenz_full_chaotic_run_0 - INFO - Epoch 33: Train Loss: 0.1275, Train Acc: 0.9598, Val Loss: 0.9530, Val Acc: 0.7303
2026-01-24 10:21:45,137 - experiment_chaotic_lorenz_full_chaotic_run_0 - INFO - Train Epoch 34: [0/472 (0.0%)]	Loss: 0.145291
2026-01-24 10:21:49,501 - experiment_chaotic_lorenz_full_chaotic_run_0 - INFO - [SYNC DEBUG] Epoch 34: sync_weight=0.0, desync_weight=0.0, loss_sync=0.000000
2026-01-24 10:21:50,777 - experiment_chaotic_lorenz_full_chaotic_run_0 - INFO - Epoch 34: Train Loss: 0.1490, Train Acc: 0.9487, Val Loss: 1.1144, Val Acc: 0.6742
2026-01-24 10:21:51,322 - experiment_chaotic_lorenz_full_chaotic_run_0 - INFO - Train Epoch 35: [0/472 (0.0%)]	Loss: 0.056124
2026-01-24 10:21:54,360 - experiment_chaotic_lorenz_full_chaotic_run_0 - DEBUG - [STABILITY] lyap=0.017, max_norm=14.1, min_std=2.156
2026-01-24 10:21:55,717 - experiment_chaotic_lorenz_full_chaotic_run_0 - INFO - [SYNC DEBUG] Epoch 35: sync_weight=0.0, desync_weight=0.0, loss_sync=0.000000
2026-01-24 10:21:57,049 - experiment_chaotic_lorenz_full_chaotic_run_0 - INFO - Epoch 35: Train Loss: 0.1470, Train Acc: 0.9598, Val Loss: 0.8612, Val Acc: 0.7191
2026-01-24 10:21:57,593 - experiment_chaotic_lorenz_full_chaotic_run_0 - INFO - Train Epoch 36: [0/472 (0.0%)]	Loss: 0.058247
2026-01-24 10:22:01,908 - experiment_chaotic_lorenz_full_chaotic_run_0 - INFO - [SYNC DEBUG] Epoch 36: sync_weight=0.0, desync_weight=0.0, loss_sync=0.000000
2026-01-24 10:22:03,209 - experiment_chaotic_lorenz_full_chaotic_run_0 - INFO - Epoch 36: Train Loss: 0.0989, Train Acc: 0.9688, Val Loss: 3.5946, Val Acc: 0.2472
2026-01-24 10:22:03,746 - experiment_chaotic_lorenz_full_chaotic_run_0 - INFO - Train Epoch 37: [0/472 (0.0%)]	Loss: 0.040133
2026-01-24 10:22:08,060 - experiment_chaotic_lorenz_full_chaotic_run_0 - INFO - [SYNC DEBUG] Epoch 37: sync_weight=0.0, desync_weight=0.0, loss_sync=0.000000
2026-01-24 10:22:09,340 - experiment_chaotic_lorenz_full_chaotic_run_0 - INFO - Epoch 37: Train Loss: 0.1629, Train Acc: 0.9464, Val Loss: 1.4998, Val Acc: 0.6404
2026-01-24 10:22:09,881 - experiment_chaotic_lorenz_full_chaotic_run_0 - INFO - Train Epoch 38: [0/472 (0.0%)]	Loss: 0.200147
2026-01-24 10:22:14,200 - experiment_chaotic_lorenz_full_chaotic_run_0 - INFO - [SYNC DEBUG] Epoch 38: sync_weight=0.0, desync_weight=0.0, loss_sync=0.000000
2026-01-24 10:22:15,486 - experiment_chaotic_lorenz_full_chaotic_run_0 - INFO - Epoch 38: Train Loss: 0.0830, Train Acc: 0.9777, Val Loss: 3.1031, Val Acc: 0.3483
2026-01-24 10:22:16,034 - experiment_chaotic_lorenz_full_chaotic_run_0 - INFO - Train Epoch 39: [0/472 (0.0%)]	Loss: 0.125601
2026-01-24 10:22:20,304 - experiment_chaotic_lorenz_full_chaotic_run_0 - INFO - [SYNC DEBUG] Epoch 39: sync_weight=0.0, desync_weight=0.0, loss_sync=0.000000
2026-01-24 10:22:21,565 - experiment_chaotic_lorenz_full_chaotic_run_0 - INFO - Epoch 39: Train Loss: 0.1267, Train Acc: 0.9576, Val Loss: 3.8497, Val Acc: 0.2135
2026-01-24 10:22:21,568 - experiment_chaotic_lorenz_full_chaotic_run_0 - INFO - Early stopping triggered at epoch 39
2026-01-24 10:22:21,570 - experiment_chaotic_lorenz_full_chaotic_run_0 - INFO - Running final test evaluation...
2026-01-24 10:22:22,362 - experiment_chaotic_lorenz_full_chaotic_run_0 - INFO - Test Results:
2026-01-24 10:22:22,362 - experiment_chaotic_lorenz_full_chaotic_run_0 - INFO -   loss: 4.1686
2026-01-24 10:22:22,362 - experiment_chaotic_lorenz_full_chaotic_run_0 - INFO -   accuracy: 0.2288
2026-01-24 10:22:22,363 - experiment_chaotic_lorenz_full_chaotic_run_0 - INFO -   avg_confidence: 0.9880
2026-01-24 10:22:22,363 - experiment_chaotic_lorenz_full_chaotic_run_0 - INFO -   embedding_diversity: 0.1165
2026-01-24 10:22:22,363 - experiment_chaotic_lorenz_full_chaotic_run_0 - INFO -   embedding_norm_mean: 1.0000
2026-01-24 10:22:22,363 - experiment_chaotic_lorenz_full_chaotic_run_0 - INFO -   embedding_norm_std: 0.0000
2026-01-24 10:22:22,364 - experiment_chaotic_lorenz_full_chaotic_run_0 - INFO - Training completed
2026-01-24 10:22:23,167 - experiment_chaotic_lorenz_full_chaotic_run_0 - INFO - Running comprehensive chaotic network analysis...
2026-01-24 10:22:23,168 - experiment_chaotic_lorenz_full_chaotic_run_0 - INFO - Analyzing chaotic features and dynamics...
2026-01-24 10:22:23,845 - experiment_chaotic_lorenz_full_chaotic_run_0 - INFO - Chaotic analysis completed
2026-01-24 10:22:23,847 - experiment_chaotic_lorenz_full_chaotic_run_0 - INFO - Creating chaotic dynamics visualizations...
2026-01-24 10:22:26,205 - experiment_chaotic_lorenz_full_chaotic_run_0 - WARNING - Embedding plotting failed: boolean index did not match indexed array along dimension 0; dimension is 8 but corresponding boolean dimension is 32
2026-01-24 10:22:26,212 - experiment_chaotic_lorenz_full_chaotic_run_0 - INFO - Chaotic network analysis completed
2026-01-24 10:41:15,814 - experiment_chaotic_lorenz_full_chaotic_run_0 - INFO - Initialized experiment: chaotic_lorenz_full_chaotic_run_0
2026-01-24 10:41:15,817 - experiment_chaotic_lorenz_full_chaotic_run_0 - INFO - Device: cuda
2026-01-24 10:41:15,817 - experiment_chaotic_lorenz_full_chaotic_run_0 - INFO - Output directory: /scratch/project_2003370/yueyao/Model/experiments/configs/Lyapunov_loss/no_lyap/experiments/chaotic_lorenz_full_chaotic_run_0
2026-01-24 10:41:15,818 - experiment_chaotic_lorenz_full_chaotic_run_0 - INFO - [SYNC LOSS] Enabled with mode: standard
2026-01-24 10:41:15,818 - experiment_chaotic_lorenz_full_chaotic_run_0 - INFO - Initialized chaotic network experiment with lorenz system
2026-01-24 10:41:15,819 - experiment_chaotic_lorenz_full_chaotic_run_0 - INFO - Setting up experiment components...
2026-01-24 10:41:15,819 - experiment_chaotic_lorenz_full_chaotic_run_0 - INFO - Creating dataloaders...
2026-01-24 10:41:16,206 - experiment_chaotic_lorenz_full_chaotic_run_0 - INFO - Detected 26 speakers in dataset
2026-01-24 10:41:16,206 - experiment_chaotic_lorenz_full_chaotic_run_0 - INFO - Dataloaders created:
2026-01-24 10:41:16,206 - experiment_chaotic_lorenz_full_chaotic_run_0 - INFO -   Train: 14 batches
2026-01-24 10:41:16,206 - experiment_chaotic_lorenz_full_chaotic_run_0 - INFO -   Val: 3 batches
2026-01-24 10:41:16,206 - experiment_chaotic_lorenz_full_chaotic_run_0 - INFO -   Test: 4 batches
2026-01-24 10:41:16,207 - experiment_chaotic_lorenz_full_chaotic_run_0 - INFO - Creating model...
2026-01-24 10:41:16,207 - experiment_chaotic_lorenz_full_chaotic_run_0 - INFO - Using actual num_speakers from dataset: 26
2026-01-24 10:42:22,176 - experiment_chaotic_lorenz_full_chaotic_run_0 - INFO - Total parameters: 520,511
2026-01-24 10:42:22,176 - experiment_chaotic_lorenz_full_chaotic_run_0 - INFO - Trainable parameters: 520,511
2026-01-24 10:42:22,176 - experiment_chaotic_lorenz_full_chaotic_run_0 - INFO - Creating optimizer...
2026-01-24 10:42:23,297 - experiment_chaotic_lorenz_full_chaotic_run_0 - INFO - Optimizer: AdamW
2026-01-24 10:42:23,297 - experiment_chaotic_lorenz_full_chaotic_run_0 - INFO - Creating scheduler...
2026-01-24 10:42:23,297 - experiment_chaotic_lorenz_full_chaotic_run_0 - INFO - Scheduler: CosineAnnealingLR
2026-01-24 10:42:23,297 - experiment_chaotic_lorenz_full_chaotic_run_0 - INFO - Creating criterion...
2026-01-24 10:42:23,297 - experiment_chaotic_lorenz_full_chaotic_run_0 - INFO - Criterion: CrossEntropyLoss
2026-01-24 10:42:23,344 - experiment_chaotic_lorenz_full_chaotic_run_0 - INFO - Configuration saved to: /scratch/project_2003370/yueyao/Model/experiments/configs/Lyapunov_loss/no_lyap/experiments/chaotic_lorenz_full_chaotic_run_0/config.json
2026-01-24 10:42:23,344 - experiment_chaotic_lorenz_full_chaotic_run_0 - INFO - Experiment setup completed
2026-01-24 10:42:23,345 - experiment_chaotic_lorenz_full_chaotic_run_0 - INFO - Starting training for 100 epochs
2026-01-24 10:42:23,345 - experiment_chaotic_lorenz_full_chaotic_run_0 - INFO - [SYNC LOSS] Warmup complete, synchronization loss activated!
2026-01-24 10:42:23,477 - experiment_chaotic_lorenz_full_chaotic_run_0 - INFO - 
================================================================================
2026-01-24 10:42:23,478 - experiment_chaotic_lorenz_full_chaotic_run_0 - INFO - COMPREHENSIVE DEBUG - FIRST BATCH
2026-01-24 10:42:23,478 - experiment_chaotic_lorenz_full_chaotic_run_0 - INFO - ================================================================================
2026-01-24 10:42:23,478 - experiment_chaotic_lorenz_full_chaotic_run_0 - INFO - Batch Info:
2026-01-24 10:42:23,478 - experiment_chaotic_lorenz_full_chaotic_run_0 - INFO -   Audio shape: torch.Size([32, 48000])
2026-01-24 10:42:23,478 - experiment_chaotic_lorenz_full_chaotic_run_0 - INFO -   Targets shape: torch.Size([32])
2026-01-24 10:42:23,483 - experiment_chaotic_lorenz_full_chaotic_run_0 - INFO -   Targets (first 8): tensor([24, 16, 12, 13,  9,  3, 12,  1], device='cuda:0')
2026-01-24 10:42:24,121 - experiment_chaotic_lorenz_full_chaotic_run_0 - INFO - ================================================================================

2026-01-24 10:42:24,260 - experiment_chaotic_lorenz_full_chaotic_run_0 - INFO - [STABILITY] Initialized LyapunovStabilityLoss
2026-01-24 10:42:24,266 - experiment_chaotic_lorenz_full_chaotic_run_0 - DEBUG - [STABILITY] lyap=0.095, max_norm=48.2, min_std=7.916
2026-01-24 10:42:24,927 - experiment_chaotic_lorenz_full_chaotic_run_0 - INFO - Train Epoch 0: [0/472 (0.0%)]	Loss: 4.583149
2026-01-24 10:42:29,202 - experiment_chaotic_lorenz_full_chaotic_run_0 - INFO - [SYNC DEBUG] Epoch 0: sync_weight=0.0, desync_weight=0.0, loss_sync=0.000000
2026-01-24 10:42:30,451 - experiment_chaotic_lorenz_full_chaotic_run_0 - INFO - Epoch 0: Train Loss: 4.4136, Train Acc: 0.0536, Val Loss: 4.2434, Val Acc: 0.0449
2026-01-24 10:42:30,529 - experiment_chaotic_lorenz_full_chaotic_run_0 - INFO - Saved new best model at epoch 0
2026-01-24 10:42:31,182 - experiment_chaotic_lorenz_full_chaotic_run_0 - INFO - Train Epoch 1: [0/472 (0.0%)]	Loss: 4.193365
2026-01-24 10:42:35,416 - experiment_chaotic_lorenz_full_chaotic_run_0 - INFO - [SYNC DEBUG] Epoch 1: sync_weight=0.0, desync_weight=0.0, loss_sync=0.000000
2026-01-24 10:42:36,639 - experiment_chaotic_lorenz_full_chaotic_run_0 - INFO - Epoch 1: Train Loss: 3.7683, Train Acc: 0.0737, Val Loss: 4.2060, Val Acc: 0.0449
2026-01-24 10:42:37,172 - experiment_chaotic_lorenz_full_chaotic_run_0 - INFO - Train Epoch 2: [0/472 (0.0%)]	Loss: 2.691515
2026-01-24 10:42:41,438 - experiment_chaotic_lorenz_full_chaotic_run_0 - INFO - [SYNC DEBUG] Epoch 2: sync_weight=0.0, desync_weight=0.0, loss_sync=0.000000
2026-01-24 10:42:42,641 - experiment_chaotic_lorenz_full_chaotic_run_0 - INFO - Epoch 2: Train Loss: 3.0015, Train Acc: 0.1674, Val Loss: 4.0105, Val Acc: 0.0449
2026-01-24 10:42:43,184 - experiment_chaotic_lorenz_full_chaotic_run_0 - INFO - Train Epoch 3: [0/472 (0.0%)]	Loss: 2.630401
2026-01-24 10:42:47,385 - experiment_chaotic_lorenz_full_chaotic_run_0 - INFO - [SYNC DEBUG] Epoch 3: sync_weight=0.0, desync_weight=0.0, loss_sync=0.000000
2026-01-24 10:42:48,656 - experiment_chaotic_lorenz_full_chaotic_run_0 - INFO - Epoch 3: Train Loss: 2.4118, Train Acc: 0.2857, Val Loss: 4.7039, Val Acc: 0.0449
2026-01-24 10:42:49,206 - experiment_chaotic_lorenz_full_chaotic_run_0 - INFO - Train Epoch 4: [0/472 (0.0%)]	Loss: 1.807268
2026-01-24 10:42:53,496 - experiment_chaotic_lorenz_full_chaotic_run_0 - INFO - [SYNC DEBUG] Epoch 4: sync_weight=0.0, desync_weight=0.0, loss_sync=0.000000
2026-01-24 10:42:54,723 - experiment_chaotic_lorenz_full_chaotic_run_0 - INFO - Epoch 4: Train Loss: 1.9754, Train Acc: 0.4107, Val Loss: 4.2912, Val Acc: 0.0449
2026-01-24 10:42:55,245 - experiment_chaotic_lorenz_full_chaotic_run_0 - INFO - Train Epoch 5: [0/472 (0.0%)]	Loss: 1.843720
2026-01-24 10:42:59,444 - experiment_chaotic_lorenz_full_chaotic_run_0 - INFO - [SYNC DEBUG] Epoch 5: sync_weight=0.0, desync_weight=0.0, loss_sync=0.000000
2026-01-24 10:43:00,645 - experiment_chaotic_lorenz_full_chaotic_run_0 - INFO - Epoch 5: Train Loss: 1.7453, Train Acc: 0.4821, Val Loss: 5.7719, Val Acc: 0.0449
2026-01-24 10:43:01,192 - experiment_chaotic_lorenz_full_chaotic_run_0 - INFO - Train Epoch 6: [0/472 (0.0%)]	Loss: 2.182153
2026-01-24 10:43:05,421 - experiment_chaotic_lorenz_full_chaotic_run_0 - INFO - [SYNC DEBUG] Epoch 6: sync_weight=0.0, desync_weight=0.0, loss_sync=0.000000
2026-01-24 10:43:06,643 - experiment_chaotic_lorenz_full_chaotic_run_0 - INFO - Epoch 6: Train Loss: 2.4413, Train Acc: 0.3058, Val Loss: 5.1846, Val Acc: 0.0449
2026-01-24 10:43:07,198 - experiment_chaotic_lorenz_full_chaotic_run_0 - INFO - Train Epoch 7: [0/472 (0.0%)]	Loss: 1.861768
2026-01-24 10:43:07,641 - experiment_chaotic_lorenz_full_chaotic_run_0 - DEBUG - [STABILITY] lyap=0.037, max_norm=36.8, min_std=6.310
2026-01-24 10:43:11,476 - experiment_chaotic_lorenz_full_chaotic_run_0 - INFO - [SYNC DEBUG] Epoch 7: sync_weight=0.0, desync_weight=0.0, loss_sync=0.000000
2026-01-24 10:43:12,684 - experiment_chaotic_lorenz_full_chaotic_run_0 - INFO - Epoch 7: Train Loss: 1.5602, Train Acc: 0.5201, Val Loss: 4.2214, Val Acc: 0.0449
2026-01-24 10:43:13,232 - experiment_chaotic_lorenz_full_chaotic_run_0 - INFO - Train Epoch 8: [0/472 (0.0%)]	Loss: 1.298639
2026-01-24 10:43:17,506 - experiment_chaotic_lorenz_full_chaotic_run_0 - INFO - [SYNC DEBUG] Epoch 8: sync_weight=0.0, desync_weight=0.0, loss_sync=0.000000
2026-01-24 10:43:18,734 - experiment_chaotic_lorenz_full_chaotic_run_0 - INFO - Epoch 8: Train Loss: 1.2562, Train Acc: 0.5915, Val Loss: 4.3853, Val Acc: 0.0899
2026-01-24 10:43:18,816 - experiment_chaotic_lorenz_full_chaotic_run_0 - INFO - Saved new best model at epoch 8
2026-01-24 10:43:19,405 - experiment_chaotic_lorenz_full_chaotic_run_0 - INFO - Train Epoch 9: [0/472 (0.0%)]	Loss: 0.912218
2026-01-24 10:43:23,610 - experiment_chaotic_lorenz_full_chaotic_run_0 - INFO - [SYNC DEBUG] Epoch 9: sync_weight=0.0, desync_weight=0.0, loss_sync=0.000000
2026-01-24 10:43:24,821 - experiment_chaotic_lorenz_full_chaotic_run_0 - INFO - Epoch 9: Train Loss: 0.9874, Train Acc: 0.6808, Val Loss: 5.7403, Val Acc: 0.0449
2026-01-24 10:43:25,353 - experiment_chaotic_lorenz_full_chaotic_run_0 - INFO - Train Epoch 10: [0/472 (0.0%)]	Loss: 0.497814
2026-01-24 10:43:29,564 - experiment_chaotic_lorenz_full_chaotic_run_0 - INFO - [SYNC DEBUG] Epoch 10: sync_weight=0.0, desync_weight=0.0, loss_sync=0.000000
2026-01-24 10:43:30,759 - experiment_chaotic_lorenz_full_chaotic_run_0 - INFO - Epoch 10: Train Loss: 0.8640, Train Acc: 0.6964, Val Loss: 5.3851, Val Acc: 0.0449
2026-01-24 10:43:31,377 - experiment_chaotic_lorenz_full_chaotic_run_0 - INFO - Train Epoch 11: [0/472 (0.0%)]	Loss: 0.372228
2026-01-24 10:43:35,644 - experiment_chaotic_lorenz_full_chaotic_run_0 - INFO - [SYNC DEBUG] Epoch 11: sync_weight=0.0, desync_weight=0.0, loss_sync=0.000000
2026-01-24 10:43:36,876 - experiment_chaotic_lorenz_full_chaotic_run_0 - INFO - Epoch 11: Train Loss: 0.7468, Train Acc: 0.7545, Val Loss: 4.1273, Val Acc: 0.1124
2026-01-24 10:43:36,956 - experiment_chaotic_lorenz_full_chaotic_run_0 - INFO - Saved new best model at epoch 11
2026-01-24 10:43:37,524 - experiment_chaotic_lorenz_full_chaotic_run_0 - INFO - Train Epoch 12: [0/472 (0.0%)]	Loss: 0.679418
2026-01-24 10:43:41,751 - experiment_chaotic_lorenz_full_chaotic_run_0 - INFO - [SYNC DEBUG] Epoch 12: sync_weight=0.0, desync_weight=0.0, loss_sync=0.000000
2026-01-24 10:43:42,985 - experiment_chaotic_lorenz_full_chaotic_run_0 - INFO - Epoch 12: Train Loss: 0.6792, Train Acc: 0.7768, Val Loss: 4.0523, Val Acc: 0.1236
2026-01-24 10:43:43,066 - experiment_chaotic_lorenz_full_chaotic_run_0 - INFO - Saved new best model at epoch 12
2026-01-24 10:43:43,658 - experiment_chaotic_lorenz_full_chaotic_run_0 - INFO - Train Epoch 13: [0/472 (0.0%)]	Loss: 0.378198
2026-01-24 10:43:48,058 - experiment_chaotic_lorenz_full_chaotic_run_0 - INFO - [SYNC DEBUG] Epoch 13: sync_weight=0.0, desync_weight=0.0, loss_sync=0.000000
2026-01-24 10:43:49,254 - experiment_chaotic_lorenz_full_chaotic_run_0 - INFO - Epoch 13: Train Loss: 0.5755, Train Acc: 0.8170, Val Loss: 3.2602, Val Acc: 0.1910
2026-01-24 10:43:49,331 - experiment_chaotic_lorenz_full_chaotic_run_0 - INFO - Saved new best model at epoch 13
2026-01-24 10:43:49,905 - experiment_chaotic_lorenz_full_chaotic_run_0 - INFO - Train Epoch 14: [0/472 (0.0%)]	Loss: 0.364359
2026-01-24 10:43:50,970 - experiment_chaotic_lorenz_full_chaotic_run_0 - DEBUG - [STABILITY] lyap=0.014, max_norm=11.9, min_std=1.716
2026-01-24 10:43:54,128 - experiment_chaotic_lorenz_full_chaotic_run_0 - INFO - [SYNC DEBUG] Epoch 14: sync_weight=0.0, desync_weight=0.0, loss_sync=0.000000
2026-01-24 10:43:55,366 - experiment_chaotic_lorenz_full_chaotic_run_0 - INFO - Epoch 14: Train Loss: 0.4822, Train Acc: 0.8638, Val Loss: 5.2565, Val Acc: 0.1124
2026-01-24 10:43:55,908 - experiment_chaotic_lorenz_full_chaotic_run_0 - INFO - Train Epoch 15: [0/472 (0.0%)]	Loss: 0.230046
2026-01-24 10:44:00,119 - experiment_chaotic_lorenz_full_chaotic_run_0 - INFO - [SYNC DEBUG] Epoch 15: sync_weight=0.0, desync_weight=0.0, loss_sync=0.000000
2026-01-24 10:44:01,341 - experiment_chaotic_lorenz_full_chaotic_run_0 - INFO - Epoch 15: Train Loss: 0.4411, Train Acc: 0.8683, Val Loss: 5.4938, Val Acc: 0.1124
2026-01-24 10:44:01,874 - experiment_chaotic_lorenz_full_chaotic_run_0 - INFO - Train Epoch 16: [0/472 (0.0%)]	Loss: 0.547062
2026-01-24 10:44:06,076 - experiment_chaotic_lorenz_full_chaotic_run_0 - INFO - [SYNC DEBUG] Epoch 16: sync_weight=0.0, desync_weight=0.0, loss_sync=0.000000
2026-01-24 10:44:07,295 - experiment_chaotic_lorenz_full_chaotic_run_0 - INFO - Epoch 16: Train Loss: 0.4587, Train Acc: 0.8415, Val Loss: 5.0214, Val Acc: 0.1348
2026-01-24 10:44:07,848 - experiment_chaotic_lorenz_full_chaotic_run_0 - INFO - Train Epoch 17: [0/472 (0.0%)]	Loss: 0.216181
2026-01-24 10:44:12,074 - experiment_chaotic_lorenz_full_chaotic_run_0 - INFO - [SYNC DEBUG] Epoch 17: sync_weight=0.0, desync_weight=0.0, loss_sync=0.000000
2026-01-24 10:44:13,286 - experiment_chaotic_lorenz_full_chaotic_run_0 - INFO - Epoch 17: Train Loss: 0.3481, Train Acc: 0.8839, Val Loss: 2.2661, Val Acc: 0.3596
2026-01-24 10:44:13,364 - experiment_chaotic_lorenz_full_chaotic_run_0 - INFO - Saved new best model at epoch 17
2026-01-24 10:44:13,929 - experiment_chaotic_lorenz_full_chaotic_run_0 - INFO - Train Epoch 18: [0/472 (0.0%)]	Loss: 0.483985
2026-01-24 10:44:18,133 - experiment_chaotic_lorenz_full_chaotic_run_0 - INFO - [SYNC DEBUG] Epoch 18: sync_weight=0.0, desync_weight=0.0, loss_sync=0.000000
2026-01-24 10:44:19,340 - experiment_chaotic_lorenz_full_chaotic_run_0 - INFO - Epoch 18: Train Loss: 0.2874, Train Acc: 0.8996, Val Loss: 4.2738, Val Acc: 0.0674
2026-01-24 10:44:19,876 - experiment_chaotic_lorenz_full_chaotic_run_0 - INFO - Train Epoch 19: [0/472 (0.0%)]	Loss: 0.260484
2026-01-24 10:44:24,143 - experiment_chaotic_lorenz_full_chaotic_run_0 - INFO - [SYNC DEBUG] Epoch 19: sync_weight=0.0, desync_weight=0.0, loss_sync=0.000000
2026-01-24 10:44:25,380 - experiment_chaotic_lorenz_full_chaotic_run_0 - INFO - Epoch 19: Train Loss: 0.2549, Train Acc: 0.9219, Val Loss: 0.6837, Val Acc: 0.7865
2026-01-24 10:44:25,457 - experiment_chaotic_lorenz_full_chaotic_run_0 - INFO - Saved new best model at epoch 19
2026-01-24 10:44:26,030 - experiment_chaotic_lorenz_full_chaotic_run_0 - INFO - Train Epoch 20: [0/472 (0.0%)]	Loss: 0.333190
2026-01-24 10:44:30,301 - experiment_chaotic_lorenz_full_chaotic_run_0 - INFO - [SYNC DEBUG] Epoch 20: sync_weight=0.0, desync_weight=0.0, loss_sync=0.000000
2026-01-24 10:44:31,538 - experiment_chaotic_lorenz_full_chaotic_run_0 - INFO - Epoch 20: Train Loss: 0.2950, Train Acc: 0.9107, Val Loss: 8.2416, Val Acc: 0.0449
2026-01-24 10:44:32,160 - experiment_chaotic_lorenz_full_chaotic_run_0 - INFO - Train Epoch 21: [0/472 (0.0%)]	Loss: 0.353726
2026-01-24 10:44:33,845 - experiment_chaotic_lorenz_full_chaotic_run_0 - DEBUG - [STABILITY] lyap=0.018, max_norm=14.7, min_std=2.182
2026-01-24 10:44:36,374 - experiment_chaotic_lorenz_full_chaotic_run_0 - INFO - [SYNC DEBUG] Epoch 21: sync_weight=0.0, desync_weight=0.0, loss_sync=0.000000
2026-01-24 10:44:37,589 - experiment_chaotic_lorenz_full_chaotic_run_0 - INFO - Epoch 21: Train Loss: 0.3658, Train Acc: 0.8750, Val Loss: 9.2709, Val Acc: 0.0449
2026-01-24 10:44:38,119 - experiment_chaotic_lorenz_full_chaotic_run_0 - INFO - Train Epoch 22: [0/472 (0.0%)]	Loss: 0.084276
2026-01-24 10:44:42,320 - experiment_chaotic_lorenz_full_chaotic_run_0 - INFO - [SYNC DEBUG] Epoch 22: sync_weight=0.0, desync_weight=0.0, loss_sync=0.000000
2026-01-24 10:44:43,549 - experiment_chaotic_lorenz_full_chaotic_run_0 - INFO - Epoch 22: Train Loss: 0.2478, Train Acc: 0.9286, Val Loss: 8.3019, Val Acc: 0.0449
2026-01-24 10:44:44,095 - experiment_chaotic_lorenz_full_chaotic_run_0 - INFO - Train Epoch 23: [0/472 (0.0%)]	Loss: 0.506624
2026-01-24 10:44:48,299 - experiment_chaotic_lorenz_full_chaotic_run_0 - INFO - [SYNC DEBUG] Epoch 23: sync_weight=0.0, desync_weight=0.0, loss_sync=0.000000
2026-01-24 10:44:49,561 - experiment_chaotic_lorenz_full_chaotic_run_0 - INFO - Epoch 23: Train Loss: 0.2734, Train Acc: 0.9152, Val Loss: 1.8645, Val Acc: 0.5843
2026-01-24 10:44:50,095 - experiment_chaotic_lorenz_full_chaotic_run_0 - INFO - Train Epoch 24: [0/472 (0.0%)]	Loss: 0.085279
2026-01-24 10:44:54,447 - experiment_chaotic_lorenz_full_chaotic_run_0 - INFO - [SYNC DEBUG] Epoch 24: sync_weight=0.0, desync_weight=0.0, loss_sync=0.000000
2026-01-24 10:44:55,731 - experiment_chaotic_lorenz_full_chaotic_run_0 - INFO - Epoch 24: Train Loss: 0.2018, Train Acc: 0.9420, Val Loss: 1.1724, Val Acc: 0.6854
2026-01-24 10:44:56,275 - experiment_chaotic_lorenz_full_chaotic_run_0 - INFO - Train Epoch 25: [0/472 (0.0%)]	Loss: 0.117291
2026-01-24 10:45:00,617 - experiment_chaotic_lorenz_full_chaotic_run_0 - INFO - [SYNC DEBUG] Epoch 25: sync_weight=0.0, desync_weight=0.0, loss_sync=0.000000
2026-01-24 10:45:01,867 - experiment_chaotic_lorenz_full_chaotic_run_0 - INFO - Epoch 25: Train Loss: 0.2206, Train Acc: 0.9375, Val Loss: 1.3503, Val Acc: 0.6180
2026-01-24 10:45:02,413 - experiment_chaotic_lorenz_full_chaotic_run_0 - INFO - Train Epoch 26: [0/472 (0.0%)]	Loss: 0.136365
2026-01-24 10:45:06,686 - experiment_chaotic_lorenz_full_chaotic_run_0 - INFO - [SYNC DEBUG] Epoch 26: sync_weight=0.0, desync_weight=0.0, loss_sync=0.000000
2026-01-24 10:45:07,892 - experiment_chaotic_lorenz_full_chaotic_run_0 - INFO - Epoch 26: Train Loss: 0.1717, Train Acc: 0.9464, Val Loss: 2.5424, Val Acc: 0.3483
2026-01-24 10:45:08,455 - experiment_chaotic_lorenz_full_chaotic_run_0 - INFO - Train Epoch 27: [0/472 (0.0%)]	Loss: 0.142524
2026-01-24 10:45:12,672 - experiment_chaotic_lorenz_full_chaotic_run_0 - INFO - [SYNC DEBUG] Epoch 27: sync_weight=0.0, desync_weight=0.0, loss_sync=0.000000
2026-01-24 10:45:13,906 - experiment_chaotic_lorenz_full_chaotic_run_0 - INFO - Epoch 27: Train Loss: 0.2108, Train Acc: 0.9286, Val Loss: 6.5659, Val Acc: 0.1124
2026-01-24 10:45:14,455 - experiment_chaotic_lorenz_full_chaotic_run_0 - INFO - Train Epoch 28: [0/472 (0.0%)]	Loss: 0.380540
2026-01-24 10:45:16,779 - experiment_chaotic_lorenz_full_chaotic_run_0 - DEBUG - [STABILITY] lyap=0.018, max_norm=14.7, min_std=2.244
2026-01-24 10:45:18,715 - experiment_chaotic_lorenz_full_chaotic_run_0 - INFO - [SYNC DEBUG] Epoch 28: sync_weight=0.0, desync_weight=0.0, loss_sync=0.000000
2026-01-24 10:45:19,897 - experiment_chaotic_lorenz_full_chaotic_run_0 - INFO - Epoch 28: Train Loss: 0.1849, Train Acc: 0.9531, Val Loss: 0.8407, Val Acc: 0.7865
2026-01-24 10:45:20,433 - experiment_chaotic_lorenz_full_chaotic_run_0 - INFO - Train Epoch 29: [0/472 (0.0%)]	Loss: 0.225307
2026-01-24 10:45:24,706 - experiment_chaotic_lorenz_full_chaotic_run_0 - INFO - [SYNC DEBUG] Epoch 29: sync_weight=0.0, desync_weight=0.0, loss_sync=0.000000
2026-01-24 10:45:25,916 - experiment_chaotic_lorenz_full_chaotic_run_0 - INFO - Epoch 29: Train Loss: 0.1831, Train Acc: 0.9397, Val Loss: 5.5944, Val Acc: 0.2135
2026-01-24 10:45:26,456 - experiment_chaotic_lorenz_full_chaotic_run_0 - INFO - Train Epoch 30: [0/472 (0.0%)]	Loss: 0.176787
2026-01-24 10:45:30,796 - experiment_chaotic_lorenz_full_chaotic_run_0 - INFO - [SYNC DEBUG] Epoch 30: sync_weight=0.0, desync_weight=0.0, loss_sync=0.000000
2026-01-24 10:45:32,003 - experiment_chaotic_lorenz_full_chaotic_run_0 - INFO - Epoch 30: Train Loss: 0.1743, Train Acc: 0.9487, Val Loss: 2.5375, Val Acc: 0.4382
2026-01-24 10:45:32,601 - experiment_chaotic_lorenz_full_chaotic_run_0 - INFO - Train Epoch 31: [0/472 (0.0%)]	Loss: 0.079802
2026-01-24 10:45:36,899 - experiment_chaotic_lorenz_full_chaotic_run_0 - INFO - [SYNC DEBUG] Epoch 31: sync_weight=0.0, desync_weight=0.0, loss_sync=0.000000
2026-01-24 10:45:38,087 - experiment_chaotic_lorenz_full_chaotic_run_0 - INFO - Epoch 31: Train Loss: 0.1742, Train Acc: 0.9420, Val Loss: 2.6562, Val Acc: 0.3483
2026-01-24 10:45:38,659 - experiment_chaotic_lorenz_full_chaotic_run_0 - INFO - Train Epoch 32: [0/472 (0.0%)]	Loss: 0.050053
2026-01-24 10:45:43,055 - experiment_chaotic_lorenz_full_chaotic_run_0 - INFO - [SYNC DEBUG] Epoch 32: sync_weight=0.0, desync_weight=0.0, loss_sync=0.000000
2026-01-24 10:45:44,338 - experiment_chaotic_lorenz_full_chaotic_run_0 - INFO - Epoch 32: Train Loss: 0.1291, Train Acc: 0.9665, Val Loss: 1.3137, Val Acc: 0.6517
2026-01-24 10:45:44,875 - experiment_chaotic_lorenz_full_chaotic_run_0 - INFO - Train Epoch 33: [0/472 (0.0%)]	Loss: 0.164608
2026-01-24 10:45:49,142 - experiment_chaotic_lorenz_full_chaotic_run_0 - INFO - [SYNC DEBUG] Epoch 33: sync_weight=0.0, desync_weight=0.0, loss_sync=0.000000
2026-01-24 10:45:50,439 - experiment_chaotic_lorenz_full_chaotic_run_0 - INFO - Epoch 33: Train Loss: 0.1275, Train Acc: 0.9598, Val Loss: 0.9530, Val Acc: 0.7303
2026-01-24 10:45:50,964 - experiment_chaotic_lorenz_full_chaotic_run_0 - INFO - Train Epoch 34: [0/472 (0.0%)]	Loss: 0.145291
2026-01-24 10:45:55,190 - experiment_chaotic_lorenz_full_chaotic_run_0 - INFO - [SYNC DEBUG] Epoch 34: sync_weight=0.0, desync_weight=0.0, loss_sync=0.000000
2026-01-24 10:45:56,390 - experiment_chaotic_lorenz_full_chaotic_run_0 - INFO - Epoch 34: Train Loss: 0.1490, Train Acc: 0.9487, Val Loss: 1.1144, Val Acc: 0.6742
2026-01-24 10:45:56,924 - experiment_chaotic_lorenz_full_chaotic_run_0 - INFO - Train Epoch 35: [0/472 (0.0%)]	Loss: 0.056124
2026-01-24 10:45:59,921 - experiment_chaotic_lorenz_full_chaotic_run_0 - DEBUG - [STABILITY] lyap=0.017, max_norm=14.1, min_std=2.156
2026-01-24 10:46:01,231 - experiment_chaotic_lorenz_full_chaotic_run_0 - INFO - [SYNC DEBUG] Epoch 35: sync_weight=0.0, desync_weight=0.0, loss_sync=0.000000
2026-01-24 10:46:02,452 - experiment_chaotic_lorenz_full_chaotic_run_0 - INFO - Epoch 35: Train Loss: 0.1470, Train Acc: 0.9598, Val Loss: 0.8612, Val Acc: 0.7191
2026-01-24 10:46:02,981 - experiment_chaotic_lorenz_full_chaotic_run_0 - INFO - Train Epoch 36: [0/472 (0.0%)]	Loss: 0.058247
2026-01-24 10:46:07,251 - experiment_chaotic_lorenz_full_chaotic_run_0 - INFO - [SYNC DEBUG] Epoch 36: sync_weight=0.0, desync_weight=0.0, loss_sync=0.000000
2026-01-24 10:46:08,452 - experiment_chaotic_lorenz_full_chaotic_run_0 - INFO - Epoch 36: Train Loss: 0.0989, Train Acc: 0.9688, Val Loss: 3.5946, Val Acc: 0.2472
2026-01-24 10:46:08,988 - experiment_chaotic_lorenz_full_chaotic_run_0 - INFO - Train Epoch 37: [0/472 (0.0%)]	Loss: 0.040133
2026-01-24 10:46:13,208 - experiment_chaotic_lorenz_full_chaotic_run_0 - INFO - [SYNC DEBUG] Epoch 37: sync_weight=0.0, desync_weight=0.0, loss_sync=0.000000
2026-01-24 10:46:14,478 - experiment_chaotic_lorenz_full_chaotic_run_0 - INFO - Epoch 37: Train Loss: 0.1629, Train Acc: 0.9464, Val Loss: 1.4998, Val Acc: 0.6404
2026-01-24 10:46:15,011 - experiment_chaotic_lorenz_full_chaotic_run_0 - INFO - Train Epoch 38: [0/472 (0.0%)]	Loss: 0.200147
2026-01-24 10:46:19,262 - experiment_chaotic_lorenz_full_chaotic_run_0 - INFO - [SYNC DEBUG] Epoch 38: sync_weight=0.0, desync_weight=0.0, loss_sync=0.000000
2026-01-24 10:46:20,480 - experiment_chaotic_lorenz_full_chaotic_run_0 - INFO - Epoch 38: Train Loss: 0.0830, Train Acc: 0.9777, Val Loss: 3.1031, Val Acc: 0.3483
2026-01-24 10:46:21,039 - experiment_chaotic_lorenz_full_chaotic_run_0 - INFO - Train Epoch 39: [0/472 (0.0%)]	Loss: 0.125601
2026-01-24 10:46:25,287 - experiment_chaotic_lorenz_full_chaotic_run_0 - INFO - [SYNC DEBUG] Epoch 39: sync_weight=0.0, desync_weight=0.0, loss_sync=0.000000
2026-01-24 10:46:26,489 - experiment_chaotic_lorenz_full_chaotic_run_0 - INFO - Epoch 39: Train Loss: 0.1267, Train Acc: 0.9576, Val Loss: 3.8497, Val Acc: 0.2135
2026-01-24 10:46:26,492 - experiment_chaotic_lorenz_full_chaotic_run_0 - INFO - Early stopping triggered at epoch 39
2026-01-24 10:46:26,494 - experiment_chaotic_lorenz_full_chaotic_run_0 - INFO - Running final test evaluation...
2026-01-24 10:46:27,270 - experiment_chaotic_lorenz_full_chaotic_run_0 - INFO - Test Results:
2026-01-24 10:46:27,271 - experiment_chaotic_lorenz_full_chaotic_run_0 - INFO -   loss: 4.1686
2026-01-24 10:46:27,271 - experiment_chaotic_lorenz_full_chaotic_run_0 - INFO -   accuracy: 0.2288
2026-01-24 10:46:27,271 - experiment_chaotic_lorenz_full_chaotic_run_0 - INFO -   avg_confidence: 0.9880
2026-01-24 10:46:27,271 - experiment_chaotic_lorenz_full_chaotic_run_0 - INFO -   embedding_diversity: 0.1165
2026-01-24 10:46:27,271 - experiment_chaotic_lorenz_full_chaotic_run_0 - INFO -   embedding_norm_mean: 1.0000
2026-01-24 10:46:27,271 - experiment_chaotic_lorenz_full_chaotic_run_0 - INFO -   embedding_norm_std: 0.0000
2026-01-24 10:46:27,273 - experiment_chaotic_lorenz_full_chaotic_run_0 - INFO - Training completed
2026-01-24 10:46:28,061 - experiment_chaotic_lorenz_full_chaotic_run_0 - INFO - Running comprehensive chaotic network analysis...
2026-01-24 10:46:28,062 - experiment_chaotic_lorenz_full_chaotic_run_0 - INFO - Analyzing chaotic features and dynamics...
2026-01-24 10:46:28,763 - experiment_chaotic_lorenz_full_chaotic_run_0 - INFO - Chaotic analysis completed
2026-01-24 10:46:28,765 - experiment_chaotic_lorenz_full_chaotic_run_0 - INFO - Creating chaotic dynamics visualizations...
2026-01-24 10:46:30,929 - experiment_chaotic_lorenz_full_chaotic_run_0 - WARNING - Embedding plotting failed: boolean index did not match indexed array along dimension 0; dimension is 8 but corresponding boolean dimension is 32
2026-01-24 10:46:30,935 - experiment_chaotic_lorenz_full_chaotic_run_0 - INFO - Chaotic network analysis completed
