2025-12-02 04:19:58 - chaotic_exp - INFO - ======================================================================
INFO:chaotic_exp:======================================================================
2025-12-02 04:19:58 - chaotic_exp - INFO - CHAOTIC MODEL EXPERIMENTS
INFO:chaotic_exp:CHAOTIC MODEL EXPERIMENTS
2025-12-02 04:19:58 - chaotic_exp - INFO - ======================================================================
INFO:chaotic_exp:======================================================================
2025-12-02 04:19:58 - chaotic_exp - INFO - Device: cuda
INFO:chaotic_exp:Device: cuda
2025-12-02 04:19:58 - chaotic_exp - INFO - Experiments: [2, 3, 4, 5]
INFO:chaotic_exp:Experiments: [2, 3, 4, 5]
2025-12-02 04:19:58 - chaotic_exp - INFO - Checkpoint: outputs/experiment1_comparison/chaotic_hybrid/exp1_chaotic_hybrid/checkpoints/exp_20251130_185504/checkpoint_epoch_0000_20251201_195739.pkl
INFO:chaotic_exp:Checkpoint: outputs/experiment1_comparison/chaotic_hybrid/exp1_chaotic_hybrid/checkpoints/exp_20251130_185504/checkpoint_epoch_0000_20251201_195739.pkl
2025-12-02 04:19:58 - chaotic_exp - INFO - 
Loading dataset...
INFO:chaotic_exp:
Loading dataset...
2025-12-02 04:20:16 - chaotic_exp - INFO - Test samples: 118
INFO:chaotic_exp:Test samples: 118
2025-12-02 04:20:16 - chaotic_exp - INFO - 
Loading chaotic model...
INFO:chaotic_exp:
Loading chaotic model...
2025-12-02 04:20:47 - chaotic_exp - INFO - Model loaded successfully!
INFO:chaotic_exp:Model loaded successfully!
2025-12-02 04:20:47 - chaotic_exp - INFO - 
======================================================================
INFO:chaotic_exp:
======================================================================
2025-12-02 04:20:47 - chaotic_exp - INFO - EXPERIMENT 2: NOISE ROBUSTNESS (Chaotic Model)
INFO:chaotic_exp:EXPERIMENT 2: NOISE ROBUSTNESS (Chaotic Model)
2025-12-02 04:20:47 - chaotic_exp - INFO - ======================================================================
INFO:chaotic_exp:======================================================================
2025-12-02 04:20:47 - chaotic_exp - INFO - 
Evaluating on CLEAN data...
INFO:chaotic_exp:
Evaluating on CLEAN data...
2025-12-02 04:24:12 - chaotic_exp - INFO - Clean accuracy: 59.32%
INFO:chaotic_exp:Clean accuracy: 59.32%
2025-12-02 04:24:12 - chaotic_exp - INFO - 
--- Noise: GAUSSIAN ---
INFO:chaotic_exp:
--- Noise: GAUSSIAN ---
2025-12-02 04:27:37 - chaotic_exp - INFO -   SNR= 20dB: 55.08% (drop: +4.24%)
INFO:chaotic_exp:  SNR= 20dB: 55.08% (drop: +4.24%)
2025-12-02 04:31:01 - chaotic_exp - INFO -   SNR= 15dB: 52.54% (drop: +6.78%)
INFO:chaotic_exp:  SNR= 15dB: 52.54% (drop: +6.78%)
2025-12-02 04:34:26 - chaotic_exp - INFO -   SNR= 10dB: 37.29% (drop: +22.03%)
INFO:chaotic_exp:  SNR= 10dB: 37.29% (drop: +22.03%)
2025-12-02 04:37:50 - chaotic_exp - INFO -   SNR=  5dB: 15.25% (drop: +44.07%)
INFO:chaotic_exp:  SNR=  5dB: 15.25% (drop: +44.07%)
2025-12-02 04:41:15 - chaotic_exp - INFO -   SNR=  0dB:  6.78% (drop: +52.54%)
INFO:chaotic_exp:  SNR=  0dB:  6.78% (drop: +52.54%)
2025-12-02 04:41:15 - chaotic_exp - INFO - 
--- Noise: BABBLE ---
INFO:chaotic_exp:
--- Noise: BABBLE ---
2025-12-02 04:44:41 - chaotic_exp - INFO -   SNR= 20dB: 60.17% (drop: -0.85%)
INFO:chaotic_exp:  SNR= 20dB: 60.17% (drop: -0.85%)
2025-12-02 04:48:07 - chaotic_exp - INFO -   SNR= 15dB: 59.32% (drop: +0.00%)
INFO:chaotic_exp:  SNR= 15dB: 59.32% (drop: +0.00%)
2025-12-02 04:51:34 - chaotic_exp - INFO -   SNR= 10dB: 44.92% (drop: +14.41%)
INFO:chaotic_exp:  SNR= 10dB: 44.92% (drop: +14.41%)
2025-12-02 04:55:00 - chaotic_exp - INFO -   SNR=  5dB: 34.75% (drop: +24.58%)
INFO:chaotic_exp:  SNR=  5dB: 34.75% (drop: +24.58%)
2025-12-02 04:58:27 - chaotic_exp - INFO -   SNR=  0dB: 26.27% (drop: +33.05%)
INFO:chaotic_exp:  SNR=  0dB: 26.27% (drop: +33.05%)
2025-12-02 04:58:27 - chaotic_exp - INFO - 
--- Noise: CAFE ---
INFO:chaotic_exp:
--- Noise: CAFE ---
2025-12-02 05:01:55 - chaotic_exp - INFO -   SNR= 20dB: 56.78% (drop: +2.54%)
INFO:chaotic_exp:  SNR= 20dB: 56.78% (drop: +2.54%)
2025-12-02 05:05:25 - chaotic_exp - INFO -   SNR= 15dB: 52.54% (drop: +6.78%)
INFO:chaotic_exp:  SNR= 15dB: 52.54% (drop: +6.78%)
2025-12-02 05:08:54 - chaotic_exp - INFO -   SNR= 10dB: 37.29% (drop: +22.03%)
INFO:chaotic_exp:  SNR= 10dB: 37.29% (drop: +22.03%)
2025-12-02 05:12:24 - chaotic_exp - INFO -   SNR=  5dB: 15.25% (drop: +44.07%)
INFO:chaotic_exp:  SNR=  5dB: 15.25% (drop: +44.07%)
2025-12-02 05:15:53 - chaotic_exp - INFO -   SNR=  0dB:  7.63% (drop: +51.69%)
INFO:chaotic_exp:  SNR=  0dB:  7.63% (drop: +51.69%)
2025-12-02 05:15:53 - chaotic_exp - INFO - 
--- Noise: STREET ---
INFO:chaotic_exp:
--- Noise: STREET ---
2025-12-02 05:19:16 - chaotic_exp - INFO -   SNR= 20dB: 59.32% (drop: +0.00%)
INFO:chaotic_exp:  SNR= 20dB: 59.32% (drop: +0.00%)
2025-12-02 05:22:38 - chaotic_exp - INFO -   SNR= 15dB: 58.47% (drop: +0.85%)
INFO:chaotic_exp:  SNR= 15dB: 58.47% (drop: +0.85%)
2025-12-02 05:26:00 - chaotic_exp - INFO -   SNR= 10dB: 52.54% (drop: +6.78%)
INFO:chaotic_exp:  SNR= 10dB: 52.54% (drop: +6.78%)
2025-12-02 05:29:25 - chaotic_exp - INFO -   SNR=  5dB: 44.92% (drop: +14.41%)
INFO:chaotic_exp:  SNR=  5dB: 44.92% (drop: +14.41%)
2025-12-02 05:32:48 - chaotic_exp - INFO -   SNR=  0dB: 22.88% (drop: +36.44%)
INFO:chaotic_exp:  SNR=  0dB: 22.88% (drop: +36.44%)
2025-12-02 05:32:48 - chaotic_exp - INFO - 
Results saved to: outputs/chaotic_experiments/exp2_noise_results.json
INFO:chaotic_exp:
Results saved to: outputs/chaotic_experiments/exp2_noise_results.json
2025-12-02 05:32:48 - chaotic_exp - INFO - 
======================================================================
INFO:chaotic_exp:
======================================================================
2025-12-02 05:32:48 - chaotic_exp - INFO - EXPERIMENT 3: FEW-SHOT LEARNING (Chaotic Model)
INFO:chaotic_exp:EXPERIMENT 3: FEW-SHOT LEARNING (Chaotic Model)
2025-12-02 05:32:48 - chaotic_exp - INFO - ======================================================================
INFO:chaotic_exp:======================================================================
2025-12-02 05:33:05 - chaotic_exp - INFO - 
Samples per speaker: 1
INFO:chaotic_exp:
Samples per speaker: 1
2025-12-02 05:33:13 - chaotic_exp - INFO -   Run 1: 26 samples
INFO:chaotic_exp:  Run 1: 26 samples
2025-12-02 06:30:02 - chaotic_exp - INFO -     Val: 6.74%, Test: 0.85%
INFO:chaotic_exp:    Val: 6.74%, Test: 0.85%
2025-12-02 06:30:12 - chaotic_exp - INFO -   Run 2: 26 samples
INFO:chaotic_exp:  Run 2: 26 samples
2025-12-02 07:26:55 - chaotic_exp - INFO -     Val: 4.49%, Test: 4.24%
INFO:chaotic_exp:    Val: 4.49%, Test: 4.24%
2025-12-02 07:27:03 - chaotic_exp - INFO -   Run 3: 26 samples
INFO:chaotic_exp:  Run 3: 26 samples
2025-12-02 08:24:05 - chaotic_exp - INFO -     Val: 4.49%, Test: 4.24%
INFO:chaotic_exp:    Val: 4.49%, Test: 4.24%
2025-12-02 08:24:05 - chaotic_exp - INFO -   → Mean Test Acc: 3.11% ± 1.60%
INFO:chaotic_exp:  → Mean Test Acc: 3.11% ± 1.60%
2025-12-02 08:24:05 - chaotic_exp - INFO - 
Samples per speaker: 2
INFO:chaotic_exp:
Samples per speaker: 2
2025-12-02 08:24:08 - chaotic_exp - INFO -   Run 1: 52 samples
INFO:chaotic_exp:  Run 1: 52 samples
2025-12-02 09:32:42 - chaotic_exp - INFO -     Val: 4.49%, Test: 4.24%
INFO:chaotic_exp:    Val: 4.49%, Test: 4.24%
2025-12-02 09:32:51 - chaotic_exp - INFO -   Run 2: 52 samples
INFO:chaotic_exp:  Run 2: 52 samples
2025-12-02 11:13:26 - chaotic_exp - INFO -     Val: 5.62%, Test: 4.24%
INFO:chaotic_exp:    Val: 5.62%, Test: 4.24%
2025-12-02 11:13:35 - chaotic_exp - INFO -   Run 3: 52 samples
INFO:chaotic_exp:  Run 3: 52 samples
2025-12-02 12:21:39 - chaotic_exp - INFO -     Val: 4.49%, Test: 4.24%
INFO:chaotic_exp:    Val: 4.49%, Test: 4.24%
2025-12-02 12:21:39 - chaotic_exp - INFO -   → Mean Test Acc: 4.24% ± 0.00%
INFO:chaotic_exp:  → Mean Test Acc: 4.24% ± 0.00%
2025-12-02 12:21:39 - chaotic_exp - INFO - 
Samples per speaker: 3
INFO:chaotic_exp:
Samples per speaker: 3
2025-12-02 12:21:53 - chaotic_exp - INFO -   Run 1: 78 samples
INFO:chaotic_exp:  Run 1: 78 samples
2025-12-02 13:41:58 - chaotic_exp - INFO -     Val: 4.49%, Test: 4.24%
INFO:chaotic_exp:    Val: 4.49%, Test: 4.24%
2025-12-02 13:42:06 - chaotic_exp - INFO -   Run 2: 78 samples
INFO:chaotic_exp:  Run 2: 78 samples
2025-12-02 15:59:31 - chaotic_exp - INFO -     Val: 8.99%, Test: 8.47%
INFO:chaotic_exp:    Val: 8.99%, Test: 8.47%
2025-12-02 15:59:41 - chaotic_exp - INFO -   Run 3: 78 samples
INFO:chaotic_exp:  Run 3: 78 samples
2025-12-02 19:32:58 - chaotic_exp - INFO -     Val: 15.73%, Test: 16.10%
INFO:chaotic_exp:    Val: 15.73%, Test: 16.10%
2025-12-02 19:32:58 - chaotic_exp - INFO -   → Mean Test Acc: 9.60% ± 4.91%
INFO:chaotic_exp:  → Mean Test Acc: 9.60% ± 4.91%
2025-12-02 19:32:58 - chaotic_exp - INFO - 
Samples per speaker: 5
INFO:chaotic_exp:
Samples per speaker: 5
2025-12-02 19:33:07 - chaotic_exp - INFO -   Run 1: 130 samples
INFO:chaotic_exp:  Run 1: 130 samples
2025-12-02 23:34:10 - chaotic_exp - INFO -     Val: 10.11%, Test: 10.17%
INFO:chaotic_exp:    Val: 10.11%, Test: 10.17%
2025-12-02 23:34:17 - chaotic_exp - INFO -   Run 2: 130 samples
INFO:chaotic_exp:  Run 2: 130 samples
2025-12-03 02:45:42 - chaotic_exp - INFO -     Val: 5.62%, Test: 4.24%
INFO:chaotic_exp:    Val: 5.62%, Test: 4.24%
2025-12-03 02:45:49 - chaotic_exp - INFO -   Run 3: 130 samples
INFO:chaotic_exp:  Run 3: 130 samples
2025-12-03 04:29:39 - chaotic_exp - INFO -     Val: 4.49%, Test: 4.24%
INFO:chaotic_exp:    Val: 4.49%, Test: 4.24%
2025-12-03 04:29:39 - chaotic_exp - INFO -   → Mean Test Acc: 6.21% ± 2.80%
INFO:chaotic_exp:  → Mean Test Acc: 6.21% ± 2.80%
2025-12-03 04:29:39 - chaotic_exp - INFO - 
Samples per speaker: 10
INFO:chaotic_exp:
Samples per speaker: 10
2025-12-03 04:29:46 - chaotic_exp - INFO -   Run 1: 254 samples
INFO:chaotic_exp:  Run 1: 254 samples
2025-12-03 08:18:55 - chaotic_exp - INFO -     Val: 13.48%, Test: 13.56%
INFO:chaotic_exp:    Val: 13.48%, Test: 13.56%
2025-12-03 08:19:00 - chaotic_exp - INFO -   Run 2: 254 samples
INFO:chaotic_exp:  Run 2: 254 samples
slurmstepd: error: *** JOB 5521551 ON g4101 CANCELLED AT 2025-12-03T15:16:15 ***
