2025-12-25 09:15:38,379 - experiment_chaotic_lorenz_full_chaotic_run_0 - INFO - Initialized experiment: chaotic_lorenz_full_chaotic_run_0
2025-12-25 09:15:38,379 - experiment_chaotic_lorenz_full_chaotic_run_0 - INFO - Device: cuda
2025-12-25 09:15:38,380 - experiment_chaotic_lorenz_full_chaotic_run_0 - INFO - Output directory: /scratch/project_2003370/yueyao/Model/experiments/configs/4.2_first_minimum_experiments/experiments/chaotic_lorenz_full_chaotic_run_0
2025-12-25 09:15:38,380 - experiment_chaotic_lorenz_full_chaotic_run_0 - INFO - Initialized chaotic network experiment with lorenz system
2025-12-25 09:15:38,380 - experiment_chaotic_lorenz_full_chaotic_run_0 - INFO - Setting up experiment components...
2025-12-25 09:15:38,380 - experiment_chaotic_lorenz_full_chaotic_run_0 - INFO - Creating dataloaders...
2025-12-25 09:15:55,314 - experiment_chaotic_lorenz_full_chaotic_run_0 - INFO - Detected 26 speakers in dataset
2025-12-25 09:15:55,314 - experiment_chaotic_lorenz_full_chaotic_run_0 - INFO - Dataloaders created:
2025-12-25 09:15:55,314 - experiment_chaotic_lorenz_full_chaotic_run_0 - INFO -   Train: 14 batches
2025-12-25 09:15:55,314 - experiment_chaotic_lorenz_full_chaotic_run_0 - INFO -   Val: 3 batches
2025-12-25 09:15:55,314 - experiment_chaotic_lorenz_full_chaotic_run_0 - INFO -   Test: 4 batches
2025-12-25 09:15:55,314 - experiment_chaotic_lorenz_full_chaotic_run_0 - INFO - Creating model...
2025-12-25 09:15:55,314 - experiment_chaotic_lorenz_full_chaotic_run_0 - INFO - Using actual num_speakers from dataset: 26
2025-12-25 09:16:26,517 - experiment_chaotic_lorenz_full_chaotic_run_0 - INFO - [PLDA] Replaced classifier with PLDAClassifier (latent_dim=128)
2025-12-25 09:16:26,520 - experiment_chaotic_lorenz_full_chaotic_run_0 - INFO - Total parameters: 520,647
2025-12-25 09:16:26,520 - experiment_chaotic_lorenz_full_chaotic_run_0 - INFO - Trainable parameters: 520,647
2025-12-25 09:16:26,521 - experiment_chaotic_lorenz_full_chaotic_run_0 - INFO - Creating optimizer...
2025-12-25 09:16:28,980 - experiment_chaotic_lorenz_full_chaotic_run_0 - INFO - Optimizer: AdamW
2025-12-25 09:16:28,980 - experiment_chaotic_lorenz_full_chaotic_run_0 - INFO - Creating scheduler...
2025-12-25 09:16:28,980 - experiment_chaotic_lorenz_full_chaotic_run_0 - INFO - Scheduler: CosineAnnealingLR
2025-12-25 09:16:28,980 - experiment_chaotic_lorenz_full_chaotic_run_0 - INFO - Creating criterion...
2025-12-25 09:16:28,980 - experiment_chaotic_lorenz_full_chaotic_run_0 - INFO - Criterion: CrossEntropyLoss
2025-12-25 09:16:29,023 - experiment_chaotic_lorenz_full_chaotic_run_0 - INFO - Configuration saved to: /scratch/project_2003370/yueyao/Model/experiments/configs/4.2_first_minimum_experiments/experiments/chaotic_lorenz_full_chaotic_run_0/config.json
2025-12-25 09:16:29,024 - experiment_chaotic_lorenz_full_chaotic_run_0 - INFO - Experiment setup completed
2025-12-25 09:16:29,024 - experiment_chaotic_lorenz_full_chaotic_run_0 - INFO - Starting training for 100 epochs
2025-12-25 09:16:29,740 - experiment_chaotic_lorenz_full_chaotic_run_0 - INFO - 
================================================================================
2025-12-25 09:16:29,740 - experiment_chaotic_lorenz_full_chaotic_run_0 - INFO - COMPREHENSIVE DEBUG - FIRST BATCH
2025-12-25 09:16:29,740 - experiment_chaotic_lorenz_full_chaotic_run_0 - INFO - ================================================================================
2025-12-25 09:16:29,740 - experiment_chaotic_lorenz_full_chaotic_run_0 - INFO - Batch Info:
2025-12-25 09:16:29,740 - experiment_chaotic_lorenz_full_chaotic_run_0 - INFO -   Audio shape: torch.Size([32, 48000])
2025-12-25 09:16:29,740 - experiment_chaotic_lorenz_full_chaotic_run_0 - INFO -   Targets shape: torch.Size([32])
2025-12-25 09:16:29,746 - experiment_chaotic_lorenz_full_chaotic_run_0 - INFO -   Targets (first 8): tensor([13, 10,  3,  8,  6, 17, 24,  4], device='cuda:0')
2025-12-25 09:16:33,085 - experiment_chaotic_lorenz_full_chaotic_run_0 - INFO - ================================================================================

2025-12-25 09:16:33,086 - experiment_chaotic_lorenz_full_chaotic_run_0 - INFO - [ADVERSARIAL] Initialized AdversarialChaoticAugmentation
2025-12-25 09:16:33,251 - experiment_chaotic_lorenz_full_chaotic_run_0 - INFO - [SYNC LOSS] Initialized PhaseSynchronizationLoss
2025-12-25 09:16:33,398 - experiment_chaotic_lorenz_full_chaotic_run_0 - INFO - [STABILITY] Initialized LyapunovStabilityLoss
2025-12-25 09:16:34,883 - experiment_chaotic_lorenz_full_chaotic_run_0 - INFO - Train Epoch 0: [0/472 (0.0%)]	Loss: 3.525881
2025-12-25 09:16:44,738 - experiment_chaotic_lorenz_full_chaotic_run_0 - INFO - [ADVERSARIAL] Warmup: epoch 1/5
2025-12-25 09:16:45,598 - experiment_chaotic_lorenz_full_chaotic_run_0 - INFO - Epoch 0: Train Loss: 3.3485, Train Acc: 0.0513, Val Loss: 3.2857, Val Acc: 0.0449
2025-12-25 09:16:45,685 - experiment_chaotic_lorenz_full_chaotic_run_0 - INFO - Saved new best model at epoch 0
2025-12-25 09:16:46,682 - experiment_chaotic_lorenz_full_chaotic_run_0 - INFO - Train Epoch 1: [0/472 (0.0%)]	Loss: 3.203885
2025-12-25 09:16:55,707 - experiment_chaotic_lorenz_full_chaotic_run_0 - INFO - [ADVERSARIAL] Warmup: epoch 2/5
2025-12-25 09:16:56,564 - experiment_chaotic_lorenz_full_chaotic_run_0 - INFO - Epoch 1: Train Loss: 3.2282, Train Acc: 0.1272, Val Loss: 3.2454, Val Acc: 0.0449
2025-12-25 09:16:57,418 - experiment_chaotic_lorenz_full_chaotic_run_0 - INFO - Train Epoch 2: [0/472 (0.0%)]	Loss: 3.209415
2025-12-25 09:17:06,450 - experiment_chaotic_lorenz_full_chaotic_run_0 - INFO - [ADVERSARIAL] Warmup: epoch 3/5
2025-12-25 09:17:07,323 - experiment_chaotic_lorenz_full_chaotic_run_0 - INFO - Epoch 2: Train Loss: 3.1250, Train Acc: 0.1830, Val Loss: 3.3086, Val Acc: 0.0449
2025-12-25 09:17:08,179 - experiment_chaotic_lorenz_full_chaotic_run_0 - INFO - Train Epoch 3: [0/472 (0.0%)]	Loss: 2.944953
2025-12-25 09:17:17,533 - experiment_chaotic_lorenz_full_chaotic_run_0 - INFO - [ADVERSARIAL] Warmup: epoch 4/5
2025-12-25 09:17:18,400 - experiment_chaotic_lorenz_full_chaotic_run_0 - INFO - Epoch 3: Train Loss: 2.9307, Train Acc: 0.2545, Val Loss: 3.3779, Val Acc: 0.0674
2025-12-25 09:17:18,495 - experiment_chaotic_lorenz_full_chaotic_run_0 - INFO - Saved new best model at epoch 3
2025-12-25 09:17:19,401 - experiment_chaotic_lorenz_full_chaotic_run_0 - INFO - Train Epoch 4: [0/472 (0.0%)]	Loss: 2.830264
2025-12-25 09:17:28,493 - experiment_chaotic_lorenz_full_chaotic_run_0 - INFO - [ADVERSARIAL] Warmup: epoch 5/5
2025-12-25 09:17:29,376 - experiment_chaotic_lorenz_full_chaotic_run_0 - INFO - Epoch 4: Train Loss: 2.7200, Train Acc: 0.3103, Val Loss: 3.4727, Val Acc: 0.0449
2025-12-25 09:17:30,027 - experiment_chaotic_lorenz_full_chaotic_run_0 - INFO - Train Epoch 5: [0/472 (0.0%)]	Loss: 3.387953
2025-12-25 09:17:35,717 - experiment_chaotic_lorenz_full_chaotic_run_0 - INFO - [ADVERSARIAL] Warmup complete, adversarial training activated!
2025-12-25 09:17:36,589 - experiment_chaotic_lorenz_full_chaotic_run_0 - INFO - Epoch 5: Train Loss: 3.2400, Train Acc: 0.3393, Val Loss: 3.6613, Val Acc: 0.0449
2025-12-25 09:17:37,195 - experiment_chaotic_lorenz_full_chaotic_run_0 - INFO - Train Epoch 6: [0/472 (0.0%)]	Loss: 3.112820
2025-12-25 09:17:43,753 - experiment_chaotic_lorenz_full_chaotic_run_0 - INFO - Epoch 6: Train Loss: 2.9443, Train Acc: 0.4263, Val Loss: 3.6471, Val Acc: 0.0787
2025-12-25 09:17:43,841 - experiment_chaotic_lorenz_full_chaotic_run_0 - INFO - Saved new best model at epoch 6
2025-12-25 09:17:44,492 - experiment_chaotic_lorenz_full_chaotic_run_0 - INFO - Train Epoch 7: [0/472 (0.0%)]	Loss: 2.558301
2025-12-25 09:17:51,080 - experiment_chaotic_lorenz_full_chaotic_run_0 - INFO - Epoch 7: Train Loss: 2.6795, Train Acc: 0.4665, Val Loss: 3.3537, Val Acc: 0.0674
2025-12-25 09:17:51,684 - experiment_chaotic_lorenz_full_chaotic_run_0 - INFO - Train Epoch 8: [0/472 (0.0%)]	Loss: 2.427491
2025-12-25 09:17:58,237 - experiment_chaotic_lorenz_full_chaotic_run_0 - INFO - Epoch 8: Train Loss: 2.3898, Train Acc: 0.5402, Val Loss: 4.0623, Val Acc: 0.0787
2025-12-25 09:17:58,842 - experiment_chaotic_lorenz_full_chaotic_run_0 - INFO - Train Epoch 9: [0/472 (0.0%)]	Loss: 2.277359
2025-12-25 09:18:05,385 - experiment_chaotic_lorenz_full_chaotic_run_0 - INFO - Epoch 9: Train Loss: 2.1857, Train Acc: 0.5692, Val Loss: 4.2357, Val Acc: 0.0449
2025-12-25 09:18:05,987 - experiment_chaotic_lorenz_full_chaotic_run_0 - INFO - Train Epoch 10: [0/472 (0.0%)]	Loss: 2.126003
2025-12-25 09:18:12,503 - experiment_chaotic_lorenz_full_chaotic_run_0 - INFO - Epoch 10: Train Loss: 1.9393, Train Acc: 0.6585, Val Loss: 4.2737, Val Acc: 0.0449
2025-12-25 09:18:13,197 - experiment_chaotic_lorenz_full_chaotic_run_0 - INFO - Train Epoch 11: [0/472 (0.0%)]	Loss: 1.854894
2025-12-25 09:18:19,766 - experiment_chaotic_lorenz_full_chaotic_run_0 - INFO - Epoch 11: Train Loss: 1.7443, Train Acc: 0.6830, Val Loss: 4.2863, Val Acc: 0.1461
2025-12-25 09:18:19,858 - experiment_chaotic_lorenz_full_chaotic_run_0 - INFO - Saved new best model at epoch 11
2025-12-25 09:18:20,504 - experiment_chaotic_lorenz_full_chaotic_run_0 - INFO - Train Epoch 12: [0/472 (0.0%)]	Loss: 1.713477
2025-12-25 09:18:27,099 - experiment_chaotic_lorenz_full_chaotic_run_0 - INFO - Epoch 12: Train Loss: 1.5160, Train Acc: 0.7478, Val Loss: 4.2161, Val Acc: 0.0449
2025-12-25 09:18:27,713 - experiment_chaotic_lorenz_full_chaotic_run_0 - INFO - Train Epoch 13: [0/472 (0.0%)]	Loss: 1.625345
2025-12-25 09:18:34,275 - experiment_chaotic_lorenz_full_chaotic_run_0 - INFO - Epoch 13: Train Loss: 1.3592, Train Acc: 0.7723, Val Loss: 4.8017, Val Acc: 0.0899
2025-12-25 09:18:34,878 - experiment_chaotic_lorenz_full_chaotic_run_0 - INFO - Train Epoch 14: [0/472 (0.0%)]	Loss: 1.124051
2025-12-25 09:18:41,460 - experiment_chaotic_lorenz_full_chaotic_run_0 - INFO - Epoch 14: Train Loss: 1.2293, Train Acc: 0.7790, Val Loss: 5.1779, Val Acc: 0.0449
2025-12-25 09:18:42,063 - experiment_chaotic_lorenz_full_chaotic_run_0 - INFO - Train Epoch 15: [0/472 (0.0%)]	Loss: 1.212774
2025-12-25 09:18:48,614 - experiment_chaotic_lorenz_full_chaotic_run_0 - INFO - Epoch 15: Train Loss: 1.0680, Train Acc: 0.8527, Val Loss: 5.0025, Val Acc: 0.0562
2025-12-25 09:18:49,221 - experiment_chaotic_lorenz_full_chaotic_run_0 - INFO - Train Epoch 16: [0/472 (0.0%)]	Loss: 0.953629
2025-12-25 09:18:55,797 - experiment_chaotic_lorenz_full_chaotic_run_0 - INFO - Epoch 16: Train Loss: 1.0153, Train Acc: 0.8438, Val Loss: 5.1794, Val Acc: 0.0449
2025-12-25 09:18:56,413 - experiment_chaotic_lorenz_full_chaotic_run_0 - INFO - Train Epoch 17: [0/472 (0.0%)]	Loss: 1.116779
2025-12-25 09:19:03,006 - experiment_chaotic_lorenz_full_chaotic_run_0 - INFO - Epoch 17: Train Loss: 0.9103, Train Acc: 0.8415, Val Loss: 5.7862, Val Acc: 0.0449
2025-12-25 09:19:03,603 - experiment_chaotic_lorenz_full_chaotic_run_0 - INFO - Train Epoch 18: [0/472 (0.0%)]	Loss: 0.996759
2025-12-25 09:19:10,166 - experiment_chaotic_lorenz_full_chaotic_run_0 - INFO - Epoch 18: Train Loss: 0.8370, Train Acc: 0.8906, Val Loss: 5.7585, Val Acc: 0.0449
2025-12-25 09:19:10,783 - experiment_chaotic_lorenz_full_chaotic_run_0 - INFO - Train Epoch 19: [0/472 (0.0%)]	Loss: 0.643805
2025-12-25 09:19:17,354 - experiment_chaotic_lorenz_full_chaotic_run_0 - INFO - Epoch 19: Train Loss: 0.7666, Train Acc: 0.8862, Val Loss: 6.1971, Val Acc: 0.0449
2025-12-25 09:19:17,967 - experiment_chaotic_lorenz_full_chaotic_run_0 - INFO - Train Epoch 20: [0/472 (0.0%)]	Loss: 0.642053
2025-12-25 09:19:24,558 - experiment_chaotic_lorenz_full_chaotic_run_0 - INFO - Epoch 20: Train Loss: 0.6813, Train Acc: 0.9018, Val Loss: 5.4083, Val Acc: 0.0449
2025-12-25 09:19:25,248 - experiment_chaotic_lorenz_full_chaotic_run_0 - INFO - Train Epoch 21: [0/472 (0.0%)]	Loss: 0.567085
2025-12-25 09:19:31,787 - experiment_chaotic_lorenz_full_chaotic_run_0 - INFO - Epoch 21: Train Loss: 0.6427, Train Acc: 0.9040, Val Loss: 0.8012, Val Acc: 0.7640
2025-12-25 09:19:31,877 - experiment_chaotic_lorenz_full_chaotic_run_0 - INFO - Saved new best model at epoch 21
2025-12-25 09:19:32,523 - experiment_chaotic_lorenz_full_chaotic_run_0 - INFO - Train Epoch 22: [0/472 (0.0%)]	Loss: 0.671996
2025-12-25 09:19:39,058 - experiment_chaotic_lorenz_full_chaotic_run_0 - INFO - Epoch 22: Train Loss: 0.6243, Train Acc: 0.9196, Val Loss: 3.7392, Val Acc: 0.2135
2025-12-25 09:19:39,668 - experiment_chaotic_lorenz_full_chaotic_run_0 - INFO - Train Epoch 23: [0/472 (0.0%)]	Loss: 0.524634
2025-12-25 09:19:46,196 - experiment_chaotic_lorenz_full_chaotic_run_0 - INFO - Epoch 23: Train Loss: 0.5874, Train Acc: 0.9085, Val Loss: 6.3432, Val Acc: 0.0562
2025-12-25 09:19:46,809 - experiment_chaotic_lorenz_full_chaotic_run_0 - INFO - Train Epoch 24: [0/472 (0.0%)]	Loss: 0.614629
2025-12-25 09:19:53,365 - experiment_chaotic_lorenz_full_chaotic_run_0 - INFO - Epoch 24: Train Loss: 0.5515, Train Acc: 0.9219, Val Loss: 3.0341, Val Acc: 0.3034
2025-12-25 09:19:53,970 - experiment_chaotic_lorenz_full_chaotic_run_0 - INFO - Train Epoch 25: [0/472 (0.0%)]	Loss: 0.444252
2025-12-25 09:20:00,549 - experiment_chaotic_lorenz_full_chaotic_run_0 - INFO - Epoch 25: Train Loss: 0.5044, Train Acc: 0.9219, Val Loss: 6.1371, Val Acc: 0.0449
2025-12-25 09:20:01,165 - experiment_chaotic_lorenz_full_chaotic_run_0 - INFO - Train Epoch 26: [0/472 (0.0%)]	Loss: 0.347098
2025-12-25 09:20:07,685 - experiment_chaotic_lorenz_full_chaotic_run_0 - INFO - Epoch 26: Train Loss: 0.4935, Train Acc: 0.9263, Val Loss: 7.9717, Val Acc: 0.0449
2025-12-25 09:20:08,298 - experiment_chaotic_lorenz_full_chaotic_run_0 - INFO - Train Epoch 27: [0/472 (0.0%)]	Loss: 0.391858
2025-12-25 09:20:14,835 - experiment_chaotic_lorenz_full_chaotic_run_0 - INFO - Epoch 27: Train Loss: 0.4103, Train Acc: 0.9487, Val Loss: 5.6736, Val Acc: 0.1011
2025-12-25 09:20:15,446 - experiment_chaotic_lorenz_full_chaotic_run_0 - INFO - Train Epoch 28: [0/472 (0.0%)]	Loss: 0.376675
2025-12-25 09:20:22,011 - experiment_chaotic_lorenz_full_chaotic_run_0 - INFO - Epoch 28: Train Loss: 0.4123, Train Acc: 0.9375, Val Loss: 1.8801, Val Acc: 0.5169
2025-12-25 09:20:22,612 - experiment_chaotic_lorenz_full_chaotic_run_0 - INFO - Train Epoch 29: [0/472 (0.0%)]	Loss: 0.366346
2025-12-25 09:20:29,168 - experiment_chaotic_lorenz_full_chaotic_run_0 - INFO - Epoch 29: Train Loss: 0.4260, Train Acc: 0.9353, Val Loss: 0.4051, Val Acc: 0.8539
2025-12-25 09:20:29,258 - experiment_chaotic_lorenz_full_chaotic_run_0 - INFO - Saved new best model at epoch 29
2025-12-25 09:20:29,902 - experiment_chaotic_lorenz_full_chaotic_run_0 - INFO - Train Epoch 30: [0/472 (0.0%)]	Loss: 0.242437
2025-12-25 09:20:36,445 - experiment_chaotic_lorenz_full_chaotic_run_0 - INFO - Epoch 30: Train Loss: 0.3135, Train Acc: 0.9844, Val Loss: 7.9896, Val Acc: 0.0449
2025-12-25 09:20:37,130 - experiment_chaotic_lorenz_full_chaotic_run_0 - INFO - Train Epoch 31: [0/472 (0.0%)]	Loss: 0.272811
2025-12-25 09:20:43,700 - experiment_chaotic_lorenz_full_chaotic_run_0 - INFO - Epoch 31: Train Loss: 0.3244, Train Acc: 0.9665, Val Loss: 4.9695, Val Acc: 0.1910
2025-12-25 09:20:44,294 - experiment_chaotic_lorenz_full_chaotic_run_0 - INFO - Train Epoch 32: [0/472 (0.0%)]	Loss: 0.320766
2025-12-25 09:20:50,975 - experiment_chaotic_lorenz_full_chaotic_run_0 - INFO - Epoch 32: Train Loss: 0.3018, Train Acc: 0.9643, Val Loss: 2.4396, Val Acc: 0.4719
2025-12-25 09:20:51,577 - experiment_chaotic_lorenz_full_chaotic_run_0 - INFO - Train Epoch 33: [0/472 (0.0%)]	Loss: 0.469485
2025-12-25 09:20:58,141 - experiment_chaotic_lorenz_full_chaotic_run_0 - INFO - Epoch 33: Train Loss: 0.2744, Train Acc: 0.9710, Val Loss: 2.6561, Val Acc: 0.5056
2025-12-25 09:20:58,744 - experiment_chaotic_lorenz_full_chaotic_run_0 - INFO - Train Epoch 34: [0/472 (0.0%)]	Loss: 0.196603
2025-12-25 09:21:05,293 - experiment_chaotic_lorenz_full_chaotic_run_0 - INFO - Epoch 34: Train Loss: 0.2736, Train Acc: 0.9710, Val Loss: 5.8445, Val Acc: 0.1236
2025-12-25 09:21:05,895 - experiment_chaotic_lorenz_full_chaotic_run_0 - INFO - Train Epoch 35: [0/472 (0.0%)]	Loss: 0.227710
2025-12-25 09:21:12,458 - experiment_chaotic_lorenz_full_chaotic_run_0 - INFO - Epoch 35: Train Loss: 0.2665, Train Acc: 0.9509, Val Loss: 8.8498, Val Acc: 0.0449
2025-12-25 09:21:13,065 - experiment_chaotic_lorenz_full_chaotic_run_0 - INFO - Train Epoch 36: [0/472 (0.0%)]	Loss: 0.219548
2025-12-25 09:21:19,621 - experiment_chaotic_lorenz_full_chaotic_run_0 - INFO - Epoch 36: Train Loss: 0.2368, Train Acc: 0.9754, Val Loss: 5.3577, Val Acc: 0.1236
2025-12-25 09:21:20,224 - experiment_chaotic_lorenz_full_chaotic_run_0 - INFO - Train Epoch 37: [0/472 (0.0%)]	Loss: 0.196746
2025-12-25 09:21:26,809 - experiment_chaotic_lorenz_full_chaotic_run_0 - INFO - Epoch 37: Train Loss: 0.2102, Train Acc: 0.9866, Val Loss: 0.7747, Val Acc: 0.8090
2025-12-25 09:21:27,399 - experiment_chaotic_lorenz_full_chaotic_run_0 - INFO - Train Epoch 38: [0/472 (0.0%)]	Loss: 0.177304
2025-12-25 09:21:33,921 - experiment_chaotic_lorenz_full_chaotic_run_0 - INFO - Epoch 38: Train Loss: 0.2301, Train Acc: 0.9821, Val Loss: 3.1637, Val Acc: 0.3258
2025-12-25 09:21:34,523 - experiment_chaotic_lorenz_full_chaotic_run_0 - INFO - Train Epoch 39: [0/472 (0.0%)]	Loss: 0.190158
2025-12-25 09:21:41,034 - experiment_chaotic_lorenz_full_chaotic_run_0 - INFO - Epoch 39: Train Loss: 0.2344, Train Acc: 0.9754, Val Loss: 10.2388, Val Acc: 0.0449
2025-12-25 09:21:41,630 - experiment_chaotic_lorenz_full_chaotic_run_0 - INFO - Train Epoch 40: [0/472 (0.0%)]	Loss: 0.308915
2025-12-25 09:21:48,178 - experiment_chaotic_lorenz_full_chaotic_run_0 - INFO - Epoch 40: Train Loss: 0.2163, Train Acc: 0.9844, Val Loss: 6.7024, Val Acc: 0.0899
2025-12-25 09:21:48,868 - experiment_chaotic_lorenz_full_chaotic_run_0 - INFO - Train Epoch 41: [0/472 (0.0%)]	Loss: 0.135822
2025-12-25 09:21:55,403 - experiment_chaotic_lorenz_full_chaotic_run_0 - INFO - Epoch 41: Train Loss: 0.2554, Train Acc: 0.9688, Val Loss: 7.5540, Val Acc: 0.0562
2025-12-25 09:21:56,002 - experiment_chaotic_lorenz_full_chaotic_run_0 - INFO - Train Epoch 42: [0/472 (0.0%)]	Loss: 0.187173
2025-12-25 09:22:02,572 - experiment_chaotic_lorenz_full_chaotic_run_0 - INFO - Epoch 42: Train Loss: 0.2421, Train Acc: 0.9799, Val Loss: 9.4154, Val Acc: 0.0562
2025-12-25 09:22:03,176 - experiment_chaotic_lorenz_full_chaotic_run_0 - INFO - Train Epoch 43: [0/472 (0.0%)]	Loss: 0.186915
2025-12-25 09:22:09,751 - experiment_chaotic_lorenz_full_chaotic_run_0 - INFO - Epoch 43: Train Loss: 0.2058, Train Acc: 0.9799, Val Loss: 1.5385, Val Acc: 0.6180
2025-12-25 09:22:10,354 - experiment_chaotic_lorenz_full_chaotic_run_0 - INFO - Train Epoch 44: [0/472 (0.0%)]	Loss: 0.283286
2025-12-25 09:22:16,912 - experiment_chaotic_lorenz_full_chaotic_run_0 - INFO - Epoch 44: Train Loss: 0.2390, Train Acc: 0.9754, Val Loss: 0.3898, Val Acc: 0.8427
2025-12-25 09:22:17,516 - experiment_chaotic_lorenz_full_chaotic_run_0 - INFO - Train Epoch 45: [0/472 (0.0%)]	Loss: 0.147130
2025-12-25 09:22:24,032 - experiment_chaotic_lorenz_full_chaotic_run_0 - INFO - Epoch 45: Train Loss: 0.1885, Train Acc: 0.9888, Val Loss: 7.0219, Val Acc: 0.1011
2025-12-25 09:22:24,633 - experiment_chaotic_lorenz_full_chaotic_run_0 - INFO - Train Epoch 46: [0/472 (0.0%)]	Loss: 0.222866
2025-12-25 09:22:31,149 - experiment_chaotic_lorenz_full_chaotic_run_0 - INFO - Epoch 46: Train Loss: 0.1827, Train Acc: 0.9911, Val Loss: 2.6437, Val Acc: 0.4382
2025-12-25 09:22:31,752 - experiment_chaotic_lorenz_full_chaotic_run_0 - INFO - Train Epoch 47: [0/472 (0.0%)]	Loss: 0.148496
2025-12-25 09:22:38,238 - experiment_chaotic_lorenz_full_chaotic_run_0 - INFO - Epoch 47: Train Loss: 0.2061, Train Acc: 0.9732, Val Loss: 4.8870, Val Acc: 0.2022
2025-12-25 09:22:38,843 - experiment_chaotic_lorenz_full_chaotic_run_0 - INFO - Train Epoch 48: [0/472 (0.0%)]	Loss: 0.210237
2025-12-25 09:22:45,358 - experiment_chaotic_lorenz_full_chaotic_run_0 - INFO - Epoch 48: Train Loss: 0.1835, Train Acc: 0.9799, Val Loss: 5.2696, Val Acc: 0.1573
2025-12-25 09:22:45,960 - experiment_chaotic_lorenz_full_chaotic_run_0 - INFO - Train Epoch 49: [0/472 (0.0%)]	Loss: 0.159655
2025-12-25 09:22:52,514 - experiment_chaotic_lorenz_full_chaotic_run_0 - INFO - Epoch 49: Train Loss: 0.1518, Train Acc: 0.9955, Val Loss: 5.3787, Val Acc: 0.1910
2025-12-25 09:22:53,119 - experiment_chaotic_lorenz_full_chaotic_run_0 - INFO - Train Epoch 50: [0/472 (0.0%)]	Loss: 0.198738
2025-12-25 09:22:59,676 - experiment_chaotic_lorenz_full_chaotic_run_0 - INFO - Epoch 50: Train Loss: 0.1727, Train Acc: 0.9821, Val Loss: 5.7069, Val Acc: 0.1011
2025-12-25 09:23:00,371 - experiment_chaotic_lorenz_full_chaotic_run_0 - INFO - Train Epoch 51: [0/472 (0.0%)]	Loss: 0.125613
2025-12-25 09:23:06,879 - experiment_chaotic_lorenz_full_chaotic_run_0 - INFO - Epoch 51: Train Loss: 0.1646, Train Acc: 0.9911, Val Loss: 0.6971, Val Acc: 0.8090
2025-12-25 09:23:07,480 - experiment_chaotic_lorenz_full_chaotic_run_0 - INFO - Train Epoch 52: [0/472 (0.0%)]	Loss: 0.135526
2025-12-25 09:23:14,018 - experiment_chaotic_lorenz_full_chaotic_run_0 - INFO - Epoch 52: Train Loss: 0.1618, Train Acc: 0.9888, Val Loss: 0.1720, Val Acc: 0.9326
2025-12-25 09:23:14,108 - experiment_chaotic_lorenz_full_chaotic_run_0 - INFO - Saved new best model at epoch 52
2025-12-25 09:23:14,740 - experiment_chaotic_lorenz_full_chaotic_run_0 - INFO - Train Epoch 53: [0/472 (0.0%)]	Loss: 0.134744
2025-12-25 09:23:21,277 - experiment_chaotic_lorenz_full_chaotic_run_0 - INFO - Epoch 53: Train Loss: 0.1441, Train Acc: 0.9955, Val Loss: 6.3670, Val Acc: 0.1011
2025-12-25 09:23:21,879 - experiment_chaotic_lorenz_full_chaotic_run_0 - INFO - Train Epoch 54: [0/472 (0.0%)]	Loss: 0.142559
2025-12-25 09:23:28,430 - experiment_chaotic_lorenz_full_chaotic_run_0 - INFO - Epoch 54: Train Loss: 0.1562, Train Acc: 0.9911, Val Loss: 8.9542, Val Acc: 0.0562
2025-12-25 09:23:29,027 - experiment_chaotic_lorenz_full_chaotic_run_0 - INFO - Train Epoch 55: [0/472 (0.0%)]	Loss: 0.113801
2025-12-25 09:23:35,593 - experiment_chaotic_lorenz_full_chaotic_run_0 - INFO - Epoch 55: Train Loss: 0.1595, Train Acc: 0.9933, Val Loss: 0.7541, Val Acc: 0.7753
2025-12-25 09:23:36,193 - experiment_chaotic_lorenz_full_chaotic_run_0 - INFO - Train Epoch 56: [0/472 (0.0%)]	Loss: 0.128309
2025-12-25 09:23:42,759 - experiment_chaotic_lorenz_full_chaotic_run_0 - INFO - Epoch 56: Train Loss: 0.1403, Train Acc: 0.9978, Val Loss: 5.6478, Val Acc: 0.1798
2025-12-25 09:23:43,359 - experiment_chaotic_lorenz_full_chaotic_run_0 - INFO - Train Epoch 57: [0/472 (0.0%)]	Loss: 0.137504
2025-12-25 09:23:49,916 - experiment_chaotic_lorenz_full_chaotic_run_0 - INFO - Epoch 57: Train Loss: 0.1409, Train Acc: 0.9978, Val Loss: 11.6713, Val Acc: 0.0449
2025-12-25 09:23:50,515 - experiment_chaotic_lorenz_full_chaotic_run_0 - INFO - Train Epoch 58: [0/472 (0.0%)]	Loss: 0.116558
2025-12-25 09:23:57,058 - experiment_chaotic_lorenz_full_chaotic_run_0 - INFO - Epoch 58: Train Loss: 0.1555, Train Acc: 0.9888, Val Loss: 4.7054, Val Acc: 0.2697
2025-12-25 09:23:57,663 - experiment_chaotic_lorenz_full_chaotic_run_0 - INFO - Train Epoch 59: [0/472 (0.0%)]	Loss: 0.117652
2025-12-25 09:24:04,210 - experiment_chaotic_lorenz_full_chaotic_run_0 - INFO - Epoch 59: Train Loss: 0.1425, Train Acc: 0.9888, Val Loss: 4.4240, Val Acc: 0.2809
2025-12-25 09:24:04,815 - experiment_chaotic_lorenz_full_chaotic_run_0 - INFO - Train Epoch 60: [0/472 (0.0%)]	Loss: 0.125622
2025-12-25 09:24:11,337 - experiment_chaotic_lorenz_full_chaotic_run_0 - INFO - Epoch 60: Train Loss: 0.1411, Train Acc: 0.9955, Val Loss: 0.2069, Val Acc: 0.9326
2025-12-25 09:24:12,034 - experiment_chaotic_lorenz_full_chaotic_run_0 - INFO - Train Epoch 61: [0/472 (0.0%)]	Loss: 0.126648
2025-12-25 09:24:18,579 - experiment_chaotic_lorenz_full_chaotic_run_0 - INFO - Epoch 61: Train Loss: 0.1605, Train Acc: 0.9933, Val Loss: 6.1966, Val Acc: 0.2022
2025-12-25 09:24:19,188 - experiment_chaotic_lorenz_full_chaotic_run_0 - INFO - Train Epoch 62: [0/472 (0.0%)]	Loss: 0.179614
2025-12-25 09:24:25,757 - experiment_chaotic_lorenz_full_chaotic_run_0 - INFO - Epoch 62: Train Loss: 0.1344, Train Acc: 0.9933, Val Loss: 11.6174, Val Acc: 0.0449
2025-12-25 09:24:26,363 - experiment_chaotic_lorenz_full_chaotic_run_0 - INFO - Train Epoch 63: [0/472 (0.0%)]	Loss: 0.123648
2025-12-25 09:24:32,925 - experiment_chaotic_lorenz_full_chaotic_run_0 - INFO - Epoch 63: Train Loss: 0.1373, Train Acc: 0.9978, Val Loss: 2.9969, Val Acc: 0.4944
2025-12-25 09:24:33,526 - experiment_chaotic_lorenz_full_chaotic_run_0 - INFO - Train Epoch 64: [0/472 (0.0%)]	Loss: 0.144476
2025-12-25 09:24:40,064 - experiment_chaotic_lorenz_full_chaotic_run_0 - INFO - Epoch 64: Train Loss: 0.1297, Train Acc: 0.9955, Val Loss: 6.5584, Val Acc: 0.1236
2025-12-25 09:24:40,668 - experiment_chaotic_lorenz_full_chaotic_run_0 - INFO - Train Epoch 65: [0/472 (0.0%)]	Loss: 0.107459
2025-12-25 09:24:47,238 - experiment_chaotic_lorenz_full_chaotic_run_0 - INFO - Epoch 65: Train Loss: 0.1268, Train Acc: 0.9955, Val Loss: 5.4802, Val Acc: 0.2135
2025-12-25 09:24:47,843 - experiment_chaotic_lorenz_full_chaotic_run_0 - INFO - Train Epoch 66: [0/472 (0.0%)]	Loss: 0.112768
2025-12-25 09:24:54,615 - experiment_chaotic_lorenz_full_chaotic_run_0 - INFO - Epoch 66: Train Loss: 0.1331, Train Acc: 0.9933, Val Loss: 6.1875, Val Acc: 0.1685
2025-12-25 09:24:55,212 - experiment_chaotic_lorenz_full_chaotic_run_0 - INFO - Train Epoch 67: [0/472 (0.0%)]	Loss: 0.109169
2025-12-25 09:25:01,743 - experiment_chaotic_lorenz_full_chaotic_run_0 - INFO - Epoch 67: Train Loss: 0.1175, Train Acc: 1.0000, Val Loss: 0.2237, Val Acc: 0.9326
2025-12-25 09:25:02,342 - experiment_chaotic_lorenz_full_chaotic_run_0 - INFO - Train Epoch 68: [0/472 (0.0%)]	Loss: 0.177153
2025-12-25 09:25:08,877 - experiment_chaotic_lorenz_full_chaotic_run_0 - INFO - Epoch 68: Train Loss: 0.1319, Train Acc: 0.9955, Val Loss: 0.6188, Val Acc: 0.8764
2025-12-25 09:25:09,481 - experiment_chaotic_lorenz_full_chaotic_run_0 - INFO - Train Epoch 69: [0/472 (0.0%)]	Loss: 0.110464
2025-12-25 09:25:16,048 - experiment_chaotic_lorenz_full_chaotic_run_0 - INFO - Epoch 69: Train Loss: 0.1478, Train Acc: 0.9866, Val Loss: 3.7252, Val Acc: 0.3820
2025-12-25 09:25:16,650 - experiment_chaotic_lorenz_full_chaotic_run_0 - INFO - Train Epoch 70: [0/472 (0.0%)]	Loss: 0.122116
2025-12-25 09:25:23,212 - experiment_chaotic_lorenz_full_chaotic_run_0 - INFO - Epoch 70: Train Loss: 0.1318, Train Acc: 0.9955, Val Loss: 1.9305, Val Acc: 0.6404
2025-12-25 09:25:23,896 - experiment_chaotic_lorenz_full_chaotic_run_0 - INFO - Train Epoch 71: [0/472 (0.0%)]	Loss: 0.110420
2025-12-25 09:25:30,453 - experiment_chaotic_lorenz_full_chaotic_run_0 - INFO - Epoch 71: Train Loss: 0.1290, Train Acc: 1.0000, Val Loss: 6.1252, Val Acc: 0.1573
2025-12-25 09:25:31,054 - experiment_chaotic_lorenz_full_chaotic_run_0 - INFO - Train Epoch 72: [0/472 (0.0%)]	Loss: 0.138872
2025-12-25 09:25:37,627 - experiment_chaotic_lorenz_full_chaotic_run_0 - INFO - Epoch 72: Train Loss: 0.1320, Train Acc: 0.9978, Val Loss: 2.2075, Val Acc: 0.5506
2025-12-25 09:25:38,225 - experiment_chaotic_lorenz_full_chaotic_run_0 - INFO - Train Epoch 73: [0/472 (0.0%)]	Loss: 0.163748
2025-12-25 09:25:44,722 - experiment_chaotic_lorenz_full_chaotic_run_0 - INFO - Epoch 73: Train Loss: 0.1243, Train Acc: 0.9978, Val Loss: 5.1960, Val Acc: 0.2921
2025-12-25 09:25:45,327 - experiment_chaotic_lorenz_full_chaotic_run_0 - INFO - Train Epoch 74: [0/472 (0.0%)]	Loss: 0.119087
2025-12-25 09:25:51,830 - experiment_chaotic_lorenz_full_chaotic_run_0 - INFO - Epoch 74: Train Loss: 0.1321, Train Acc: 0.9933, Val Loss: 1.7368, Val Acc: 0.6292
2025-12-25 09:25:52,433 - experiment_chaotic_lorenz_full_chaotic_run_0 - INFO - Train Epoch 75: [0/472 (0.0%)]	Loss: 0.107410
2025-12-25 09:25:59,022 - experiment_chaotic_lorenz_full_chaotic_run_0 - INFO - Epoch 75: Train Loss: 0.1193, Train Acc: 1.0000, Val Loss: 1.9524, Val Acc: 0.5730
2025-12-25 09:25:59,623 - experiment_chaotic_lorenz_full_chaotic_run_0 - INFO - Train Epoch 76: [0/472 (0.0%)]	Loss: 0.108980
2025-12-25 09:26:06,201 - experiment_chaotic_lorenz_full_chaotic_run_0 - INFO - Epoch 76: Train Loss: 0.1167, Train Acc: 0.9978, Val Loss: 0.6328, Val Acc: 0.8764
2025-12-25 09:26:06,802 - experiment_chaotic_lorenz_full_chaotic_run_0 - INFO - Train Epoch 77: [0/472 (0.0%)]	Loss: 0.106397
2025-12-25 09:26:13,301 - experiment_chaotic_lorenz_full_chaotic_run_0 - INFO - Epoch 77: Train Loss: 0.1247, Train Acc: 0.9978, Val Loss: 1.6240, Val Acc: 0.5955
2025-12-25 09:26:13,904 - experiment_chaotic_lorenz_full_chaotic_run_0 - INFO - Train Epoch 78: [0/472 (0.0%)]	Loss: 0.145779
2025-12-25 09:26:20,433 - experiment_chaotic_lorenz_full_chaotic_run_0 - INFO - Epoch 78: Train Loss: 0.1289, Train Acc: 0.9888, Val Loss: 0.2626, Val Acc: 0.9326
2025-12-25 09:26:21,042 - experiment_chaotic_lorenz_full_chaotic_run_0 - INFO - Train Epoch 79: [0/472 (0.0%)]	Loss: 0.125636
2025-12-25 09:26:27,584 - experiment_chaotic_lorenz_full_chaotic_run_0 - INFO - Epoch 79: Train Loss: 0.1184, Train Acc: 1.0000, Val Loss: 2.3845, Val Acc: 0.5281
2025-12-25 09:26:28,189 - experiment_chaotic_lorenz_full_chaotic_run_0 - INFO - Train Epoch 80: [0/472 (0.0%)]	Loss: 0.118243
2025-12-25 09:26:34,733 - experiment_chaotic_lorenz_full_chaotic_run_0 - INFO - Epoch 80: Train Loss: 0.1124, Train Acc: 1.0000, Val Loss: 0.0987, Val Acc: 0.9775
2025-12-25 09:26:34,823 - experiment_chaotic_lorenz_full_chaotic_run_0 - INFO - Saved new best model at epoch 80
2025-12-25 09:26:35,555 - experiment_chaotic_lorenz_full_chaotic_run_0 - INFO - Train Epoch 81: [0/472 (0.0%)]	Loss: 0.106616
2025-12-25 09:26:42,078 - experiment_chaotic_lorenz_full_chaotic_run_0 - INFO - Epoch 81: Train Loss: 0.1226, Train Acc: 0.9978, Val Loss: 0.7194, Val Acc: 0.8315
2025-12-25 09:26:42,672 - experiment_chaotic_lorenz_full_chaotic_run_0 - INFO - Train Epoch 82: [0/472 (0.0%)]	Loss: 0.125369
2025-12-25 09:26:49,208 - experiment_chaotic_lorenz_full_chaotic_run_0 - INFO - Epoch 82: Train Loss: 0.1263, Train Acc: 0.9955, Val Loss: 0.1261, Val Acc: 0.9551
2025-12-25 09:26:49,809 - experiment_chaotic_lorenz_full_chaotic_run_0 - INFO - Train Epoch 83: [0/472 (0.0%)]	Loss: 0.106124
2025-12-25 09:26:56,350 - experiment_chaotic_lorenz_full_chaotic_run_0 - INFO - Epoch 83: Train Loss: 0.1226, Train Acc: 0.9955, Val Loss: 2.7769, Val Acc: 0.5393
2025-12-25 09:26:56,949 - experiment_chaotic_lorenz_full_chaotic_run_0 - INFO - Train Epoch 84: [0/472 (0.0%)]	Loss: 0.131804
2025-12-25 09:27:03,500 - experiment_chaotic_lorenz_full_chaotic_run_0 - INFO - Epoch 84: Train Loss: 0.1148, Train Acc: 1.0000, Val Loss: 0.1413, Val Acc: 0.9663
2025-12-25 09:27:04,099 - experiment_chaotic_lorenz_full_chaotic_run_0 - INFO - Train Epoch 85: [0/472 (0.0%)]	Loss: 0.110204
2025-12-25 09:27:10,632 - experiment_chaotic_lorenz_full_chaotic_run_0 - INFO - Epoch 85: Train Loss: 0.1143, Train Acc: 1.0000, Val Loss: 0.1157, Val Acc: 0.9663
2025-12-25 09:27:11,246 - experiment_chaotic_lorenz_full_chaotic_run_0 - INFO - Train Epoch 86: [0/472 (0.0%)]	Loss: 0.103070
2025-12-25 09:27:17,767 - experiment_chaotic_lorenz_full_chaotic_run_0 - INFO - Epoch 86: Train Loss: 0.1229, Train Acc: 0.9955, Val Loss: 0.1710, Val Acc: 0.9663
2025-12-25 09:27:18,382 - experiment_chaotic_lorenz_full_chaotic_run_0 - INFO - Train Epoch 87: [0/472 (0.0%)]	Loss: 0.110139
2025-12-25 09:27:24,887 - experiment_chaotic_lorenz_full_chaotic_run_0 - INFO - Epoch 87: Train Loss: 0.1177, Train Acc: 0.9978, Val Loss: 0.2083, Val Acc: 0.9551
2025-12-25 09:27:25,490 - experiment_chaotic_lorenz_full_chaotic_run_0 - INFO - Train Epoch 88: [0/472 (0.0%)]	Loss: 0.114061
2025-12-25 09:27:32,015 - experiment_chaotic_lorenz_full_chaotic_run_0 - INFO - Epoch 88: Train Loss: 0.1180, Train Acc: 0.9955, Val Loss: 0.0657, Val Acc: 0.9775
2025-12-25 09:27:32,624 - experiment_chaotic_lorenz_full_chaotic_run_0 - INFO - Train Epoch 89: [0/472 (0.0%)]	Loss: 0.113706
2025-12-25 09:27:39,142 - experiment_chaotic_lorenz_full_chaotic_run_0 - INFO - Epoch 89: Train Loss: 0.1132, Train Acc: 1.0000, Val Loss: 0.4087, Val Acc: 0.8876
2025-12-25 09:27:39,742 - experiment_chaotic_lorenz_full_chaotic_run_0 - INFO - Train Epoch 90: [0/472 (0.0%)]	Loss: 0.121126
2025-12-25 09:27:46,285 - experiment_chaotic_lorenz_full_chaotic_run_0 - INFO - Epoch 90: Train Loss: 0.1115, Train Acc: 1.0000, Val Loss: 0.1984, Val Acc: 0.9438
2025-12-25 09:27:46,979 - experiment_chaotic_lorenz_full_chaotic_run_0 - INFO - Train Epoch 91: [0/472 (0.0%)]	Loss: 0.103930
2025-12-25 09:27:53,473 - experiment_chaotic_lorenz_full_chaotic_run_0 - INFO - Epoch 91: Train Loss: 0.1150, Train Acc: 1.0000, Val Loss: 0.0781, Val Acc: 0.9775
2025-12-25 09:27:54,083 - experiment_chaotic_lorenz_full_chaotic_run_0 - INFO - Train Epoch 92: [0/472 (0.0%)]	Loss: 0.112536
2025-12-25 09:28:00,588 - experiment_chaotic_lorenz_full_chaotic_run_0 - INFO - Epoch 92: Train Loss: 0.1181, Train Acc: 1.0000, Val Loss: 0.0653, Val Acc: 0.9775
2025-12-25 09:28:01,194 - experiment_chaotic_lorenz_full_chaotic_run_0 - INFO - Train Epoch 93: [0/472 (0.0%)]	Loss: 0.113442
2025-12-25 09:28:07,754 - experiment_chaotic_lorenz_full_chaotic_run_0 - INFO - Epoch 93: Train Loss: 0.1187, Train Acc: 0.9978, Val Loss: 0.0756, Val Acc: 0.9663
2025-12-25 09:28:08,355 - experiment_chaotic_lorenz_full_chaotic_run_0 - INFO - Train Epoch 94: [0/472 (0.0%)]	Loss: 0.120200
2025-12-25 09:28:14,913 - experiment_chaotic_lorenz_full_chaotic_run_0 - INFO - Epoch 94: Train Loss: 0.1137, Train Acc: 1.0000, Val Loss: 0.0689, Val Acc: 0.9663
2025-12-25 09:28:15,514 - experiment_chaotic_lorenz_full_chaotic_run_0 - INFO - Train Epoch 95: [0/472 (0.0%)]	Loss: 0.107109
2025-12-25 09:28:22,076 - experiment_chaotic_lorenz_full_chaotic_run_0 - INFO - Epoch 95: Train Loss: 0.1120, Train Acc: 0.9978, Val Loss: 0.0763, Val Acc: 0.9775
2025-12-25 09:28:22,678 - experiment_chaotic_lorenz_full_chaotic_run_0 - INFO - Train Epoch 96: [0/472 (0.0%)]	Loss: 0.104835
2025-12-25 09:28:29,224 - experiment_chaotic_lorenz_full_chaotic_run_0 - INFO - Epoch 96: Train Loss: 0.1148, Train Acc: 0.9955, Val Loss: 0.0738, Val Acc: 0.9775
2025-12-25 09:28:29,831 - experiment_chaotic_lorenz_full_chaotic_run_0 - INFO - Train Epoch 97: [0/472 (0.0%)]	Loss: 0.122694
2025-12-25 09:28:36,385 - experiment_chaotic_lorenz_full_chaotic_run_0 - INFO - Epoch 97: Train Loss: 0.1219, Train Acc: 0.9978, Val Loss: 0.0678, Val Acc: 0.9663
2025-12-25 09:28:36,986 - experiment_chaotic_lorenz_full_chaotic_run_0 - INFO - Train Epoch 98: [0/472 (0.0%)]	Loss: 0.129624
2025-12-25 09:28:43,545 - experiment_chaotic_lorenz_full_chaotic_run_0 - INFO - Epoch 98: Train Loss: 0.1194, Train Acc: 0.9978, Val Loss: 0.0715, Val Acc: 0.9775
2025-12-25 09:28:44,147 - experiment_chaotic_lorenz_full_chaotic_run_0 - INFO - Train Epoch 99: [0/472 (0.0%)]	Loss: 0.112004
2025-12-25 09:28:50,681 - experiment_chaotic_lorenz_full_chaotic_run_0 - INFO - Epoch 99: Train Loss: 0.1155, Train Acc: 0.9978, Val Loss: 0.0706, Val Acc: 0.9663
2025-12-25 09:28:50,686 - experiment_chaotic_lorenz_full_chaotic_run_0 - INFO - Running final test evaluation...
2025-12-25 09:28:52,046 - experiment_chaotic_lorenz_full_chaotic_run_0 - INFO - Test Results:
2025-12-25 09:28:52,046 - experiment_chaotic_lorenz_full_chaotic_run_0 - INFO -   loss: 0.2495
2025-12-25 09:28:52,046 - experiment_chaotic_lorenz_full_chaotic_run_0 - INFO -   accuracy: 0.9407
2025-12-25 09:28:52,046 - experiment_chaotic_lorenz_full_chaotic_run_0 - INFO -   avg_confidence: 0.5469
2025-12-25 09:28:52,046 - experiment_chaotic_lorenz_full_chaotic_run_0 - INFO -   embedding_diversity: 0.1117
2025-12-25 09:28:52,046 - experiment_chaotic_lorenz_full_chaotic_run_0 - INFO -   embedding_norm_mean: 1.0000
2025-12-25 09:28:52,046 - experiment_chaotic_lorenz_full_chaotic_run_0 - INFO -   embedding_norm_std: 0.0000
2025-12-25 09:28:52,048 - experiment_chaotic_lorenz_full_chaotic_run_0 - INFO - Training completed
2025-12-25 09:28:52,787 - experiment_chaotic_lorenz_full_chaotic_run_0 - INFO - Running comprehensive chaotic network analysis...
2025-12-25 09:28:52,788 - experiment_chaotic_lorenz_full_chaotic_run_0 - INFO - Analyzing chaotic features and dynamics...
2025-12-25 09:28:53,761 - experiment_chaotic_lorenz_full_chaotic_run_0 - INFO - Chaotic analysis completed
2025-12-25 09:28:53,763 - experiment_chaotic_lorenz_full_chaotic_run_0 - INFO - Creating chaotic dynamics visualizations...
2025-12-25 09:28:56,222 - experiment_chaotic_lorenz_full_chaotic_run_0 - WARNING - Embedding plotting failed: boolean index did not match indexed array along dimension 0; dimension is 8 but corresponding boolean dimension is 32
2025-12-25 09:28:56,228 - experiment_chaotic_lorenz_full_chaotic_run_0 - INFO - Chaotic network analysis completed
2025-12-25 09:29:26,349 - experiment_chaotic_lorenz_full_chaotic_run_0 - INFO - Initialized experiment: chaotic_lorenz_full_chaotic_run_0
2025-12-25 09:29:26,349 - experiment_chaotic_lorenz_full_chaotic_run_0 - INFO - Device: cuda
2025-12-25 09:29:26,350 - experiment_chaotic_lorenz_full_chaotic_run_0 - INFO - Output directory: /scratch/project_2003370/yueyao/Model/experiments/configs/4.2_first_minimum_experiments/experiments/chaotic_lorenz_full_chaotic_run_0
2025-12-25 09:29:26,350 - experiment_chaotic_lorenz_full_chaotic_run_0 - INFO - Initialized chaotic network experiment with lorenz system
2025-12-25 09:29:26,350 - experiment_chaotic_lorenz_full_chaotic_run_0 - INFO - Setting up experiment components...
2025-12-25 09:29:26,350 - experiment_chaotic_lorenz_full_chaotic_run_0 - INFO - Creating dataloaders...
2025-12-25 09:29:26,723 - experiment_chaotic_lorenz_full_chaotic_run_0 - INFO - Detected 26 speakers in dataset
2025-12-25 09:29:26,723 - experiment_chaotic_lorenz_full_chaotic_run_0 - INFO - Dataloaders created:
2025-12-25 09:29:26,723 - experiment_chaotic_lorenz_full_chaotic_run_0 - INFO -   Train: 14 batches
2025-12-25 09:29:26,723 - experiment_chaotic_lorenz_full_chaotic_run_0 - INFO -   Val: 3 batches
2025-12-25 09:29:26,723 - experiment_chaotic_lorenz_full_chaotic_run_0 - INFO -   Test: 4 batches
2025-12-25 09:29:26,723 - experiment_chaotic_lorenz_full_chaotic_run_0 - INFO - Creating model...
2025-12-25 09:29:26,723 - experiment_chaotic_lorenz_full_chaotic_run_0 - INFO - Using actual num_speakers from dataset: 26
2025-12-25 09:35:30,683 - experiment_chaotic_lorenz_full_chaotic_run_0 - INFO - Initialized experiment: chaotic_lorenz_full_chaotic_run_0
2025-12-25 09:35:30,683 - experiment_chaotic_lorenz_full_chaotic_run_0 - INFO - Device: cuda
2025-12-25 09:35:30,683 - experiment_chaotic_lorenz_full_chaotic_run_0 - INFO - Output directory: /scratch/project_2003370/yueyao/Model/experiments/configs/4.2_first_minimum_experiments/experiments/chaotic_lorenz_full_chaotic_run_0
2025-12-25 09:35:30,683 - experiment_chaotic_lorenz_full_chaotic_run_0 - INFO - Initialized chaotic network experiment with lorenz system
2025-12-25 09:35:30,684 - experiment_chaotic_lorenz_full_chaotic_run_0 - INFO - Setting up experiment components...
2025-12-25 09:35:30,684 - experiment_chaotic_lorenz_full_chaotic_run_0 - INFO - Creating dataloaders...
2025-12-25 12:40:05,358 - experiment_chaotic_lorenz_full_chaotic_run_0 - INFO - Initialized experiment: chaotic_lorenz_full_chaotic_run_0
2025-12-25 12:40:05,374 - experiment_chaotic_lorenz_full_chaotic_run_0 - INFO - Device: cuda
2025-12-25 12:40:05,374 - experiment_chaotic_lorenz_full_chaotic_run_0 - INFO - Output directory: /scratch/project_2003370/yueyao/Model/experiments/configs/4.2_first_minimum_experiments/experiments/chaotic_lorenz_full_chaotic_run_0
2025-12-25 12:40:05,374 - experiment_chaotic_lorenz_full_chaotic_run_0 - INFO - Initialized chaotic network experiment with lorenz system
2025-12-25 12:40:05,374 - experiment_chaotic_lorenz_full_chaotic_run_0 - INFO - Setting up experiment components...
2025-12-25 12:40:05,374 - experiment_chaotic_lorenz_full_chaotic_run_0 - INFO - Creating dataloaders...
2025-12-25 12:40:22,113 - experiment_chaotic_lorenz_full_chaotic_run_0 - INFO - Detected 26 speakers in dataset
2025-12-25 12:40:22,113 - experiment_chaotic_lorenz_full_chaotic_run_0 - INFO - Dataloaders created:
2025-12-25 12:40:22,113 - experiment_chaotic_lorenz_full_chaotic_run_0 - INFO -   Train: 14 batches
2025-12-25 12:40:22,113 - experiment_chaotic_lorenz_full_chaotic_run_0 - INFO -   Val: 3 batches
2025-12-25 12:40:22,113 - experiment_chaotic_lorenz_full_chaotic_run_0 - INFO -   Test: 4 batches
2025-12-25 12:40:22,113 - experiment_chaotic_lorenz_full_chaotic_run_0 - INFO - Creating model...
2025-12-25 12:40:22,113 - experiment_chaotic_lorenz_full_chaotic_run_0 - INFO - Using actual num_speakers from dataset: 26
2025-12-25 12:40:53,285 - experiment_chaotic_lorenz_full_chaotic_run_0 - INFO - [PLDA] Replaced classifier with PLDAClassifier (latent_dim=128)
2025-12-25 12:40:53,289 - experiment_chaotic_lorenz_full_chaotic_run_0 - INFO - Total parameters: 520,647
2025-12-25 12:40:53,289 - experiment_chaotic_lorenz_full_chaotic_run_0 - INFO - Trainable parameters: 520,647
2025-12-25 12:40:53,289 - experiment_chaotic_lorenz_full_chaotic_run_0 - INFO - Creating optimizer...
2025-12-25 12:40:55,829 - experiment_chaotic_lorenz_full_chaotic_run_0 - INFO - Optimizer: AdamW
2025-12-25 12:40:55,829 - experiment_chaotic_lorenz_full_chaotic_run_0 - INFO - Creating scheduler...
2025-12-25 12:40:55,829 - experiment_chaotic_lorenz_full_chaotic_run_0 - INFO - Scheduler: CosineAnnealingLR
2025-12-25 12:40:55,829 - experiment_chaotic_lorenz_full_chaotic_run_0 - INFO - Creating criterion...
2025-12-25 12:40:55,829 - experiment_chaotic_lorenz_full_chaotic_run_0 - INFO - Criterion: CrossEntropyLoss
2025-12-25 12:40:55,873 - experiment_chaotic_lorenz_full_chaotic_run_0 - INFO - Configuration saved to: /scratch/project_2003370/yueyao/Model/experiments/configs/4.2_first_minimum_experiments/experiments/chaotic_lorenz_full_chaotic_run_0/config.json
2025-12-25 12:40:55,873 - experiment_chaotic_lorenz_full_chaotic_run_0 - INFO - Experiment setup completed
2025-12-25 12:40:55,874 - experiment_chaotic_lorenz_full_chaotic_run_0 - INFO - Starting training for 100 epochs
2025-12-25 12:40:56,452 - experiment_chaotic_lorenz_full_chaotic_run_0 - INFO - 
================================================================================
2025-12-25 12:40:56,452 - experiment_chaotic_lorenz_full_chaotic_run_0 - INFO - COMPREHENSIVE DEBUG - FIRST BATCH
2025-12-25 12:40:56,453 - experiment_chaotic_lorenz_full_chaotic_run_0 - INFO - ================================================================================
2025-12-25 12:40:56,453 - experiment_chaotic_lorenz_full_chaotic_run_0 - INFO - Batch Info:
2025-12-25 12:40:56,453 - experiment_chaotic_lorenz_full_chaotic_run_0 - INFO -   Audio shape: torch.Size([32, 48000])
2025-12-25 12:40:56,453 - experiment_chaotic_lorenz_full_chaotic_run_0 - INFO -   Targets shape: torch.Size([32])
2025-12-25 12:40:56,460 - experiment_chaotic_lorenz_full_chaotic_run_0 - INFO -   Targets (first 8): tensor([13, 10,  3,  8,  6, 17, 24,  4], device='cuda:0')
2025-12-26 15:49:04,818 - experiment_chaotic_lorenz_full_chaotic_run_0 - INFO - Initialized experiment: chaotic_lorenz_full_chaotic_run_0
2025-12-26 15:49:04,827 - experiment_chaotic_lorenz_full_chaotic_run_0 - INFO - Device: cuda
2025-12-26 15:49:04,827 - experiment_chaotic_lorenz_full_chaotic_run_0 - INFO - Output directory: /scratch/project_2003370/yueyao/Model/experiments/configs/4.2_first_minimum_experiments/experiments/chaotic_lorenz_full_chaotic_run_0
2025-12-26 15:49:04,827 - experiment_chaotic_lorenz_full_chaotic_run_0 - INFO - Initialized chaotic network experiment with lorenz system
2025-12-26 15:49:04,827 - experiment_chaotic_lorenz_full_chaotic_run_0 - INFO - Setting up experiment components...
2025-12-26 15:49:04,827 - experiment_chaotic_lorenz_full_chaotic_run_0 - INFO - Creating dataloaders...
2025-12-26 15:49:05,767 - experiment_chaotic_lorenz_full_chaotic_run_0 - INFO - Detected 26 speakers in dataset
2025-12-26 15:49:05,768 - experiment_chaotic_lorenz_full_chaotic_run_0 - INFO - Dataloaders created:
2025-12-26 15:49:05,768 - experiment_chaotic_lorenz_full_chaotic_run_0 - INFO -   Train: 14 batches
2025-12-26 15:49:05,768 - experiment_chaotic_lorenz_full_chaotic_run_0 - INFO -   Val: 3 batches
2025-12-26 15:49:05,768 - experiment_chaotic_lorenz_full_chaotic_run_0 - INFO -   Test: 4 batches
2025-12-26 15:49:05,768 - experiment_chaotic_lorenz_full_chaotic_run_0 - INFO - Creating model...
2025-12-26 15:49:05,768 - experiment_chaotic_lorenz_full_chaotic_run_0 - INFO - Using actual num_speakers from dataset: 26
2025-12-26 15:49:36,612 - experiment_chaotic_lorenz_full_chaotic_run_0 - INFO - [PLDA] Replaced classifier with PLDAClassifier (latent_dim=128)
2025-12-26 15:49:36,615 - experiment_chaotic_lorenz_full_chaotic_run_0 - INFO - Total parameters: 462,279
2025-12-26 15:49:36,615 - experiment_chaotic_lorenz_full_chaotic_run_0 - INFO - Trainable parameters: 462,279
2025-12-26 15:49:36,615 - experiment_chaotic_lorenz_full_chaotic_run_0 - INFO - Creating optimizer...
2025-12-26 15:49:37,736 - experiment_chaotic_lorenz_full_chaotic_run_0 - INFO - Optimizer: AdamW
2025-12-26 15:49:37,737 - experiment_chaotic_lorenz_full_chaotic_run_0 - INFO - Creating scheduler...
2025-12-26 15:49:37,737 - experiment_chaotic_lorenz_full_chaotic_run_0 - INFO - Scheduler: CosineAnnealingLR
2025-12-26 15:49:37,737 - experiment_chaotic_lorenz_full_chaotic_run_0 - INFO - Creating criterion...
2025-12-26 15:49:37,737 - experiment_chaotic_lorenz_full_chaotic_run_0 - INFO - Criterion: CrossEntropyLoss
2025-12-26 15:49:37,783 - experiment_chaotic_lorenz_full_chaotic_run_0 - INFO - Configuration saved to: /scratch/project_2003370/yueyao/Model/experiments/configs/4.2_first_minimum_experiments/experiments/chaotic_lorenz_full_chaotic_run_0/config.json
2025-12-26 15:49:37,783 - experiment_chaotic_lorenz_full_chaotic_run_0 - INFO - Experiment setup completed
2025-12-26 15:49:37,784 - experiment_chaotic_lorenz_full_chaotic_run_0 - INFO - Starting training for 100 epochs
2025-12-26 15:49:37,959 - experiment_chaotic_lorenz_full_chaotic_run_0 - INFO - 
================================================================================
2025-12-26 15:49:37,959 - experiment_chaotic_lorenz_full_chaotic_run_0 - INFO - COMPREHENSIVE DEBUG - FIRST BATCH
2025-12-26 15:49:37,959 - experiment_chaotic_lorenz_full_chaotic_run_0 - INFO - ================================================================================
2025-12-26 15:49:37,959 - experiment_chaotic_lorenz_full_chaotic_run_0 - INFO - Batch Info:
2025-12-26 15:49:37,959 - experiment_chaotic_lorenz_full_chaotic_run_0 - INFO -   Audio shape: torch.Size([32, 48000])
2025-12-26 15:49:37,959 - experiment_chaotic_lorenz_full_chaotic_run_0 - INFO -   Targets shape: torch.Size([32])
2025-12-26 15:49:37,963 - experiment_chaotic_lorenz_full_chaotic_run_0 - INFO -   Targets (first 8): tensor([12, 13,  2, 11, 14, 12,  6, 10], device='cuda:0')
2025-12-26 15:49:38,533 - experiment_chaotic_lorenz_full_chaotic_run_0 - INFO - ================================================================================

2025-12-26 15:49:38,534 - experiment_chaotic_lorenz_full_chaotic_run_0 - INFO - [ADVERSARIAL] Initialized AdversarialChaoticAugmentation
2025-12-26 15:49:38,669 - experiment_chaotic_lorenz_full_chaotic_run_0 - INFO - [SYNC LOSS] Initialized PhaseSynchronizationLoss
2025-12-26 15:49:38,808 - experiment_chaotic_lorenz_full_chaotic_run_0 - INFO - [STABILITY] Initialized LyapunovStabilityLoss
2025-12-26 15:49:39,460 - experiment_chaotic_lorenz_full_chaotic_run_0 - INFO - Train Epoch 0: [0/472 (0.0%)]	Loss: 3.316920
2025-12-26 15:49:46,195 - experiment_chaotic_lorenz_full_chaotic_run_0 - INFO - [ADVERSARIAL] Warmup: epoch 1/5
2025-12-26 15:49:47,061 - experiment_chaotic_lorenz_full_chaotic_run_0 - INFO - Epoch 0: Train Loss: 3.3644, Train Acc: 0.0513, Val Loss: 3.2385, Val Acc: 0.0449
2025-12-26 15:49:47,147 - experiment_chaotic_lorenz_full_chaotic_run_0 - INFO - Saved new best model at epoch 0
2025-12-26 15:49:47,944 - experiment_chaotic_lorenz_full_chaotic_run_0 - INFO - Train Epoch 1: [0/472 (0.0%)]	Loss: 3.209613
2025-12-26 15:49:54,514 - experiment_chaotic_lorenz_full_chaotic_run_0 - INFO - [ADVERSARIAL] Warmup: epoch 2/5
2025-12-26 15:49:55,373 - experiment_chaotic_lorenz_full_chaotic_run_0 - INFO - Epoch 1: Train Loss: 3.2045, Train Acc: 0.1228, Val Loss: 3.2214, Val Acc: 0.0562
2025-12-26 15:49:55,462 - experiment_chaotic_lorenz_full_chaotic_run_0 - INFO - Saved new best model at epoch 1
2025-12-26 15:49:56,174 - experiment_chaotic_lorenz_full_chaotic_run_0 - INFO - Train Epoch 2: [0/472 (0.0%)]	Loss: 3.111315
2025-12-26 15:50:02,793 - experiment_chaotic_lorenz_full_chaotic_run_0 - INFO - [ADVERSARIAL] Warmup: epoch 3/5
2025-12-26 15:50:03,657 - experiment_chaotic_lorenz_full_chaotic_run_0 - INFO - Epoch 2: Train Loss: 3.0336, Train Acc: 0.1875, Val Loss: 2.9269, Val Acc: 0.1236
2025-12-26 15:50:03,744 - experiment_chaotic_lorenz_full_chaotic_run_0 - INFO - Saved new best model at epoch 2
2025-12-26 15:50:04,461 - experiment_chaotic_lorenz_full_chaotic_run_0 - INFO - Train Epoch 3: [0/472 (0.0%)]	Loss: 2.963777
2025-12-26 15:50:11,107 - experiment_chaotic_lorenz_full_chaotic_run_0 - INFO - [ADVERSARIAL] Warmup: epoch 4/5
2025-12-26 15:50:11,976 - experiment_chaotic_lorenz_full_chaotic_run_0 - INFO - Epoch 3: Train Loss: 2.7878, Train Acc: 0.2835, Val Loss: 2.6778, Val Acc: 0.2135
2025-12-26 15:50:12,060 - experiment_chaotic_lorenz_full_chaotic_run_0 - INFO - Saved new best model at epoch 3
2025-12-26 15:50:12,781 - experiment_chaotic_lorenz_full_chaotic_run_0 - INFO - Train Epoch 4: [0/472 (0.0%)]	Loss: 2.646993
2025-12-26 15:50:19,429 - experiment_chaotic_lorenz_full_chaotic_run_0 - INFO - [ADVERSARIAL] Warmup: epoch 5/5
2025-12-26 15:50:20,311 - experiment_chaotic_lorenz_full_chaotic_run_0 - INFO - Epoch 4: Train Loss: 2.5242, Train Acc: 0.3259, Val Loss: 2.4799, Val Acc: 0.2584
2025-12-26 15:50:20,397 - experiment_chaotic_lorenz_full_chaotic_run_0 - INFO - Saved new best model at epoch 4
2025-12-26 15:50:21,026 - experiment_chaotic_lorenz_full_chaotic_run_0 - INFO - Train Epoch 5: [0/472 (0.0%)]	Loss: 2.998670
2025-12-26 15:50:26,634 - experiment_chaotic_lorenz_full_chaotic_run_0 - INFO - [ADVERSARIAL] Warmup complete, adversarial training activated!
2025-12-26 15:50:27,510 - experiment_chaotic_lorenz_full_chaotic_run_0 - INFO - Epoch 5: Train Loss: 2.9779, Train Acc: 0.3839, Val Loss: 2.0366, Val Acc: 0.3933
2025-12-26 15:50:27,599 - experiment_chaotic_lorenz_full_chaotic_run_0 - INFO - Saved new best model at epoch 5
2025-12-26 15:50:28,213 - experiment_chaotic_lorenz_full_chaotic_run_0 - INFO - Train Epoch 6: [0/472 (0.0%)]	Loss: 2.830479
2025-12-26 15:50:34,520 - experiment_chaotic_lorenz_full_chaotic_run_0 - INFO - Epoch 6: Train Loss: 2.6832, Train Acc: 0.4263, Val Loss: 2.0046, Val Acc: 0.3258
2025-12-26 15:50:35,099 - experiment_chaotic_lorenz_full_chaotic_run_0 - INFO - Train Epoch 7: [0/472 (0.0%)]	Loss: 2.595821
2025-12-26 15:50:41,416 - experiment_chaotic_lorenz_full_chaotic_run_0 - INFO - Epoch 7: Train Loss: 2.5691, Train Acc: 0.4576, Val Loss: 1.8616, Val Acc: 0.4382
2025-12-26 15:50:41,501 - experiment_chaotic_lorenz_full_chaotic_run_0 - INFO - Saved new best model at epoch 7
2025-12-26 15:50:42,116 - experiment_chaotic_lorenz_full_chaotic_run_0 - INFO - Train Epoch 8: [0/472 (0.0%)]	Loss: 2.277870
2025-12-26 15:50:48,383 - experiment_chaotic_lorenz_full_chaotic_run_0 - INFO - Epoch 8: Train Loss: 2.4019, Train Acc: 0.4643, Val Loss: 2.3497, Val Acc: 0.2921
2025-12-26 15:50:48,971 - experiment_chaotic_lorenz_full_chaotic_run_0 - INFO - Train Epoch 9: [0/472 (0.0%)]	Loss: 2.302263
2025-12-26 15:50:55,228 - experiment_chaotic_lorenz_full_chaotic_run_0 - INFO - Epoch 9: Train Loss: 2.2661, Train Acc: 0.5067, Val Loss: 1.7458, Val Acc: 0.3820
2025-12-26 15:50:55,798 - experiment_chaotic_lorenz_full_chaotic_run_0 - INFO - Train Epoch 10: [0/472 (0.0%)]	Loss: 2.065019
2025-12-26 15:51:02,042 - experiment_chaotic_lorenz_full_chaotic_run_0 - INFO - Epoch 10: Train Loss: 2.2402, Train Acc: 0.4955, Val Loss: 2.1995, Val Acc: 0.2921
2025-12-26 15:51:02,704 - experiment_chaotic_lorenz_full_chaotic_run_0 - INFO - Train Epoch 11: [0/472 (0.0%)]	Loss: 1.895274
2025-12-26 15:51:08,990 - experiment_chaotic_lorenz_full_chaotic_run_0 - INFO - Epoch 11: Train Loss: 2.0359, Train Acc: 0.5580, Val Loss: 2.8451, Val Acc: 0.2247
2025-12-26 15:51:09,566 - experiment_chaotic_lorenz_full_chaotic_run_0 - INFO - Train Epoch 12: [0/472 (0.0%)]	Loss: 1.831234
2025-12-26 15:51:15,899 - experiment_chaotic_lorenz_full_chaotic_run_0 - INFO - Epoch 12: Train Loss: 2.0330, Train Acc: 0.5491, Val Loss: 1.8678, Val Acc: 0.3933
2025-12-26 15:51:16,475 - experiment_chaotic_lorenz_full_chaotic_run_0 - INFO - Train Epoch 13: [0/472 (0.0%)]	Loss: 1.875383
2025-12-26 15:51:22,783 - experiment_chaotic_lorenz_full_chaotic_run_0 - INFO - Epoch 13: Train Loss: 1.9797, Train Acc: 0.5424, Val Loss: 1.4999, Val Acc: 0.5056
2025-12-26 15:51:22,872 - experiment_chaotic_lorenz_full_chaotic_run_0 - INFO - Saved new best model at epoch 13
2025-12-26 15:51:23,489 - experiment_chaotic_lorenz_full_chaotic_run_0 - INFO - Train Epoch 14: [0/472 (0.0%)]	Loss: 1.804589
2025-12-26 15:51:29,824 - experiment_chaotic_lorenz_full_chaotic_run_0 - INFO - Epoch 14: Train Loss: 1.8228, Train Acc: 0.5826, Val Loss: 1.4945, Val Acc: 0.4494
2025-12-26 15:51:30,410 - experiment_chaotic_lorenz_full_chaotic_run_0 - INFO - Train Epoch 15: [0/472 (0.0%)]	Loss: 1.794928
2025-12-26 15:51:36,763 - experiment_chaotic_lorenz_full_chaotic_run_0 - INFO - Epoch 15: Train Loss: 1.7745, Train Acc: 0.5938, Val Loss: 2.1480, Val Acc: 0.3034
2025-12-26 15:51:37,343 - experiment_chaotic_lorenz_full_chaotic_run_0 - INFO - Train Epoch 16: [0/472 (0.0%)]	Loss: 1.637714
2025-12-26 15:51:43,662 - experiment_chaotic_lorenz_full_chaotic_run_0 - INFO - Epoch 16: Train Loss: 1.7568, Train Acc: 0.5982, Val Loss: 1.1619, Val Acc: 0.6067
2025-12-26 15:51:43,751 - experiment_chaotic_lorenz_full_chaotic_run_0 - INFO - Saved new best model at epoch 16
2025-12-26 15:51:44,368 - experiment_chaotic_lorenz_full_chaotic_run_0 - INFO - Train Epoch 17: [0/472 (0.0%)]	Loss: 1.619982
2025-12-26 15:51:50,689 - experiment_chaotic_lorenz_full_chaotic_run_0 - INFO - Epoch 17: Train Loss: 1.6317, Train Acc: 0.6518, Val Loss: 1.5062, Val Acc: 0.5056
2025-12-26 15:51:51,266 - experiment_chaotic_lorenz_full_chaotic_run_0 - INFO - Train Epoch 18: [0/472 (0.0%)]	Loss: 1.487568
2025-12-26 15:51:57,610 - experiment_chaotic_lorenz_full_chaotic_run_0 - INFO - Epoch 18: Train Loss: 1.6301, Train Acc: 0.6317, Val Loss: 1.8500, Val Acc: 0.4157
2025-12-26 15:51:58,192 - experiment_chaotic_lorenz_full_chaotic_run_0 - INFO - Train Epoch 19: [0/472 (0.0%)]	Loss: 1.538982
2025-12-26 15:52:04,462 - experiment_chaotic_lorenz_full_chaotic_run_0 - INFO - Epoch 19: Train Loss: 1.5543, Train Acc: 0.6473, Val Loss: 1.6107, Val Acc: 0.4831
2025-12-26 15:52:05,054 - experiment_chaotic_lorenz_full_chaotic_run_0 - INFO - Train Epoch 20: [0/472 (0.0%)]	Loss: 1.386996
2025-12-26 15:52:11,372 - experiment_chaotic_lorenz_full_chaotic_run_0 - INFO - Epoch 20: Train Loss: 1.4916, Train Acc: 0.6496, Val Loss: 1.2008, Val Acc: 0.4944
2025-12-26 15:52:12,040 - experiment_chaotic_lorenz_full_chaotic_run_0 - INFO - Train Epoch 21: [0/472 (0.0%)]	Loss: 1.515548
2025-12-26 15:52:18,356 - experiment_chaotic_lorenz_full_chaotic_run_0 - INFO - Epoch 21: Train Loss: 1.3724, Train Acc: 0.6920, Val Loss: 2.4984, Val Acc: 0.3596
2025-12-26 15:52:18,939 - experiment_chaotic_lorenz_full_chaotic_run_0 - INFO - Train Epoch 22: [0/472 (0.0%)]	Loss: 1.573469
2025-12-26 15:52:25,312 - experiment_chaotic_lorenz_full_chaotic_run_0 - INFO - Epoch 22: Train Loss: 1.3252, Train Acc: 0.7344, Val Loss: 1.5926, Val Acc: 0.5169
2025-12-26 15:52:25,899 - experiment_chaotic_lorenz_full_chaotic_run_0 - INFO - Train Epoch 23: [0/472 (0.0%)]	Loss: 1.255270
2025-12-26 15:52:32,217 - experiment_chaotic_lorenz_full_chaotic_run_0 - INFO - Epoch 23: Train Loss: 1.4573, Train Acc: 0.6853, Val Loss: 0.9598, Val Acc: 0.7303
2025-12-26 15:52:32,306 - experiment_chaotic_lorenz_full_chaotic_run_0 - INFO - Saved new best model at epoch 23
2025-12-26 15:52:32,925 - experiment_chaotic_lorenz_full_chaotic_run_0 - INFO - Train Epoch 24: [0/472 (0.0%)]	Loss: 1.225609
2025-12-26 15:52:39,301 - experiment_chaotic_lorenz_full_chaotic_run_0 - INFO - Epoch 24: Train Loss: 1.3295, Train Acc: 0.7031, Val Loss: 1.5154, Val Acc: 0.5056
2025-12-26 15:52:39,886 - experiment_chaotic_lorenz_full_chaotic_run_0 - INFO - Train Epoch 25: [0/472 (0.0%)]	Loss: 1.448792
2025-12-26 15:52:46,273 - experiment_chaotic_lorenz_full_chaotic_run_0 - INFO - Epoch 25: Train Loss: 1.3148, Train Acc: 0.7054, Val Loss: 1.2180, Val Acc: 0.5506
2025-12-26 15:52:46,865 - experiment_chaotic_lorenz_full_chaotic_run_0 - INFO - Train Epoch 26: [0/472 (0.0%)]	Loss: 1.249403
2025-12-26 15:52:53,231 - experiment_chaotic_lorenz_full_chaotic_run_0 - INFO - Epoch 26: Train Loss: 1.2849, Train Acc: 0.7344, Val Loss: 2.2247, Val Acc: 0.3371
2025-12-26 15:52:53,810 - experiment_chaotic_lorenz_full_chaotic_run_0 - INFO - Train Epoch 27: [0/472 (0.0%)]	Loss: 1.522871
2025-12-26 15:53:00,198 - experiment_chaotic_lorenz_full_chaotic_run_0 - INFO - Epoch 27: Train Loss: 1.3423, Train Acc: 0.6830, Val Loss: 1.6741, Val Acc: 0.5169
2025-12-26 15:53:00,787 - experiment_chaotic_lorenz_full_chaotic_run_0 - INFO - Train Epoch 28: [0/472 (0.0%)]	Loss: 1.272574
2025-12-26 15:53:07,065 - experiment_chaotic_lorenz_full_chaotic_run_0 - INFO - Epoch 28: Train Loss: 1.2252, Train Acc: 0.7165, Val Loss: 3.5458, Val Acc: 0.2472
2025-12-26 15:53:07,639 - experiment_chaotic_lorenz_full_chaotic_run_0 - INFO - Train Epoch 29: [0/472 (0.0%)]	Loss: 1.249829
2025-12-26 15:53:13,900 - experiment_chaotic_lorenz_full_chaotic_run_0 - INFO - Epoch 29: Train Loss: 1.2140, Train Acc: 0.7098, Val Loss: 1.2596, Val Acc: 0.5843
2025-12-26 15:53:14,493 - experiment_chaotic_lorenz_full_chaotic_run_0 - INFO - Train Epoch 30: [0/472 (0.0%)]	Loss: 0.809513
2025-12-26 15:53:20,665 - experiment_chaotic_lorenz_full_chaotic_run_0 - INFO - Epoch 30: Train Loss: 1.1493, Train Acc: 0.7500, Val Loss: 3.8597, Val Acc: 0.1573
2025-12-26 15:53:21,348 - experiment_chaotic_lorenz_full_chaotic_run_0 - INFO - Train Epoch 31: [0/472 (0.0%)]	Loss: 1.004816
2025-12-26 15:53:27,609 - experiment_chaotic_lorenz_full_chaotic_run_0 - INFO - Epoch 31: Train Loss: 1.0482, Train Acc: 0.7679, Val Loss: 3.6458, Val Acc: 0.2472
2025-12-26 15:53:28,195 - experiment_chaotic_lorenz_full_chaotic_run_0 - INFO - Train Epoch 32: [0/472 (0.0%)]	Loss: 0.824017
2025-12-26 15:53:34,504 - experiment_chaotic_lorenz_full_chaotic_run_0 - INFO - Epoch 32: Train Loss: 1.0877, Train Acc: 0.7500, Val Loss: 2.4408, Val Acc: 0.3596
2025-12-26 15:53:35,089 - experiment_chaotic_lorenz_full_chaotic_run_0 - INFO - Train Epoch 33: [0/472 (0.0%)]	Loss: 1.156113
2025-12-26 15:53:41,472 - experiment_chaotic_lorenz_full_chaotic_run_0 - INFO - Epoch 33: Train Loss: 1.1844, Train Acc: 0.7455, Val Loss: 3.1217, Val Acc: 0.2584
2025-12-26 15:53:42,054 - experiment_chaotic_lorenz_full_chaotic_run_0 - INFO - Train Epoch 34: [0/472 (0.0%)]	Loss: 0.790515
2025-12-26 15:53:48,352 - experiment_chaotic_lorenz_full_chaotic_run_0 - INFO - Epoch 34: Train Loss: 0.9709, Train Acc: 0.8058, Val Loss: 2.2613, Val Acc: 0.4045
2025-12-26 15:53:48,926 - experiment_chaotic_lorenz_full_chaotic_run_0 - INFO - Train Epoch 35: [0/472 (0.0%)]	Loss: 0.831637
2025-12-26 15:53:55,232 - experiment_chaotic_lorenz_full_chaotic_run_0 - INFO - Epoch 35: Train Loss: 0.9964, Train Acc: 0.7902, Val Loss: 1.5332, Val Acc: 0.4719
2025-12-26 15:53:55,818 - experiment_chaotic_lorenz_full_chaotic_run_0 - INFO - Train Epoch 36: [0/472 (0.0%)]	Loss: 0.984709
2025-12-26 15:54:02,113 - experiment_chaotic_lorenz_full_chaotic_run_0 - INFO - Epoch 36: Train Loss: 0.9602, Train Acc: 0.8080, Val Loss: 1.4035, Val Acc: 0.5618
2025-12-26 15:54:02,692 - experiment_chaotic_lorenz_full_chaotic_run_0 - INFO - Train Epoch 37: [0/472 (0.0%)]	Loss: 0.913299
2025-12-26 15:54:09,099 - experiment_chaotic_lorenz_full_chaotic_run_0 - INFO - Epoch 37: Train Loss: 0.8304, Train Acc: 0.8371, Val Loss: 1.1607, Val Acc: 0.6292
2025-12-26 15:54:09,687 - experiment_chaotic_lorenz_full_chaotic_run_0 - INFO - Train Epoch 38: [0/472 (0.0%)]	Loss: 0.954790
2025-12-26 15:54:15,972 - experiment_chaotic_lorenz_full_chaotic_run_0 - INFO - Epoch 38: Train Loss: 0.9304, Train Acc: 0.8304, Val Loss: 1.4492, Val Acc: 0.5056
2025-12-26 15:54:16,557 - experiment_chaotic_lorenz_full_chaotic_run_0 - INFO - Train Epoch 39: [0/472 (0.0%)]	Loss: 0.552932
2025-12-26 15:54:22,853 - experiment_chaotic_lorenz_full_chaotic_run_0 - INFO - Epoch 39: Train Loss: 0.8671, Train Acc: 0.8326, Val Loss: 1.1046, Val Acc: 0.5955
2025-12-26 15:54:23,427 - experiment_chaotic_lorenz_full_chaotic_run_0 - INFO - Train Epoch 40: [0/472 (0.0%)]	Loss: 0.921425
2025-12-26 15:54:29,688 - experiment_chaotic_lorenz_full_chaotic_run_0 - INFO - Epoch 40: Train Loss: 0.8972, Train Acc: 0.8170, Val Loss: 3.3278, Val Acc: 0.2360
2025-12-26 15:54:30,354 - experiment_chaotic_lorenz_full_chaotic_run_0 - INFO - Train Epoch 41: [0/472 (0.0%)]	Loss: 0.725358
2025-12-26 15:54:36,630 - experiment_chaotic_lorenz_full_chaotic_run_0 - INFO - Epoch 41: Train Loss: 0.8047, Train Acc: 0.8438, Val Loss: 1.3277, Val Acc: 0.5955
2025-12-26 15:54:37,217 - experiment_chaotic_lorenz_full_chaotic_run_0 - INFO - Train Epoch 42: [0/472 (0.0%)]	Loss: 0.779909
2025-12-26 15:54:43,528 - experiment_chaotic_lorenz_full_chaotic_run_0 - INFO - Epoch 42: Train Loss: 0.9040, Train Acc: 0.8192, Val Loss: 1.6669, Val Acc: 0.5281
2025-12-26 15:54:44,125 - experiment_chaotic_lorenz_full_chaotic_run_0 - INFO - Train Epoch 43: [0/472 (0.0%)]	Loss: 0.848951
2025-12-26 15:54:50,441 - experiment_chaotic_lorenz_full_chaotic_run_0 - INFO - Epoch 43: Train Loss: 0.9739, Train Acc: 0.7812, Val Loss: 2.7989, Val Acc: 0.3034
2025-12-26 15:54:51,025 - experiment_chaotic_lorenz_full_chaotic_run_0 - INFO - Train Epoch 44: [0/472 (0.0%)]	Loss: 0.913030
2025-12-26 15:54:57,351 - experiment_chaotic_lorenz_full_chaotic_run_0 - INFO - Epoch 44: Train Loss: 0.7314, Train Acc: 0.8705, Val Loss: 1.2033, Val Acc: 0.6180
2025-12-26 15:54:57,935 - experiment_chaotic_lorenz_full_chaotic_run_0 - INFO - Train Epoch 45: [0/472 (0.0%)]	Loss: 0.665684
2025-12-26 15:55:04,256 - experiment_chaotic_lorenz_full_chaotic_run_0 - INFO - Epoch 45: Train Loss: 0.8180, Train Acc: 0.8304, Val Loss: 1.5599, Val Acc: 0.4831
2025-12-26 15:55:04,836 - experiment_chaotic_lorenz_full_chaotic_run_0 - INFO - Train Epoch 46: [0/472 (0.0%)]	Loss: 0.535660
2025-12-26 15:55:11,126 - experiment_chaotic_lorenz_full_chaotic_run_0 - INFO - Epoch 46: Train Loss: 0.7629, Train Acc: 0.8438, Val Loss: 1.6315, Val Acc: 0.4607
2025-12-26 15:55:11,713 - experiment_chaotic_lorenz_full_chaotic_run_0 - INFO - Train Epoch 47: [0/472 (0.0%)]	Loss: 0.529098
2025-12-26 15:55:18,026 - experiment_chaotic_lorenz_full_chaotic_run_0 - INFO - Epoch 47: Train Loss: 0.7033, Train Acc: 0.8683, Val Loss: 1.3315, Val Acc: 0.5281
2025-12-26 15:55:18,614 - experiment_chaotic_lorenz_full_chaotic_run_0 - INFO - Train Epoch 48: [0/472 (0.0%)]	Loss: 0.759428
2025-12-26 15:55:24,912 - experiment_chaotic_lorenz_full_chaotic_run_0 - INFO - Epoch 48: Train Loss: 0.9260, Train Acc: 0.7946, Val Loss: 1.6043, Val Acc: 0.5393
2025-12-26 15:55:25,493 - experiment_chaotic_lorenz_full_chaotic_run_0 - INFO - Train Epoch 49: [0/472 (0.0%)]	Loss: 0.663343
2025-12-26 15:55:31,854 - experiment_chaotic_lorenz_full_chaotic_run_0 - INFO - Epoch 49: Train Loss: 0.7497, Train Acc: 0.8616, Val Loss: 0.9792, Val Acc: 0.6629
2025-12-26 15:55:32,438 - experiment_chaotic_lorenz_full_chaotic_run_0 - INFO - Train Epoch 50: [0/472 (0.0%)]	Loss: 0.625257
2025-12-26 15:55:38,713 - experiment_chaotic_lorenz_full_chaotic_run_0 - INFO - Epoch 50: Train Loss: 0.6990, Train Acc: 0.8504, Val Loss: 2.9573, Val Acc: 0.3371
2025-12-26 15:55:39,401 - experiment_chaotic_lorenz_full_chaotic_run_0 - INFO - Train Epoch 51: [0/472 (0.0%)]	Loss: 1.055208
2025-12-26 15:55:45,658 - experiment_chaotic_lorenz_full_chaotic_run_0 - INFO - Epoch 51: Train Loss: 0.7765, Train Acc: 0.8304, Val Loss: 1.2624, Val Acc: 0.5843
2025-12-26 15:55:46,249 - experiment_chaotic_lorenz_full_chaotic_run_0 - INFO - Train Epoch 52: [0/472 (0.0%)]	Loss: 0.480372
2025-12-26 15:55:52,518 - experiment_chaotic_lorenz_full_chaotic_run_0 - INFO - Epoch 52: Train Loss: 0.6944, Train Acc: 0.8616, Val Loss: 1.3003, Val Acc: 0.5618
2025-12-26 15:55:53,115 - experiment_chaotic_lorenz_full_chaotic_run_0 - INFO - Train Epoch 53: [0/472 (0.0%)]	Loss: 0.441334
2025-12-26 15:55:59,371 - experiment_chaotic_lorenz_full_chaotic_run_0 - INFO - Epoch 53: Train Loss: 0.6217, Train Acc: 0.8996, Val Loss: 0.8439, Val Acc: 0.7303
2025-12-26 15:55:59,373 - experiment_chaotic_lorenz_full_chaotic_run_0 - INFO - Early stopping triggered at epoch 53
2025-12-26 15:55:59,376 - experiment_chaotic_lorenz_full_chaotic_run_0 - INFO - Running final test evaluation...
2025-12-26 15:56:00,524 - experiment_chaotic_lorenz_full_chaotic_run_0 - INFO - Test Results:
2025-12-26 15:56:00,524 - experiment_chaotic_lorenz_full_chaotic_run_0 - INFO -   loss: 1.0229
2025-12-26 15:56:00,524 - experiment_chaotic_lorenz_full_chaotic_run_0 - INFO -   accuracy: 0.7458
2025-12-26 15:56:00,524 - experiment_chaotic_lorenz_full_chaotic_run_0 - INFO -   avg_confidence: 0.4748
2025-12-26 15:56:00,524 - experiment_chaotic_lorenz_full_chaotic_run_0 - INFO -   embedding_diversity: 0.1907
2025-12-26 15:56:00,524 - experiment_chaotic_lorenz_full_chaotic_run_0 - INFO -   embedding_norm_mean: 1.0000
2025-12-26 15:56:00,524 - experiment_chaotic_lorenz_full_chaotic_run_0 - INFO -   embedding_norm_std: 0.0000
2025-12-26 15:56:00,526 - experiment_chaotic_lorenz_full_chaotic_run_0 - INFO - Training completed
2025-12-26 15:56:01,255 - experiment_chaotic_lorenz_full_chaotic_run_0 - INFO - Running comprehensive chaotic network analysis...
2025-12-26 15:56:01,255 - experiment_chaotic_lorenz_full_chaotic_run_0 - INFO - Analyzing chaotic features and dynamics...
2025-12-26 15:56:01,877 - experiment_chaotic_lorenz_full_chaotic_run_0 - INFO - Chaotic analysis completed
2025-12-26 15:56:01,879 - experiment_chaotic_lorenz_full_chaotic_run_0 - INFO - Creating chaotic dynamics visualizations...
2025-12-26 15:56:03,643 - experiment_chaotic_lorenz_full_chaotic_run_0 - WARNING - Embedding plotting failed: boolean index did not match indexed array along dimension 0; dimension is 8 but corresponding boolean dimension is 32
2025-12-26 15:56:03,649 - experiment_chaotic_lorenz_full_chaotic_run_0 - INFO - Chaotic network analysis completed
