2026-01-09 16:16:23,035 - chaotic_trainer - INFO - ============================================================
2026-01-09 16:16:23,036 - chaotic_trainer - INFO - CHAOTIC NEURAL NETWORKS TRAINING
2026-01-09 16:16:23,036 - chaotic_trainer - INFO - ============================================================
2026-01-09 16:16:23,036 - chaotic_trainer - INFO - Output directory: /scratch/project_2003370/yueyao/Model/experiments/configs/sync_experiments/H3b
2026-01-09 16:16:23,036 - chaotic_trainer - INFO - Configuration: {
  "_nested": {
    "experiment": {
      "name": "sync_ablation_A_full",
      "description": "Full model with all loss functions enabled",
      "version": "2.0"
    },
    "data": {
      "data_dir": "/scratch/project_2003370/yueyao/dataset/mini_librispeech/LibriSpeech/dev-clean-2",
      "train_split": 0.7,
      "val_split": 0.15,
      "test_split": 0.15,
      "num_workers": 4,
      "pin_memory": true
    },
    "audio": {
      "sample_rate": 16000,
      "max_audio_length": 3.0,
      "min_audio_length": 0.5,
      "frame_length": 400,
      "hop_length": 160,
      "normalize": true
    },
    "model": {
      "type": "full_chaotic",
      "num_speakers": 251,
      "phase_space": {
        "embedding_dim": 10,
        "delay_method": "autocorr"
      },
      "chaotic_features": {
        "mlsa": {
          "scales": 5
        },
        "rqa": {
          "radius_ratio": 0.1
        }
      },
      "chaotic_embedding": {
        "system_type": "lorenz",
        "evolution_time": 0.5,
        "time_step": 0.01,
        "lorenz": {
          "sigma": 10.0,
          "rho": 28.0,
          "beta": 2.6667
        }
      },
      "attractor_pooling": {
        "type": "comprehensive"
      },
      "speaker_embedding": {
        "dim": 256,
        "hidden_dims": [
          512,
          256,
          128
        ],
        "dropout_rate": 0.3,
        "use_batch_norm": true
      },
      "classifier": {
        "type": "cosine",
        "temperature": 30.0
      }
    },
    "optional_modules": {
      "bifurcation_control": {
        "enabled": false
      },
      "differentiable_features": {
        "enabled": true
      }
    },
    "loss": {
      "classification": {
        "type": "cross_entropy"
      },
      "stability": {
        "enabled": true,
        "weight": 0.1,
        "target_lyapunov_range": [
          0.1,
          2.0
        ],
        "trajectory_bound": 50.0,
        "collapse_threshold": 0.1,
        "diversity_weight": 0.05
      },
      "synchronization": {
        "enabled": true,
        "sync_weight": 0.1,
        "desync_weight": 0.1,
        "margin": 5.0,
        "sample_ratio": 0.5,
        "distance_type": "euclidean"
      },
      "adversarial": {
        "enabled": true,
        "warmup_epochs": 5,
        "perturbation_scale": 0.1,
        "weight": 0.3
      }
    },
    "training": {
      "batch_size": 32,
      "num_epochs": 100,
      "gradient_clipping": 1.0,
      "optimizer": {
        "type": "adamw",
        "learning_rate": 0.0005,
        "weight_decay": 0.0001,
        "betas": [
          0.9,
          0.999
        ]
      },
      "scheduler": {
        "type": "cosine",
        "T_max": 100,
        "eta_min": 1e-06
      },
      "early_stopping": {
        "enabled": true,
        "patience": 30,
        "monitor": "val_accuracy",
        "mode": "max"
      },
      "checkpoint": {
        "save_best_only": true,
        "save_frequency": 10
      }
    },
    "hardware": {
      "device": "auto",
      "seed": 42
    },
    "output": {
      "base_dir": "./experiments/outputs/experiment_A"
    }
  },
  "num_speakers": 251,
  "model_type": "full_chaotic",
  "embedding_dim": 10,
  "delay_method": "autocorr",
  "mlsa_scales": 5,
  "rqa_radius_ratio": 0.1,
  "chaotic_system": "lorenz",
  "evolution_time": 0.5,
  "time_step": 0.01,
  "coupling_strength": 1.0,
  "noise_level": 0.001,
  "pooling_type": "comprehensive",
  "speaker_embedding_dim": 256,
  "embedding_hidden_dims": [
    512,
    256,
    128
  ],
  "classifier_type": "cosine",
  "temperature": 30.0,
  "margin": 0.35,
  "batch_size": 32,
  "num_epochs": 100,
  "learning_rate": 0.0005,
  "weight_decay": 0.0001,
  "gradient_clipping": 1.0,
  "optimizer": {
    "type": "adamw",
    "params": {
      "betas": [
        0.9,
        0.999
      ],
      "eps": 1e-08,
      "weight_decay": 0.0001
    }
  },
  "scheduler": {
    "type": "cosine",
    "params": {
      "T_max": 100,
      "eta_min": 1e-06
    }
  },
  "early_stopping": {
    "patience": 30
  },
  "sample_rate": 16000,
  "max_audio_length": 3.0,
  "frame_length": 400,
  "hop_length": 160,
  "data_dir": "/scratch/project_2003370/yueyao/dataset/mini_librispeech/LibriSpeech/dev-clean-2",
  "device": "auto",
  "seed": 42,
  "loss_config": {
    "classification": {
      "type": "cross_entropy"
    },
    "stability": {
      "enabled": true,
      "weight": 0.1,
      "target_lyapunov_range": [
        0.1,
        2.0
      ],
      "trajectory_bound": 50.0,
      "collapse_threshold": 0.1,
      "diversity_weight": 0.05
    },
    "synchronization": {
      "enabled": true,
      "sync_weight": 0.1,
      "desync_weight": 0.1,
      "margin": 5.0,
      "sample_ratio": 0.5,
      "distance_type": "euclidean"
    },
    "adversarial": {
      "enabled": true,
      "warmup_epochs": 5,
      "perturbation_scale": 0.1,
      "weight": 0.3
    }
  },
  "optional_modules": {
    "bifurcation_control": {
      "enabled": false
    },
    "differentiable_features": {
      "enabled": true
    }
  },
  "epochs": 100,
  "optimize_parameters": true
}
2026-01-09 16:16:23,081 - chaotic_trainer - INFO - System info: {'platform': 'Linux-4.18.0-553.74.1.el8_10.x86_64-x86_64-with-glibc2.28', 'system': 'Linux', 'node': 'g1102.mahti.csc.fi', 'release': '4.18.0-553.74.1.el8_10.x86_64', 'version': '#1 SMP Sun Sep 7 09:23:35 EDT 2025', 'machine': 'x86_64', 'processor': 'x86_64', 'python_version': '3.12.10 (main, Jun  3 2025, 21:04:06) [GCC 8.5.0 20210514 (Red Hat 8.5.0-26)]', 'python_executable': '/usr/bin/python', 'cpu_count': 256, 'total_memory': 540285186048, 'available_memory': 497088049152, 'gpu_info': {'cuda_available': True, 'cuda_version': '12.6', 'gpu_count': 1, 'gpu_names': ['NVIDIA A100-SXM4-40GB MIG 1g.5gb']}, 'package_versions': {'numpy': '1.26.4', 'scipy': '1.13.1', 'scikit-learn': 'not installed', 'librosa': '0.11.0', 'soundfile': '0.13.1', 'torch': '2.7.1+cu126', 'tensorflow': 'not installed', 'matplotlib': '3.10.3', 'pandas': '2.3.0'}, 'git_info': {'commit_hash': '51c92cdc63686073ead2a70ee657542846b3dc20', 'branch': 'origin', 'is_dirty': True}}
2026-01-09 16:16:23,081 - chaotic_trainer - INFO - Training 1 systems × 1 types × 1 runs...
2026-01-09 16:16:23,081 - chaotic_trainer - INFO - Systems: ['lorenz']
2026-01-09 16:16:23,081 - chaotic_trainer - INFO - Model types: ['full_chaotic']
2026-01-09 16:16:23,081 - chaotic_trainer - INFO - 
============================================================
2026-01-09 16:16:23,081 - chaotic_trainer - INFO - TRAINING: LORENZ + FULL_CHAOTIC
2026-01-09 16:16:23,081 - chaotic_trainer - INFO - ============================================================
2026-01-09 16:16:23,081 - chaotic_trainer - INFO - Training chaotic_lorenz_full_chaotic_run_0...
2026-01-09 16:16:23,081 - chaotic_trainer - INFO - Optimizing parameters for lorenz system...
2026-01-09 16:16:23,093 - chaotic_trainer - INFO - Setting up chaotic_lorenz_full_chaotic_run_0...
2026-01-09 16:16:55,563 - chaotic_trainer - INFO - 🚀 No checkpoint specified, starting from scratch
2026-01-09 16:16:55,564 - chaotic_trainer - INFO - Model parameters: 458,181 (trainable: 458,181)
2026-01-09 16:16:55,564 - chaotic_trainer - INFO - Training with chaotic dynamics monitoring...
2026-01-09 16:16:55,564 - chaotic_trainer - INFO - Starting training from epoch 0 for 100 more epochs...
2026-01-09 16:29:55,206 - chaotic_trainer - INFO - Evaluating chaotic_lorenz_full_chaotic_run_0...
2026-01-09 16:29:56,051 - chaotic_trainer - INFO - Running chaotic analysis...
2026-01-09 16:29:59,260 - chaotic_trainer - INFO - Completed chaotic_lorenz_full_chaotic_run_0: Accuracy: 0.9407, Loss: 0.2266, Time: 812.1s
2026-01-09 16:29:59,348 - chaotic_trainer - INFO - Progress: 1/1 (100.0%)
2026-01-09 16:29:59,348 - chaotic_trainer - INFO - lorenz + full_chaotic Summary: 0.9407 ± 0.0000
2026-01-09 16:29:59,348 - chaotic_trainer - INFO - Analyzing chaotic training results...
2026-01-09 16:29:59,350 - chaotic_trainer - INFO - Generating comprehensive chaotic training report...
2026-01-09 16:30:00,929 - chaotic_trainer - INFO - Visualizations saved to: /scratch/project_2003370/yueyao/Model/experiments/configs/sync_experiments/H3b/visualizations
2026-01-09 16:30:00,929 - chaotic_trainer - INFO - Reports generated:
2026-01-09 16:30:00,929 - chaotic_trainer - INFO -   Text report: /scratch/project_2003370/yueyao/Model/experiments/configs/sync_experiments/H3b/chaotic_training_report.txt
2026-01-09 16:30:00,930 - chaotic_trainer - INFO -   JSON report: /scratch/project_2003370/yueyao/Model/experiments/configs/sync_experiments/H3b/chaotic_training_results.json
2026-01-09 16:30:00,930 - chaotic_trainer - INFO - Chaotic training completed.
2026-01-09 16:30:00,930 - chaotic_trainer - INFO - ============================================================
2026-01-09 23:28:09,958 - chaotic_trainer - INFO - ============================================================
2026-01-09 23:28:09,967 - chaotic_trainer - INFO - CHAOTIC NEURAL NETWORKS TRAINING
2026-01-09 23:28:09,967 - chaotic_trainer - INFO - ============================================================
2026-01-09 23:28:09,967 - chaotic_trainer - INFO - Output directory: /scratch/project_2003370/yueyao/Model/experiments/configs/sync_experiments/H3b
2026-01-09 23:28:09,967 - chaotic_trainer - INFO - Configuration: {
  "_nested": {
    "experiment": {
      "name": "sync_ablation_A_full",
      "description": "Full model with all loss functions enabled",
      "version": "2.0"
    },
    "data": {
      "data_dir": "/scratch/project_2003370/yueyao/dataset/mini_librispeech/LibriSpeech/dev-clean-2",
      "train_split": 0.7,
      "val_split": 0.15,
      "test_split": 0.15,
      "num_workers": 4,
      "pin_memory": true
    },
    "audio": {
      "sample_rate": 16000,
      "max_audio_length": 3.0,
      "min_audio_length": 0.5,
      "frame_length": 400,
      "hop_length": 160,
      "normalize": true
    },
    "model": {
      "type": "full_chaotic",
      "num_speakers": 251,
      "phase_space": {
        "embedding_dim": 10,
        "delay_method": "autocorr"
      },
      "chaotic_features": {
        "mlsa": {
          "scales": 5
        },
        "rqa": {
          "radius_ratio": 0.1
        }
      },
      "chaotic_embedding": {
        "system_type": "lorenz",
        "evolution_time": 0.5,
        "time_step": 0.01,
        "lorenz": {
          "sigma": 10.0,
          "rho": 28.0,
          "beta": 2.6667
        }
      },
      "attractor_pooling": {
        "type": "comprehensive"
      },
      "speaker_embedding": {
        "dim": 256,
        "hidden_dims": [
          512,
          256,
          128
        ],
        "dropout_rate": 0.3,
        "use_batch_norm": true
      },
      "classifier": {
        "type": "cosine",
        "temperature": 30.0
      }
    },
    "optional_modules": {
      "bifurcation_control": {
        "enabled": false
      },
      "differentiable_features": {
        "enabled": true
      }
    },
    "loss": {
      "classification": {
        "type": "cross_entropy"
      },
      "stability": {
        "enabled": true,
        "weight": 0.1,
        "target_lyapunov_range": [
          0.1,
          2.0
        ],
        "trajectory_bound": 50.0,
        "collapse_threshold": 0.1,
        "diversity_weight": 0.05
      },
      "synchronization": {
        "enabled": true,
        "sync_weight": 0.1,
        "desync_weight": 0.1,
        "margin": 5.0,
        "sample_ratio": 0.5,
        "distance_type": "euclidean"
      },
      "adversarial": {
        "enabled": true,
        "warmup_epochs": 5,
        "perturbation_scale": 0.1,
        "weight": 0.3
      }
    },
    "training": {
      "batch_size": 32,
      "num_epochs": 100,
      "gradient_clipping": 1.0,
      "optimizer": {
        "type": "adamw",
        "learning_rate": 0.0005,
        "weight_decay": 0.0001,
        "betas": [
          0.9,
          0.999
        ]
      },
      "scheduler": {
        "type": "cosine",
        "T_max": 100,
        "eta_min": 1e-06
      },
      "early_stopping": {
        "enabled": true,
        "patience": 30,
        "monitor": "val_accuracy",
        "mode": "max"
      },
      "checkpoint": {
        "save_best_only": true,
        "save_frequency": 10
      }
    },
    "hardware": {
      "device": "auto",
      "seed": 42
    },
    "output": {
      "base_dir": "./experiments/outputs/experiment_A"
    }
  },
  "num_speakers": 251,
  "model_type": "full_chaotic",
  "embedding_dim": 10,
  "delay_method": "autocorr",
  "mlsa_scales": 5,
  "rqa_radius_ratio": 0.1,
  "chaotic_system": "lorenz",
  "evolution_time": 0.5,
  "time_step": 0.01,
  "coupling_strength": 1.0,
  "noise_level": 0.001,
  "pooling_type": "comprehensive",
  "speaker_embedding_dim": 256,
  "embedding_hidden_dims": [
    512,
    256,
    128
  ],
  "classifier_type": "cosine",
  "temperature": 30.0,
  "margin": 0.35,
  "batch_size": 32,
  "num_epochs": 100,
  "learning_rate": 0.0005,
  "weight_decay": 0.0001,
  "gradient_clipping": 1.0,
  "optimizer": {
    "type": "adamw",
    "params": {
      "betas": [
        0.9,
        0.999
      ],
      "eps": 1e-08,
      "weight_decay": 0.0001
    }
  },
  "scheduler": {
    "type": "cosine",
    "params": {
      "T_max": 100,
      "eta_min": 1e-06
    }
  },
  "early_stopping": {
    "patience": 30
  },
  "sample_rate": 16000,
  "max_audio_length": 3.0,
  "frame_length": 400,
  "hop_length": 160,
  "data_dir": "/scratch/project_2003370/yueyao/dataset/mini_librispeech/LibriSpeech/dev-clean-2",
  "device": "auto",
  "seed": 42,
  "loss_config": {
    "classification": {
      "type": "cross_entropy"
    },
    "stability": {
      "enabled": true,
      "weight": 0.1,
      "target_lyapunov_range": [
        0.1,
        2.0
      ],
      "trajectory_bound": 50.0,
      "collapse_threshold": 0.1,
      "diversity_weight": 0.05
    },
    "synchronization": {
      "enabled": true,
      "sync_weight": 0.1,
      "desync_weight": 0.1,
      "margin": 5.0,
      "sample_ratio": 0.5,
      "distance_type": "euclidean"
    },
    "adversarial": {
      "enabled": true,
      "warmup_epochs": 5,
      "perturbation_scale": 0.1,
      "weight": 0.3
    }
  },
  "optional_modules": {
    "bifurcation_control": {
      "enabled": false
    },
    "differentiable_features": {
      "enabled": true
    }
  },
  "epochs": 100,
  "optimize_parameters": true
}
2026-01-09 23:28:10,012 - chaotic_trainer - INFO - System info: {'platform': 'Linux-4.18.0-553.74.1.el8_10.x86_64-x86_64-with-glibc2.28', 'system': 'Linux', 'node': 'g1102.mahti.csc.fi', 'release': '4.18.0-553.74.1.el8_10.x86_64', 'version': '#1 SMP Sun Sep 7 09:23:35 EDT 2025', 'machine': 'x86_64', 'processor': 'x86_64', 'python_version': '3.12.10 (main, Jun  3 2025, 21:04:06) [GCC 8.5.0 20210514 (Red Hat 8.5.0-26)]', 'python_executable': '/usr/bin/python', 'cpu_count': 256, 'total_memory': 540285186048, 'available_memory': 505518690304, 'gpu_info': {'cuda_available': True, 'cuda_version': '12.6', 'gpu_count': 1, 'gpu_names': ['NVIDIA A100-SXM4-40GB MIG 1g.5gb']}, 'package_versions': {'numpy': '1.26.4', 'scipy': '1.13.1', 'scikit-learn': 'not installed', 'librosa': '0.11.0', 'soundfile': '0.13.1', 'torch': '2.7.1+cu126', 'tensorflow': 'not installed', 'matplotlib': '3.10.3', 'pandas': '2.3.0'}, 'git_info': {'commit_hash': '51c92cdc63686073ead2a70ee657542846b3dc20', 'branch': 'origin', 'is_dirty': True}}
2026-01-09 23:28:10,012 - chaotic_trainer - INFO - Training 1 systems × 1 types × 1 runs...
2026-01-09 23:28:10,013 - chaotic_trainer - INFO - Systems: ['lorenz']
2026-01-09 23:28:10,013 - chaotic_trainer - INFO - Model types: ['full_chaotic']
2026-01-09 23:28:10,013 - chaotic_trainer - INFO - 
============================================================
2026-01-09 23:28:10,013 - chaotic_trainer - INFO - TRAINING: LORENZ + FULL_CHAOTIC
2026-01-09 23:28:10,013 - chaotic_trainer - INFO - ============================================================
2026-01-09 23:28:10,013 - chaotic_trainer - INFO - Training chaotic_lorenz_full_chaotic_run_0...
2026-01-09 23:28:10,013 - chaotic_trainer - INFO - Optimizing parameters for lorenz system...
2026-01-09 23:28:10,045 - chaotic_trainer - INFO - Setting up chaotic_lorenz_full_chaotic_run_0...
2026-01-09 23:28:44,315 - chaotic_trainer - INFO - 🚀 No checkpoint specified, starting from scratch
2026-01-09 23:28:44,316 - chaotic_trainer - INFO - Model parameters: 458,181 (trainable: 458,181)
2026-01-09 23:28:44,316 - chaotic_trainer - INFO - Training with chaotic dynamics monitoring...
2026-01-09 23:28:44,316 - chaotic_trainer - INFO - Starting training from epoch 0 for 100 more epochs...
2026-01-09 23:43:21,785 - chaotic_trainer - INFO - Evaluating chaotic_lorenz_full_chaotic_run_0...
2026-01-09 23:43:22,842 - chaotic_trainer - INFO - Running chaotic analysis...
2026-01-09 23:43:26,622 - chaotic_trainer - INFO - Completed chaotic_lorenz_full_chaotic_run_0: Accuracy: 0.9661, Loss: 0.1390, Time: 911.7s
2026-01-09 23:43:26,714 - chaotic_trainer - INFO - Progress: 1/1 (100.0%)
2026-01-09 23:43:26,714 - chaotic_trainer - INFO - lorenz + full_chaotic Summary: 0.9661 ± 0.0000
2026-01-09 23:43:26,714 - chaotic_trainer - INFO - Analyzing chaotic training results...
2026-01-09 23:43:26,715 - chaotic_trainer - INFO - Generating comprehensive chaotic training report...
2026-01-09 23:43:28,409 - chaotic_trainer - INFO - Visualizations saved to: /scratch/project_2003370/yueyao/Model/experiments/configs/sync_experiments/H3b/visualizations
2026-01-09 23:43:28,409 - chaotic_trainer - INFO - Reports generated:
2026-01-09 23:43:28,409 - chaotic_trainer - INFO -   Text report: /scratch/project_2003370/yueyao/Model/experiments/configs/sync_experiments/H3b/chaotic_training_report.txt
2026-01-09 23:43:28,409 - chaotic_trainer - INFO -   JSON report: /scratch/project_2003370/yueyao/Model/experiments/configs/sync_experiments/H3b/chaotic_training_results.json
2026-01-09 23:43:28,409 - chaotic_trainer - INFO - Chaotic training completed.
2026-01-09 23:43:28,410 - chaotic_trainer - INFO - ============================================================
2026-01-10 10:54:00,548 - chaotic_trainer - INFO - ============================================================
2026-01-10 10:54:00,567 - chaotic_trainer - INFO - CHAOTIC NEURAL NETWORKS TRAINING
2026-01-10 10:54:00,567 - chaotic_trainer - INFO - ============================================================
2026-01-10 10:54:00,568 - chaotic_trainer - INFO - Output directory: /scratch/project_2003370/yueyao/Model/experiments/configs/sync_experiments/H3b
2026-01-10 10:54:00,568 - chaotic_trainer - INFO - Configuration: {
  "_nested": {
    "experiment": {
      "name": "sync_ablation_A_full",
      "description": "Full model with all loss functions enabled",
      "version": "2.0"
    },
    "data": {
      "data_dir": "/scratch/project_2003370/yueyao/dataset/mini_librispeech/LibriSpeech/dev-clean-2",
      "train_split": 0.7,
      "val_split": 0.15,
      "test_split": 0.15,
      "num_workers": 4,
      "pin_memory": true
    },
    "audio": {
      "sample_rate": 16000,
      "max_audio_length": 3.0,
      "min_audio_length": 0.5,
      "frame_length": 400,
      "hop_length": 160,
      "normalize": true
    },
    "model": {
      "type": "full_chaotic",
      "num_speakers": 251,
      "phase_space": {
        "embedding_dim": 10,
        "delay_method": "autocorr"
      },
      "chaotic_features": {
        "mlsa": {
          "scales": 5
        },
        "rqa": {
          "radius_ratio": 0.1
        }
      },
      "chaotic_embedding": {
        "system_type": "lorenz",
        "evolution_time": 0.5,
        "time_step": 0.01,
        "lorenz": {
          "sigma": 10.0,
          "rho": 28.0,
          "beta": 2.6667
        }
      },
      "attractor_pooling": {
        "type": "comprehensive"
      },
      "speaker_embedding": {
        "dim": 256,
        "hidden_dims": [
          512,
          256,
          128
        ],
        "dropout_rate": 0.3,
        "use_batch_norm": true
      },
      "classifier": {
        "type": "cosine",
        "temperature": 30.0
      }
    },
    "optional_modules": {
      "bifurcation_control": {
        "enabled": false
      },
      "differentiable_features": {
        "enabled": true
      }
    },
    "loss": {
      "classification": {
        "type": "cross_entropy"
      },
      "stability": {
        "enabled": true,
        "weight": 0.1,
        "target_lyapunov_range": [
          0.1,
          2.0
        ],
        "trajectory_bound": 50.0,
        "collapse_threshold": 0.1,
        "diversity_weight": 0.05
      },
      "synchronization": {
        "enabled": true,
        "sync_weight": 0.1,
        "desync_weight": 0.1,
        "margin": 5.0,
        "sample_ratio": 0.5,
        "distance_type": "euclidean"
      },
      "adversarial": {
        "enabled": true,
        "warmup_epochs": 5,
        "perturbation_scale": 0.1,
        "weight": 0.3
      }
    },
    "training": {
      "batch_size": 32,
      "num_epochs": 100,
      "gradient_clipping": 1.0,
      "optimizer": {
        "type": "adamw",
        "learning_rate": 0.0005,
        "weight_decay": 0.0001,
        "betas": [
          0.9,
          0.999
        ]
      },
      "scheduler": {
        "type": "cosine",
        "T_max": 100,
        "eta_min": 1e-06
      },
      "early_stopping": {
        "enabled": true,
        "patience": 30,
        "monitor": "val_accuracy",
        "mode": "max"
      },
      "checkpoint": {
        "save_best_only": true,
        "save_frequency": 10
      }
    },
    "hardware": {
      "device": "auto",
      "seed": 42
    },
    "output": {
      "base_dir": "./experiments/outputs/experiment_A"
    }
  },
  "num_speakers": 251,
  "model_type": "full_chaotic",
  "embedding_dim": 10,
  "delay_method": "autocorr",
  "mlsa_scales": 5,
  "rqa_radius_ratio": 0.1,
  "chaotic_system": "lorenz",
  "evolution_time": 0.5,
  "time_step": 0.01,
  "coupling_strength": 1.0,
  "noise_level": 0.001,
  "pooling_type": "comprehensive",
  "speaker_embedding_dim": 256,
  "embedding_hidden_dims": [
    512,
    256,
    128
  ],
  "classifier_type": "cosine",
  "temperature": 30.0,
  "margin": 0.35,
  "batch_size": 32,
  "num_epochs": 100,
  "learning_rate": 0.0005,
  "weight_decay": 0.0001,
  "gradient_clipping": 1.0,
  "optimizer": {
    "type": "adamw",
    "params": {
      "betas": [
        0.9,
        0.999
      ],
      "eps": 1e-08,
      "weight_decay": 0.0001
    }
  },
  "scheduler": {
    "type": "cosine",
    "params": {
      "T_max": 100,
      "eta_min": 1e-06
    }
  },
  "early_stopping": {
    "patience": 30
  },
  "sample_rate": 16000,
  "max_audio_length": 3.0,
  "frame_length": 400,
  "hop_length": 160,
  "data_dir": "/scratch/project_2003370/yueyao/dataset/mini_librispeech/LibriSpeech/dev-clean-2",
  "device": "auto",
  "seed": 42,
  "loss_config": {
    "classification": {
      "type": "cross_entropy"
    },
    "stability": {
      "enabled": true,
      "weight": 0.1,
      "target_lyapunov_range": [
        0.1,
        2.0
      ],
      "trajectory_bound": 50.0,
      "collapse_threshold": 0.1,
      "diversity_weight": 0.05
    },
    "synchronization": {
      "enabled": true,
      "sync_weight": 0.1,
      "desync_weight": 0.1,
      "margin": 5.0,
      "sample_ratio": 0.5,
      "distance_type": "euclidean"
    },
    "adversarial": {
      "enabled": true,
      "warmup_epochs": 5,
      "perturbation_scale": 0.1,
      "weight": 0.3
    }
  },
  "optional_modules": {
    "bifurcation_control": {
      "enabled": false
    },
    "differentiable_features": {
      "enabled": true
    }
  },
  "epochs": 100,
  "optimize_parameters": true
}
2026-01-10 10:54:00,615 - chaotic_trainer - INFO - System info: {'platform': 'Linux-4.18.0-553.74.1.el8_10.x86_64-x86_64-with-glibc2.28', 'system': 'Linux', 'node': 'g1102.mahti.csc.fi', 'release': '4.18.0-553.74.1.el8_10.x86_64', 'version': '#1 SMP Sun Sep 7 09:23:35 EDT 2025', 'machine': 'x86_64', 'processor': 'x86_64', 'python_version': '3.12.10 (main, Jun  3 2025, 21:04:06) [GCC 8.5.0 20210514 (Red Hat 8.5.0-26)]', 'python_executable': '/usr/bin/python', 'cpu_count': 256, 'total_memory': 540285186048, 'available_memory': 512529620992, 'gpu_info': {'cuda_available': True, 'cuda_version': '12.6', 'gpu_count': 1, 'gpu_names': ['NVIDIA A100-SXM4-40GB MIG 1g.5gb']}, 'package_versions': {'numpy': '1.26.4', 'scipy': '1.13.1', 'scikit-learn': 'not installed', 'librosa': '0.11.0', 'soundfile': '0.13.1', 'torch': '2.7.1+cu126', 'tensorflow': 'not installed', 'matplotlib': '3.10.3', 'pandas': '2.3.0'}, 'git_info': {'commit_hash': '51c92cdc63686073ead2a70ee657542846b3dc20', 'branch': 'origin', 'is_dirty': True}}
2026-01-10 10:54:00,616 - chaotic_trainer - INFO - Training 1 systems × 1 types × 1 runs...
2026-01-10 10:54:00,616 - chaotic_trainer - INFO - Systems: ['lorenz']
2026-01-10 10:54:00,616 - chaotic_trainer - INFO - Model types: ['full_chaotic']
2026-01-10 10:54:00,616 - chaotic_trainer - INFO - 
============================================================
2026-01-10 10:54:00,616 - chaotic_trainer - INFO - TRAINING: LORENZ + FULL_CHAOTIC
2026-01-10 10:54:00,616 - chaotic_trainer - INFO - ============================================================
2026-01-10 10:54:00,616 - chaotic_trainer - INFO - Training chaotic_lorenz_full_chaotic_run_0...
2026-01-10 10:54:00,616 - chaotic_trainer - INFO - Optimizing parameters for lorenz system...
2026-01-10 10:54:00,645 - chaotic_trainer - INFO - Setting up chaotic_lorenz_full_chaotic_run_0...
2026-01-10 10:54:49,901 - chaotic_trainer - INFO - 🚀 No checkpoint specified, starting from scratch
2026-01-10 10:54:49,901 - chaotic_trainer - INFO - Model parameters: 458,181 (trainable: 458,181)
2026-01-10 10:54:49,901 - chaotic_trainer - INFO - Training with chaotic dynamics monitoring...
2026-01-10 10:54:49,901 - chaotic_trainer - INFO - Starting training from epoch 0 for 100 more epochs...
2026-01-10 11:10:37,315 - chaotic_trainer - INFO - Evaluating chaotic_lorenz_full_chaotic_run_0...
2026-01-10 11:10:38,102 - chaotic_trainer - INFO - Running chaotic analysis...
2026-01-10 11:10:41,261 - chaotic_trainer - INFO - Completed chaotic_lorenz_full_chaotic_run_0: Accuracy: 0.9576, Loss: 0.2376, Time: 996.7s
2026-01-10 11:10:41,390 - chaotic_trainer - INFO - Progress: 1/1 (100.0%)
2026-01-10 11:10:41,390 - chaotic_trainer - INFO - lorenz + full_chaotic Summary: 0.9576 ± 0.0000
2026-01-10 11:10:41,390 - chaotic_trainer - INFO - Analyzing chaotic training results...
2026-01-10 11:10:41,392 - chaotic_trainer - INFO - Generating comprehensive chaotic training report...
2026-01-10 11:10:43,771 - chaotic_trainer - INFO - Visualizations saved to: /scratch/project_2003370/yueyao/Model/experiments/configs/sync_experiments/H3b/visualizations
2026-01-10 11:10:43,772 - chaotic_trainer - INFO - Reports generated:
2026-01-10 11:10:43,772 - chaotic_trainer - INFO -   Text report: /scratch/project_2003370/yueyao/Model/experiments/configs/sync_experiments/H3b/chaotic_training_report.txt
2026-01-10 11:10:43,772 - chaotic_trainer - INFO -   JSON report: /scratch/project_2003370/yueyao/Model/experiments/configs/sync_experiments/H3b/chaotic_training_results.json
2026-01-10 11:10:43,772 - chaotic_trainer - INFO - Chaotic training completed.
2026-01-10 11:10:43,772 - chaotic_trainer - INFO - ============================================================
2026-01-10 15:16:14,811 - chaotic_trainer - INFO - ============================================================
2026-01-10 15:16:14,825 - chaotic_trainer - INFO - CHAOTIC NEURAL NETWORKS TRAINING
2026-01-10 15:16:14,825 - chaotic_trainer - INFO - ============================================================
2026-01-10 15:16:14,825 - chaotic_trainer - INFO - Output directory: /scratch/project_2003370/yueyao/Model/experiments/configs/sync_experiments/H3b
2026-01-10 15:16:14,826 - chaotic_trainer - INFO - Configuration: {
  "_nested": {
    "experiment": {
      "name": "sync_ablation_A_full",
      "description": "Full model with all loss functions enabled",
      "version": "2.0"
    },
    "data": {
      "data_dir": "/scratch/project_2003370/yueyao/dataset/mini_librispeech/LibriSpeech/dev-clean-2",
      "train_split": 0.7,
      "val_split": 0.15,
      "test_split": 0.15,
      "num_workers": 4,
      "pin_memory": true
    },
    "audio": {
      "sample_rate": 16000,
      "max_audio_length": 3.0,
      "min_audio_length": 0.5,
      "frame_length": 400,
      "hop_length": 160,
      "normalize": true
    },
    "model": {
      "type": "full_chaotic",
      "num_speakers": 251,
      "phase_space": {
        "embedding_dim": 10,
        "delay_method": "autocorr"
      },
      "chaotic_features": {
        "mlsa": {
          "scales": 5
        },
        "rqa": {
          "radius_ratio": 0.1
        }
      },
      "chaotic_embedding": {
        "system_type": "lorenz",
        "evolution_time": 0.5,
        "time_step": 0.01,
        "lorenz": {
          "sigma": 10.0,
          "rho": 28.0,
          "beta": 2.6667
        }
      },
      "attractor_pooling": {
        "type": "comprehensive"
      },
      "speaker_embedding": {
        "dim": 256,
        "hidden_dims": [
          512,
          256,
          128
        ],
        "dropout_rate": 0.3,
        "use_batch_norm": true
      },
      "classifier": {
        "type": "cosine",
        "temperature": 30.0
      }
    },
    "optional_modules": {
      "bifurcation_control": {
        "enabled": false
      },
      "differentiable_features": {
        "enabled": true
      }
    },
    "loss": {
      "classification": {
        "type": "cross_entropy"
      },
      "stability": {
        "enabled": true,
        "weight": 0.1,
        "target_lyapunov_range": [
          0.1,
          2.0
        ],
        "trajectory_bound": 50.0,
        "collapse_threshold": 0.1,
        "diversity_weight": 0.05
      },
      "synchronization": {
        "enabled": true,
        "sync_weight": 0.1,
        "desync_weight": 0.1,
        "margin": 5.0,
        "sample_ratio": 0.5,
        "distance_type": "euclidean"
      },
      "adversarial": {
        "enabled": true,
        "warmup_epochs": 5,
        "perturbation_scale": 0.1,
        "weight": 0.3
      }
    },
    "training": {
      "batch_size": 32,
      "num_epochs": 100,
      "gradient_clipping": 1.0,
      "optimizer": {
        "type": "adamw",
        "learning_rate": 0.0005,
        "weight_decay": 0.0001,
        "betas": [
          0.9,
          0.999
        ]
      },
      "scheduler": {
        "type": "cosine",
        "T_max": 100,
        "eta_min": 1e-06
      },
      "early_stopping": {
        "enabled": true,
        "patience": 30,
        "monitor": "val_accuracy",
        "mode": "max"
      },
      "checkpoint": {
        "save_best_only": true,
        "save_frequency": 10
      }
    },
    "hardware": {
      "device": "auto",
      "seed": 42
    },
    "output": {
      "base_dir": "./experiments/outputs/experiment_A"
    }
  },
  "num_speakers": 251,
  "model_type": "full_chaotic",
  "embedding_dim": 10,
  "delay_method": "autocorr",
  "mlsa_scales": 5,
  "rqa_radius_ratio": 0.1,
  "chaotic_system": "lorenz",
  "evolution_time": 0.5,
  "time_step": 0.01,
  "coupling_strength": 1.0,
  "noise_level": 0.001,
  "pooling_type": "comprehensive",
  "speaker_embedding_dim": 256,
  "embedding_hidden_dims": [
    512,
    256,
    128
  ],
  "classifier_type": "cosine",
  "temperature": 30.0,
  "margin": 0.35,
  "batch_size": 32,
  "num_epochs": 100,
  "learning_rate": 0.0005,
  "weight_decay": 0.0001,
  "gradient_clipping": 1.0,
  "optimizer": {
    "type": "adamw",
    "params": {
      "betas": [
        0.9,
        0.999
      ],
      "eps": 1e-08,
      "weight_decay": 0.0001
    }
  },
  "scheduler": {
    "type": "cosine",
    "params": {
      "T_max": 100,
      "eta_min": 1e-06
    }
  },
  "early_stopping": {
    "patience": 30
  },
  "sample_rate": 16000,
  "max_audio_length": 3.0,
  "frame_length": 400,
  "hop_length": 160,
  "data_dir": "/scratch/project_2003370/yueyao/dataset/mini_librispeech/LibriSpeech/dev-clean-2",
  "device": "auto",
  "seed": 42,
  "loss_config": {
    "classification": {
      "type": "cross_entropy"
    },
    "stability": {
      "enabled": true,
      "weight": 0.1,
      "target_lyapunov_range": [
        0.1,
        2.0
      ],
      "trajectory_bound": 50.0,
      "collapse_threshold": 0.1,
      "diversity_weight": 0.05
    },
    "synchronization": {
      "enabled": true,
      "sync_weight": 0.1,
      "desync_weight": 0.1,
      "margin": 5.0,
      "sample_ratio": 0.5,
      "distance_type": "euclidean"
    },
    "adversarial": {
      "enabled": true,
      "warmup_epochs": 5,
      "perturbation_scale": 0.1,
      "weight": 0.3
    }
  },
  "optional_modules": {
    "bifurcation_control": {
      "enabled": false
    },
    "differentiable_features": {
      "enabled": true
    }
  },
  "epochs": 100,
  "optimize_parameters": true
}
2026-01-10 15:16:14,872 - chaotic_trainer - INFO - System info: {'platform': 'Linux-4.18.0-553.74.1.el8_10.x86_64-x86_64-with-glibc2.28', 'system': 'Linux', 'node': 'g1102.mahti.csc.fi', 'release': '4.18.0-553.74.1.el8_10.x86_64', 'version': '#1 SMP Sun Sep 7 09:23:35 EDT 2025', 'machine': 'x86_64', 'processor': 'x86_64', 'python_version': '3.12.10 (main, Jun  3 2025, 21:04:06) [GCC 8.5.0 20210514 (Red Hat 8.5.0-26)]', 'python_executable': '/usr/bin/python', 'cpu_count': 256, 'total_memory': 540285186048, 'available_memory': 513680084992, 'gpu_info': {'cuda_available': True, 'cuda_version': '12.6', 'gpu_count': 1, 'gpu_names': ['NVIDIA A100-SXM4-40GB MIG 1g.5gb']}, 'package_versions': {'numpy': '1.26.4', 'scipy': '1.13.1', 'scikit-learn': 'not installed', 'librosa': '0.11.0', 'soundfile': '0.13.1', 'torch': '2.7.1+cu126', 'tensorflow': 'not installed', 'matplotlib': '3.10.3', 'pandas': '2.3.0'}, 'git_info': {'commit_hash': '51c92cdc63686073ead2a70ee657542846b3dc20', 'branch': 'origin', 'is_dirty': True}}
2026-01-10 15:16:14,872 - chaotic_trainer - INFO - Training 1 systems × 1 types × 1 runs...
2026-01-10 15:16:14,872 - chaotic_trainer - INFO - Systems: ['lorenz']
2026-01-10 15:16:14,872 - chaotic_trainer - INFO - Model types: ['full_chaotic']
2026-01-10 15:16:14,872 - chaotic_trainer - INFO - 
============================================================
2026-01-10 15:16:14,872 - chaotic_trainer - INFO - TRAINING: LORENZ + FULL_CHAOTIC
2026-01-10 15:16:14,872 - chaotic_trainer - INFO - ============================================================
2026-01-10 15:16:14,872 - chaotic_trainer - INFO - Training chaotic_lorenz_full_chaotic_run_0...
2026-01-10 15:16:14,872 - chaotic_trainer - INFO - Optimizing parameters for lorenz system...
2026-01-10 15:16:14,898 - chaotic_trainer - INFO - Setting up chaotic_lorenz_full_chaotic_run_0...
2026-01-10 15:16:47,667 - chaotic_trainer - INFO - 🚀 No checkpoint specified, starting from scratch
2026-01-10 15:16:47,668 - chaotic_trainer - INFO - Model parameters: 458,181 (trainable: 458,181)
2026-01-10 15:16:47,668 - chaotic_trainer - INFO - Training with chaotic dynamics monitoring...
2026-01-10 15:16:47,668 - chaotic_trainer - INFO - Starting training from epoch 0 for 100 more epochs...
2026-01-10 15:27:54,170 - chaotic_trainer - INFO - Evaluating chaotic_lorenz_full_chaotic_run_0...
2026-01-10 15:27:54,987 - chaotic_trainer - INFO - Running chaotic analysis...
2026-01-10 15:27:58,168 - chaotic_trainer - INFO - Completed chaotic_lorenz_full_chaotic_run_0: Accuracy: 0.9661, Loss: 0.1556, Time: 699.3s
2026-01-10 15:27:58,254 - chaotic_trainer - INFO - Progress: 1/1 (100.0%)
2026-01-10 15:27:58,254 - chaotic_trainer - INFO - lorenz + full_chaotic Summary: 0.9661 ± 0.0000
2026-01-10 15:27:58,255 - chaotic_trainer - INFO - Analyzing chaotic training results...
2026-01-10 15:27:58,256 - chaotic_trainer - INFO - Generating comprehensive chaotic training report...
2026-01-10 15:27:59,947 - chaotic_trainer - INFO - Visualizations saved to: /scratch/project_2003370/yueyao/Model/experiments/configs/sync_experiments/H3b/visualizations
2026-01-10 15:27:59,948 - chaotic_trainer - INFO - Reports generated:
2026-01-10 15:27:59,948 - chaotic_trainer - INFO -   Text report: /scratch/project_2003370/yueyao/Model/experiments/configs/sync_experiments/H3b/chaotic_training_report.txt
2026-01-10 15:27:59,948 - chaotic_trainer - INFO -   JSON report: /scratch/project_2003370/yueyao/Model/experiments/configs/sync_experiments/H3b/chaotic_training_results.json
2026-01-10 15:27:59,948 - chaotic_trainer - INFO - Chaotic training completed.
2026-01-10 15:27:59,948 - chaotic_trainer - INFO - ============================================================
2026-01-11 13:19:36,305 - chaotic_trainer - INFO - ============================================================
2026-01-11 13:19:36,322 - chaotic_trainer - INFO - CHAOTIC NEURAL NETWORKS TRAINING
2026-01-11 13:19:36,322 - chaotic_trainer - INFO - ============================================================
2026-01-11 13:19:36,322 - chaotic_trainer - INFO - Output directory: /scratch/project_2003370/yueyao/Model/experiments/configs/sync_experiments/H3b
2026-01-11 13:19:36,322 - chaotic_trainer - INFO - Configuration: {
  "_nested": {
    "experiment": {
      "name": "sync_ablation_A_full",
      "description": "Full model with all loss functions enabled",
      "version": "2.0"
    },
    "data": {
      "data_dir": "/scratch/project_2003370/yueyao/dataset/mini_librispeech/LibriSpeech/dev-clean-2",
      "train_split": 0.7,
      "val_split": 0.15,
      "test_split": 0.15,
      "num_workers": 4,
      "pin_memory": true
    },
    "audio": {
      "sample_rate": 16000,
      "max_audio_length": 3.0,
      "min_audio_length": 0.5,
      "frame_length": 400,
      "hop_length": 160,
      "normalize": true
    },
    "model": {
      "type": "full_chaotic",
      "num_speakers": 251,
      "phase_space": {
        "embedding_dim": 10,
        "delay_method": "autocorr"
      },
      "chaotic_features": {
        "mlsa": {
          "scales": 5
        },
        "rqa": {
          "radius_ratio": 0.1
        }
      },
      "chaotic_embedding": {
        "system_type": "lorenz",
        "evolution_time": 0.5,
        "time_step": 0.01,
        "lorenz": {
          "sigma": 10.0,
          "rho": 28.0,
          "beta": 2.6667
        }
      },
      "attractor_pooling": {
        "type": "comprehensive"
      },
      "speaker_embedding": {
        "dim": 256,
        "hidden_dims": [
          512,
          256,
          128
        ],
        "dropout_rate": 0.3,
        "use_batch_norm": true
      },
      "classifier": {
        "type": "cosine",
        "temperature": 30.0
      }
    },
    "optional_modules": {
      "bifurcation_control": {
        "enabled": false
      },
      "differentiable_features": {
        "enabled": true
      }
    },
    "loss": {
      "classification": {
        "type": "cross_entropy"
      },
      "stability": {
        "enabled": true,
        "weight": 0.1,
        "target_lyapunov_range": [
          0.1,
          2.0
        ],
        "trajectory_bound": 50.0,
        "collapse_threshold": 0.1,
        "diversity_weight": 0.05
      },
      "synchronization": {
        "enabled": true,
        "sync_weight": 0.1,
        "desync_weight": 0.1,
        "margin": 5.0,
        "sample_ratio": 0.5,
        "distance_type": "euclidean"
      },
      "adversarial": {
        "enabled": true,
        "warmup_epochs": 5,
        "perturbation_scale": 0.1,
        "weight": 0.3
      }
    },
    "training": {
      "batch_size": 32,
      "num_epochs": 100,
      "gradient_clipping": 1.0,
      "optimizer": {
        "type": "adamw",
        "learning_rate": 0.0005,
        "weight_decay": 0.0001,
        "betas": [
          0.9,
          0.999
        ]
      },
      "scheduler": {
        "type": "cosine",
        "T_max": 100,
        "eta_min": 1e-06
      },
      "early_stopping": {
        "enabled": true,
        "patience": 30,
        "monitor": "val_accuracy",
        "mode": "max"
      },
      "checkpoint": {
        "save_best_only": true,
        "save_frequency": 10
      }
    },
    "hardware": {
      "device": "auto",
      "seed": 42
    },
    "output": {
      "base_dir": "./experiments/outputs/experiment_A"
    }
  },
  "num_speakers": 251,
  "model_type": "full_chaotic",
  "embedding_dim": 10,
  "delay_method": "autocorr",
  "mlsa_scales": 5,
  "rqa_radius_ratio": 0.1,
  "chaotic_system": "lorenz",
  "evolution_time": 0.5,
  "time_step": 0.01,
  "coupling_strength": 1.0,
  "noise_level": 0.001,
  "pooling_type": "comprehensive",
  "speaker_embedding_dim": 256,
  "embedding_hidden_dims": [
    512,
    256,
    128
  ],
  "classifier_type": "cosine",
  "temperature": 30.0,
  "margin": 0.35,
  "batch_size": 32,
  "num_epochs": 100,
  "learning_rate": 0.0005,
  "weight_decay": 0.0001,
  "gradient_clipping": 1.0,
  "optimizer": {
    "type": "adamw",
    "params": {
      "betas": [
        0.9,
        0.999
      ],
      "eps": 1e-08,
      "weight_decay": 0.0001
    }
  },
  "scheduler": {
    "type": "cosine",
    "params": {
      "T_max": 100,
      "eta_min": 1e-06
    }
  },
  "early_stopping": {
    "patience": 30
  },
  "sample_rate": 16000,
  "max_audio_length": 3.0,
  "frame_length": 400,
  "hop_length": 160,
  "data_dir": "/scratch/project_2003370/yueyao/dataset/mini_librispeech/LibriSpeech/dev-clean-2",
  "device": "auto",
  "seed": 42,
  "loss_config": {
    "classification": {
      "type": "cross_entropy"
    },
    "stability": {
      "enabled": true,
      "weight": 0.1,
      "target_lyapunov_range": [
        0.1,
        2.0
      ],
      "trajectory_bound": 50.0,
      "collapse_threshold": 0.1,
      "diversity_weight": 0.05
    },
    "synchronization": {
      "enabled": true,
      "sync_weight": 0.1,
      "desync_weight": 0.1,
      "margin": 5.0,
      "sample_ratio": 0.5,
      "distance_type": "euclidean"
    },
    "adversarial": {
      "enabled": true,
      "warmup_epochs": 5,
      "perturbation_scale": 0.1,
      "weight": 0.3
    }
  },
  "optional_modules": {
    "bifurcation_control": {
      "enabled": false
    },
    "differentiable_features": {
      "enabled": true
    }
  },
  "epochs": 100,
  "optimize_parameters": true
}
2026-01-11 13:19:36,365 - chaotic_trainer - INFO - System info: {'platform': 'Linux-4.18.0-553.74.1.el8_10.x86_64-x86_64-with-glibc2.28', 'system': 'Linux', 'node': 'g1102.mahti.csc.fi', 'release': '4.18.0-553.74.1.el8_10.x86_64', 'version': '#1 SMP Sun Sep 7 09:23:35 EDT 2025', 'machine': 'x86_64', 'processor': 'x86_64', 'python_version': '3.12.10 (main, Jun  3 2025, 21:04:06) [GCC 8.5.0 20210514 (Red Hat 8.5.0-26)]', 'python_executable': '/usr/bin/python', 'cpu_count': 256, 'total_memory': 540285186048, 'available_memory': 511834681344, 'gpu_info': {'cuda_available': True, 'cuda_version': '12.6', 'gpu_count': 1, 'gpu_names': ['NVIDIA A100-SXM4-40GB MIG 1g.5gb']}, 'package_versions': {'numpy': '1.26.4', 'scipy': '1.13.1', 'scikit-learn': 'not installed', 'librosa': '0.11.0', 'soundfile': '0.13.1', 'torch': '2.7.1+cu126', 'tensorflow': 'not installed', 'matplotlib': '3.10.3', 'pandas': '2.3.0'}, 'git_info': {'commit_hash': '51c92cdc63686073ead2a70ee657542846b3dc20', 'branch': 'origin', 'is_dirty': True}}
2026-01-11 13:19:36,366 - chaotic_trainer - INFO - Training 1 systems × 1 types × 1 runs...
2026-01-11 13:19:36,366 - chaotic_trainer - INFO - Systems: ['lorenz']
2026-01-11 13:19:36,366 - chaotic_trainer - INFO - Model types: ['full_chaotic']
2026-01-11 13:19:36,366 - chaotic_trainer - INFO - 
============================================================
2026-01-11 13:19:36,366 - chaotic_trainer - INFO - TRAINING: LORENZ + FULL_CHAOTIC
2026-01-11 13:19:36,366 - chaotic_trainer - INFO - ============================================================
2026-01-11 13:19:36,366 - chaotic_trainer - INFO - Training chaotic_lorenz_full_chaotic_run_0...
2026-01-11 13:19:36,366 - chaotic_trainer - INFO - Optimizing parameters for lorenz system...
2026-01-11 13:19:36,394 - chaotic_trainer - INFO - Setting up chaotic_lorenz_full_chaotic_run_0...
2026-01-11 13:20:08,948 - chaotic_trainer - INFO - 🚀 No checkpoint specified, starting from scratch
2026-01-11 13:20:08,948 - chaotic_trainer - INFO - Model parameters: 458,181 (trainable: 458,181)
2026-01-11 13:20:08,948 - chaotic_trainer - INFO - Training with chaotic dynamics monitoring...
2026-01-11 13:20:08,949 - chaotic_trainer - INFO - Starting training from epoch 0 for 100 more epochs...
2026-01-11 13:31:25,999 - chaotic_trainer - INFO - Evaluating chaotic_lorenz_full_chaotic_run_0...
2026-01-11 13:31:26,806 - chaotic_trainer - INFO - Running chaotic analysis...
2026-01-11 13:31:29,743 - chaotic_trainer - INFO - Completed chaotic_lorenz_full_chaotic_run_0: Accuracy: 0.9661, Loss: 0.1556, Time: 709.6s
2026-01-11 13:31:29,831 - chaotic_trainer - INFO - Progress: 1/1 (100.0%)
2026-01-11 13:31:29,831 - chaotic_trainer - INFO - lorenz + full_chaotic Summary: 0.9661 ± 0.0000
2026-01-11 13:31:29,832 - chaotic_trainer - INFO - Analyzing chaotic training results...
2026-01-11 13:31:29,833 - chaotic_trainer - INFO - Generating comprehensive chaotic training report...
2026-01-11 13:31:31,450 - chaotic_trainer - INFO - Visualizations saved to: /scratch/project_2003370/yueyao/Model/experiments/configs/sync_experiments/H3b/visualizations
2026-01-11 13:31:31,451 - chaotic_trainer - INFO - Reports generated:
2026-01-11 13:31:31,451 - chaotic_trainer - INFO -   Text report: /scratch/project_2003370/yueyao/Model/experiments/configs/sync_experiments/H3b/chaotic_training_report.txt
2026-01-11 13:31:31,451 - chaotic_trainer - INFO -   JSON report: /scratch/project_2003370/yueyao/Model/experiments/configs/sync_experiments/H3b/chaotic_training_results.json
2026-01-11 13:31:31,451 - chaotic_trainer - INFO - Chaotic training completed.
2026-01-11 13:31:31,451 - chaotic_trainer - INFO - ============================================================
2026-01-13 09:53:07,910 - chaotic_trainer - INFO - ============================================================
2026-01-13 09:53:07,920 - chaotic_trainer - INFO - CHAOTIC NEURAL NETWORKS TRAINING
2026-01-13 09:53:07,920 - chaotic_trainer - INFO - ============================================================
2026-01-13 09:53:07,920 - chaotic_trainer - INFO - Output directory: /scratch/project_2003370/yueyao/Model/experiments/configs/sync_experiments/H3b
2026-01-13 09:53:07,921 - chaotic_trainer - INFO - Configuration: {
  "_nested": {
    "experiment": {
      "name": "sync_ablation_A_full",
      "description": "Full model with all loss functions enabled",
      "version": "2.0"
    },
    "data": {
      "data_dir": "/scratch/project_2003370/yueyao/dataset/mini_librispeech/LibriSpeech/dev-clean-2",
      "train_split": 0.7,
      "val_split": 0.15,
      "test_split": 0.15,
      "num_workers": 4,
      "pin_memory": true
    },
    "audio": {
      "sample_rate": 16000,
      "max_audio_length": 3.0,
      "min_audio_length": 0.5,
      "frame_length": 400,
      "hop_length": 160,
      "normalize": true
    },
    "model": {
      "type": "full_chaotic",
      "num_speakers": 251,
      "phase_space": {
        "embedding_dim": 10,
        "delay_method": "autocorr"
      },
      "chaotic_features": {
        "mlsa": {
          "scales": 5
        },
        "rqa": {
          "radius_ratio": 0.1
        }
      },
      "chaotic_embedding": {
        "system_type": "lorenz",
        "evolution_time": 0.5,
        "time_step": 0.01,
        "lorenz": {
          "sigma": 10.0,
          "rho": 28.0,
          "beta": 2.6667
        }
      },
      "attractor_pooling": {
        "type": "comprehensive"
      },
      "speaker_embedding": {
        "dim": 256,
        "hidden_dims": [
          512,
          256,
          128
        ],
        "dropout_rate": 0.3,
        "use_batch_norm": true
      },
      "classifier": {
        "type": "cosine",
        "temperature": 30.0
      }
    },
    "optional_modules": {
      "bifurcation_control": {
        "enabled": false
      },
      "differentiable_features": {
        "enabled": true
      }
    },
    "loss": {
      "classification": {
        "type": "cross_entropy"
      },
      "stability": {
        "enabled": true,
        "weight": 0.1,
        "target_lyapunov_range": [
          0.1,
          2.0
        ],
        "trajectory_bound": 50.0,
        "collapse_threshold": 0.1,
        "diversity_weight": 0.05
      },
      "synchronization": {
        "enabled": true,
        "sync_weight": 0.1,
        "desync_weight": 0.1,
        "margin": 1.0,
        "sample_ratio": 0.5,
        "distance_type": "euclidean"
      },
      "adversarial": {
        "enabled": true,
        "warmup_epochs": 5,
        "perturbation_scale": 0.1,
        "weight": 0.3
      }
    },
    "training": {
      "batch_size": 32,
      "num_epochs": 100,
      "gradient_clipping": 1.0,
      "optimizer": {
        "type": "adamw",
        "learning_rate": 0.0005,
        "weight_decay": 0.0001,
        "betas": [
          0.9,
          0.999
        ]
      },
      "scheduler": {
        "type": "cosine",
        "T_max": 100,
        "eta_min": 1e-06
      },
      "early_stopping": {
        "enabled": true,
        "patience": 30,
        "monitor": "val_accuracy",
        "mode": "max"
      },
      "checkpoint": {
        "save_best_only": true,
        "save_frequency": 10
      }
    },
    "hardware": {
      "device": "auto",
      "seed": 42
    },
    "output": {
      "base_dir": "./experiments/outputs/experiment_A"
    }
  },
  "num_speakers": 251,
  "model_type": "full_chaotic",
  "embedding_dim": 10,
  "delay_method": "autocorr",
  "mlsa_scales": 5,
  "rqa_radius_ratio": 0.1,
  "chaotic_system": "lorenz",
  "evolution_time": 0.5,
  "time_step": 0.01,
  "coupling_strength": 1.0,
  "noise_level": 0.001,
  "pooling_type": "comprehensive",
  "speaker_embedding_dim": 256,
  "embedding_hidden_dims": [
    512,
    256,
    128
  ],
  "classifier_type": "cosine",
  "temperature": 30.0,
  "margin": 0.35,
  "batch_size": 32,
  "num_epochs": 100,
  "learning_rate": 0.0005,
  "weight_decay": 0.0001,
  "gradient_clipping": 1.0,
  "optimizer": {
    "type": "adamw",
    "params": {
      "betas": [
        0.9,
        0.999
      ],
      "eps": 1e-08,
      "weight_decay": 0.0001
    }
  },
  "scheduler": {
    "type": "cosine",
    "params": {
      "T_max": 100,
      "eta_min": 1e-06
    }
  },
  "early_stopping": {
    "patience": 30
  },
  "sample_rate": 16000,
  "max_audio_length": 3.0,
  "frame_length": 400,
  "hop_length": 160,
  "data_dir": "/scratch/project_2003370/yueyao/dataset/mini_librispeech/LibriSpeech/dev-clean-2",
  "device": "auto",
  "seed": 42,
  "loss_config": {
    "classification": {
      "type": "cross_entropy"
    },
    "stability": {
      "enabled": true,
      "weight": 0.1,
      "target_lyapunov_range": [
        0.1,
        2.0
      ],
      "trajectory_bound": 50.0,
      "collapse_threshold": 0.1,
      "diversity_weight": 0.05
    },
    "synchronization": {
      "enabled": true,
      "sync_weight": 0.1,
      "desync_weight": 0.1,
      "margin": 1.0,
      "sample_ratio": 0.5,
      "distance_type": "euclidean"
    },
    "adversarial": {
      "enabled": true,
      "warmup_epochs": 5,
      "perturbation_scale": 0.1,
      "weight": 0.3
    }
  },
  "optional_modules": {
    "bifurcation_control": {
      "enabled": false
    },
    "differentiable_features": {
      "enabled": true
    }
  },
  "epochs": 100,
  "optimize_parameters": true
}
2026-01-13 09:53:08,334 - chaotic_trainer - INFO - System info: {'platform': 'Linux-4.18.0-553.74.1.el8_10.x86_64-x86_64-with-glibc2.28', 'system': 'Linux', 'node': 'g1102.mahti.csc.fi', 'release': '4.18.0-553.74.1.el8_10.x86_64', 'version': '#1 SMP Sun Sep 7 09:23:35 EDT 2025', 'machine': 'x86_64', 'processor': 'x86_64', 'python_version': '3.12.10 (main, Jun  3 2025, 21:04:06) [GCC 8.5.0 20210514 (Red Hat 8.5.0-26)]', 'python_executable': '/usr/bin/python', 'cpu_count': 256, 'total_memory': 540285186048, 'available_memory': 510578110464, 'gpu_info': {'cuda_available': True, 'cuda_version': '12.6', 'gpu_count': 1, 'gpu_names': ['NVIDIA A100-SXM4-40GB MIG 1g.5gb']}, 'package_versions': {'numpy': '1.26.4', 'scipy': '1.13.1', 'scikit-learn': 'not installed', 'librosa': '0.11.0', 'soundfile': '0.13.1', 'torch': '2.7.1+cu126', 'tensorflow': 'not installed', 'matplotlib': '3.10.3', 'pandas': '2.3.0'}, 'git_info': {'commit_hash': '51c92cdc63686073ead2a70ee657542846b3dc20', 'branch': 'origin', 'is_dirty': True}}
2026-01-13 09:53:08,334 - chaotic_trainer - INFO - Training 1 systems × 1 types × 1 runs...
2026-01-13 09:53:08,334 - chaotic_trainer - INFO - Systems: ['lorenz']
2026-01-13 09:53:08,334 - chaotic_trainer - INFO - Model types: ['full_chaotic']
2026-01-13 09:53:08,334 - chaotic_trainer - INFO - 
============================================================
2026-01-13 09:53:08,334 - chaotic_trainer - INFO - TRAINING: LORENZ + FULL_CHAOTIC
2026-01-13 09:53:08,334 - chaotic_trainer - INFO - ============================================================
2026-01-13 09:53:08,334 - chaotic_trainer - INFO - Training chaotic_lorenz_full_chaotic_run_0...
2026-01-13 09:53:08,334 - chaotic_trainer - INFO - Optimizing parameters for lorenz system...
2026-01-13 09:53:08,385 - chaotic_trainer - INFO - Setting up chaotic_lorenz_full_chaotic_run_0...
2026-01-13 09:54:00,148 - chaotic_trainer - INFO - 🚀 No checkpoint specified, starting from scratch
2026-01-13 09:54:00,149 - chaotic_trainer - INFO - Model parameters: 458,181 (trainable: 458,181)
2026-01-13 09:54:00,149 - chaotic_trainer - INFO - Training with chaotic dynamics monitoring...
2026-01-13 09:54:00,149 - chaotic_trainer - INFO - Starting training from epoch 0 for 100 more epochs...
2026-01-13 09:59:36,816 - chaotic_trainer - INFO - Evaluating chaotic_lorenz_full_chaotic_run_0...
2026-01-13 09:59:37,548 - chaotic_trainer - INFO - Running chaotic analysis...
2026-01-13 09:59:40,876 - chaotic_trainer - INFO - Completed chaotic_lorenz_full_chaotic_run_0: Accuracy: 0.3729, Loss: 3.6918, Time: 388.4s
2026-01-13 09:59:40,963 - chaotic_trainer - INFO - Progress: 1/1 (100.0%)
2026-01-13 09:59:40,963 - chaotic_trainer - INFO - lorenz + full_chaotic Summary: 0.3729 ± 0.0000
2026-01-13 09:59:40,963 - chaotic_trainer - INFO - Analyzing chaotic training results...
2026-01-13 09:59:40,964 - chaotic_trainer - INFO - Generating comprehensive chaotic training report...
2026-01-13 09:59:42,571 - chaotic_trainer - INFO - Visualizations saved to: /scratch/project_2003370/yueyao/Model/experiments/configs/sync_experiments/H3b/visualizations
2026-01-13 09:59:42,571 - chaotic_trainer - INFO - Reports generated:
2026-01-13 09:59:42,571 - chaotic_trainer - INFO -   Text report: /scratch/project_2003370/yueyao/Model/experiments/configs/sync_experiments/H3b/chaotic_training_report.txt
2026-01-13 09:59:42,571 - chaotic_trainer - INFO -   JSON report: /scratch/project_2003370/yueyao/Model/experiments/configs/sync_experiments/H3b/chaotic_training_results.json
2026-01-13 09:59:42,571 - chaotic_trainer - INFO - Chaotic training completed.
2026-01-13 09:59:42,572 - chaotic_trainer - INFO - ============================================================
2026-01-14 14:15:08,726 - chaotic_trainer - INFO - ============================================================
2026-01-14 14:15:08,739 - chaotic_trainer - INFO - CHAOTIC NEURAL NETWORKS TRAINING
2026-01-14 14:15:08,739 - chaotic_trainer - INFO - ============================================================
2026-01-14 14:15:08,739 - chaotic_trainer - INFO - Output directory: /scratch/project_2003370/yueyao/Model/experiments/configs/sync_experiments/H3/H3b
2026-01-14 14:15:08,739 - chaotic_trainer - INFO - Configuration: {
  "_nested": {
    "experiment": {
      "name": "sync_ablation_A_full",
      "description": "Full model with all loss functions enabled",
      "version": "2.0"
    },
    "data": {
      "data_dir": "/scratch/project_2003370/yueyao/dataset/mini_librispeech/LibriSpeech/dev-clean-2",
      "train_split": 0.7,
      "val_split": 0.15,
      "test_split": 0.15,
      "num_workers": 4,
      "pin_memory": true
    },
    "audio": {
      "sample_rate": 16000,
      "max_audio_length": 3.0,
      "min_audio_length": 0.5,
      "frame_length": 400,
      "hop_length": 160,
      "normalize": true
    },
    "model": {
      "type": "full_chaotic",
      "num_speakers": 251,
      "phase_space": {
        "embedding_dim": 10,
        "delay_method": "autocorr"
      },
      "chaotic_features": {
        "mlsa": {
          "scales": 5
        },
        "rqa": {
          "radius_ratio": 0.1
        }
      },
      "chaotic_embedding": {
        "system_type": "lorenz",
        "evolution_time": 0.5,
        "time_step": 0.01,
        "lorenz": {
          "sigma": 10.0,
          "rho": 28.0,
          "beta": 2.6667
        }
      },
      "attractor_pooling": {
        "type": "comprehensive"
      },
      "speaker_embedding": {
        "dim": 256,
        "hidden_dims": [
          512,
          256,
          128
        ],
        "dropout_rate": 0.3,
        "use_batch_norm": true
      },
      "classifier": {
        "type": "cosine",
        "temperature": 30.0
      }
    },
    "optional_modules": {
      "bifurcation_control": {
        "enabled": false
      },
      "differentiable_features": {
        "enabled": true
      }
    },
    "loss": {
      "classification": {
        "type": "cross_entropy"
      },
      "stability": {
        "enabled": true,
        "weight": 0.1,
        "target_lyapunov_range": [
          0.1,
          2.0
        ],
        "trajectory_bound": 50.0,
        "collapse_threshold": 0.1,
        "diversity_weight": 0.05
      },
      "synchronization": {
        "enabled": true,
        "sync_weight": 0.1,
        "desync_weight": 0.1,
        "margin": 1.0,
        "sample_ratio": 0.5,
        "distance_type": "euclidean"
      },
      "adversarial": {
        "enabled": true,
        "warmup_epochs": 5,
        "perturbation_scale": 0.1,
        "weight": 0.3
      }
    },
    "training": {
      "batch_size": 32,
      "num_epochs": 100,
      "gradient_clipping": 1.0,
      "optimizer": {
        "type": "adamw",
        "learning_rate": 0.0005,
        "weight_decay": 0.0001,
        "betas": [
          0.9,
          0.999
        ]
      },
      "scheduler": {
        "type": "cosine",
        "T_max": 100,
        "eta_min": 1e-06
      },
      "early_stopping": {
        "enabled": true,
        "patience": 30,
        "monitor": "val_accuracy",
        "mode": "max"
      },
      "checkpoint": {
        "save_best_only": true,
        "save_frequency": 10
      }
    },
    "hardware": {
      "device": "auto",
      "seed": 42
    },
    "output": {
      "base_dir": "./experiments/outputs/experiment_A"
    }
  },
  "num_speakers": 251,
  "model_type": "full_chaotic",
  "embedding_dim": 10,
  "delay_method": "autocorr",
  "mlsa_scales": 5,
  "rqa_radius_ratio": 0.1,
  "chaotic_system": "lorenz",
  "evolution_time": 0.5,
  "time_step": 0.01,
  "coupling_strength": 1.0,
  "noise_level": 0.001,
  "pooling_type": "comprehensive",
  "speaker_embedding_dim": 256,
  "embedding_hidden_dims": [
    512,
    256,
    128
  ],
  "classifier_type": "cosine",
  "temperature": 30.0,
  "margin": 0.35,
  "batch_size": 32,
  "num_epochs": 100,
  "learning_rate": 0.0005,
  "weight_decay": 0.0001,
  "gradient_clipping": 1.0,
  "optimizer": {
    "type": "adamw",
    "params": {
      "betas": [
        0.9,
        0.999
      ],
      "eps": 1e-08,
      "weight_decay": 0.0001
    }
  },
  "scheduler": {
    "type": "cosine",
    "params": {
      "T_max": 100,
      "eta_min": 1e-06
    }
  },
  "early_stopping": {
    "patience": 30
  },
  "sample_rate": 16000,
  "max_audio_length": 3.0,
  "frame_length": 400,
  "hop_length": 160,
  "data_dir": "/scratch/project_2003370/yueyao/dataset/mini_librispeech/LibriSpeech/dev-clean-2",
  "device": "auto",
  "seed": 42,
  "loss_config": {
    "classification": {
      "type": "cross_entropy"
    },
    "stability": {
      "enabled": true,
      "weight": 0.1,
      "target_lyapunov_range": [
        0.1,
        2.0
      ],
      "trajectory_bound": 50.0,
      "collapse_threshold": 0.1,
      "diversity_weight": 0.05
    },
    "synchronization": {
      "enabled": true,
      "sync_weight": 0.1,
      "desync_weight": 0.1,
      "margin": 1.0,
      "sample_ratio": 0.5,
      "distance_type": "euclidean"
    },
    "adversarial": {
      "enabled": true,
      "warmup_epochs": 5,
      "perturbation_scale": 0.1,
      "weight": 0.3
    }
  },
  "optional_modules": {
    "bifurcation_control": {
      "enabled": false
    },
    "differentiable_features": {
      "enabled": true
    }
  },
  "epochs": 100,
  "optimize_parameters": true
}
2026-01-14 14:15:08,787 - chaotic_trainer - INFO - System info: {'platform': 'Linux-4.18.0-553.74.1.el8_10.x86_64-x86_64-with-glibc2.28', 'system': 'Linux', 'node': 'g1102.mahti.csc.fi', 'release': '4.18.0-553.74.1.el8_10.x86_64', 'version': '#1 SMP Sun Sep 7 09:23:35 EDT 2025', 'machine': 'x86_64', 'processor': 'x86_64', 'python_version': '3.12.10 (main, Jun  3 2025, 21:04:06) [GCC 8.5.0 20210514 (Red Hat 8.5.0-26)]', 'python_executable': '/usr/bin/python', 'cpu_count': 256, 'total_memory': 540285186048, 'available_memory': 493152460800, 'gpu_info': {'cuda_available': True, 'cuda_version': '12.6', 'gpu_count': 1, 'gpu_names': ['NVIDIA A100-SXM4-40GB MIG 1g.5gb']}, 'package_versions': {'numpy': '1.26.4', 'scipy': '1.13.1', 'scikit-learn': 'not installed', 'librosa': '0.11.0', 'soundfile': '0.13.1', 'torch': '2.7.1+cu126', 'tensorflow': 'not installed', 'matplotlib': '3.10.3', 'pandas': '2.3.0'}, 'git_info': {'commit_hash': '51c92cdc63686073ead2a70ee657542846b3dc20', 'branch': 'origin', 'is_dirty': True}}
2026-01-14 14:15:08,787 - chaotic_trainer - INFO - Training 1 systems × 1 types × 1 runs...
2026-01-14 14:15:08,787 - chaotic_trainer - INFO - Systems: ['lorenz']
2026-01-14 14:15:08,787 - chaotic_trainer - INFO - Model types: ['full_chaotic']
2026-01-14 14:15:08,787 - chaotic_trainer - INFO - 
============================================================
2026-01-14 14:15:08,787 - chaotic_trainer - INFO - TRAINING: LORENZ + FULL_CHAOTIC
2026-01-14 14:15:08,787 - chaotic_trainer - INFO - ============================================================
2026-01-14 14:15:08,787 - chaotic_trainer - INFO - Training chaotic_lorenz_full_chaotic_run_0...
2026-01-14 14:15:08,787 - chaotic_trainer - INFO - Optimizing parameters for lorenz system...
2026-01-14 14:15:08,825 - chaotic_trainer - INFO - Setting up chaotic_lorenz_full_chaotic_run_0...
2026-01-14 14:15:42,434 - chaotic_trainer - INFO - 🚀 No checkpoint specified, starting from scratch
2026-01-14 14:15:42,435 - chaotic_trainer - INFO - Model parameters: 458,181 (trainable: 458,181)
2026-01-14 14:15:42,435 - chaotic_trainer - INFO - Training with chaotic dynamics monitoring...
2026-01-14 14:15:42,435 - chaotic_trainer - INFO - Starting training from epoch 0 for 100 more epochs...
2026-01-14 14:29:17,066 - chaotic_trainer - INFO - Evaluating chaotic_lorenz_full_chaotic_run_0...
2026-01-14 14:29:18,145 - chaotic_trainer - INFO - Running chaotic analysis...
2026-01-14 14:29:21,464 - chaotic_trainer - INFO - Completed chaotic_lorenz_full_chaotic_run_0: Accuracy: 0.9492, Loss: 0.1927, Time: 848.2s
2026-01-14 14:29:21,556 - chaotic_trainer - INFO - Progress: 1/1 (100.0%)
2026-01-14 14:29:21,556 - chaotic_trainer - INFO - lorenz + full_chaotic Summary: 0.9492 ± 0.0000
2026-01-14 14:29:21,556 - chaotic_trainer - INFO - Analyzing chaotic training results...
2026-01-14 14:29:21,558 - chaotic_trainer - INFO - Generating comprehensive chaotic training report...
2026-01-14 14:29:23,494 - chaotic_trainer - INFO - Visualizations saved to: /scratch/project_2003370/yueyao/Model/experiments/configs/sync_experiments/H3/H3b/visualizations
2026-01-14 14:29:23,494 - chaotic_trainer - INFO - Reports generated:
2026-01-14 14:29:23,495 - chaotic_trainer - INFO -   Text report: /scratch/project_2003370/yueyao/Model/experiments/configs/sync_experiments/H3/H3b/chaotic_training_report.txt
2026-01-14 14:29:23,495 - chaotic_trainer - INFO -   JSON report: /scratch/project_2003370/yueyao/Model/experiments/configs/sync_experiments/H3/H3b/chaotic_training_results.json
2026-01-14 14:29:23,495 - chaotic_trainer - INFO - Chaotic training completed.
2026-01-14 14:29:23,495 - chaotic_trainer - INFO - ============================================================
2026-01-16 11:45:11,005 - chaotic_trainer - INFO - ============================================================
2026-01-16 11:45:11,015 - chaotic_trainer - INFO - CHAOTIC NEURAL NETWORKS TRAINING
2026-01-16 11:45:11,016 - chaotic_trainer - INFO - ============================================================
2026-01-16 11:45:11,016 - chaotic_trainer - INFO - Output directory: /scratch/project_2003370/yueyao/Model/experiments/configs/sync_experiments/H3/H3d
2026-01-16 11:45:11,016 - chaotic_trainer - INFO - Configuration: {
  "_nested": {
    "experiment": {
      "name": "#H3d sample_ratio=0.5 but margin=1.0"
    },
    "data": {
      "data_dir": "/scratch/project_2003370/yueyao/dataset/mini_librispeech/LibriSpeech/dev-clean-2",
      "train_split": 0.7,
      "val_split": 0.15,
      "test_split": 0.15,
      "num_workers": 4,
      "pin_memory": true
    },
    "audio": {
      "sample_rate": 16000,
      "max_audio_length": 3.0,
      "min_audio_length": 0.5,
      "frame_length": 400,
      "hop_length": 160,
      "normalize": true
    },
    "model": {
      "type": "full_chaotic",
      "num_speakers": 251,
      "phase_space": {
        "embedding_dim": 10,
        "delay_method": "autocorr"
      },
      "chaotic_features": {
        "mlsa": {
          "scales": 5
        },
        "rqa": {
          "radius_ratio": 0.1
        }
      },
      "chaotic_embedding": {
        "system_type": "lorenz",
        "evolution_time": 0.5,
        "time_step": 0.01,
        "lorenz": {
          "sigma": 10.0,
          "rho": 28.0,
          "beta": 2.6667
        }
      },
      "attractor_pooling": {
        "type": "comprehensive"
      },
      "speaker_embedding": {
        "dim": 256,
        "hidden_dims": [
          512,
          256,
          128
        ],
        "dropout_rate": 0.3,
        "use_batch_norm": true
      },
      "classifier": {
        "type": "cosine",
        "temperature": 30.0
      }
    },
    "optional_modules": {
      "bifurcation_control": {
        "enabled": false
      },
      "differentiable_features": {
        "enabled": true
      }
    },
    "loss": {
      "classification": {
        "type": "cross_entropy"
      },
      "stability": {
        "enabled": true,
        "weight": 0.1,
        "target_lyapunov_range": [
          0.1,
          2.0
        ],
        "trajectory_bound": 50.0,
        "collapse_threshold": 0.1,
        "diversity_weight": 0.05
      },
      "synchronization": {
        "enabled": true,
        "sync_weight": 0.1,
        "desync_weight": 0.1,
        "margin": 1.0,
        "sample_ratio": 0.5,
        "distance_type": "euclidean"
      },
      "adversarial": {
        "enabled": true,
        "warmup_epochs": 5,
        "perturbation_scale": 0.1,
        "weight": 0.3
      }
    },
    "training": {
      "batch_size": 32,
      "num_epochs": 100,
      "gradient_clipping": 1.0,
      "optimizer": {
        "type": "adamw",
        "learning_rate": 0.0005,
        "weight_decay": 0.0001,
        "betas": [
          0.9,
          0.999
        ]
      },
      "scheduler": {
        "type": "cosine",
        "T_max": 100,
        "eta_min": 1e-06
      },
      "early_stopping": {
        "enabled": true,
        "patience": 30,
        "monitor": "val_accuracy",
        "mode": "max"
      },
      "checkpoint": {
        "save_best_only": true,
        "save_frequency": 10
      }
    },
    "hardware": {
      "device": "auto",
      "seed": 42
    },
    "output": {
      "base_dir": "./experiments/outputs/experiment_A"
    }
  },
  "num_speakers": 251,
  "model_type": "full_chaotic",
  "embedding_dim": 10,
  "delay_method": "autocorr",
  "mlsa_scales": 5,
  "rqa_radius_ratio": 0.1,
  "chaotic_system": "lorenz",
  "evolution_time": 0.5,
  "time_step": 0.01,
  "coupling_strength": 1.0,
  "noise_level": 0.001,
  "pooling_type": "comprehensive",
  "speaker_embedding_dim": 256,
  "embedding_hidden_dims": [
    512,
    256,
    128
  ],
  "classifier_type": "cosine",
  "temperature": 30.0,
  "margin": 0.35,
  "batch_size": 32,
  "num_epochs": 100,
  "learning_rate": 0.0005,
  "weight_decay": 0.0001,
  "gradient_clipping": 1.0,
  "optimizer": {
    "type": "adamw",
    "params": {
      "betas": [
        0.9,
        0.999
      ],
      "eps": 1e-08,
      "weight_decay": 0.0001
    }
  },
  "scheduler": {
    "type": "cosine",
    "params": {
      "T_max": 100,
      "eta_min": 1e-06
    }
  },
  "early_stopping": {
    "patience": 30
  },
  "sample_rate": 16000,
  "max_audio_length": 3.0,
  "frame_length": 400,
  "hop_length": 160,
  "data_dir": "/scratch/project_2003370/yueyao/dataset/mini_librispeech/LibriSpeech/dev-clean-2",
  "device": "auto",
  "seed": 42,
  "loss_config": {
    "classification": {
      "type": "cross_entropy"
    },
    "stability": {
      "enabled": true,
      "weight": 0.1,
      "target_lyapunov_range": [
        0.1,
        2.0
      ],
      "trajectory_bound": 50.0,
      "collapse_threshold": 0.1,
      "diversity_weight": 0.05
    },
    "synchronization": {
      "enabled": true,
      "sync_weight": 0.1,
      "desync_weight": 0.1,
      "margin": 1.0,
      "sample_ratio": 0.5,
      "distance_type": "euclidean"
    },
    "adversarial": {
      "enabled": true,
      "warmup_epochs": 5,
      "perturbation_scale": 0.1,
      "weight": 0.3
    }
  },
  "optional_modules": {
    "bifurcation_control": {
      "enabled": false
    },
    "differentiable_features": {
      "enabled": true
    }
  },
  "epochs": 100,
  "optimize_parameters": true
}
2026-01-16 11:45:11,062 - chaotic_trainer - INFO - System info: {'platform': 'Linux-4.18.0-553.74.1.el8_10.x86_64-x86_64-with-glibc2.28', 'system': 'Linux', 'node': 'g1102.mahti.csc.fi', 'release': '4.18.0-553.74.1.el8_10.x86_64', 'version': '#1 SMP Sun Sep 7 09:23:35 EDT 2025', 'machine': 'x86_64', 'processor': 'x86_64', 'python_version': '3.12.10 (main, Jun  3 2025, 21:04:06) [GCC 8.5.0 20210514 (Red Hat 8.5.0-26)]', 'python_executable': '/usr/bin/python', 'cpu_count': 256, 'total_memory': 540285186048, 'available_memory': 492477902848, 'gpu_info': {'cuda_available': True, 'cuda_version': '12.6', 'gpu_count': 1, 'gpu_names': ['NVIDIA A100-SXM4-40GB MIG 1g.5gb']}, 'package_versions': {'numpy': '1.26.4', 'scipy': '1.13.1', 'scikit-learn': 'not installed', 'librosa': '0.11.0', 'soundfile': '0.13.1', 'torch': '2.7.1+cu126', 'tensorflow': 'not installed', 'matplotlib': '3.10.3', 'pandas': '2.3.0'}, 'git_info': {'commit_hash': '51c92cdc63686073ead2a70ee657542846b3dc20', 'branch': 'origin', 'is_dirty': True}}
2026-01-16 11:45:11,062 - chaotic_trainer - INFO - Training 1 systems × 1 types × 1 runs...
2026-01-16 11:45:11,063 - chaotic_trainer - INFO - Systems: ['lorenz']
2026-01-16 11:45:11,063 - chaotic_trainer - INFO - Model types: ['full_chaotic']
2026-01-16 11:45:11,063 - chaotic_trainer - INFO - 
============================================================
2026-01-16 11:45:11,063 - chaotic_trainer - INFO - TRAINING: LORENZ + FULL_CHAOTIC
2026-01-16 11:45:11,063 - chaotic_trainer - INFO - ============================================================
2026-01-16 11:45:11,063 - chaotic_trainer - INFO - Training chaotic_lorenz_full_chaotic_run_0...
2026-01-16 11:45:11,063 - chaotic_trainer - INFO - Optimizing parameters for lorenz system...
2026-01-16 11:45:11,078 - chaotic_trainer - INFO - Setting up chaotic_lorenz_full_chaotic_run_0...
2026-01-16 11:45:50,743 - chaotic_trainer - INFO - 🚀 No checkpoint specified, starting from scratch
2026-01-16 11:45:50,744 - chaotic_trainer - INFO - Model parameters: 458,181 (trainable: 458,181)
2026-01-16 11:45:50,744 - chaotic_trainer - INFO - Training with chaotic dynamics monitoring...
2026-01-16 11:45:50,744 - chaotic_trainer - INFO - Starting training from epoch 0 for 100 more epochs...
2026-01-16 11:59:14,513 - chaotic_trainer - INFO - Evaluating chaotic_lorenz_full_chaotic_run_0...
2026-01-16 11:59:15,354 - chaotic_trainer - INFO - Running chaotic analysis...
2026-01-16 11:59:18,415 - chaotic_trainer - INFO - Completed chaotic_lorenz_full_chaotic_run_0: Accuracy: 0.9492, Loss: 0.1927, Time: 843.4s
2026-01-16 11:59:18,505 - chaotic_trainer - INFO - Progress: 1/1 (100.0%)
2026-01-16 11:59:18,505 - chaotic_trainer - INFO - lorenz + full_chaotic Summary: 0.9492 ± 0.0000
2026-01-16 11:59:18,506 - chaotic_trainer - INFO - Analyzing chaotic training results...
2026-01-16 11:59:18,507 - chaotic_trainer - INFO - Generating comprehensive chaotic training report...
2026-01-16 11:59:20,391 - chaotic_trainer - INFO - Visualizations saved to: /scratch/project_2003370/yueyao/Model/experiments/configs/sync_experiments/H3/H3d/visualizations
2026-01-16 11:59:20,391 - chaotic_trainer - INFO - Reports generated:
2026-01-16 11:59:20,391 - chaotic_trainer - INFO -   Text report: /scratch/project_2003370/yueyao/Model/experiments/configs/sync_experiments/H3/H3d/chaotic_training_report.txt
2026-01-16 11:59:20,391 - chaotic_trainer - INFO -   JSON report: /scratch/project_2003370/yueyao/Model/experiments/configs/sync_experiments/H3/H3d/chaotic_training_results.json
2026-01-16 11:59:20,391 - chaotic_trainer - INFO - Chaotic training completed.
2026-01-16 11:59:20,392 - chaotic_trainer - INFO - ============================================================
2026-01-24 11:36:05,347 - chaotic_trainer - INFO - ============================================================
2026-01-24 11:36:05,363 - chaotic_trainer - INFO - CHAOTIC NEURAL NETWORKS TRAINING
2026-01-24 11:36:05,363 - chaotic_trainer - INFO - ============================================================
2026-01-24 11:36:05,363 - chaotic_trainer - INFO - Output directory: /scratch/project_2003370/yueyao/Model/experiments/configs/sync_experiments/H3/H3d
2026-01-24 11:36:05,364 - chaotic_trainer - INFO - Configuration: {
  "_nested": {
    "experiment": {
      "name": "#H3d sample_ratio=0.5 but margin=1.0"
    },
    "data": {
      "data_dir": "/scratch/project_2003370/yueyao/dataset/mini_librispeech/LibriSpeech/dev-clean-2",
      "train_split": 0.7,
      "val_split": 0.15,
      "test_split": 0.15,
      "num_workers": 4,
      "pin_memory": true
    },
    "audio": {
      "sample_rate": 16000,
      "max_audio_length": 3.0,
      "min_audio_length": 0.5,
      "frame_length": 400,
      "hop_length": 160,
      "normalize": true
    },
    "model": {
      "type": "full_chaotic",
      "num_speakers": 251,
      "phase_space": {
        "embedding_dim": 10,
        "delay_method": "autocorr"
      },
      "chaotic_features": {
        "mlsa": {
          "scales": 5
        },
        "rqa": {
          "radius_ratio": 0.1
        }
      },
      "chaotic_embedding": {
        "system_type": "lorenz",
        "evolution_time": 0.5,
        "time_step": 0.01,
        "lorenz": {
          "sigma": 10.0,
          "rho": 28.0,
          "beta": 2.6667
        }
      },
      "attractor_pooling": {
        "type": "comprehensive"
      },
      "speaker_embedding": {
        "dim": 256,
        "hidden_dims": [
          512,
          256,
          128
        ],
        "dropout_rate": 0.3,
        "use_batch_norm": true
      },
      "classifier": {
        "type": "cosine",
        "temperature": 30.0
      }
    },
    "optional_modules": {
      "bifurcation_control": {
        "enabled": false
      },
      "differentiable_features": {
        "enabled": true
      }
    },
    "loss": {
      "classification": {
        "type": "cross_entropy"
      },
      "stability": {
        "enabled": true,
        "weight": 0.1,
        "target_lyapunov_range": [
          0.1,
          2.0
        ],
        "trajectory_bound": 50.0,
        "collapse_threshold": 0.1,
        "diversity_weight": 0.05
      },
      "synchronization": {
        "enabled": true,
        "sync_weight": 0.1,
        "desync_weight": 0.1,
        "margin": 1.0,
        "sample_ratio": 0.5,
        "distance_type": "euclidean"
      },
      "adversarial": {
        "enabled": true,
        "warmup_epochs": 5,
        "perturbation_scale": 0.1,
        "weight": 0.3
      }
    },
    "training": {
      "batch_size": 32,
      "num_epochs": 100,
      "gradient_clipping": 1.0,
      "optimizer": {
        "type": "adamw",
        "learning_rate": 0.0005,
        "weight_decay": 0.0001,
        "betas": [
          0.9,
          0.999
        ]
      },
      "scheduler": {
        "type": "cosine",
        "T_max": 100,
        "eta_min": 1e-06
      },
      "early_stopping": {
        "enabled": true,
        "patience": 30,
        "monitor": "val_accuracy",
        "mode": "max"
      },
      "checkpoint": {
        "save_best_only": true,
        "save_frequency": 10
      }
    },
    "hardware": {
      "device": "auto",
      "seed": 42
    },
    "output": {
      "base_dir": "./experiments/outputs/experiment_A"
    }
  },
  "num_speakers": 251,
  "model_type": "full_chaotic",
  "embedding_dim": 10,
  "delay_method": "autocorr",
  "mlsa_scales": 5,
  "rqa_radius_ratio": 0.1,
  "chaotic_system": "lorenz",
  "evolution_time": 0.5,
  "time_step": 0.01,
  "coupling_strength": 1.0,
  "noise_level": 0.001,
  "pooling_type": "comprehensive",
  "speaker_embedding_dim": 256,
  "embedding_hidden_dims": [
    512,
    256,
    128
  ],
  "classifier_type": "cosine",
  "temperature": 30.0,
  "margin": 0.35,
  "batch_size": 32,
  "num_epochs": 100,
  "learning_rate": 0.0005,
  "weight_decay": 0.0001,
  "gradient_clipping": 1.0,
  "optimizer": {
    "type": "adamw",
    "params": {
      "betas": [
        0.9,
        0.999
      ],
      "eps": 1e-08,
      "weight_decay": 0.0001
    }
  },
  "scheduler": {
    "type": "cosine",
    "params": {
      "T_max": 100,
      "eta_min": 1e-06
    }
  },
  "early_stopping": {
    "patience": 30
  },
  "sample_rate": 16000,
  "max_audio_length": 3.0,
  "frame_length": 400,
  "hop_length": 160,
  "data_dir": "/scratch/project_2003370/yueyao/dataset/mini_librispeech/LibriSpeech/dev-clean-2",
  "device": "auto",
  "seed": 42,
  "loss_config": {
    "classification": {
      "type": "cross_entropy"
    },
    "stability": {
      "enabled": true,
      "weight": 0.1,
      "target_lyapunov_range": [
        0.1,
        2.0
      ],
      "trajectory_bound": 50.0,
      "collapse_threshold": 0.1,
      "diversity_weight": 0.05
    },
    "synchronization": {
      "enabled": true,
      "sync_weight": 0.1,
      "desync_weight": 0.1,
      "margin": 1.0,
      "sample_ratio": 0.5,
      "distance_type": "euclidean"
    },
    "adversarial": {
      "enabled": true,
      "warmup_epochs": 5,
      "perturbation_scale": 0.1,
      "weight": 0.3
    }
  },
  "optional_modules": {
    "bifurcation_control": {
      "enabled": false
    },
    "differentiable_features": {
      "enabled": true
    }
  },
  "epochs": 100,
  "optimize_parameters": true
}
2026-01-24 11:36:05,411 - chaotic_trainer - INFO - System info: {'platform': 'Linux-4.18.0-553.74.1.el8_10.x86_64-x86_64-with-glibc2.28', 'system': 'Linux', 'node': 'g1102.mahti.csc.fi', 'release': '4.18.0-553.74.1.el8_10.x86_64', 'version': '#1 SMP Sun Sep 7 09:23:35 EDT 2025', 'machine': 'x86_64', 'processor': 'x86_64', 'python_version': '3.12.10 (main, Jun  3 2025, 21:04:06) [GCC 8.5.0 20210514 (Red Hat 8.5.0-26)]', 'python_executable': '/usr/bin/python', 'cpu_count': 256, 'total_memory': 540285186048, 'available_memory': 516505227264, 'gpu_info': {'cuda_available': True, 'cuda_version': '12.6', 'gpu_count': 1, 'gpu_names': ['NVIDIA A100-SXM4-40GB MIG 1g.5gb']}, 'package_versions': {'numpy': '1.26.4', 'scipy': '1.13.1', 'scikit-learn': 'not installed', 'librosa': '0.11.0', 'soundfile': '0.13.1', 'torch': '2.7.1+cu126', 'tensorflow': 'not installed', 'matplotlib': '3.10.3', 'pandas': '2.3.0'}, 'git_info': {'commit_hash': '51c92cdc63686073ead2a70ee657542846b3dc20', 'branch': 'origin', 'is_dirty': True}}
2026-01-24 11:36:05,412 - chaotic_trainer - INFO - Training 1 systems × 1 types × 1 runs...
2026-01-24 11:36:05,412 - chaotic_trainer - INFO - Systems: ['lorenz']
2026-01-24 11:36:05,412 - chaotic_trainer - INFO - Model types: ['full_chaotic']
2026-01-24 11:36:05,412 - chaotic_trainer - INFO - 
============================================================
2026-01-24 11:36:05,412 - chaotic_trainer - INFO - TRAINING: LORENZ + FULL_CHAOTIC
2026-01-24 11:36:05,412 - chaotic_trainer - INFO - ============================================================
2026-01-24 11:36:05,412 - chaotic_trainer - INFO - Training chaotic_lorenz_full_chaotic_run_0...
2026-01-24 11:36:05,412 - chaotic_trainer - INFO - Optimizing parameters for lorenz system...
2026-01-24 11:36:05,443 - chaotic_trainer - INFO - Setting up chaotic_lorenz_full_chaotic_run_0...
2026-01-24 11:37:13,950 - chaotic_trainer - INFO - 🚀 No checkpoint specified, starting from scratch
2026-01-24 11:37:13,951 - chaotic_trainer - INFO - Model parameters: 520,511 (trainable: 520,511)
2026-01-24 11:37:13,951 - chaotic_trainer - INFO - Training with chaotic dynamics monitoring...
2026-01-24 11:37:13,951 - chaotic_trainer - INFO - Starting training from epoch 0 for 100 more epochs...
2026-01-24 11:48:35,747 - chaotic_trainer - INFO - Evaluating chaotic_lorenz_full_chaotic_run_0...
2026-01-24 11:48:36,590 - chaotic_trainer - INFO - Running chaotic analysis...
2026-01-24 11:48:39,691 - chaotic_trainer - INFO - Completed chaotic_lorenz_full_chaotic_run_0: Accuracy: 0.9492, Loss: 0.2597, Time: 750.3s
2026-01-24 11:48:39,700 - chaotic_trainer - INFO - Progress: 1/1 (100.0%)
2026-01-24 11:48:39,700 - chaotic_trainer - INFO - lorenz + full_chaotic Summary: 0.9492 ± 0.0000
2026-01-24 11:48:39,700 - chaotic_trainer - INFO - Analyzing chaotic training results...
2026-01-24 11:48:39,702 - chaotic_trainer - INFO - Generating comprehensive chaotic training report...
2026-01-24 11:48:41,451 - chaotic_trainer - INFO - Visualizations saved to: /scratch/project_2003370/yueyao/Model/experiments/configs/sync_experiments/H3/H3d/visualizations
2026-01-24 11:48:41,452 - chaotic_trainer - INFO - Reports generated:
2026-01-24 11:48:41,452 - chaotic_trainer - INFO -   Text report: /scratch/project_2003370/yueyao/Model/experiments/configs/sync_experiments/H3/H3d/chaotic_training_report.txt
2026-01-24 11:48:41,452 - chaotic_trainer - INFO -   JSON report: /scratch/project_2003370/yueyao/Model/experiments/configs/sync_experiments/H3/H3d/chaotic_training_results.json
2026-01-24 11:48:41,452 - chaotic_trainer - INFO - Chaotic training completed.
2026-01-24 11:48:41,452 - chaotic_trainer - INFO - ============================================================
