2026-01-09 22:27:19,497 - chaotic_trainer - INFO - ============================================================
2026-01-09 22:27:19,498 - chaotic_trainer - INFO - CHAOTIC NEURAL NETWORKS TRAINING
2026-01-09 22:27:19,498 - chaotic_trainer - INFO - ============================================================
2026-01-09 22:27:19,498 - chaotic_trainer - INFO - Output directory: /scratch/project_2003370/yueyao/Model/experiments/configs/sync_experiments/B1
2026-01-09 22:27:19,498 - chaotic_trainer - INFO - Configuration: {
  "_nested": {
    "experiment": {
      "name": "B1_staged_sync_first",
      "description": "Phase 1 (epoch 0-49): sync only, Phase 2 (epoch 50-99): desync only"
    },
    "data": {
      "data_dir": "/scratch/project_2003370/yueyao/dataset/mini_librispeech/LibriSpeech/dev-clean-2",
      "train_split": 0.7,
      "val_split": 0.15,
      "test_split": 0.15,
      "num_workers": 4,
      "pin_memory": true
    },
    "audio": {
      "sample_rate": 16000,
      "max_audio_length": 3.0,
      "min_audio_length": 0.5,
      "frame_length": 400,
      "hop_length": 160,
      "normalize": true
    },
    "model": {
      "type": "full_chaotic",
      "num_speakers": 251,
      "phase_space": {
        "embedding_dim": 10,
        "delay_method": "autocorr"
      },
      "chaotic_features": {
        "mlsa": {
          "scales": 5
        },
        "rqa": {
          "radius_ratio": 0.1
        }
      },
      "chaotic_embedding": {
        "system_type": "lorenz",
        "evolution_time": 0.5,
        "time_step": 0.01,
        "lorenz": {
          "sigma": 10.0,
          "rho": 28.0,
          "beta": 2.6667
        }
      },
      "attractor_pooling": {
        "type": "comprehensive"
      },
      "speaker_embedding": {
        "dim": 256,
        "hidden_dims": [
          512,
          256,
          128
        ],
        "dropout_rate": 0.3,
        "use_batch_norm": true
      },
      "classifier": {
        "type": "cosine",
        "temperature": 30.0
      }
    },
    "optional_modules": {
      "bifurcation_control": {
        "enabled": false
      },
      "differentiable_features": {
        "enabled": true
      }
    },
    "loss": {
      "classification": {
        "type": "cross_entropy"
      },
      "stability": {
        "enabled": true,
        "weight": 0.1
      },
      "synchronization": {
        "enabled": true,
        "sync_weight": 0.1,
        "desync_weight": 0.1,
        "margin": 5.0,
        "sample_ratio": 0.3,
        "distance_type": "euclidean",
        "schedule_mode": "sync_first",
        "phase1_epochs": 50
      },
      "adversarial": {
        "enabled": true,
        "warmup_epochs": 5,
        "perturbation_scale": 0.1,
        "weight": 0.3
      }
    },
    "training": {
      "batch_size": 32,
      "num_epochs": 100,
      "gradient_clipping": 1.0,
      "optimizer": {
        "type": "adamw",
        "learning_rate": 0.0005,
        "weight_decay": 0.0001,
        "betas": [
          0.9,
          0.999
        ]
      },
      "scheduler": {
        "type": "cosine",
        "T_max": 100,
        "eta_min": 1e-06
      },
      "early_stopping": {
        "enabled": true,
        "patience": 30,
        "monitor": "val_accuracy",
        "mode": "max"
      },
      "checkpoint": {
        "save_best_only": true,
        "save_frequency": 10
      }
    },
    "hardware": {
      "device": "auto",
      "seed": 42
    },
    "output": {
      "base_dir": "./experiments/outputs/option_B1"
    }
  },
  "num_speakers": 251,
  "model_type": "full_chaotic",
  "embedding_dim": 10,
  "delay_method": "autocorr",
  "mlsa_scales": 5,
  "rqa_radius_ratio": 0.1,
  "chaotic_system": "lorenz",
  "evolution_time": 0.5,
  "time_step": 0.01,
  "coupling_strength": 1.0,
  "noise_level": 0.001,
  "pooling_type": "comprehensive",
  "speaker_embedding_dim": 256,
  "embedding_hidden_dims": [
    512,
    256,
    128
  ],
  "classifier_type": "cosine",
  "temperature": 30.0,
  "margin": 0.35,
  "batch_size": 32,
  "num_epochs": 100,
  "learning_rate": 0.0005,
  "weight_decay": 0.0001,
  "gradient_clipping": 1.0,
  "optimizer": {
    "type": "adamw",
    "params": {
      "betas": [
        0.9,
        0.999
      ],
      "eps": 1e-08,
      "weight_decay": 0.0001
    }
  },
  "scheduler": {
    "type": "cosine",
    "params": {
      "T_max": 100,
      "eta_min": 1e-06
    }
  },
  "early_stopping": {
    "patience": 30
  },
  "sample_rate": 16000,
  "max_audio_length": 3.0,
  "frame_length": 400,
  "hop_length": 160,
  "data_dir": "/scratch/project_2003370/yueyao/dataset/mini_librispeech/LibriSpeech/dev-clean-2",
  "device": "auto",
  "seed": 42,
  "loss_config": {
    "classification": {
      "type": "cross_entropy"
    },
    "stability": {
      "enabled": true,
      "weight": 0.1
    },
    "synchronization": {
      "enabled": true,
      "sync_weight": 0.1,
      "desync_weight": 0.1,
      "margin": 5.0,
      "sample_ratio": 0.3,
      "distance_type": "euclidean",
      "schedule_mode": "sync_first",
      "phase1_epochs": 50
    },
    "adversarial": {
      "enabled": true,
      "warmup_epochs": 5,
      "perturbation_scale": 0.1,
      "weight": 0.3
    }
  },
  "optional_modules": {
    "bifurcation_control": {
      "enabled": false
    },
    "differentiable_features": {
      "enabled": true
    }
  },
  "epochs": 100,
  "optimize_parameters": true
}
2026-01-09 22:27:19,542 - chaotic_trainer - INFO - System info: {'platform': 'Linux-4.18.0-553.74.1.el8_10.x86_64-x86_64-with-glibc2.28', 'system': 'Linux', 'node': 'g1102.mahti.csc.fi', 'release': '4.18.0-553.74.1.el8_10.x86_64', 'version': '#1 SMP Sun Sep 7 09:23:35 EDT 2025', 'machine': 'x86_64', 'processor': 'x86_64', 'python_version': '3.12.10 (main, Jun  3 2025, 21:04:06) [GCC 8.5.0 20210514 (Red Hat 8.5.0-26)]', 'python_executable': '/usr/bin/python', 'cpu_count': 256, 'total_memory': 540285186048, 'available_memory': 503986372608, 'gpu_info': {'cuda_available': True, 'cuda_version': '12.6', 'gpu_count': 1, 'gpu_names': ['NVIDIA A100-SXM4-40GB MIG 1g.5gb']}, 'package_versions': {'numpy': '1.26.4', 'scipy': '1.13.1', 'scikit-learn': 'not installed', 'librosa': '0.11.0', 'soundfile': '0.13.1', 'torch': '2.7.1+cu126', 'tensorflow': 'not installed', 'matplotlib': '3.10.3', 'pandas': '2.3.0'}, 'git_info': {'commit_hash': '51c92cdc63686073ead2a70ee657542846b3dc20', 'branch': 'origin', 'is_dirty': True}}
2026-01-09 22:27:19,542 - chaotic_trainer - INFO - Training 1 systems × 1 types × 1 runs...
2026-01-09 22:27:19,542 - chaotic_trainer - INFO - Systems: ['lorenz']
2026-01-09 22:27:19,542 - chaotic_trainer - INFO - Model types: ['full_chaotic']
2026-01-09 22:27:19,542 - chaotic_trainer - INFO - 
============================================================
2026-01-09 22:27:19,542 - chaotic_trainer - INFO - TRAINING: LORENZ + FULL_CHAOTIC
2026-01-09 22:27:19,542 - chaotic_trainer - INFO - ============================================================
2026-01-09 22:27:19,542 - chaotic_trainer - INFO - Training chaotic_lorenz_full_chaotic_run_0...
2026-01-09 22:27:19,542 - chaotic_trainer - INFO - Optimizing parameters for lorenz system...
2026-01-09 22:27:19,555 - chaotic_trainer - ERROR - Failed to train chaotic_lorenz_full_chaotic_run_0: 'loss'
2026-01-09 22:27:19,555 - chaotic_trainer - ERROR - Traceback: Traceback (most recent call last):
  File "/scratch/project_2003370/yueyao/Model/scripts/train_chaotic.py", line 406, in train_single_experiment
    experiment = ChaoticExperiment(
                 ^^^^^^^^^^^^^^^^^^
  File "/scratch/project_2003370/yueyao/Model/experiments/chaotic_experiment.py", line 120, in __init__
    self.sync_loss = create_sync_loss(config['loss']['synchronization'])
                                      ~~~~~~^^^^^^^^
KeyError: 'loss'

2026-01-09 22:27:19,555 - chaotic_trainer - INFO - Progress: 1/1 (100.0%)
2026-01-09 22:27:19,555 - chaotic_trainer - WARNING - No successful runs for lorenz + full_chaotic
2026-01-09 22:27:19,555 - chaotic_trainer - INFO - Analyzing chaotic training results...
2026-01-09 22:27:19,555 - chaotic_trainer - INFO - Generating comprehensive chaotic training report...
2026-01-09 22:27:19,599 - chaotic_trainer - INFO - Visualizations saved to: /scratch/project_2003370/yueyao/Model/experiments/configs/sync_experiments/B1/visualizations
2026-01-09 22:27:19,599 - chaotic_trainer - INFO - Reports generated:
2026-01-09 22:27:19,599 - chaotic_trainer - INFO -   Text report: /scratch/project_2003370/yueyao/Model/experiments/configs/sync_experiments/B1/chaotic_training_report.txt
2026-01-09 22:27:19,599 - chaotic_trainer - INFO -   JSON report: /scratch/project_2003370/yueyao/Model/experiments/configs/sync_experiments/B1/chaotic_training_results.json
2026-01-09 22:27:19,599 - chaotic_trainer - INFO - Chaotic training completed.
2026-01-09 22:27:19,599 - chaotic_trainer - INFO - ============================================================
2026-01-09 22:28:29,364 - chaotic_trainer - INFO - ============================================================
2026-01-09 22:28:29,364 - chaotic_trainer - INFO - CHAOTIC NEURAL NETWORKS TRAINING
2026-01-09 22:28:29,364 - chaotic_trainer - INFO - ============================================================
2026-01-09 22:28:29,365 - chaotic_trainer - INFO - Output directory: /scratch/project_2003370/yueyao/Model/experiments/configs/sync_experiments/B1
2026-01-09 22:28:29,365 - chaotic_trainer - INFO - Configuration: {
  "_nested": {
    "experiment": {
      "name": "B1_staged_sync_first",
      "description": "Phase 1 (epoch 0-49): sync only, Phase 2 (epoch 50-99): desync only"
    },
    "data": {
      "data_dir": "/scratch/project_2003370/yueyao/dataset/mini_librispeech/LibriSpeech/dev-clean-2",
      "train_split": 0.7,
      "val_split": 0.15,
      "test_split": 0.15,
      "num_workers": 4,
      "pin_memory": true
    },
    "audio": {
      "sample_rate": 16000,
      "max_audio_length": 3.0,
      "min_audio_length": 0.5,
      "frame_length": 400,
      "hop_length": 160,
      "normalize": true
    },
    "model": {
      "type": "full_chaotic",
      "num_speakers": 251,
      "phase_space": {
        "embedding_dim": 10,
        "delay_method": "autocorr"
      },
      "chaotic_features": {
        "mlsa": {
          "scales": 5
        },
        "rqa": {
          "radius_ratio": 0.1
        }
      },
      "chaotic_embedding": {
        "system_type": "lorenz",
        "evolution_time": 0.5,
        "time_step": 0.01,
        "lorenz": {
          "sigma": 10.0,
          "rho": 28.0,
          "beta": 2.6667
        }
      },
      "attractor_pooling": {
        "type": "comprehensive"
      },
      "speaker_embedding": {
        "dim": 256,
        "hidden_dims": [
          512,
          256,
          128
        ],
        "dropout_rate": 0.3,
        "use_batch_norm": true
      },
      "classifier": {
        "type": "cosine",
        "temperature": 30.0
      }
    },
    "optional_modules": {
      "bifurcation_control": {
        "enabled": false
      },
      "differentiable_features": {
        "enabled": true
      }
    },
    "loss": {
      "classification": {
        "type": "cross_entropy"
      },
      "stability": {
        "enabled": true,
        "weight": 0.1
      },
      "synchronization": {
        "enabled": true,
        "sync_weight": 0.1,
        "desync_weight": 0.1,
        "margin": 5.0,
        "sample_ratio": 0.3,
        "distance_type": "euclidean",
        "schedule_mode": "sync_first",
        "phase1_epochs": 50
      },
      "adversarial": {
        "enabled": true,
        "warmup_epochs": 5,
        "perturbation_scale": 0.1,
        "weight": 0.3
      }
    },
    "training": {
      "batch_size": 32,
      "num_epochs": 100,
      "gradient_clipping": 1.0,
      "optimizer": {
        "type": "adamw",
        "learning_rate": 0.0005,
        "weight_decay": 0.0001,
        "betas": [
          0.9,
          0.999
        ]
      },
      "scheduler": {
        "type": "cosine",
        "T_max": 100,
        "eta_min": 1e-06
      },
      "early_stopping": {
        "enabled": true,
        "patience": 30,
        "monitor": "val_accuracy",
        "mode": "max"
      },
      "checkpoint": {
        "save_best_only": true,
        "save_frequency": 10
      }
    },
    "hardware": {
      "device": "auto",
      "seed": 42
    },
    "output": {
      "base_dir": "./experiments/outputs/option_B1"
    }
  },
  "num_speakers": 251,
  "model_type": "full_chaotic",
  "embedding_dim": 10,
  "delay_method": "autocorr",
  "mlsa_scales": 5,
  "rqa_radius_ratio": 0.1,
  "chaotic_system": "lorenz",
  "evolution_time": 0.5,
  "time_step": 0.01,
  "coupling_strength": 1.0,
  "noise_level": 0.001,
  "pooling_type": "comprehensive",
  "speaker_embedding_dim": 256,
  "embedding_hidden_dims": [
    512,
    256,
    128
  ],
  "classifier_type": "cosine",
  "temperature": 30.0,
  "margin": 0.35,
  "batch_size": 32,
  "num_epochs": 100,
  "learning_rate": 0.0005,
  "weight_decay": 0.0001,
  "gradient_clipping": 1.0,
  "optimizer": {
    "type": "adamw",
    "params": {
      "betas": [
        0.9,
        0.999
      ],
      "eps": 1e-08,
      "weight_decay": 0.0001
    }
  },
  "scheduler": {
    "type": "cosine",
    "params": {
      "T_max": 100,
      "eta_min": 1e-06
    }
  },
  "early_stopping": {
    "patience": 30
  },
  "sample_rate": 16000,
  "max_audio_length": 3.0,
  "frame_length": 400,
  "hop_length": 160,
  "data_dir": "/scratch/project_2003370/yueyao/dataset/mini_librispeech/LibriSpeech/dev-clean-2",
  "device": "auto",
  "seed": 42,
  "loss_config": {
    "classification": {
      "type": "cross_entropy"
    },
    "stability": {
      "enabled": true,
      "weight": 0.1
    },
    "synchronization": {
      "enabled": true,
      "sync_weight": 0.1,
      "desync_weight": 0.1,
      "margin": 5.0,
      "sample_ratio": 0.3,
      "distance_type": "euclidean",
      "schedule_mode": "sync_first",
      "phase1_epochs": 50
    },
    "adversarial": {
      "enabled": true,
      "warmup_epochs": 5,
      "perturbation_scale": 0.1,
      "weight": 0.3
    }
  },
  "optional_modules": {
    "bifurcation_control": {
      "enabled": false
    },
    "differentiable_features": {
      "enabled": true
    }
  },
  "epochs": 100,
  "optimize_parameters": true
}
2026-01-09 22:28:29,410 - chaotic_trainer - INFO - System info: {'platform': 'Linux-4.18.0-553.74.1.el8_10.x86_64-x86_64-with-glibc2.28', 'system': 'Linux', 'node': 'g1102.mahti.csc.fi', 'release': '4.18.0-553.74.1.el8_10.x86_64', 'version': '#1 SMP Sun Sep 7 09:23:35 EDT 2025', 'machine': 'x86_64', 'processor': 'x86_64', 'python_version': '3.12.10 (main, Jun  3 2025, 21:04:06) [GCC 8.5.0 20210514 (Red Hat 8.5.0-26)]', 'python_executable': '/usr/bin/python', 'cpu_count': 256, 'total_memory': 540285186048, 'available_memory': 504010031104, 'gpu_info': {'cuda_available': True, 'cuda_version': '12.6', 'gpu_count': 1, 'gpu_names': ['NVIDIA A100-SXM4-40GB MIG 1g.5gb']}, 'package_versions': {'numpy': '1.26.4', 'scipy': '1.13.1', 'scikit-learn': 'not installed', 'librosa': '0.11.0', 'soundfile': '0.13.1', 'torch': '2.7.1+cu126', 'tensorflow': 'not installed', 'matplotlib': '3.10.3', 'pandas': '2.3.0'}, 'git_info': {'commit_hash': '51c92cdc63686073ead2a70ee657542846b3dc20', 'branch': 'origin', 'is_dirty': True}}
2026-01-09 22:28:29,410 - chaotic_trainer - INFO - Training 1 systems × 1 types × 1 runs...
2026-01-09 22:28:29,411 - chaotic_trainer - INFO - Systems: ['lorenz']
2026-01-09 22:28:29,411 - chaotic_trainer - INFO - Model types: ['full_chaotic']
2026-01-09 22:28:29,411 - chaotic_trainer - INFO - 
============================================================
2026-01-09 22:28:29,411 - chaotic_trainer - INFO - TRAINING: LORENZ + FULL_CHAOTIC
2026-01-09 22:28:29,411 - chaotic_trainer - INFO - ============================================================
2026-01-09 22:28:29,411 - chaotic_trainer - INFO - Training chaotic_lorenz_full_chaotic_run_0...
2026-01-09 22:28:29,411 - chaotic_trainer - INFO - Optimizing parameters for lorenz system...
2026-01-09 22:28:29,422 - chaotic_trainer - ERROR - Failed to train chaotic_lorenz_full_chaotic_run_0: 'loss'
2026-01-09 22:28:29,422 - chaotic_trainer - ERROR - Traceback: Traceback (most recent call last):
  File "/scratch/project_2003370/yueyao/Model/scripts/train_chaotic.py", line 406, in train_single_experiment
    experiment = ChaoticExperiment(
                 ^^^^^^^^^^^^^^^^^^
  File "/scratch/project_2003370/yueyao/Model/experiments/chaotic_experiment.py", line 106, in __init__
    self.sync_loss = create_sync_loss(config['loss']['synchronization'])
                                      ~~~~~~^^^^^^^^
KeyError: 'loss'

2026-01-09 22:28:29,422 - chaotic_trainer - INFO - Progress: 1/1 (100.0%)
2026-01-09 22:28:29,423 - chaotic_trainer - WARNING - No successful runs for lorenz + full_chaotic
2026-01-09 22:28:29,423 - chaotic_trainer - INFO - Analyzing chaotic training results...
2026-01-09 22:28:29,423 - chaotic_trainer - INFO - Generating comprehensive chaotic training report...
2026-01-09 22:28:29,468 - chaotic_trainer - INFO - Visualizations saved to: /scratch/project_2003370/yueyao/Model/experiments/configs/sync_experiments/B1/visualizations
2026-01-09 22:28:29,468 - chaotic_trainer - INFO - Reports generated:
2026-01-09 22:28:29,468 - chaotic_trainer - INFO -   Text report: /scratch/project_2003370/yueyao/Model/experiments/configs/sync_experiments/B1/chaotic_training_report.txt
2026-01-09 22:28:29,469 - chaotic_trainer - INFO -   JSON report: /scratch/project_2003370/yueyao/Model/experiments/configs/sync_experiments/B1/chaotic_training_results.json
2026-01-09 22:28:29,469 - chaotic_trainer - INFO - Chaotic training completed.
2026-01-09 22:28:29,469 - chaotic_trainer - INFO - ============================================================
2026-01-09 22:37:34,008 - chaotic_trainer - INFO - ============================================================
2026-01-09 22:37:34,008 - chaotic_trainer - INFO - CHAOTIC NEURAL NETWORKS TRAINING
2026-01-09 22:37:34,008 - chaotic_trainer - INFO - ============================================================
2026-01-09 22:37:34,008 - chaotic_trainer - INFO - Output directory: /scratch/project_2003370/yueyao/Model/experiments/configs/sync_experiments/B1
2026-01-09 22:37:34,008 - chaotic_trainer - INFO - Configuration: {
  "_nested": {
    "experiment": {
      "name": "B1_staged_sync_first",
      "description": "Phase 1 (epoch 0-49): sync only, Phase 2 (epoch 50-99): desync only"
    },
    "data": {
      "data_dir": "/scratch/project_2003370/yueyao/dataset/mini_librispeech/LibriSpeech/dev-clean-2",
      "train_split": 0.7,
      "val_split": 0.15,
      "test_split": 0.15,
      "num_workers": 4,
      "pin_memory": true
    },
    "audio": {
      "sample_rate": 16000,
      "max_audio_length": 3.0,
      "min_audio_length": 0.5,
      "frame_length": 400,
      "hop_length": 160,
      "normalize": true
    },
    "model": {
      "type": "full_chaotic",
      "num_speakers": 251,
      "phase_space": {
        "embedding_dim": 10,
        "delay_method": "autocorr"
      },
      "chaotic_features": {
        "mlsa": {
          "scales": 5
        },
        "rqa": {
          "radius_ratio": 0.1
        }
      },
      "chaotic_embedding": {
        "system_type": "lorenz",
        "evolution_time": 0.5,
        "time_step": 0.01,
        "lorenz": {
          "sigma": 10.0,
          "rho": 28.0,
          "beta": 2.6667
        }
      },
      "attractor_pooling": {
        "type": "comprehensive"
      },
      "speaker_embedding": {
        "dim": 256,
        "hidden_dims": [
          512,
          256,
          128
        ],
        "dropout_rate": 0.3,
        "use_batch_norm": true
      },
      "classifier": {
        "type": "cosine",
        "temperature": 30.0
      }
    },
    "optional_modules": {
      "bifurcation_control": {
        "enabled": false
      },
      "differentiable_features": {
        "enabled": true
      }
    },
    "loss": {
      "classification": {
        "type": "cross_entropy"
      },
      "stability": {
        "enabled": true,
        "weight": 0.1
      },
      "synchronization": {
        "enabled": true,
        "sync_weight": 0.1,
        "desync_weight": 0.1,
        "margin": 5.0,
        "sample_ratio": 0.3,
        "distance_type": "euclidean",
        "schedule_mode": "sync_first",
        "phase1_epochs": 50
      },
      "adversarial": {
        "enabled": true,
        "warmup_epochs": 5,
        "perturbation_scale": 0.1,
        "weight": 0.3
      }
    },
    "training": {
      "batch_size": 32,
      "num_epochs": 100,
      "gradient_clipping": 1.0,
      "optimizer": {
        "type": "adamw",
        "learning_rate": 0.0005,
        "weight_decay": 0.0001,
        "betas": [
          0.9,
          0.999
        ]
      },
      "scheduler": {
        "type": "cosine",
        "T_max": 100,
        "eta_min": 1e-06
      },
      "early_stopping": {
        "enabled": true,
        "patience": 30,
        "monitor": "val_accuracy",
        "mode": "max"
      },
      "checkpoint": {
        "save_best_only": true,
        "save_frequency": 10
      }
    },
    "hardware": {
      "device": "auto",
      "seed": 42
    },
    "output": {
      "base_dir": "./experiments/outputs/option_B1"
    }
  },
  "num_speakers": 251,
  "model_type": "full_chaotic",
  "embedding_dim": 10,
  "delay_method": "autocorr",
  "mlsa_scales": 5,
  "rqa_radius_ratio": 0.1,
  "chaotic_system": "lorenz",
  "evolution_time": 0.5,
  "time_step": 0.01,
  "coupling_strength": 1.0,
  "noise_level": 0.001,
  "pooling_type": "comprehensive",
  "speaker_embedding_dim": 256,
  "embedding_hidden_dims": [
    512,
    256,
    128
  ],
  "classifier_type": "cosine",
  "temperature": 30.0,
  "margin": 0.35,
  "batch_size": 32,
  "num_epochs": 100,
  "learning_rate": 0.0005,
  "weight_decay": 0.0001,
  "gradient_clipping": 1.0,
  "optimizer": {
    "type": "adamw",
    "params": {
      "betas": [
        0.9,
        0.999
      ],
      "eps": 1e-08,
      "weight_decay": 0.0001
    }
  },
  "scheduler": {
    "type": "cosine",
    "params": {
      "T_max": 100,
      "eta_min": 1e-06
    }
  },
  "early_stopping": {
    "patience": 30
  },
  "sample_rate": 16000,
  "max_audio_length": 3.0,
  "frame_length": 400,
  "hop_length": 160,
  "data_dir": "/scratch/project_2003370/yueyao/dataset/mini_librispeech/LibriSpeech/dev-clean-2",
  "device": "auto",
  "seed": 42,
  "loss_config": {
    "classification": {
      "type": "cross_entropy"
    },
    "stability": {
      "enabled": true,
      "weight": 0.1
    },
    "synchronization": {
      "enabled": true,
      "sync_weight": 0.1,
      "desync_weight": 0.1,
      "margin": 5.0,
      "sample_ratio": 0.3,
      "distance_type": "euclidean",
      "schedule_mode": "sync_first",
      "phase1_epochs": 50
    },
    "adversarial": {
      "enabled": true,
      "warmup_epochs": 5,
      "perturbation_scale": 0.1,
      "weight": 0.3
    }
  },
  "optional_modules": {
    "bifurcation_control": {
      "enabled": false
    },
    "differentiable_features": {
      "enabled": true
    }
  },
  "epochs": 100,
  "optimize_parameters": true
}
2026-01-09 22:37:34,052 - chaotic_trainer - INFO - System info: {'platform': 'Linux-4.18.0-553.74.1.el8_10.x86_64-x86_64-with-glibc2.28', 'system': 'Linux', 'node': 'g1102.mahti.csc.fi', 'release': '4.18.0-553.74.1.el8_10.x86_64', 'version': '#1 SMP Sun Sep 7 09:23:35 EDT 2025', 'machine': 'x86_64', 'processor': 'x86_64', 'python_version': '3.12.10 (main, Jun  3 2025, 21:04:06) [GCC 8.5.0 20210514 (Red Hat 8.5.0-26)]', 'python_executable': '/usr/bin/python', 'cpu_count': 256, 'total_memory': 540285186048, 'available_memory': 505997213696, 'gpu_info': {'cuda_available': True, 'cuda_version': '12.6', 'gpu_count': 1, 'gpu_names': ['NVIDIA A100-SXM4-40GB MIG 1g.5gb']}, 'package_versions': {'numpy': '1.26.4', 'scipy': '1.13.1', 'scikit-learn': 'not installed', 'librosa': '0.11.0', 'soundfile': '0.13.1', 'torch': '2.7.1+cu126', 'tensorflow': 'not installed', 'matplotlib': '3.10.3', 'pandas': '2.3.0'}, 'git_info': {'commit_hash': '51c92cdc63686073ead2a70ee657542846b3dc20', 'branch': 'origin', 'is_dirty': True}}
2026-01-09 22:37:34,052 - chaotic_trainer - INFO - Training 1 systems × 1 types × 1 runs...
2026-01-09 22:37:34,052 - chaotic_trainer - INFO - Systems: ['lorenz']
2026-01-09 22:37:34,052 - chaotic_trainer - INFO - Model types: ['full_chaotic']
2026-01-09 22:37:34,052 - chaotic_trainer - INFO - 
============================================================
2026-01-09 22:37:34,052 - chaotic_trainer - INFO - TRAINING: LORENZ + FULL_CHAOTIC
2026-01-09 22:37:34,052 - chaotic_trainer - INFO - ============================================================
2026-01-09 22:37:34,052 - chaotic_trainer - INFO - Training chaotic_lorenz_full_chaotic_run_0...
2026-01-09 22:37:34,052 - chaotic_trainer - INFO - Optimizing parameters for lorenz system...
2026-01-09 22:37:34,062 - chaotic_trainer - INFO - Setting up chaotic_lorenz_full_chaotic_run_0...
2026-01-09 22:38:07,223 - chaotic_trainer - INFO - 🚀 No checkpoint specified, starting from scratch
2026-01-09 22:38:07,224 - chaotic_trainer - INFO - Model parameters: 458,181 (trainable: 458,181)
2026-01-09 22:38:07,224 - chaotic_trainer - INFO - Training with chaotic dynamics monitoring...
2026-01-09 22:38:07,224 - chaotic_trainer - INFO - Starting training from epoch 0 for 100 more epochs...
2026-01-09 22:38:08,192 - chaotic_trainer - ERROR - Failed to train chaotic_lorenz_full_chaotic_run_0: 'ChaoticExperiment' object has no attribute 'sync_loss_fn'
2026-01-09 22:38:08,195 - chaotic_trainer - ERROR - Traceback: Traceback (most recent call last):
  File "/scratch/project_2003370/yueyao/Model/scripts/train_chaotic.py", line 556, in train_single_experiment
    experiment.train(remaining_epochs)
  File "/scratch/project_2003370/yueyao/Model/experiments/base_experiment.py", line 636, in train
    train_metrics = self.train_epoch()
                    ^^^^^^^^^^^^^^^^^^
  File "/scratch/project_2003370/yueyao/Model/scripts/train_chaotic.py", line 533, in monitored_train_epoch
    metrics = original_train_epoch()
              ^^^^^^^^^^^^^^^^^^^^^^
  File "/scratch/project_2003370/yueyao/Model/experiments/chaotic_experiment.py", line 708, in train_epoch
    epoch_metrics = super().train_epoch()
                    ^^^^^^^^^^^^^^^^^^^^^
  File "/scratch/project_2003370/yueyao/Model/experiments/base_experiment.py", line 405, in train_epoch
    loss, predictions, targets = self.forward_pass(batch, training=True)
                                 ^^^^^^^^^^^^^^^^^^^^^^^^^^^^^^^^^^^^^^^
  File "/scratch/project_2003370/yueyao/Model/experiments/chaotic_experiment.py", line 570, in forward_pass
    if self.sync_loss_fn is None:
       ^^^^^^^^^^^^^^^^^
AttributeError: 'ChaoticExperiment' object has no attribute 'sync_loss_fn'. Did you mean: 'sync_loss'?

2026-01-09 22:38:08,201 - chaotic_trainer - INFO - Progress: 1/1 (100.0%)
2026-01-09 22:38:08,201 - chaotic_trainer - WARNING - No successful runs for lorenz + full_chaotic
2026-01-09 22:38:08,201 - chaotic_trainer - INFO - Analyzing chaotic training results...
2026-01-09 22:38:08,201 - chaotic_trainer - INFO - Generating comprehensive chaotic training report...
2026-01-09 22:38:08,245 - chaotic_trainer - INFO - Visualizations saved to: /scratch/project_2003370/yueyao/Model/experiments/configs/sync_experiments/B1/visualizations
2026-01-09 22:38:08,245 - chaotic_trainer - INFO - Reports generated:
2026-01-09 22:38:08,245 - chaotic_trainer - INFO -   Text report: /scratch/project_2003370/yueyao/Model/experiments/configs/sync_experiments/B1/chaotic_training_report.txt
2026-01-09 22:38:08,245 - chaotic_trainer - INFO -   JSON report: /scratch/project_2003370/yueyao/Model/experiments/configs/sync_experiments/B1/chaotic_training_results.json
2026-01-09 22:38:08,245 - chaotic_trainer - INFO - Chaotic training completed.
2026-01-09 22:38:08,245 - chaotic_trainer - INFO - ============================================================
2026-01-09 22:42:11,157 - chaotic_trainer - INFO - ============================================================
2026-01-09 22:42:11,157 - chaotic_trainer - INFO - CHAOTIC NEURAL NETWORKS TRAINING
2026-01-09 22:42:11,157 - chaotic_trainer - INFO - ============================================================
2026-01-09 22:42:11,157 - chaotic_trainer - INFO - Output directory: /scratch/project_2003370/yueyao/Model/experiments/configs/sync_experiments/B1
2026-01-09 22:42:11,158 - chaotic_trainer - INFO - Configuration: {
  "_nested": {
    "experiment": {
      "name": "B1_staged_sync_first",
      "description": "Phase 1 (epoch 0-49): sync only, Phase 2 (epoch 50-99): desync only"
    },
    "data": {
      "data_dir": "/scratch/project_2003370/yueyao/dataset/mini_librispeech/LibriSpeech/dev-clean-2",
      "train_split": 0.7,
      "val_split": 0.15,
      "test_split": 0.15,
      "num_workers": 4,
      "pin_memory": true
    },
    "audio": {
      "sample_rate": 16000,
      "max_audio_length": 3.0,
      "min_audio_length": 0.5,
      "frame_length": 400,
      "hop_length": 160,
      "normalize": true
    },
    "model": {
      "type": "full_chaotic",
      "num_speakers": 251,
      "phase_space": {
        "embedding_dim": 10,
        "delay_method": "autocorr"
      },
      "chaotic_features": {
        "mlsa": {
          "scales": 5
        },
        "rqa": {
          "radius_ratio": 0.1
        }
      },
      "chaotic_embedding": {
        "system_type": "lorenz",
        "evolution_time": 0.5,
        "time_step": 0.01,
        "lorenz": {
          "sigma": 10.0,
          "rho": 28.0,
          "beta": 2.6667
        }
      },
      "attractor_pooling": {
        "type": "comprehensive"
      },
      "speaker_embedding": {
        "dim": 256,
        "hidden_dims": [
          512,
          256,
          128
        ],
        "dropout_rate": 0.3,
        "use_batch_norm": true
      },
      "classifier": {
        "type": "cosine",
        "temperature": 30.0
      }
    },
    "optional_modules": {
      "bifurcation_control": {
        "enabled": false
      },
      "differentiable_features": {
        "enabled": true
      }
    },
    "loss": {
      "classification": {
        "type": "cross_entropy"
      },
      "stability": {
        "enabled": true,
        "weight": 0.1
      },
      "synchronization": {
        "enabled": true,
        "sync_weight": 0.1,
        "desync_weight": 0.1,
        "margin": 5.0,
        "sample_ratio": 0.3,
        "distance_type": "euclidean",
        "schedule_mode": "sync_first",
        "phase1_epochs": 50
      },
      "adversarial": {
        "enabled": true,
        "warmup_epochs": 5,
        "perturbation_scale": 0.1,
        "weight": 0.3
      }
    },
    "training": {
      "batch_size": 32,
      "num_epochs": 100,
      "gradient_clipping": 1.0,
      "optimizer": {
        "type": "adamw",
        "learning_rate": 0.0005,
        "weight_decay": 0.0001,
        "betas": [
          0.9,
          0.999
        ]
      },
      "scheduler": {
        "type": "cosine",
        "T_max": 100,
        "eta_min": 1e-06
      },
      "early_stopping": {
        "enabled": true,
        "patience": 30,
        "monitor": "val_accuracy",
        "mode": "max"
      },
      "checkpoint": {
        "save_best_only": true,
        "save_frequency": 10
      }
    },
    "hardware": {
      "device": "auto",
      "seed": 42
    },
    "output": {
      "base_dir": "./experiments/outputs/option_B1"
    }
  },
  "num_speakers": 251,
  "model_type": "full_chaotic",
  "embedding_dim": 10,
  "delay_method": "autocorr",
  "mlsa_scales": 5,
  "rqa_radius_ratio": 0.1,
  "chaotic_system": "lorenz",
  "evolution_time": 0.5,
  "time_step": 0.01,
  "coupling_strength": 1.0,
  "noise_level": 0.001,
  "pooling_type": "comprehensive",
  "speaker_embedding_dim": 256,
  "embedding_hidden_dims": [
    512,
    256,
    128
  ],
  "classifier_type": "cosine",
  "temperature": 30.0,
  "margin": 0.35,
  "batch_size": 32,
  "num_epochs": 100,
  "learning_rate": 0.0005,
  "weight_decay": 0.0001,
  "gradient_clipping": 1.0,
  "optimizer": {
    "type": "adamw",
    "params": {
      "betas": [
        0.9,
        0.999
      ],
      "eps": 1e-08,
      "weight_decay": 0.0001
    }
  },
  "scheduler": {
    "type": "cosine",
    "params": {
      "T_max": 100,
      "eta_min": 1e-06
    }
  },
  "early_stopping": {
    "patience": 30
  },
  "sample_rate": 16000,
  "max_audio_length": 3.0,
  "frame_length": 400,
  "hop_length": 160,
  "data_dir": "/scratch/project_2003370/yueyao/dataset/mini_librispeech/LibriSpeech/dev-clean-2",
  "device": "auto",
  "seed": 42,
  "loss_config": {
    "classification": {
      "type": "cross_entropy"
    },
    "stability": {
      "enabled": true,
      "weight": 0.1
    },
    "synchronization": {
      "enabled": true,
      "sync_weight": 0.1,
      "desync_weight": 0.1,
      "margin": 5.0,
      "sample_ratio": 0.3,
      "distance_type": "euclidean",
      "schedule_mode": "sync_first",
      "phase1_epochs": 50
    },
    "adversarial": {
      "enabled": true,
      "warmup_epochs": 5,
      "perturbation_scale": 0.1,
      "weight": 0.3
    }
  },
  "optional_modules": {
    "bifurcation_control": {
      "enabled": false
    },
    "differentiable_features": {
      "enabled": true
    }
  },
  "epochs": 100,
  "optimize_parameters": true
}
2026-01-09 22:42:11,201 - chaotic_trainer - INFO - System info: {'platform': 'Linux-4.18.0-553.74.1.el8_10.x86_64-x86_64-with-glibc2.28', 'system': 'Linux', 'node': 'g1102.mahti.csc.fi', 'release': '4.18.0-553.74.1.el8_10.x86_64', 'version': '#1 SMP Sun Sep 7 09:23:35 EDT 2025', 'machine': 'x86_64', 'processor': 'x86_64', 'python_version': '3.12.10 (main, Jun  3 2025, 21:04:06) [GCC 8.5.0 20210514 (Red Hat 8.5.0-26)]', 'python_executable': '/usr/bin/python', 'cpu_count': 256, 'total_memory': 540285186048, 'available_memory': 505719394304, 'gpu_info': {'cuda_available': True, 'cuda_version': '12.6', 'gpu_count': 1, 'gpu_names': ['NVIDIA A100-SXM4-40GB MIG 1g.5gb']}, 'package_versions': {'numpy': '1.26.4', 'scipy': '1.13.1', 'scikit-learn': 'not installed', 'librosa': '0.11.0', 'soundfile': '0.13.1', 'torch': '2.7.1+cu126', 'tensorflow': 'not installed', 'matplotlib': '3.10.3', 'pandas': '2.3.0'}, 'git_info': {'commit_hash': '51c92cdc63686073ead2a70ee657542846b3dc20', 'branch': 'origin', 'is_dirty': True}}
2026-01-09 22:42:11,201 - chaotic_trainer - INFO - Training 1 systems × 1 types × 1 runs...
2026-01-09 22:42:11,201 - chaotic_trainer - INFO - Systems: ['lorenz']
2026-01-09 22:42:11,202 - chaotic_trainer - INFO - Model types: ['full_chaotic']
2026-01-09 22:42:11,202 - chaotic_trainer - INFO - 
============================================================
2026-01-09 22:42:11,202 - chaotic_trainer - INFO - TRAINING: LORENZ + FULL_CHAOTIC
2026-01-09 22:42:11,202 - chaotic_trainer - INFO - ============================================================
2026-01-09 22:42:11,202 - chaotic_trainer - INFO - Training chaotic_lorenz_full_chaotic_run_0...
2026-01-09 22:42:11,202 - chaotic_trainer - INFO - Optimizing parameters for lorenz system...
2026-01-09 22:42:11,212 - chaotic_trainer - INFO - Setting up chaotic_lorenz_full_chaotic_run_0...
2026-01-09 22:42:44,104 - chaotic_trainer - INFO - 🚀 No checkpoint specified, starting from scratch
2026-01-09 22:42:44,104 - chaotic_trainer - INFO - Model parameters: 458,181 (trainable: 458,181)
2026-01-09 22:42:44,104 - chaotic_trainer - INFO - Training with chaotic dynamics monitoring...
2026-01-09 22:42:44,104 - chaotic_trainer - INFO - Starting training from epoch 0 for 100 more epochs...
2026-01-09 22:57:35,516 - chaotic_trainer - INFO - Evaluating chaotic_lorenz_full_chaotic_run_0...
2026-01-09 22:57:36,562 - chaotic_trainer - INFO - Running chaotic analysis...
2026-01-09 22:57:40,376 - chaotic_trainer - INFO - Completed chaotic_lorenz_full_chaotic_run_0: Accuracy: 0.9661, Loss: 0.1390, Time: 924.3s
2026-01-09 22:57:40,466 - chaotic_trainer - INFO - Progress: 1/1 (100.0%)
2026-01-09 22:57:40,467 - chaotic_trainer - INFO - lorenz + full_chaotic Summary: 0.9661 ± 0.0000
2026-01-09 22:57:40,467 - chaotic_trainer - INFO - Analyzing chaotic training results...
2026-01-09 22:57:40,468 - chaotic_trainer - INFO - Generating comprehensive chaotic training report...
2026-01-09 22:57:42,226 - chaotic_trainer - INFO - Visualizations saved to: /scratch/project_2003370/yueyao/Model/experiments/configs/sync_experiments/B1/visualizations
2026-01-09 22:57:42,226 - chaotic_trainer - INFO - Reports generated:
2026-01-09 22:57:42,226 - chaotic_trainer - INFO -   Text report: /scratch/project_2003370/yueyao/Model/experiments/configs/sync_experiments/B1/chaotic_training_report.txt
2026-01-09 22:57:42,226 - chaotic_trainer - INFO -   JSON report: /scratch/project_2003370/yueyao/Model/experiments/configs/sync_experiments/B1/chaotic_training_results.json
2026-01-09 22:57:42,227 - chaotic_trainer - INFO - Chaotic training completed.
2026-01-09 22:57:42,227 - chaotic_trainer - INFO - ============================================================
2026-01-10 10:02:53,710 - chaotic_trainer - INFO - ============================================================
2026-01-10 10:02:53,723 - chaotic_trainer - INFO - CHAOTIC NEURAL NETWORKS TRAINING
2026-01-10 10:02:53,723 - chaotic_trainer - INFO - ============================================================
2026-01-10 10:02:53,723 - chaotic_trainer - INFO - Output directory: /scratch/project_2003370/yueyao/Model/experiments/configs/sync_experiments/B1
2026-01-10 10:02:53,724 - chaotic_trainer - INFO - Configuration: {
  "_nested": {
    "experiment": {
      "name": "B1_staged_sync_first",
      "description": "Phase 1 (epoch 0-49): sync only, Phase 2 (epoch 50-99): desync only"
    },
    "data": {
      "data_dir": "/scratch/project_2003370/yueyao/dataset/mini_librispeech/LibriSpeech/dev-clean-2",
      "train_split": 0.7,
      "val_split": 0.15,
      "test_split": 0.15,
      "num_workers": 4,
      "pin_memory": true
    },
    "audio": {
      "sample_rate": 16000,
      "max_audio_length": 3.0,
      "min_audio_length": 0.5,
      "frame_length": 400,
      "hop_length": 160,
      "normalize": true
    },
    "model": {
      "type": "full_chaotic",
      "num_speakers": 251,
      "phase_space": {
        "embedding_dim": 10,
        "delay_method": "autocorr"
      },
      "chaotic_features": {
        "mlsa": {
          "scales": 5
        },
        "rqa": {
          "radius_ratio": 0.1
        }
      },
      "chaotic_embedding": {
        "system_type": "lorenz",
        "evolution_time": 0.5,
        "time_step": 0.01,
        "lorenz": {
          "sigma": 10.0,
          "rho": 28.0,
          "beta": 2.6667
        }
      },
      "attractor_pooling": {
        "type": "comprehensive"
      },
      "speaker_embedding": {
        "dim": 256,
        "hidden_dims": [
          512,
          256,
          128
        ],
        "dropout_rate": 0.3,
        "use_batch_norm": true
      },
      "classifier": {
        "type": "cosine",
        "temperature": 30.0
      }
    },
    "optional_modules": {
      "bifurcation_control": {
        "enabled": false
      },
      "differentiable_features": {
        "enabled": true
      }
    },
    "loss": {
      "classification": {
        "type": "cross_entropy"
      },
      "stability": {
        "enabled": true,
        "weight": 0.1
      },
      "synchronization": {
        "enabled": true,
        "sync_weight": 0.1,
        "desync_weight": 0.1,
        "margin": 5.0,
        "sample_ratio": 0.3,
        "distance_type": "euclidean",
        "schedule_mode": "sync_first",
        "phase1_epochs": 50
      },
      "adversarial": {
        "enabled": true,
        "warmup_epochs": 5,
        "perturbation_scale": 0.1,
        "weight": 0.3
      }
    },
    "training": {
      "batch_size": 32,
      "num_epochs": 100,
      "gradient_clipping": 1.0,
      "optimizer": {
        "type": "adamw",
        "learning_rate": 0.0005,
        "weight_decay": 0.0001,
        "betas": [
          0.9,
          0.999
        ]
      },
      "scheduler": {
        "type": "cosine",
        "T_max": 100,
        "eta_min": 1e-06
      },
      "early_stopping": {
        "enabled": true,
        "patience": 30,
        "monitor": "val_accuracy",
        "mode": "max"
      },
      "checkpoint": {
        "save_best_only": true,
        "save_frequency": 10
      }
    },
    "hardware": {
      "device": "auto",
      "seed": 42
    },
    "output": {
      "base_dir": "./experiments/outputs/option_B1"
    }
  },
  "num_speakers": 251,
  "model_type": "full_chaotic",
  "embedding_dim": 10,
  "delay_method": "autocorr",
  "mlsa_scales": 5,
  "rqa_radius_ratio": 0.1,
  "chaotic_system": "lorenz",
  "evolution_time": 0.5,
  "time_step": 0.01,
  "coupling_strength": 1.0,
  "noise_level": 0.001,
  "pooling_type": "comprehensive",
  "speaker_embedding_dim": 256,
  "embedding_hidden_dims": [
    512,
    256,
    128
  ],
  "classifier_type": "cosine",
  "temperature": 30.0,
  "margin": 0.35,
  "batch_size": 32,
  "num_epochs": 100,
  "learning_rate": 0.0005,
  "weight_decay": 0.0001,
  "gradient_clipping": 1.0,
  "optimizer": {
    "type": "adamw",
    "params": {
      "betas": [
        0.9,
        0.999
      ],
      "eps": 1e-08,
      "weight_decay": 0.0001
    }
  },
  "scheduler": {
    "type": "cosine",
    "params": {
      "T_max": 100,
      "eta_min": 1e-06
    }
  },
  "early_stopping": {
    "patience": 30
  },
  "sample_rate": 16000,
  "max_audio_length": 3.0,
  "frame_length": 400,
  "hop_length": 160,
  "data_dir": "/scratch/project_2003370/yueyao/dataset/mini_librispeech/LibriSpeech/dev-clean-2",
  "device": "auto",
  "seed": 42,
  "loss_config": {
    "classification": {
      "type": "cross_entropy"
    },
    "stability": {
      "enabled": true,
      "weight": 0.1
    },
    "synchronization": {
      "enabled": true,
      "sync_weight": 0.1,
      "desync_weight": 0.1,
      "margin": 5.0,
      "sample_ratio": 0.3,
      "distance_type": "euclidean",
      "schedule_mode": "sync_first",
      "phase1_epochs": 50
    },
    "adversarial": {
      "enabled": true,
      "warmup_epochs": 5,
      "perturbation_scale": 0.1,
      "weight": 0.3
    }
  },
  "optional_modules": {
    "bifurcation_control": {
      "enabled": false
    },
    "differentiable_features": {
      "enabled": true
    }
  },
  "epochs": 100,
  "optimize_parameters": true
}
2026-01-10 10:02:53,768 - chaotic_trainer - INFO - System info: {'platform': 'Linux-4.18.0-553.74.1.el8_10.x86_64-x86_64-with-glibc2.28', 'system': 'Linux', 'node': 'g1102.mahti.csc.fi', 'release': '4.18.0-553.74.1.el8_10.x86_64', 'version': '#1 SMP Sun Sep 7 09:23:35 EDT 2025', 'machine': 'x86_64', 'processor': 'x86_64', 'python_version': '3.12.10 (main, Jun  3 2025, 21:04:06) [GCC 8.5.0 20210514 (Red Hat 8.5.0-26)]', 'python_executable': '/usr/bin/python', 'cpu_count': 256, 'total_memory': 540285186048, 'available_memory': 512945238016, 'gpu_info': {'cuda_available': True, 'cuda_version': '12.6', 'gpu_count': 1, 'gpu_names': ['NVIDIA A100-SXM4-40GB MIG 1g.5gb']}, 'package_versions': {'numpy': '1.26.4', 'scipy': '1.13.1', 'scikit-learn': 'not installed', 'librosa': '0.11.0', 'soundfile': '0.13.1', 'torch': '2.7.1+cu126', 'tensorflow': 'not installed', 'matplotlib': '3.10.3', 'pandas': '2.3.0'}, 'git_info': {'commit_hash': '51c92cdc63686073ead2a70ee657542846b3dc20', 'branch': 'origin', 'is_dirty': True}}
2026-01-10 10:02:53,768 - chaotic_trainer - INFO - Training 1 systems × 1 types × 1 runs...
2026-01-10 10:02:53,768 - chaotic_trainer - INFO - Systems: ['lorenz']
2026-01-10 10:02:53,768 - chaotic_trainer - INFO - Model types: ['full_chaotic']
2026-01-10 10:02:53,768 - chaotic_trainer - INFO - 
============================================================
2026-01-10 10:02:53,769 - chaotic_trainer - INFO - TRAINING: LORENZ + FULL_CHAOTIC
2026-01-10 10:02:53,769 - chaotic_trainer - INFO - ============================================================
2026-01-10 10:02:53,769 - chaotic_trainer - INFO - Training chaotic_lorenz_full_chaotic_run_0...
2026-01-10 10:02:53,769 - chaotic_trainer - INFO - Optimizing parameters for lorenz system...
2026-01-10 10:02:53,788 - chaotic_trainer - INFO - Setting up chaotic_lorenz_full_chaotic_run_0...
2026-01-10 10:03:53,842 - chaotic_trainer - INFO - 🚀 No checkpoint specified, starting from scratch
2026-01-10 10:03:53,843 - chaotic_trainer - INFO - Model parameters: 458,181 (trainable: 458,181)
2026-01-10 10:03:53,843 - chaotic_trainer - INFO - Training with chaotic dynamics monitoring...
2026-01-10 10:03:53,843 - chaotic_trainer - INFO - Starting training from epoch 0 for 100 more epochs...
2026-01-10 10:20:02,385 - chaotic_trainer - INFO - Evaluating chaotic_lorenz_full_chaotic_run_0...
2026-01-10 10:20:03,371 - chaotic_trainer - INFO - Running chaotic analysis...
2026-01-10 10:20:07,717 - chaotic_trainer - INFO - Completed chaotic_lorenz_full_chaotic_run_0: Accuracy: 0.9576, Loss: 0.2266, Time: 1028.6s
2026-01-10 10:20:07,807 - chaotic_trainer - INFO - Progress: 1/1 (100.0%)
2026-01-10 10:20:07,807 - chaotic_trainer - INFO - lorenz + full_chaotic Summary: 0.9576 ± 0.0000
2026-01-10 10:20:07,807 - chaotic_trainer - INFO - Analyzing chaotic training results...
2026-01-10 10:20:07,808 - chaotic_trainer - INFO - Generating comprehensive chaotic training report...
2026-01-10 10:20:09,663 - chaotic_trainer - INFO - Visualizations saved to: /scratch/project_2003370/yueyao/Model/experiments/configs/sync_experiments/B1/visualizations
2026-01-10 10:20:09,664 - chaotic_trainer - INFO - Reports generated:
2026-01-10 10:20:09,664 - chaotic_trainer - INFO -   Text report: /scratch/project_2003370/yueyao/Model/experiments/configs/sync_experiments/B1/chaotic_training_report.txt
2026-01-10 10:20:09,664 - chaotic_trainer - INFO -   JSON report: /scratch/project_2003370/yueyao/Model/experiments/configs/sync_experiments/B1/chaotic_training_results.json
2026-01-10 10:20:09,664 - chaotic_trainer - INFO - Chaotic training completed.
2026-01-10 10:20:09,664 - chaotic_trainer - INFO - ============================================================
2026-01-10 12:27:39,580 - chaotic_trainer - INFO - ============================================================
2026-01-10 12:27:39,580 - chaotic_trainer - INFO - CHAOTIC NEURAL NETWORKS TRAINING
2026-01-10 12:27:39,580 - chaotic_trainer - INFO - ============================================================
2026-01-10 12:27:39,580 - chaotic_trainer - INFO - Output directory: /scratch/project_2003370/yueyao/Model/experiments/configs/sync_experiments/B1
2026-01-10 12:27:39,581 - chaotic_trainer - INFO - Configuration: {
  "_nested": {
    "experiment": {
      "name": "B1_staged_sync_first",
      "description": "Phase 1 (epoch 0-49): sync only, Phase 2 (epoch 50-99): desync only"
    },
    "data": {
      "data_dir": "/scratch/project_2003370/yueyao/dataset/mini_librispeech/LibriSpeech/dev-clean-2",
      "train_split": 0.7,
      "val_split": 0.15,
      "test_split": 0.15,
      "num_workers": 4,
      "pin_memory": true
    },
    "audio": {
      "sample_rate": 16000,
      "max_audio_length": 3.0,
      "min_audio_length": 0.5,
      "frame_length": 400,
      "hop_length": 160,
      "normalize": true
    },
    "model": {
      "type": "full_chaotic",
      "num_speakers": 251,
      "phase_space": {
        "embedding_dim": 10,
        "delay_method": "autocorr"
      },
      "chaotic_features": {
        "mlsa": {
          "scales": 5
        },
        "rqa": {
          "radius_ratio": 0.1
        }
      },
      "chaotic_embedding": {
        "system_type": "lorenz",
        "evolution_time": 0.5,
        "time_step": 0.01,
        "lorenz": {
          "sigma": 10.0,
          "rho": 28.0,
          "beta": 2.6667
        }
      },
      "attractor_pooling": {
        "type": "comprehensive"
      },
      "speaker_embedding": {
        "dim": 256,
        "hidden_dims": [
          512,
          256,
          128
        ],
        "dropout_rate": 0.3,
        "use_batch_norm": true
      },
      "classifier": {
        "type": "cosine",
        "temperature": 30.0
      }
    },
    "optional_modules": {
      "bifurcation_control": {
        "enabled": false
      },
      "differentiable_features": {
        "enabled": true
      }
    },
    "loss": {
      "classification": {
        "type": "cross_entropy"
      },
      "stability": {
        "enabled": true,
        "weight": 0.1
      },
      "synchronization": {
        "enabled": true,
        "sync_weight": 0.1,
        "desync_weight": 0.1,
        "margin": 5.0,
        "sample_ratio": 0.3,
        "distance_type": "euclidean",
        "schedule_mode": "sync_first",
        "phase1_epochs": 50
      },
      "adversarial": {
        "enabled": true,
        "warmup_epochs": 5,
        "perturbation_scale": 0.1,
        "weight": 0.3
      }
    },
    "training": {
      "batch_size": 32,
      "num_epochs": 100,
      "gradient_clipping": 1.0,
      "optimizer": {
        "type": "adamw",
        "learning_rate": 0.0005,
        "weight_decay": 0.0001,
        "betas": [
          0.9,
          0.999
        ]
      },
      "scheduler": {
        "type": "cosine",
        "T_max": 100,
        "eta_min": 1e-06
      },
      "early_stopping": {
        "enabled": true,
        "patience": 30,
        "monitor": "val_accuracy",
        "mode": "max"
      },
      "checkpoint": {
        "save_best_only": true,
        "save_frequency": 10
      }
    },
    "hardware": {
      "device": "auto",
      "seed": 42
    },
    "output": {
      "base_dir": "./experiments/outputs/option_B1"
    }
  },
  "num_speakers": 251,
  "model_type": "full_chaotic",
  "embedding_dim": 10,
  "delay_method": "autocorr",
  "mlsa_scales": 5,
  "rqa_radius_ratio": 0.1,
  "chaotic_system": "lorenz",
  "evolution_time": 0.5,
  "time_step": 0.01,
  "coupling_strength": 1.0,
  "noise_level": 0.001,
  "pooling_type": "comprehensive",
  "speaker_embedding_dim": 256,
  "embedding_hidden_dims": [
    512,
    256,
    128
  ],
  "classifier_type": "cosine",
  "temperature": 30.0,
  "margin": 0.35,
  "batch_size": 32,
  "num_epochs": 100,
  "learning_rate": 0.0005,
  "weight_decay": 0.0001,
  "gradient_clipping": 1.0,
  "optimizer": {
    "type": "adamw",
    "params": {
      "betas": [
        0.9,
        0.999
      ],
      "eps": 1e-08,
      "weight_decay": 0.0001
    }
  },
  "scheduler": {
    "type": "cosine",
    "params": {
      "T_max": 100,
      "eta_min": 1e-06
    }
  },
  "early_stopping": {
    "patience": 30
  },
  "sample_rate": 16000,
  "max_audio_length": 3.0,
  "frame_length": 400,
  "hop_length": 160,
  "data_dir": "/scratch/project_2003370/yueyao/dataset/mini_librispeech/LibriSpeech/dev-clean-2",
  "device": "auto",
  "seed": 42,
  "loss_config": {
    "classification": {
      "type": "cross_entropy"
    },
    "stability": {
      "enabled": true,
      "weight": 0.1
    },
    "synchronization": {
      "enabled": true,
      "sync_weight": 0.1,
      "desync_weight": 0.1,
      "margin": 5.0,
      "sample_ratio": 0.3,
      "distance_type": "euclidean",
      "schedule_mode": "sync_first",
      "phase1_epochs": 50
    },
    "adversarial": {
      "enabled": true,
      "warmup_epochs": 5,
      "perturbation_scale": 0.1,
      "weight": 0.3
    }
  },
  "optional_modules": {
    "bifurcation_control": {
      "enabled": false
    },
    "differentiable_features": {
      "enabled": true
    }
  },
  "epochs": 100,
  "optimize_parameters": true
}
2026-01-10 12:27:39,625 - chaotic_trainer - INFO - System info: {'platform': 'Linux-4.18.0-553.74.1.el8_10.x86_64-x86_64-with-glibc2.28', 'system': 'Linux', 'node': 'g1102.mahti.csc.fi', 'release': '4.18.0-553.74.1.el8_10.x86_64', 'version': '#1 SMP Sun Sep 7 09:23:35 EDT 2025', 'machine': 'x86_64', 'processor': 'x86_64', 'python_version': '3.12.10 (main, Jun  3 2025, 21:04:06) [GCC 8.5.0 20210514 (Red Hat 8.5.0-26)]', 'python_executable': '/usr/bin/python', 'cpu_count': 256, 'total_memory': 540285186048, 'available_memory': 514023710720, 'gpu_info': {'cuda_available': True, 'cuda_version': '12.6', 'gpu_count': 1, 'gpu_names': ['NVIDIA A100-SXM4-40GB MIG 1g.5gb']}, 'package_versions': {'numpy': '1.26.4', 'scipy': '1.13.1', 'scikit-learn': 'not installed', 'librosa': '0.11.0', 'soundfile': '0.13.1', 'torch': '2.7.1+cu126', 'tensorflow': 'not installed', 'matplotlib': '3.10.3', 'pandas': '2.3.0'}, 'git_info': {'commit_hash': '51c92cdc63686073ead2a70ee657542846b3dc20', 'branch': 'origin', 'is_dirty': True}}
2026-01-10 12:27:39,626 - chaotic_trainer - INFO - Training 1 systems × 1 types × 1 runs...
2026-01-10 12:27:39,626 - chaotic_trainer - INFO - Systems: ['lorenz']
2026-01-10 12:27:39,626 - chaotic_trainer - INFO - Model types: ['full_chaotic']
2026-01-10 12:27:39,626 - chaotic_trainer - INFO - 
============================================================
2026-01-10 12:27:39,626 - chaotic_trainer - INFO - TRAINING: LORENZ + FULL_CHAOTIC
2026-01-10 12:27:39,626 - chaotic_trainer - INFO - ============================================================
2026-01-10 12:27:39,626 - chaotic_trainer - INFO - Training chaotic_lorenz_full_chaotic_run_0...
2026-01-10 12:27:39,626 - chaotic_trainer - INFO - Optimizing parameters for lorenz system...
2026-01-10 12:27:39,654 - chaotic_trainer - INFO - Setting up chaotic_lorenz_full_chaotic_run_0...
2026-01-10 12:28:12,888 - chaotic_trainer - INFO - 🚀 No checkpoint specified, starting from scratch
2026-01-10 12:28:12,889 - chaotic_trainer - INFO - Model parameters: 458,181 (trainable: 458,181)
2026-01-10 12:28:12,889 - chaotic_trainer - INFO - Training with chaotic dynamics monitoring...
2026-01-10 12:28:12,889 - chaotic_trainer - INFO - Starting training from epoch 0 for 100 more epochs...
2026-01-10 12:43:28,764 - chaotic_trainer - INFO - Evaluating chaotic_lorenz_full_chaotic_run_0...
2026-01-10 12:43:29,600 - chaotic_trainer - INFO - Running chaotic analysis...
2026-01-10 12:43:33,030 - chaotic_trainer - INFO - Completed chaotic_lorenz_full_chaotic_run_0: Accuracy: 0.9322, Loss: 0.1912, Time: 949.1s
2026-01-10 12:43:33,290 - chaotic_trainer - INFO - Progress: 1/1 (100.0%)
2026-01-10 12:43:33,291 - chaotic_trainer - INFO - lorenz + full_chaotic Summary: 0.9322 ± 0.0000
2026-01-10 12:43:33,291 - chaotic_trainer - INFO - Analyzing chaotic training results...
2026-01-10 12:43:33,292 - chaotic_trainer - INFO - Generating comprehensive chaotic training report...
2026-01-10 12:43:35,032 - chaotic_trainer - INFO - Visualizations saved to: /scratch/project_2003370/yueyao/Model/experiments/configs/sync_experiments/B1/visualizations
2026-01-10 12:43:35,032 - chaotic_trainer - INFO - Reports generated:
2026-01-10 12:43:35,032 - chaotic_trainer - INFO -   Text report: /scratch/project_2003370/yueyao/Model/experiments/configs/sync_experiments/B1/chaotic_training_report.txt
2026-01-10 12:43:35,032 - chaotic_trainer - INFO -   JSON report: /scratch/project_2003370/yueyao/Model/experiments/configs/sync_experiments/B1/chaotic_training_results.json
2026-01-10 12:43:35,033 - chaotic_trainer - INFO - Chaotic training completed.
2026-01-10 12:43:35,033 - chaotic_trainer - INFO - ============================================================
