2026-01-06 15:30:58,150 - experiment_chaotic_lorenz_full_chaotic_run_0 - INFO - Initialized experiment: chaotic_lorenz_full_chaotic_run_0
2026-01-06 15:30:58,151 - experiment_chaotic_lorenz_full_chaotic_run_0 - INFO - Device: cuda
2026-01-06 15:30:58,151 - experiment_chaotic_lorenz_full_chaotic_run_0 - INFO - Output directory: /scratch/project_2003370/yueyao/Model/experiments/configs/4.2_tau_and_de_experiment/tau_30_de_4/experiments/chaotic_lorenz_full_chaotic_run_0
2026-01-06 15:30:58,151 - experiment_chaotic_lorenz_full_chaotic_run_0 - INFO - Initialized chaotic network experiment with lorenz system
2026-01-06 15:30:58,151 - experiment_chaotic_lorenz_full_chaotic_run_0 - INFO - Setting up experiment components...
2026-01-06 15:30:58,151 - experiment_chaotic_lorenz_full_chaotic_run_0 - INFO - Creating dataloaders...
2026-01-06 15:30:58,531 - experiment_chaotic_lorenz_full_chaotic_run_0 - INFO - Detected 26 speakers in dataset
2026-01-06 15:30:58,531 - experiment_chaotic_lorenz_full_chaotic_run_0 - INFO - Dataloaders created:
2026-01-06 15:30:58,531 - experiment_chaotic_lorenz_full_chaotic_run_0 - INFO -   Train: 14 batches
2026-01-06 15:30:58,531 - experiment_chaotic_lorenz_full_chaotic_run_0 - INFO -   Val: 3 batches
2026-01-06 15:30:58,532 - experiment_chaotic_lorenz_full_chaotic_run_0 - INFO -   Test: 4 batches
2026-01-06 15:30:58,532 - experiment_chaotic_lorenz_full_chaotic_run_0 - INFO - Creating model...
2026-01-06 15:30:58,532 - experiment_chaotic_lorenz_full_chaotic_run_0 - INFO - Using actual num_speakers from dataset: 26
2026-01-06 15:30:58,532 - experiment_chaotic_lorenz_full_chaotic_run_0 - INFO - [BIFURCATION] use_bifurcation_control=True
2026-01-06 15:31:28,932 - experiment_chaotic_lorenz_full_chaotic_run_0 - INFO - [PLDA] Replaced classifier with PLDAClassifier (latent_dim=128)
2026-01-06 15:31:28,935 - experiment_chaotic_lorenz_full_chaotic_run_0 - INFO - Total parameters: 524,360
2026-01-06 15:31:28,935 - experiment_chaotic_lorenz_full_chaotic_run_0 - INFO - Trainable parameters: 524,360
2026-01-06 15:31:28,935 - experiment_chaotic_lorenz_full_chaotic_run_0 - INFO - Creating optimizer...
2026-01-06 15:31:30,054 - experiment_chaotic_lorenz_full_chaotic_run_0 - INFO - Optimizer: AdamW
2026-01-06 15:31:30,055 - experiment_chaotic_lorenz_full_chaotic_run_0 - INFO - Creating scheduler...
2026-01-06 15:31:30,055 - experiment_chaotic_lorenz_full_chaotic_run_0 - INFO - Scheduler: CosineAnnealingLR
2026-01-06 15:31:30,055 - experiment_chaotic_lorenz_full_chaotic_run_0 - INFO - Creating criterion...
2026-01-06 15:31:30,055 - experiment_chaotic_lorenz_full_chaotic_run_0 - INFO - Criterion: CrossEntropyLoss
2026-01-06 15:31:30,100 - experiment_chaotic_lorenz_full_chaotic_run_0 - INFO - Configuration saved to: /scratch/project_2003370/yueyao/Model/experiments/configs/4.2_tau_and_de_experiment/tau_30_de_4/experiments/chaotic_lorenz_full_chaotic_run_0/config.json
2026-01-06 15:31:30,100 - experiment_chaotic_lorenz_full_chaotic_run_0 - INFO - Experiment setup completed
2026-01-06 15:31:30,101 - experiment_chaotic_lorenz_full_chaotic_run_0 - INFO - Starting training for 100 epochs
2026-01-06 15:31:30,219 - experiment_chaotic_lorenz_full_chaotic_run_0 - INFO - 
================================================================================
2026-01-06 15:31:30,219 - experiment_chaotic_lorenz_full_chaotic_run_0 - INFO - COMPREHENSIVE DEBUG - FIRST BATCH
2026-01-06 15:31:30,219 - experiment_chaotic_lorenz_full_chaotic_run_0 - INFO - ================================================================================
2026-01-06 15:31:30,219 - experiment_chaotic_lorenz_full_chaotic_run_0 - INFO - Batch Info:
2026-01-06 15:31:30,219 - experiment_chaotic_lorenz_full_chaotic_run_0 - INFO -   Audio shape: torch.Size([32, 48000])
2026-01-06 15:31:30,219 - experiment_chaotic_lorenz_full_chaotic_run_0 - INFO -   Targets shape: torch.Size([32])
2026-01-06 15:31:30,224 - experiment_chaotic_lorenz_full_chaotic_run_0 - INFO -   Targets (first 8): tensor([21, 24,  1,  1, 24, 13,  0,  1], device='cuda:0')
2026-01-06 15:31:30,803 - experiment_chaotic_lorenz_full_chaotic_run_0 - INFO - ================================================================================

2026-01-06 15:31:30,804 - experiment_chaotic_lorenz_full_chaotic_run_0 - INFO - [ADVERSARIAL] Initialized AdversarialChaoticAugmentation
2026-01-06 15:31:30,937 - experiment_chaotic_lorenz_full_chaotic_run_0 - INFO - [SYNC LOSS] Initialized PhaseSynchronizationLoss
2026-01-06 15:31:31,080 - experiment_chaotic_lorenz_full_chaotic_run_0 - INFO - [STABILITY] Initialized LyapunovStabilityLoss
2026-01-06 15:31:31,959 - experiment_chaotic_lorenz_full_chaotic_run_0 - INFO - Train Epoch 0: [0/472 (0.0%)]	Loss: 3.426806
2026-01-06 15:31:41,186 - experiment_chaotic_lorenz_full_chaotic_run_0 - INFO - [ADVERSARIAL] Warmup: epoch 1/5
2026-01-06 15:31:42,095 - experiment_chaotic_lorenz_full_chaotic_run_0 - INFO - Epoch 0: Train Loss: 3.3404, Train Acc: 0.0558, Val Loss: 3.2466, Val Acc: 0.0337
2026-01-06 15:31:42,187 - experiment_chaotic_lorenz_full_chaotic_run_0 - INFO - Saved new best model at epoch 0
2026-01-06 15:31:43,185 - experiment_chaotic_lorenz_full_chaotic_run_0 - INFO - Train Epoch 1: [0/472 (0.0%)]	Loss: 3.226657
2026-01-06 15:31:52,330 - experiment_chaotic_lorenz_full_chaotic_run_0 - INFO - [ADVERSARIAL] Warmup: epoch 2/5
2026-01-06 15:31:53,222 - experiment_chaotic_lorenz_full_chaotic_run_0 - INFO - Epoch 1: Train Loss: 3.2462, Train Acc: 0.1071, Val Loss: 3.2699, Val Acc: 0.0449
2026-01-06 15:31:53,314 - experiment_chaotic_lorenz_full_chaotic_run_0 - INFO - Saved new best model at epoch 1
2026-01-06 15:31:54,227 - experiment_chaotic_lorenz_full_chaotic_run_0 - INFO - Train Epoch 2: [0/472 (0.0%)]	Loss: 3.197992
2026-01-06 15:32:03,403 - experiment_chaotic_lorenz_full_chaotic_run_0 - INFO - [ADVERSARIAL] Warmup: epoch 3/5
2026-01-06 15:32:04,298 - experiment_chaotic_lorenz_full_chaotic_run_0 - INFO - Epoch 2: Train Loss: 3.1155, Train Acc: 0.1674, Val Loss: 3.2244, Val Acc: 0.0449
2026-01-06 15:32:05,172 - experiment_chaotic_lorenz_full_chaotic_run_0 - INFO - Train Epoch 3: [0/472 (0.0%)]	Loss: 2.937527
2026-01-06 15:32:14,593 - experiment_chaotic_lorenz_full_chaotic_run_0 - INFO - [ADVERSARIAL] Warmup: epoch 4/5
2026-01-06 15:32:15,503 - experiment_chaotic_lorenz_full_chaotic_run_0 - INFO - Epoch 3: Train Loss: 2.9120, Train Acc: 0.2612, Val Loss: 3.2971, Val Acc: 0.0449
2026-01-06 15:32:16,396 - experiment_chaotic_lorenz_full_chaotic_run_0 - INFO - Train Epoch 4: [0/472 (0.0%)]	Loss: 2.798249
2026-01-06 15:32:25,680 - experiment_chaotic_lorenz_full_chaotic_run_0 - INFO - [ADVERSARIAL] Warmup: epoch 5/5
2026-01-06 15:32:26,571 - experiment_chaotic_lorenz_full_chaotic_run_0 - INFO - Epoch 4: Train Loss: 2.6882, Train Acc: 0.3594, Val Loss: 3.3704, Val Acc: 0.0449
2026-01-06 15:32:27,198 - experiment_chaotic_lorenz_full_chaotic_run_0 - INFO - Train Epoch 5: [0/472 (0.0%)]	Loss: 3.453755
2026-01-06 15:32:32,997 - experiment_chaotic_lorenz_full_chaotic_run_0 - INFO - [ADVERSARIAL] Warmup complete, adversarial training activated!
2026-01-06 15:32:33,898 - experiment_chaotic_lorenz_full_chaotic_run_0 - INFO - Epoch 5: Train Loss: 3.1171, Train Acc: 0.3728, Val Loss: 3.4043, Val Acc: 0.0449
2026-01-06 15:32:34,509 - experiment_chaotic_lorenz_full_chaotic_run_0 - INFO - Train Epoch 6: [0/472 (0.0%)]	Loss: 2.689333
2026-01-06 15:32:41,168 - experiment_chaotic_lorenz_full_chaotic_run_0 - INFO - Epoch 6: Train Loss: 2.7696, Train Acc: 0.4464, Val Loss: 3.4155, Val Acc: 0.0449
2026-01-06 15:32:41,786 - experiment_chaotic_lorenz_full_chaotic_run_0 - INFO - Train Epoch 7: [0/472 (0.0%)]	Loss: 2.425942
2026-01-06 15:32:48,515 - experiment_chaotic_lorenz_full_chaotic_run_0 - INFO - Epoch 7: Train Loss: 2.4836, Train Acc: 0.5156, Val Loss: 2.9440, Val Acc: 0.1573
2026-01-06 15:32:48,606 - experiment_chaotic_lorenz_full_chaotic_run_0 - INFO - Saved new best model at epoch 7
2026-01-06 15:32:49,256 - experiment_chaotic_lorenz_full_chaotic_run_0 - INFO - Train Epoch 8: [0/472 (0.0%)]	Loss: 2.506159
2026-01-06 15:32:55,948 - experiment_chaotic_lorenz_full_chaotic_run_0 - INFO - Epoch 8: Train Loss: 2.2843, Train Acc: 0.5625, Val Loss: 3.8216, Val Acc: 0.0449
2026-01-06 15:32:56,577 - experiment_chaotic_lorenz_full_chaotic_run_0 - INFO - Train Epoch 9: [0/472 (0.0%)]	Loss: 1.925978
2026-01-06 15:33:03,195 - experiment_chaotic_lorenz_full_chaotic_run_0 - INFO - Epoch 9: Train Loss: 2.0436, Train Acc: 0.6094, Val Loss: 3.9459, Val Acc: 0.0449
2026-01-06 15:33:03,822 - experiment_chaotic_lorenz_full_chaotic_run_0 - INFO - Train Epoch 10: [0/472 (0.0%)]	Loss: 2.073063
2026-01-06 15:33:10,504 - experiment_chaotic_lorenz_full_chaotic_run_0 - INFO - Epoch 10: Train Loss: 1.8679, Train Acc: 0.6451, Val Loss: 4.0143, Val Acc: 0.0449
2026-01-06 15:33:11,215 - experiment_chaotic_lorenz_full_chaotic_run_0 - INFO - Train Epoch 11: [0/472 (0.0%)]	Loss: 1.827353
2026-01-06 15:33:17,923 - experiment_chaotic_lorenz_full_chaotic_run_0 - INFO - Epoch 11: Train Loss: 1.7653, Train Acc: 0.6696, Val Loss: 3.5630, Val Acc: 0.0449
2026-01-06 15:33:18,538 - experiment_chaotic_lorenz_full_chaotic_run_0 - INFO - Train Epoch 12: [0/472 (0.0%)]	Loss: 1.499556
2026-01-06 15:33:25,218 - experiment_chaotic_lorenz_full_chaotic_run_0 - INFO - Epoch 12: Train Loss: 1.5914, Train Acc: 0.7344, Val Loss: 3.6504, Val Acc: 0.1124
2026-01-06 15:33:25,830 - experiment_chaotic_lorenz_full_chaotic_run_0 - INFO - Train Epoch 13: [0/472 (0.0%)]	Loss: 1.378923
2026-01-06 15:33:32,533 - experiment_chaotic_lorenz_full_chaotic_run_0 - INFO - Epoch 13: Train Loss: 1.4013, Train Acc: 0.7612, Val Loss: 3.7633, Val Acc: 0.0449
2026-01-06 15:33:33,147 - experiment_chaotic_lorenz_full_chaotic_run_0 - INFO - Train Epoch 14: [0/472 (0.0%)]	Loss: 1.239545
2026-01-06 15:33:39,841 - experiment_chaotic_lorenz_full_chaotic_run_0 - INFO - Epoch 14: Train Loss: 1.2694, Train Acc: 0.7946, Val Loss: 4.1490, Val Acc: 0.0674
2026-01-06 15:33:40,453 - experiment_chaotic_lorenz_full_chaotic_run_0 - INFO - Train Epoch 15: [0/472 (0.0%)]	Loss: 1.343605
2026-01-06 15:33:47,127 - experiment_chaotic_lorenz_full_chaotic_run_0 - INFO - Epoch 15: Train Loss: 1.1810, Train Acc: 0.8080, Val Loss: 4.8180, Val Acc: 0.0449
2026-01-06 15:33:47,736 - experiment_chaotic_lorenz_full_chaotic_run_0 - INFO - Train Epoch 16: [0/472 (0.0%)]	Loss: 1.094204
2026-01-06 15:33:54,400 - experiment_chaotic_lorenz_full_chaotic_run_0 - INFO - Epoch 16: Train Loss: 1.0050, Train Acc: 0.8415, Val Loss: 4.5096, Val Acc: 0.0674
2026-01-06 15:33:55,019 - experiment_chaotic_lorenz_full_chaotic_run_0 - INFO - Train Epoch 17: [0/472 (0.0%)]	Loss: 0.886513
2026-01-06 15:34:01,692 - experiment_chaotic_lorenz_full_chaotic_run_0 - INFO - Epoch 17: Train Loss: 0.8313, Train Acc: 0.8906, Val Loss: 4.3653, Val Acc: 0.1011
2026-01-06 15:34:02,313 - experiment_chaotic_lorenz_full_chaotic_run_0 - INFO - Train Epoch 18: [0/472 (0.0%)]	Loss: 0.882500
2026-01-06 15:34:09,015 - experiment_chaotic_lorenz_full_chaotic_run_0 - INFO - Epoch 18: Train Loss: 0.8184, Train Acc: 0.8750, Val Loss: 4.5964, Val Acc: 0.0674
2026-01-06 15:34:09,640 - experiment_chaotic_lorenz_full_chaotic_run_0 - INFO - Train Epoch 19: [0/472 (0.0%)]	Loss: 0.696723
2026-01-06 15:34:16,349 - experiment_chaotic_lorenz_full_chaotic_run_0 - INFO - Epoch 19: Train Loss: 0.7571, Train Acc: 0.8929, Val Loss: 4.8007, Val Acc: 0.0449
2026-01-06 15:34:17,008 - experiment_chaotic_lorenz_full_chaotic_run_0 - INFO - Train Epoch 20: [0/472 (0.0%)]	Loss: 0.825931
2026-01-06 15:34:23,617 - experiment_chaotic_lorenz_full_chaotic_run_0 - INFO - Epoch 20: Train Loss: 0.7448, Train Acc: 0.8638, Val Loss: 3.1152, Val Acc: 0.2584
2026-01-06 15:34:23,710 - experiment_chaotic_lorenz_full_chaotic_run_0 - INFO - Saved new best model at epoch 20
2026-01-06 15:34:24,467 - experiment_chaotic_lorenz_full_chaotic_run_0 - INFO - Train Epoch 21: [0/472 (0.0%)]	Loss: 0.727474
2026-01-06 15:34:31,167 - experiment_chaotic_lorenz_full_chaotic_run_0 - INFO - Epoch 21: Train Loss: 0.6012, Train Acc: 0.9263, Val Loss: 5.5861, Val Acc: 0.0449
2026-01-06 15:34:31,780 - experiment_chaotic_lorenz_full_chaotic_run_0 - INFO - Train Epoch 22: [0/472 (0.0%)]	Loss: 0.570169
2026-01-06 15:34:38,405 - experiment_chaotic_lorenz_full_chaotic_run_0 - INFO - Epoch 22: Train Loss: 0.6235, Train Acc: 0.9018, Val Loss: 5.9088, Val Acc: 0.0449
2026-01-06 15:34:39,016 - experiment_chaotic_lorenz_full_chaotic_run_0 - INFO - Train Epoch 23: [0/472 (0.0%)]	Loss: 0.603700
2026-01-06 15:34:45,735 - experiment_chaotic_lorenz_full_chaotic_run_0 - INFO - Epoch 23: Train Loss: 0.5385, Train Acc: 0.9330, Val Loss: 5.5462, Val Acc: 0.0449
2026-01-06 15:34:46,355 - experiment_chaotic_lorenz_full_chaotic_run_0 - INFO - Train Epoch 24: [0/472 (0.0%)]	Loss: 0.626282
2026-01-06 15:34:53,042 - experiment_chaotic_lorenz_full_chaotic_run_0 - INFO - Epoch 24: Train Loss: 0.4860, Train Acc: 0.9464, Val Loss: 6.2609, Val Acc: 0.0449
2026-01-06 15:34:53,666 - experiment_chaotic_lorenz_full_chaotic_run_0 - INFO - Train Epoch 25: [0/472 (0.0%)]	Loss: 0.404649
2026-01-06 15:35:00,381 - experiment_chaotic_lorenz_full_chaotic_run_0 - INFO - Epoch 25: Train Loss: 0.4845, Train Acc: 0.9263, Val Loss: 6.2908, Val Acc: 0.0449
2026-01-06 15:35:00,997 - experiment_chaotic_lorenz_full_chaotic_run_0 - INFO - Train Epoch 26: [0/472 (0.0%)]	Loss: 0.400478
2026-01-06 15:35:07,747 - experiment_chaotic_lorenz_full_chaotic_run_0 - INFO - Epoch 26: Train Loss: 0.4308, Train Acc: 0.9420, Val Loss: 4.3383, Val Acc: 0.1236
2026-01-06 15:35:08,376 - experiment_chaotic_lorenz_full_chaotic_run_0 - INFO - Train Epoch 27: [0/472 (0.0%)]	Loss: 0.428476
2026-01-06 15:35:15,134 - experiment_chaotic_lorenz_full_chaotic_run_0 - INFO - Epoch 27: Train Loss: 0.4140, Train Acc: 0.9509, Val Loss: 6.2162, Val Acc: 0.0449
2026-01-06 15:35:15,757 - experiment_chaotic_lorenz_full_chaotic_run_0 - INFO - Train Epoch 28: [0/472 (0.0%)]	Loss: 0.480359
2026-01-06 15:35:22,377 - experiment_chaotic_lorenz_full_chaotic_run_0 - INFO - Epoch 28: Train Loss: 0.4290, Train Acc: 0.9353, Val Loss: 2.7075, Val Acc: 0.3596
2026-01-06 15:35:22,470 - experiment_chaotic_lorenz_full_chaotic_run_0 - INFO - Saved new best model at epoch 28
2026-01-06 15:35:23,129 - experiment_chaotic_lorenz_full_chaotic_run_0 - INFO - Train Epoch 29: [0/472 (0.0%)]	Loss: 0.369077
2026-01-06 15:35:29,815 - experiment_chaotic_lorenz_full_chaotic_run_0 - INFO - Epoch 29: Train Loss: 0.4224, Train Acc: 0.9353, Val Loss: 4.7740, Val Acc: 0.1236
2026-01-06 15:35:30,434 - experiment_chaotic_lorenz_full_chaotic_run_0 - INFO - Train Epoch 30: [0/472 (0.0%)]	Loss: 0.485645
2026-01-06 15:35:37,069 - experiment_chaotic_lorenz_full_chaotic_run_0 - INFO - Epoch 30: Train Loss: 0.3638, Train Acc: 0.9487, Val Loss: 5.8228, Val Acc: 0.0674
2026-01-06 15:35:37,775 - experiment_chaotic_lorenz_full_chaotic_run_0 - INFO - Train Epoch 31: [0/472 (0.0%)]	Loss: 0.387334
2026-01-06 15:35:44,447 - experiment_chaotic_lorenz_full_chaotic_run_0 - INFO - Epoch 31: Train Loss: 0.3460, Train Acc: 0.9531, Val Loss: 0.8289, Val Acc: 0.7191
2026-01-06 15:35:44,540 - experiment_chaotic_lorenz_full_chaotic_run_0 - INFO - Saved new best model at epoch 31
2026-01-06 15:35:45,205 - experiment_chaotic_lorenz_full_chaotic_run_0 - INFO - Train Epoch 32: [0/472 (0.0%)]	Loss: 0.221415
2026-01-06 15:35:51,869 - experiment_chaotic_lorenz_full_chaotic_run_0 - INFO - Epoch 32: Train Loss: 0.3100, Train Acc: 0.9710, Val Loss: 6.1797, Val Acc: 0.0674
2026-01-06 15:35:52,486 - experiment_chaotic_lorenz_full_chaotic_run_0 - INFO - Train Epoch 33: [0/472 (0.0%)]	Loss: 0.218736
2026-01-06 15:35:59,380 - experiment_chaotic_lorenz_full_chaotic_run_0 - INFO - Epoch 33: Train Loss: 0.3143, Train Acc: 0.9732, Val Loss: 5.2891, Val Acc: 0.1798
2026-01-06 15:35:59,999 - experiment_chaotic_lorenz_full_chaotic_run_0 - INFO - Train Epoch 34: [0/472 (0.0%)]	Loss: 0.274397
2026-01-06 15:36:06,697 - experiment_chaotic_lorenz_full_chaotic_run_0 - INFO - Epoch 34: Train Loss: 0.2475, Train Acc: 0.9799, Val Loss: 6.5391, Val Acc: 0.0449
2026-01-06 15:36:07,319 - experiment_chaotic_lorenz_full_chaotic_run_0 - INFO - Train Epoch 35: [0/472 (0.0%)]	Loss: 0.342787
2026-01-06 15:36:14,002 - experiment_chaotic_lorenz_full_chaotic_run_0 - INFO - Epoch 35: Train Loss: 0.2287, Train Acc: 0.9844, Val Loss: 1.1632, Val Acc: 0.6404
2026-01-06 15:36:14,625 - experiment_chaotic_lorenz_full_chaotic_run_0 - INFO - Train Epoch 36: [0/472 (0.0%)]	Loss: 0.264432
2026-01-06 15:36:21,334 - experiment_chaotic_lorenz_full_chaotic_run_0 - INFO - Epoch 36: Train Loss: 0.2335, Train Acc: 0.9821, Val Loss: 4.1958, Val Acc: 0.3820
2026-01-06 15:36:21,944 - experiment_chaotic_lorenz_full_chaotic_run_0 - INFO - Train Epoch 37: [0/472 (0.0%)]	Loss: 0.176308
2026-01-06 15:36:28,666 - experiment_chaotic_lorenz_full_chaotic_run_0 - INFO - Epoch 37: Train Loss: 0.2528, Train Acc: 0.9777, Val Loss: 5.9263, Val Acc: 0.1124
2026-01-06 15:36:29,285 - experiment_chaotic_lorenz_full_chaotic_run_0 - INFO - Train Epoch 38: [0/472 (0.0%)]	Loss: 0.372523
2026-01-06 15:36:35,973 - experiment_chaotic_lorenz_full_chaotic_run_0 - INFO - Epoch 38: Train Loss: 0.2303, Train Acc: 0.9777, Val Loss: 3.4439, Val Acc: 0.2135
2026-01-06 15:36:36,608 - experiment_chaotic_lorenz_full_chaotic_run_0 - INFO - Train Epoch 39: [0/472 (0.0%)]	Loss: 0.346679
2026-01-06 15:36:43,259 - experiment_chaotic_lorenz_full_chaotic_run_0 - INFO - Epoch 39: Train Loss: 0.2236, Train Acc: 0.9777, Val Loss: 5.8636, Val Acc: 0.1461
2026-01-06 15:36:43,874 - experiment_chaotic_lorenz_full_chaotic_run_0 - INFO - Train Epoch 40: [0/472 (0.0%)]	Loss: 0.247429
2026-01-06 15:36:50,583 - experiment_chaotic_lorenz_full_chaotic_run_0 - INFO - Epoch 40: Train Loss: 0.2148, Train Acc: 0.9799, Val Loss: 3.5751, Val Acc: 0.3146
2026-01-06 15:36:51,282 - experiment_chaotic_lorenz_full_chaotic_run_0 - INFO - Train Epoch 41: [0/472 (0.0%)]	Loss: 0.157655
2026-01-06 15:36:57,917 - experiment_chaotic_lorenz_full_chaotic_run_0 - INFO - Epoch 41: Train Loss: 0.1874, Train Acc: 0.9911, Val Loss: 5.7572, Val Acc: 0.1461
2026-01-06 15:36:58,548 - experiment_chaotic_lorenz_full_chaotic_run_0 - INFO - Train Epoch 42: [0/472 (0.0%)]	Loss: 0.218860
2026-01-06 15:37:05,186 - experiment_chaotic_lorenz_full_chaotic_run_0 - INFO - Epoch 42: Train Loss: 0.2160, Train Acc: 0.9688, Val Loss: 5.5185, Val Acc: 0.1011
2026-01-06 15:37:05,802 - experiment_chaotic_lorenz_full_chaotic_run_0 - INFO - Train Epoch 43: [0/472 (0.0%)]	Loss: 0.218620
2026-01-06 15:37:12,431 - experiment_chaotic_lorenz_full_chaotic_run_0 - INFO - Epoch 43: Train Loss: 0.1707, Train Acc: 0.9933, Val Loss: 7.3920, Val Acc: 0.0899
2026-01-06 15:37:13,047 - experiment_chaotic_lorenz_full_chaotic_run_0 - INFO - Train Epoch 44: [0/472 (0.0%)]	Loss: 0.165006
2026-01-06 15:37:19,702 - experiment_chaotic_lorenz_full_chaotic_run_0 - INFO - Epoch 44: Train Loss: 0.1813, Train Acc: 0.9866, Val Loss: 3.1547, Val Acc: 0.4157
2026-01-06 15:37:20,324 - experiment_chaotic_lorenz_full_chaotic_run_0 - INFO - Train Epoch 45: [0/472 (0.0%)]	Loss: 0.139783
2026-01-06 15:37:27,034 - experiment_chaotic_lorenz_full_chaotic_run_0 - INFO - Epoch 45: Train Loss: 0.1572, Train Acc: 0.9911, Val Loss: 7.6535, Val Acc: 0.0449
2026-01-06 15:37:27,649 - experiment_chaotic_lorenz_full_chaotic_run_0 - INFO - Train Epoch 46: [0/472 (0.0%)]	Loss: 0.215768
2026-01-06 15:37:34,273 - experiment_chaotic_lorenz_full_chaotic_run_0 - INFO - Epoch 46: Train Loss: 0.1718, Train Acc: 0.9888, Val Loss: 8.5497, Val Acc: 0.0449
2026-01-06 15:37:34,889 - experiment_chaotic_lorenz_full_chaotic_run_0 - INFO - Train Epoch 47: [0/472 (0.0%)]	Loss: 0.184837
2026-01-06 15:37:41,524 - experiment_chaotic_lorenz_full_chaotic_run_0 - INFO - Epoch 47: Train Loss: 0.1770, Train Acc: 0.9844, Val Loss: 4.2289, Val Acc: 0.3258
2026-01-06 15:37:42,138 - experiment_chaotic_lorenz_full_chaotic_run_0 - INFO - Train Epoch 48: [0/472 (0.0%)]	Loss: 0.162946
2026-01-06 15:37:49,333 - experiment_chaotic_lorenz_full_chaotic_run_0 - INFO - Epoch 48: Train Loss: 0.1852, Train Acc: 0.9866, Val Loss: 3.6275, Val Acc: 0.2921
2026-01-06 15:37:49,955 - experiment_chaotic_lorenz_full_chaotic_run_0 - INFO - Train Epoch 49: [0/472 (0.0%)]	Loss: 0.192864
2026-01-06 15:37:56,654 - experiment_chaotic_lorenz_full_chaotic_run_0 - INFO - Epoch 49: Train Loss: 0.1554, Train Acc: 0.9911, Val Loss: 3.5930, Val Acc: 0.3483
2026-01-06 15:37:57,274 - experiment_chaotic_lorenz_full_chaotic_run_0 - INFO - Train Epoch 50: [0/472 (0.0%)]	Loss: 0.147203
2026-01-06 15:38:03,988 - experiment_chaotic_lorenz_full_chaotic_run_0 - INFO - Epoch 50: Train Loss: 0.1574, Train Acc: 0.9955, Val Loss: 7.7825, Val Acc: 0.0449
2026-01-06 15:38:04,695 - experiment_chaotic_lorenz_full_chaotic_run_0 - INFO - Train Epoch 51: [0/472 (0.0%)]	Loss: 0.185785
2026-01-06 15:38:11,404 - experiment_chaotic_lorenz_full_chaotic_run_0 - INFO - Epoch 51: Train Loss: 0.1372, Train Acc: 0.9978, Val Loss: 3.7484, Val Acc: 0.3146
2026-01-06 15:38:12,030 - experiment_chaotic_lorenz_full_chaotic_run_0 - INFO - Train Epoch 52: [0/472 (0.0%)]	Loss: 0.131586
2026-01-06 15:38:18,723 - experiment_chaotic_lorenz_full_chaotic_run_0 - INFO - Epoch 52: Train Loss: 0.1526, Train Acc: 0.9888, Val Loss: 3.1699, Val Acc: 0.4719
2026-01-06 15:38:19,345 - experiment_chaotic_lorenz_full_chaotic_run_0 - INFO - Train Epoch 53: [0/472 (0.0%)]	Loss: 0.188823
2026-01-06 15:38:26,068 - experiment_chaotic_lorenz_full_chaotic_run_0 - INFO - Epoch 53: Train Loss: 0.1431, Train Acc: 0.9933, Val Loss: 3.7051, Val Acc: 0.3933
2026-01-06 15:38:26,693 - experiment_chaotic_lorenz_full_chaotic_run_0 - INFO - Train Epoch 54: [0/472 (0.0%)]	Loss: 0.131882
2026-01-06 15:38:33,484 - experiment_chaotic_lorenz_full_chaotic_run_0 - INFO - Epoch 54: Train Loss: 0.1413, Train Acc: 0.9911, Val Loss: 2.5050, Val Acc: 0.4719
2026-01-06 15:38:34,103 - experiment_chaotic_lorenz_full_chaotic_run_0 - INFO - Train Epoch 55: [0/472 (0.0%)]	Loss: 0.142689
2026-01-06 15:38:40,800 - experiment_chaotic_lorenz_full_chaotic_run_0 - INFO - Epoch 55: Train Loss: 0.1443, Train Acc: 0.9933, Val Loss: 6.4694, Val Acc: 0.1798
2026-01-06 15:38:41,420 - experiment_chaotic_lorenz_full_chaotic_run_0 - INFO - Train Epoch 56: [0/472 (0.0%)]	Loss: 0.129910
2026-01-06 15:38:48,085 - experiment_chaotic_lorenz_full_chaotic_run_0 - INFO - Epoch 56: Train Loss: 0.1318, Train Acc: 0.9978, Val Loss: 2.6824, Val Acc: 0.5056
2026-01-06 15:38:48,714 - experiment_chaotic_lorenz_full_chaotic_run_0 - INFO - Train Epoch 57: [0/472 (0.0%)]	Loss: 0.112679
2026-01-06 15:38:55,284 - experiment_chaotic_lorenz_full_chaotic_run_0 - INFO - Epoch 57: Train Loss: 0.1330, Train Acc: 0.9955, Val Loss: 4.4313, Val Acc: 0.2921
2026-01-06 15:38:55,900 - experiment_chaotic_lorenz_full_chaotic_run_0 - INFO - Train Epoch 58: [0/472 (0.0%)]	Loss: 0.129250
2026-01-06 15:39:02,573 - experiment_chaotic_lorenz_full_chaotic_run_0 - INFO - Epoch 58: Train Loss: 0.1473, Train Acc: 0.9933, Val Loss: 0.8127, Val Acc: 0.7865
2026-01-06 15:39:02,666 - experiment_chaotic_lorenz_full_chaotic_run_0 - INFO - Saved new best model at epoch 58
2026-01-06 15:39:03,330 - experiment_chaotic_lorenz_full_chaotic_run_0 - INFO - Train Epoch 59: [0/472 (0.0%)]	Loss: 0.125228
2026-01-06 15:39:09,932 - experiment_chaotic_lorenz_full_chaotic_run_0 - INFO - Epoch 59: Train Loss: 0.1294, Train Acc: 1.0000, Val Loss: 0.3747, Val Acc: 0.9213
2026-01-06 15:39:10,027 - experiment_chaotic_lorenz_full_chaotic_run_0 - INFO - Saved new best model at epoch 59
2026-01-06 15:39:10,693 - experiment_chaotic_lorenz_full_chaotic_run_0 - INFO - Train Epoch 60: [0/472 (0.0%)]	Loss: 0.112943
2026-01-06 15:39:17,402 - experiment_chaotic_lorenz_full_chaotic_run_0 - INFO - Epoch 60: Train Loss: 0.1225, Train Acc: 1.0000, Val Loss: 1.9214, Val Acc: 0.5730
2026-01-06 15:39:18,100 - experiment_chaotic_lorenz_full_chaotic_run_0 - INFO - Train Epoch 61: [0/472 (0.0%)]	Loss: 0.113726
2026-01-06 15:39:24,806 - experiment_chaotic_lorenz_full_chaotic_run_0 - INFO - Epoch 61: Train Loss: 0.1324, Train Acc: 0.9933, Val Loss: 0.8897, Val Acc: 0.8090
2026-01-06 15:39:25,423 - experiment_chaotic_lorenz_full_chaotic_run_0 - INFO - Train Epoch 62: [0/472 (0.0%)]	Loss: 0.126112
2026-01-06 15:39:32,142 - experiment_chaotic_lorenz_full_chaotic_run_0 - INFO - Epoch 62: Train Loss: 0.1221, Train Acc: 0.9955, Val Loss: 0.5070, Val Acc: 0.8539
2026-01-06 15:39:32,760 - experiment_chaotic_lorenz_full_chaotic_run_0 - INFO - Train Epoch 63: [0/472 (0.0%)]	Loss: 0.111125
2026-01-06 15:39:39,466 - experiment_chaotic_lorenz_full_chaotic_run_0 - INFO - Epoch 63: Train Loss: 0.1435, Train Acc: 0.9933, Val Loss: 0.9849, Val Acc: 0.7753
2026-01-06 15:39:40,088 - experiment_chaotic_lorenz_full_chaotic_run_0 - INFO - Train Epoch 64: [0/472 (0.0%)]	Loss: 0.124297
2026-01-06 15:39:46,800 - experiment_chaotic_lorenz_full_chaotic_run_0 - INFO - Epoch 64: Train Loss: 0.1318, Train Acc: 0.9933, Val Loss: 0.8182, Val Acc: 0.6966
2026-01-06 15:39:47,421 - experiment_chaotic_lorenz_full_chaotic_run_0 - INFO - Train Epoch 65: [0/472 (0.0%)]	Loss: 0.108393
2026-01-06 15:39:54,115 - experiment_chaotic_lorenz_full_chaotic_run_0 - INFO - Epoch 65: Train Loss: 0.1177, Train Acc: 1.0000, Val Loss: 4.6539, Val Acc: 0.2809
2026-01-06 15:39:54,743 - experiment_chaotic_lorenz_full_chaotic_run_0 - INFO - Train Epoch 66: [0/472 (0.0%)]	Loss: 0.110442
2026-01-06 15:40:01,421 - experiment_chaotic_lorenz_full_chaotic_run_0 - INFO - Epoch 66: Train Loss: 0.1214, Train Acc: 0.9978, Val Loss: 7.1032, Val Acc: 0.1011
2026-01-06 15:40:02,043 - experiment_chaotic_lorenz_full_chaotic_run_0 - INFO - Train Epoch 67: [0/472 (0.0%)]	Loss: 0.111262
2026-01-06 15:40:08,803 - experiment_chaotic_lorenz_full_chaotic_run_0 - INFO - Epoch 67: Train Loss: 0.1272, Train Acc: 0.9978, Val Loss: 5.2163, Val Acc: 0.2697
2026-01-06 15:40:09,417 - experiment_chaotic_lorenz_full_chaotic_run_0 - INFO - Train Epoch 68: [0/472 (0.0%)]	Loss: 0.111250
2026-01-06 15:40:16,095 - experiment_chaotic_lorenz_full_chaotic_run_0 - INFO - Epoch 68: Train Loss: 0.1131, Train Acc: 1.0000, Val Loss: 0.1173, Val Acc: 0.9663
2026-01-06 15:40:16,189 - experiment_chaotic_lorenz_full_chaotic_run_0 - INFO - Saved new best model at epoch 68
2026-01-06 15:40:16,867 - experiment_chaotic_lorenz_full_chaotic_run_0 - INFO - Train Epoch 69: [0/472 (0.0%)]	Loss: 0.117670
2026-01-06 15:40:23,521 - experiment_chaotic_lorenz_full_chaotic_run_0 - INFO - Epoch 69: Train Loss: 0.1220, Train Acc: 0.9978, Val Loss: 1.4740, Val Acc: 0.6742
2026-01-06 15:40:24,138 - experiment_chaotic_lorenz_full_chaotic_run_0 - INFO - Train Epoch 70: [0/472 (0.0%)]	Loss: 0.118415
2026-01-06 15:40:31,110 - experiment_chaotic_lorenz_full_chaotic_run_0 - INFO - Epoch 70: Train Loss: 0.1160, Train Acc: 1.0000, Val Loss: 0.5219, Val Acc: 0.8427
2026-01-06 15:40:31,817 - experiment_chaotic_lorenz_full_chaotic_run_0 - INFO - Train Epoch 71: [0/472 (0.0%)]	Loss: 0.119664
2026-01-06 15:40:38,553 - experiment_chaotic_lorenz_full_chaotic_run_0 - INFO - Epoch 71: Train Loss: 0.1321, Train Acc: 0.9911, Val Loss: 0.3048, Val Acc: 0.8989
2026-01-06 15:40:39,175 - experiment_chaotic_lorenz_full_chaotic_run_0 - INFO - Train Epoch 72: [0/472 (0.0%)]	Loss: 0.114776
2026-01-06 15:40:45,869 - experiment_chaotic_lorenz_full_chaotic_run_0 - INFO - Epoch 72: Train Loss: 0.1258, Train Acc: 0.9955, Val Loss: 1.0096, Val Acc: 0.7978
2026-01-06 15:40:46,494 - experiment_chaotic_lorenz_full_chaotic_run_0 - INFO - Train Epoch 73: [0/472 (0.0%)]	Loss: 0.121422
2026-01-06 15:40:53,338 - experiment_chaotic_lorenz_full_chaotic_run_0 - INFO - Epoch 73: Train Loss: 0.1136, Train Acc: 0.9978, Val Loss: 0.2765, Val Acc: 0.8876
2026-01-06 15:40:53,955 - experiment_chaotic_lorenz_full_chaotic_run_0 - INFO - Train Epoch 74: [0/472 (0.0%)]	Loss: 0.109289
2026-01-06 15:41:00,653 - experiment_chaotic_lorenz_full_chaotic_run_0 - INFO - Epoch 74: Train Loss: 0.1147, Train Acc: 1.0000, Val Loss: 2.9852, Val Acc: 0.4719
2026-01-06 15:41:01,282 - experiment_chaotic_lorenz_full_chaotic_run_0 - INFO - Train Epoch 75: [0/472 (0.0%)]	Loss: 0.145792
2026-01-06 15:41:07,955 - experiment_chaotic_lorenz_full_chaotic_run_0 - INFO - Epoch 75: Train Loss: 0.1327, Train Acc: 0.9911, Val Loss: 0.1005, Val Acc: 0.9775
2026-01-06 15:41:08,049 - experiment_chaotic_lorenz_full_chaotic_run_0 - INFO - Saved new best model at epoch 75
2026-01-06 15:41:08,703 - experiment_chaotic_lorenz_full_chaotic_run_0 - INFO - Train Epoch 76: [0/472 (0.0%)]	Loss: 0.106531
2026-01-06 15:41:15,402 - experiment_chaotic_lorenz_full_chaotic_run_0 - INFO - Epoch 76: Train Loss: 0.1159, Train Acc: 0.9978, Val Loss: 0.8209, Val Acc: 0.7865
2026-01-06 15:41:16,101 - experiment_chaotic_lorenz_full_chaotic_run_0 - INFO - Train Epoch 77: [0/472 (0.0%)]	Loss: 0.108590
2026-01-06 15:41:22,931 - experiment_chaotic_lorenz_full_chaotic_run_0 - INFO - Epoch 77: Train Loss: 0.1120, Train Acc: 1.0000, Val Loss: 0.2378, Val Acc: 0.9438
2026-01-06 15:41:23,567 - experiment_chaotic_lorenz_full_chaotic_run_0 - INFO - Train Epoch 78: [0/472 (0.0%)]	Loss: 0.103951
2026-01-06 15:41:30,293 - experiment_chaotic_lorenz_full_chaotic_run_0 - INFO - Epoch 78: Train Loss: 0.1140, Train Acc: 1.0000, Val Loss: 0.4759, Val Acc: 0.9213
2026-01-06 15:41:30,908 - experiment_chaotic_lorenz_full_chaotic_run_0 - INFO - Train Epoch 79: [0/472 (0.0%)]	Loss: 0.104077
2026-01-06 15:41:37,608 - experiment_chaotic_lorenz_full_chaotic_run_0 - INFO - Epoch 79: Train Loss: 0.1128, Train Acc: 1.0000, Val Loss: 0.0282, Val Acc: 1.0000
2026-01-06 15:41:37,701 - experiment_chaotic_lorenz_full_chaotic_run_0 - INFO - Saved new best model at epoch 79
2026-01-06 15:41:38,359 - experiment_chaotic_lorenz_full_chaotic_run_0 - INFO - Train Epoch 80: [0/472 (0.0%)]	Loss: 0.105468
2026-01-06 15:41:45,021 - experiment_chaotic_lorenz_full_chaotic_run_0 - INFO - Epoch 80: Train Loss: 0.1104, Train Acc: 1.0000, Val Loss: 0.0213, Val Acc: 0.9888
2026-01-06 15:41:45,744 - experiment_chaotic_lorenz_full_chaotic_run_0 - INFO - Train Epoch 81: [0/472 (0.0%)]	Loss: 0.187361
2026-01-06 15:41:52,475 - experiment_chaotic_lorenz_full_chaotic_run_0 - INFO - Epoch 81: Train Loss: 0.1206, Train Acc: 0.9978, Val Loss: 0.0700, Val Acc: 0.9775
2026-01-06 15:41:53,085 - experiment_chaotic_lorenz_full_chaotic_run_0 - INFO - Train Epoch 82: [0/472 (0.0%)]	Loss: 0.118107
2026-01-06 15:41:59,772 - experiment_chaotic_lorenz_full_chaotic_run_0 - INFO - Epoch 82: Train Loss: 0.1151, Train Acc: 1.0000, Val Loss: 0.2257, Val Acc: 0.9213
2026-01-06 15:42:00,406 - experiment_chaotic_lorenz_full_chaotic_run_0 - INFO - Train Epoch 83: [0/472 (0.0%)]	Loss: 0.106488
2026-01-06 15:42:07,174 - experiment_chaotic_lorenz_full_chaotic_run_0 - INFO - Epoch 83: Train Loss: 0.1083, Train Acc: 1.0000, Val Loss: 0.2569, Val Acc: 0.9213
2026-01-06 15:42:07,800 - experiment_chaotic_lorenz_full_chaotic_run_0 - INFO - Train Epoch 84: [0/472 (0.0%)]	Loss: 0.104372
2026-01-06 15:42:14,467 - experiment_chaotic_lorenz_full_chaotic_run_0 - INFO - Epoch 84: Train Loss: 0.1106, Train Acc: 1.0000, Val Loss: 0.0494, Val Acc: 0.9888
2026-01-06 15:42:15,100 - experiment_chaotic_lorenz_full_chaotic_run_0 - INFO - Train Epoch 85: [0/472 (0.0%)]	Loss: 0.105697
2026-01-06 15:42:21,828 - experiment_chaotic_lorenz_full_chaotic_run_0 - INFO - Epoch 85: Train Loss: 0.1083, Train Acc: 1.0000, Val Loss: 0.2175, Val Acc: 0.9326
2026-01-06 15:42:22,453 - experiment_chaotic_lorenz_full_chaotic_run_0 - INFO - Train Epoch 86: [0/472 (0.0%)]	Loss: 0.103778
2026-01-06 15:42:29,180 - experiment_chaotic_lorenz_full_chaotic_run_0 - INFO - Epoch 86: Train Loss: 0.1131, Train Acc: 0.9978, Val Loss: 0.3809, Val Acc: 0.9326
2026-01-06 15:42:29,807 - experiment_chaotic_lorenz_full_chaotic_run_0 - INFO - Train Epoch 87: [0/472 (0.0%)]	Loss: 0.103614
2026-01-06 15:42:36,468 - experiment_chaotic_lorenz_full_chaotic_run_0 - INFO - Epoch 87: Train Loss: 0.1105, Train Acc: 1.0000, Val Loss: 0.0982, Val Acc: 0.9551
2026-01-06 15:42:37,086 - experiment_chaotic_lorenz_full_chaotic_run_0 - INFO - Train Epoch 88: [0/472 (0.0%)]	Loss: 0.107995
2026-01-06 15:42:43,763 - experiment_chaotic_lorenz_full_chaotic_run_0 - INFO - Epoch 88: Train Loss: 0.1094, Train Acc: 0.9978, Val Loss: 0.1089, Val Acc: 0.9551
2026-01-06 15:42:44,392 - experiment_chaotic_lorenz_full_chaotic_run_0 - INFO - Train Epoch 89: [0/472 (0.0%)]	Loss: 0.108840
2026-01-06 15:42:51,056 - experiment_chaotic_lorenz_full_chaotic_run_0 - INFO - Epoch 89: Train Loss: 0.1091, Train Acc: 1.0000, Val Loss: 0.1935, Val Acc: 0.9326
2026-01-06 15:42:51,676 - experiment_chaotic_lorenz_full_chaotic_run_0 - INFO - Train Epoch 90: [0/472 (0.0%)]	Loss: 0.104526
2026-01-06 15:42:58,314 - experiment_chaotic_lorenz_full_chaotic_run_0 - INFO - Epoch 90: Train Loss: 0.1103, Train Acc: 0.9978, Val Loss: 0.0892, Val Acc: 0.9438
2026-01-06 15:42:59,039 - experiment_chaotic_lorenz_full_chaotic_run_0 - INFO - Train Epoch 91: [0/472 (0.0%)]	Loss: 0.132213
2026-01-06 15:43:05,726 - experiment_chaotic_lorenz_full_chaotic_run_0 - INFO - Epoch 91: Train Loss: 0.1132, Train Acc: 1.0000, Val Loss: 0.1994, Val Acc: 0.9326
2026-01-06 15:43:06,339 - experiment_chaotic_lorenz_full_chaotic_run_0 - INFO - Train Epoch 92: [0/472 (0.0%)]	Loss: 0.109904
2026-01-06 15:43:13,021 - experiment_chaotic_lorenz_full_chaotic_run_0 - INFO - Epoch 92: Train Loss: 0.1091, Train Acc: 1.0000, Val Loss: 0.0560, Val Acc: 0.9663
2026-01-06 15:43:13,638 - experiment_chaotic_lorenz_full_chaotic_run_0 - INFO - Train Epoch 93: [0/472 (0.0%)]	Loss: 0.116519
2026-01-06 15:43:20,340 - experiment_chaotic_lorenz_full_chaotic_run_0 - INFO - Epoch 93: Train Loss: 0.1125, Train Acc: 1.0000, Val Loss: 0.0340, Val Acc: 0.9888
2026-01-06 15:43:20,970 - experiment_chaotic_lorenz_full_chaotic_run_0 - INFO - Train Epoch 94: [0/472 (0.0%)]	Loss: 0.126385
2026-01-06 15:43:27,602 - experiment_chaotic_lorenz_full_chaotic_run_0 - INFO - Epoch 94: Train Loss: 0.1142, Train Acc: 0.9978, Val Loss: 0.0286, Val Acc: 0.9888
2026-01-06 15:43:28,219 - experiment_chaotic_lorenz_full_chaotic_run_0 - INFO - Train Epoch 95: [0/472 (0.0%)]	Loss: 0.113157
2026-01-06 15:43:34,918 - experiment_chaotic_lorenz_full_chaotic_run_0 - INFO - Epoch 95: Train Loss: 0.1123, Train Acc: 1.0000, Val Loss: 0.0353, Val Acc: 0.9888
2026-01-06 15:43:35,543 - experiment_chaotic_lorenz_full_chaotic_run_0 - INFO - Train Epoch 96: [0/472 (0.0%)]	Loss: 0.119860
2026-01-06 15:43:42,278 - experiment_chaotic_lorenz_full_chaotic_run_0 - INFO - Epoch 96: Train Loss: 0.1081, Train Acc: 1.0000, Val Loss: 0.0350, Val Acc: 0.9888
2026-01-06 15:43:42,940 - experiment_chaotic_lorenz_full_chaotic_run_0 - INFO - Train Epoch 97: [0/472 (0.0%)]	Loss: 0.103344
2026-01-06 15:43:49,656 - experiment_chaotic_lorenz_full_chaotic_run_0 - INFO - Epoch 97: Train Loss: 0.1086, Train Acc: 1.0000, Val Loss: 0.0331, Val Acc: 0.9888
2026-01-06 15:43:50,273 - experiment_chaotic_lorenz_full_chaotic_run_0 - INFO - Train Epoch 98: [0/472 (0.0%)]	Loss: 0.110736
2026-01-06 15:43:56,972 - experiment_chaotic_lorenz_full_chaotic_run_0 - INFO - Epoch 98: Train Loss: 0.1160, Train Acc: 0.9978, Val Loss: 0.0358, Val Acc: 0.9888
2026-01-06 15:43:57,597 - experiment_chaotic_lorenz_full_chaotic_run_0 - INFO - Train Epoch 99: [0/472 (0.0%)]	Loss: 0.104980
2026-01-06 15:44:04,267 - experiment_chaotic_lorenz_full_chaotic_run_0 - INFO - Epoch 99: Train Loss: 0.1088, Train Acc: 1.0000, Val Loss: 0.0441, Val Acc: 0.9888
2026-01-06 15:44:04,276 - experiment_chaotic_lorenz_full_chaotic_run_0 - INFO - Running final test evaluation...
2026-01-06 15:44:05,048 - experiment_chaotic_lorenz_full_chaotic_run_0 - INFO - Test Results:
2026-01-06 15:44:05,048 - experiment_chaotic_lorenz_full_chaotic_run_0 - INFO -   loss: 0.1068
2026-01-06 15:44:05,049 - experiment_chaotic_lorenz_full_chaotic_run_0 - INFO -   accuracy: 0.9746
2026-01-06 15:44:05,049 - experiment_chaotic_lorenz_full_chaotic_run_0 - INFO -   avg_confidence: 0.3423
2026-01-06 15:44:05,049 - experiment_chaotic_lorenz_full_chaotic_run_0 - INFO -   embedding_diversity: 0.3713
2026-01-06 15:44:05,049 - experiment_chaotic_lorenz_full_chaotic_run_0 - INFO -   embedding_norm_mean: 1.0000
2026-01-06 15:44:05,049 - experiment_chaotic_lorenz_full_chaotic_run_0 - INFO -   embedding_norm_std: 0.0000
2026-01-06 15:44:05,050 - experiment_chaotic_lorenz_full_chaotic_run_0 - INFO - Training completed
2026-01-06 15:44:05,829 - experiment_chaotic_lorenz_full_chaotic_run_0 - INFO - Running comprehensive chaotic network analysis...
2026-01-06 15:44:05,829 - experiment_chaotic_lorenz_full_chaotic_run_0 - INFO - Analyzing chaotic features and dynamics...
2026-01-06 15:44:06,492 - experiment_chaotic_lorenz_full_chaotic_run_0 - INFO - Chaotic analysis completed
2026-01-06 15:44:06,493 - experiment_chaotic_lorenz_full_chaotic_run_0 - INFO - Creating chaotic dynamics visualizations...
2026-01-06 15:44:08,865 - experiment_chaotic_lorenz_full_chaotic_run_0 - WARNING - Embedding plotting failed: boolean index did not match indexed array along dimension 0; dimension is 8 but corresponding boolean dimension is 32
2026-01-06 15:44:08,873 - experiment_chaotic_lorenz_full_chaotic_run_0 - INFO - Chaotic network analysis completed
