2025-10-25 13:04:19,831 - experiment_chaotic_chua_full_chaotic_run_0 - INFO - Initialized experiment: chaotic_chua_full_chaotic_run_0
2025-10-25 13:04:19,832 - experiment_chaotic_chua_full_chaotic_run_0 - INFO - Device: cuda
2025-10-25 13:04:19,832 - experiment_chaotic_chua_full_chaotic_run_0 - INFO - Output directory: outputs/chaotic/experiments/chaotic_chua_full_chaotic_run_0
2025-10-25 13:04:19,832 - experiment_chaotic_chua_full_chaotic_run_0 - INFO - Initialized chaotic network experiment with chua system
2025-10-25 13:04:19,832 - experiment_chaotic_chua_full_chaotic_run_0 - INFO - Setting up experiment components...
2025-10-25 13:04:19,832 - experiment_chaotic_chua_full_chaotic_run_0 - INFO - Creating dataloaders...
2025-10-25 13:04:19,834 - experiment_chaotic_chua_full_chaotic_run_0 - INFO - Detected 10 speakers in dataset
2025-10-25 13:04:19,834 - experiment_chaotic_chua_full_chaotic_run_0 - INFO - Dataloaders created:
2025-10-25 13:04:19,834 - experiment_chaotic_chua_full_chaotic_run_0 - INFO -   Train: 25 batches
2025-10-25 13:04:19,834 - experiment_chaotic_chua_full_chaotic_run_0 - INFO -   Val: 5 batches
2025-10-25 13:04:19,834 - experiment_chaotic_chua_full_chaotic_run_0 - INFO -   Test: 5 batches
2025-10-25 13:04:19,834 - experiment_chaotic_chua_full_chaotic_run_0 - INFO - Creating model...
2025-10-25 13:04:19,834 - experiment_chaotic_chua_full_chaotic_run_0 - INFO - Using actual num_speakers from dataset: 10
2025-10-25 13:04:19,931 - experiment_chaotic_chua_full_chaotic_run_0 - INFO - Total parameters: 8,553
2025-10-25 13:04:19,931 - experiment_chaotic_chua_full_chaotic_run_0 - INFO - Trainable parameters: 8,553
2025-10-25 13:04:19,931 - experiment_chaotic_chua_full_chaotic_run_0 - INFO - Creating optimizer...
2025-10-25 13:04:21,058 - experiment_chaotic_chua_full_chaotic_run_0 - INFO - Optimizer: AdamW
2025-10-25 13:04:21,058 - experiment_chaotic_chua_full_chaotic_run_0 - INFO - Creating scheduler...
2025-10-25 13:04:21,059 - experiment_chaotic_chua_full_chaotic_run_0 - INFO - T_max not specified for CosineAnnealingLR, using num_epochs: 100
2025-10-25 13:04:21,059 - experiment_chaotic_chua_full_chaotic_run_0 - INFO - Scheduler: CosineAnnealingLR
2025-10-25 13:04:21,059 - experiment_chaotic_chua_full_chaotic_run_0 - INFO - Creating criterion...
2025-10-25 13:04:21,059 - experiment_chaotic_chua_full_chaotic_run_0 - INFO - Criterion: CrossEntropyLoss
2025-10-25 13:04:21,110 - experiment_chaotic_chua_full_chaotic_run_0 - INFO - Configuration saved to: outputs/chaotic/experiments/chaotic_chua_full_chaotic_run_0/config.json
2025-10-25 13:04:21,110 - experiment_chaotic_chua_full_chaotic_run_0 - INFO - Experiment setup completed
2025-10-25 13:04:21,111 - experiment_chaotic_chua_full_chaotic_run_0 - INFO - Starting training for 100 epochs
2025-11-29 11:16:24,417 - experiment_chaotic_chua_full_chaotic_run_0 - INFO - Initialized experiment: chaotic_chua_full_chaotic_run_0
2025-11-29 11:16:24,435 - experiment_chaotic_chua_full_chaotic_run_0 - INFO - Device: cuda
2025-11-29 11:16:24,435 - experiment_chaotic_chua_full_chaotic_run_0 - INFO - Output directory: outputs/chaotic/experiments/chaotic_chua_full_chaotic_run_0
2025-11-29 11:16:24,436 - experiment_chaotic_chua_full_chaotic_run_0 - INFO - Initialized chaotic network experiment with chua system
2025-11-29 11:16:24,436 - experiment_chaotic_chua_full_chaotic_run_0 - INFO - Setting up experiment components...
2025-11-29 11:16:24,436 - experiment_chaotic_chua_full_chaotic_run_0 - INFO - Creating dataloaders...
2025-11-29 11:16:36,697 - experiment_chaotic_chua_full_chaotic_run_0 - INFO - Detected 26 speakers in dataset
2025-11-29 11:16:36,697 - experiment_chaotic_chua_full_chaotic_run_0 - INFO - Dataloaders created:
2025-11-29 11:16:36,697 - experiment_chaotic_chua_full_chaotic_run_0 - INFO -   Train: 14 batches
2025-11-29 11:16:36,697 - experiment_chaotic_chua_full_chaotic_run_0 - INFO -   Val: 3 batches
2025-11-29 11:16:36,697 - experiment_chaotic_chua_full_chaotic_run_0 - INFO -   Test: 4 batches
2025-11-29 11:16:36,697 - experiment_chaotic_chua_full_chaotic_run_0 - INFO - Creating model...
2025-11-29 11:16:36,698 - experiment_chaotic_chua_full_chaotic_run_0 - INFO - Using actual num_speakers from dataset: 26
2025-11-29 11:17:07,316 - experiment_chaotic_chua_full_chaotic_run_0 - INFO - Total parameters: 499,289
2025-11-29 11:17:07,318 - experiment_chaotic_chua_full_chaotic_run_0 - INFO - Trainable parameters: 499,289
2025-11-29 11:17:07,319 - experiment_chaotic_chua_full_chaotic_run_0 - INFO - Creating optimizer...
2025-11-29 11:17:09,621 - experiment_chaotic_chua_full_chaotic_run_0 - INFO - Optimizer: AdamW
2025-11-29 11:17:09,621 - experiment_chaotic_chua_full_chaotic_run_0 - INFO - Creating scheduler...
2025-11-29 11:17:09,621 - experiment_chaotic_chua_full_chaotic_run_0 - WARNING - Unknown scheduler type: linear, no scheduler will be used
2025-11-29 11:17:09,621 - experiment_chaotic_chua_full_chaotic_run_0 - INFO - Creating criterion...
2025-11-29 11:17:09,622 - experiment_chaotic_chua_full_chaotic_run_0 - INFO - Criterion: CrossEntropyLoss
2025-11-29 11:17:09,681 - experiment_chaotic_chua_full_chaotic_run_0 - INFO - Configuration saved to: outputs/chaotic/experiments/chaotic_chua_full_chaotic_run_0/config.json
2025-11-29 11:17:09,681 - experiment_chaotic_chua_full_chaotic_run_0 - INFO - Experiment setup completed
2025-11-29 11:26:29,215 - experiment_chaotic_chua_full_chaotic_run_0 - INFO - Initialized experiment: chaotic_chua_full_chaotic_run_0
2025-11-29 11:26:29,231 - experiment_chaotic_chua_full_chaotic_run_0 - INFO - Device: cuda
2025-11-29 11:26:29,231 - experiment_chaotic_chua_full_chaotic_run_0 - INFO - Output directory: outputs/chaotic/experiments/chaotic_chua_full_chaotic_run_0
2025-11-29 11:26:29,231 - experiment_chaotic_chua_full_chaotic_run_0 - INFO - Initialized chaotic network experiment with chua system
2025-11-29 11:26:29,231 - experiment_chaotic_chua_full_chaotic_run_0 - INFO - Setting up experiment components...
2025-11-29 11:26:29,231 - experiment_chaotic_chua_full_chaotic_run_0 - INFO - Creating dataloaders...
2025-11-29 11:26:29,634 - experiment_chaotic_chua_full_chaotic_run_0 - INFO - Detected 26 speakers in dataset
2025-11-29 11:26:29,634 - experiment_chaotic_chua_full_chaotic_run_0 - INFO - Dataloaders created:
2025-11-29 11:26:29,634 - experiment_chaotic_chua_full_chaotic_run_0 - INFO -   Train: 14 batches
2025-11-29 11:26:29,634 - experiment_chaotic_chua_full_chaotic_run_0 - INFO -   Val: 3 batches
2025-11-29 11:26:29,634 - experiment_chaotic_chua_full_chaotic_run_0 - INFO -   Test: 4 batches
2025-11-29 11:26:29,634 - experiment_chaotic_chua_full_chaotic_run_0 - INFO - Creating model...
2025-11-29 11:26:29,634 - experiment_chaotic_chua_full_chaotic_run_0 - INFO - Using actual num_speakers from dataset: 26
2025-11-29 11:27:00,430 - experiment_chaotic_chua_full_chaotic_run_0 - INFO - Total parameters: 499,289
2025-11-29 11:27:00,433 - experiment_chaotic_chua_full_chaotic_run_0 - INFO - Trainable parameters: 499,289
2025-11-29 11:27:00,433 - experiment_chaotic_chua_full_chaotic_run_0 - INFO - Creating optimizer...
2025-11-29 11:27:02,547 - experiment_chaotic_chua_full_chaotic_run_0 - INFO - Optimizer: AdamW
2025-11-29 11:27:02,547 - experiment_chaotic_chua_full_chaotic_run_0 - INFO - Creating scheduler...
2025-11-29 11:27:02,547 - experiment_chaotic_chua_full_chaotic_run_0 - WARNING - Unknown scheduler type: linear, no scheduler will be used
2025-11-29 11:27:02,547 - experiment_chaotic_chua_full_chaotic_run_0 - INFO - Creating criterion...
2025-11-29 11:27:02,547 - experiment_chaotic_chua_full_chaotic_run_0 - INFO - Criterion: CrossEntropyLoss
2025-11-29 11:27:02,603 - experiment_chaotic_chua_full_chaotic_run_0 - INFO - Configuration saved to: outputs/chaotic/experiments/chaotic_chua_full_chaotic_run_0/config.json
2025-11-29 11:27:02,604 - experiment_chaotic_chua_full_chaotic_run_0 - INFO - Experiment setup completed
2025-11-29 12:38:12,238 - experiment_chaotic_chua_full_chaotic_run_0 - INFO - Initialized experiment: chaotic_chua_full_chaotic_run_0
2025-11-29 12:38:12,256 - experiment_chaotic_chua_full_chaotic_run_0 - INFO - Device: cuda
2025-11-29 12:38:12,256 - experiment_chaotic_chua_full_chaotic_run_0 - INFO - Output directory: outputs/chaotic/experiments/chaotic_chua_full_chaotic_run_0
2025-11-29 12:38:12,256 - experiment_chaotic_chua_full_chaotic_run_0 - INFO - Initialized chaotic network experiment with chua system
2025-11-29 12:38:12,263 - experiment_chaotic_chua_full_chaotic_run_0 - INFO - Setting up experiment components...
2025-11-29 12:38:12,264 - experiment_chaotic_chua_full_chaotic_run_0 - INFO - Creating dataloaders...
2025-11-29 12:38:28,234 - experiment_chaotic_chua_full_chaotic_run_0 - INFO - Detected 26 speakers in dataset
2025-11-29 12:38:28,235 - experiment_chaotic_chua_full_chaotic_run_0 - INFO - Dataloaders created:
2025-11-29 12:38:28,235 - experiment_chaotic_chua_full_chaotic_run_0 - INFO -   Train: 14 batches
2025-11-29 12:38:28,235 - experiment_chaotic_chua_full_chaotic_run_0 - INFO -   Val: 3 batches
2025-11-29 12:38:28,235 - experiment_chaotic_chua_full_chaotic_run_0 - INFO -   Test: 4 batches
2025-11-29 12:38:28,235 - experiment_chaotic_chua_full_chaotic_run_0 - INFO - Creating model...
2025-11-29 12:38:28,235 - experiment_chaotic_chua_full_chaotic_run_0 - INFO - Using actual num_speakers from dataset: 26
2025-11-29 12:38:58,858 - experiment_chaotic_chua_full_chaotic_run_0 - INFO - Total parameters: 499,289
2025-11-29 12:38:58,858 - experiment_chaotic_chua_full_chaotic_run_0 - INFO - Trainable parameters: 499,289
2025-11-29 12:38:58,858 - experiment_chaotic_chua_full_chaotic_run_0 - INFO - Creating optimizer...
2025-11-29 12:39:01,432 - experiment_chaotic_chua_full_chaotic_run_0 - INFO - Optimizer: AdamW
2025-11-29 12:39:01,432 - experiment_chaotic_chua_full_chaotic_run_0 - INFO - Creating scheduler...
2025-11-29 12:39:01,432 - experiment_chaotic_chua_full_chaotic_run_0 - WARNING - Unknown scheduler type: linear, no scheduler will be used
2025-11-29 12:39:01,432 - experiment_chaotic_chua_full_chaotic_run_0 - INFO - Creating criterion...
2025-11-29 12:39:01,432 - experiment_chaotic_chua_full_chaotic_run_0 - INFO - Criterion: CrossEntropyLoss
2025-11-29 12:39:01,485 - experiment_chaotic_chua_full_chaotic_run_0 - INFO - Configuration saved to: outputs/chaotic/experiments/chaotic_chua_full_chaotic_run_0/config.json
2025-11-29 12:39:01,485 - experiment_chaotic_chua_full_chaotic_run_0 - INFO - Experiment setup completed
2025-11-29 12:46:19,352 - experiment_chaotic_chua_full_chaotic_run_0 - INFO - Starting training for 100 epochs
2025-11-29 12:46:19,489 - experiment_chaotic_chua_full_chaotic_run_0 - INFO - 
================================================================================
2025-11-29 12:46:19,490 - experiment_chaotic_chua_full_chaotic_run_0 - INFO - COMPREHENSIVE DEBUG - FIRST BATCH
2025-11-29 12:46:19,490 - experiment_chaotic_chua_full_chaotic_run_0 - INFO - ================================================================================
2025-11-29 12:46:19,490 - experiment_chaotic_chua_full_chaotic_run_0 - INFO - Batch Info:
2025-11-29 12:46:19,490 - experiment_chaotic_chua_full_chaotic_run_0 - INFO -   Audio shape: torch.Size([32, 48000])
2025-11-29 12:46:19,490 - experiment_chaotic_chua_full_chaotic_run_0 - INFO -   Targets shape: torch.Size([32])
2025-11-29 12:46:19,496 - experiment_chaotic_chua_full_chaotic_run_0 - INFO -   Targets (first 8): tensor([ 6, 16, 17,  2,  3, 15, 20, 11], device='cuda:0')
2025-11-29 12:47:13,131 - experiment_chaotic_chua_full_chaotic_run_0 - INFO - ================================================================================

2025-11-29 12:48:07,186 - experiment_chaotic_chua_full_chaotic_run_0 - INFO - Train Epoch 0: [0/472 (0.0%)]	Loss: 3.256326
2025-11-29 13:03:34,463 - experiment_chaotic_chua_full_chaotic_run_0 - INFO - Epoch 0: Train Loss: 3.2192, Train Acc: 0.0871, Val Loss: 3.2009, Val Acc: 0.0449
2025-11-29 13:03:34,555 - experiment_chaotic_chua_full_chaotic_run_0 - INFO - Saved new best model at epoch 0
2025-11-29 13:04:29,203 - experiment_chaotic_chua_full_chaotic_run_0 - INFO - Train Epoch 1: [0/472 (0.0%)]	Loss: 2.950656
2025-11-29 13:19:55,135 - experiment_chaotic_chua_full_chaotic_run_0 - INFO - Epoch 1: Train Loss: 2.7365, Train Acc: 0.1652, Val Loss: 3.9356, Val Acc: 0.0449
2025-11-29 13:20:49,564 - experiment_chaotic_chua_full_chaotic_run_0 - INFO - Train Epoch 2: [0/472 (0.0%)]	Loss: 2.347763
2025-11-29 13:36:14,756 - experiment_chaotic_chua_full_chaotic_run_0 - INFO - Epoch 2: Train Loss: 2.3315, Train Acc: 0.1987, Val Loss: 3.1209, Val Acc: 0.1348
2025-11-29 13:36:14,835 - experiment_chaotic_chua_full_chaotic_run_0 - INFO - Saved new best model at epoch 2
2025-11-29 13:37:09,206 - experiment_chaotic_chua_full_chaotic_run_0 - INFO - Train Epoch 3: [0/472 (0.0%)]	Loss: 2.121183
2025-11-29 13:52:33,661 - experiment_chaotic_chua_full_chaotic_run_0 - INFO - Epoch 3: Train Loss: 2.0999, Train Acc: 0.2210, Val Loss: 3.3718, Val Acc: 0.1236
2025-11-29 13:53:28,033 - experiment_chaotic_chua_full_chaotic_run_0 - INFO - Train Epoch 4: [0/472 (0.0%)]	Loss: 1.818347
2025-11-29 14:08:53,781 - experiment_chaotic_chua_full_chaotic_run_0 - INFO - Epoch 4: Train Loss: 1.9461, Train Acc: 0.3192, Val Loss: 2.9849, Val Acc: 0.1573
2025-11-29 14:08:53,858 - experiment_chaotic_chua_full_chaotic_run_0 - INFO - Saved new best model at epoch 4
2025-11-29 14:09:48,294 - experiment_chaotic_chua_full_chaotic_run_0 - INFO - Train Epoch 5: [0/472 (0.0%)]	Loss: 1.717345
2025-11-29 14:25:15,239 - experiment_chaotic_chua_full_chaotic_run_0 - INFO - Epoch 5: Train Loss: 2.0074, Train Acc: 0.2812, Val Loss: 2.8442, Val Acc: 0.1798
2025-11-29 14:25:15,316 - experiment_chaotic_chua_full_chaotic_run_0 - INFO - Saved new best model at epoch 5
2025-11-29 14:26:09,674 - experiment_chaotic_chua_full_chaotic_run_0 - INFO - Train Epoch 6: [0/472 (0.0%)]	Loss: 1.897597
2025-11-29 14:41:35,311 - experiment_chaotic_chua_full_chaotic_run_0 - INFO - Epoch 6: Train Loss: 1.8813, Train Acc: 0.2812, Val Loss: 2.1176, Val Acc: 0.2472
2025-11-29 14:41:35,391 - experiment_chaotic_chua_full_chaotic_run_0 - INFO - Saved new best model at epoch 6
2025-11-29 14:42:29,912 - experiment_chaotic_chua_full_chaotic_run_0 - INFO - Train Epoch 7: [0/472 (0.0%)]	Loss: 1.591523
2025-11-29 14:57:57,350 - experiment_chaotic_chua_full_chaotic_run_0 - INFO - Epoch 7: Train Loss: 1.7337, Train Acc: 0.3616, Val Loss: 1.8408, Val Acc: 0.3708
2025-11-29 14:57:57,425 - experiment_chaotic_chua_full_chaotic_run_0 - INFO - Saved new best model at epoch 7
2025-11-29 14:58:51,673 - experiment_chaotic_chua_full_chaotic_run_0 - INFO - Train Epoch 8: [0/472 (0.0%)]	Loss: 1.543694
2025-11-29 15:14:17,241 - experiment_chaotic_chua_full_chaotic_run_0 - INFO - Epoch 8: Train Loss: 1.5867, Train Acc: 0.4062, Val Loss: 2.1105, Val Acc: 0.2697
2025-11-29 15:15:11,631 - experiment_chaotic_chua_full_chaotic_run_0 - INFO - Train Epoch 9: [0/472 (0.0%)]	Loss: 1.612364
2025-11-29 15:30:39,010 - experiment_chaotic_chua_full_chaotic_run_0 - INFO - Epoch 9: Train Loss: 1.7308, Train Acc: 0.3683, Val Loss: 2.1846, Val Acc: 0.3146
2025-11-29 15:31:33,338 - experiment_chaotic_chua_full_chaotic_run_0 - INFO - Train Epoch 10: [0/472 (0.0%)]	Loss: 1.334761
2025-11-29 15:47:00,388 - experiment_chaotic_chua_full_chaotic_run_0 - INFO - Epoch 10: Train Loss: 1.5642, Train Acc: 0.3884, Val Loss: 2.7199, Val Acc: 0.2472
2025-11-29 15:47:55,210 - experiment_chaotic_chua_full_chaotic_run_0 - INFO - Train Epoch 11: [0/472 (0.0%)]	Loss: 1.316589
2025-11-29 16:03:21,659 - experiment_chaotic_chua_full_chaotic_run_0 - INFO - Epoch 11: Train Loss: 1.4186, Train Acc: 0.4688, Val Loss: 1.9960, Val Acc: 0.3708
2025-11-29 16:04:15,898 - experiment_chaotic_chua_full_chaotic_run_0 - INFO - Train Epoch 12: [0/472 (0.0%)]	Loss: 1.579418
2025-11-29 16:19:45,659 - experiment_chaotic_chua_full_chaotic_run_0 - INFO - Epoch 12: Train Loss: 1.4084, Train Acc: 0.4353, Val Loss: 1.7358, Val Acc: 0.3708
2025-11-29 16:20:39,874 - experiment_chaotic_chua_full_chaotic_run_0 - INFO - Train Epoch 13: [0/472 (0.0%)]	Loss: 1.274104
2025-11-29 16:36:06,481 - experiment_chaotic_chua_full_chaotic_run_0 - INFO - Epoch 13: Train Loss: 1.3021, Train Acc: 0.4933, Val Loss: 3.8189, Val Acc: 0.1910
2025-11-29 16:37:00,987 - experiment_chaotic_chua_full_chaotic_run_0 - INFO - Train Epoch 14: [0/472 (0.0%)]	Loss: 0.999994
2025-11-29 16:52:27,976 - experiment_chaotic_chua_full_chaotic_run_0 - INFO - Epoch 14: Train Loss: 1.3141, Train Acc: 0.4888, Val Loss: 2.0999, Val Acc: 0.4382
2025-11-29 16:52:28,051 - experiment_chaotic_chua_full_chaotic_run_0 - INFO - Saved new best model at epoch 14
2025-11-29 16:53:22,702 - experiment_chaotic_chua_full_chaotic_run_0 - INFO - Train Epoch 15: [0/472 (0.0%)]	Loss: 0.780165
2025-11-29 17:08:47,644 - experiment_chaotic_chua_full_chaotic_run_0 - INFO - Epoch 15: Train Loss: 1.2137, Train Acc: 0.5223, Val Loss: 1.8197, Val Acc: 0.4944
2025-11-29 17:08:47,719 - experiment_chaotic_chua_full_chaotic_run_0 - INFO - Saved new best model at epoch 15
2025-11-29 17:09:41,769 - experiment_chaotic_chua_full_chaotic_run_0 - INFO - Train Epoch 16: [0/472 (0.0%)]	Loss: 0.886557
2025-11-29 17:25:07,351 - experiment_chaotic_chua_full_chaotic_run_0 - INFO - Epoch 16: Train Loss: 1.2499, Train Acc: 0.5558, Val Loss: 2.0006, Val Acc: 0.3933
2025-11-29 17:26:01,446 - experiment_chaotic_chua_full_chaotic_run_0 - INFO - Train Epoch 17: [0/472 (0.0%)]	Loss: 1.535703
2025-11-29 17:41:26,899 - experiment_chaotic_chua_full_chaotic_run_0 - INFO - Epoch 17: Train Loss: 1.2600, Train Acc: 0.5312, Val Loss: 2.2090, Val Acc: 0.2584
2025-11-29 17:42:21,216 - experiment_chaotic_chua_full_chaotic_run_0 - INFO - Train Epoch 18: [0/472 (0.0%)]	Loss: 0.734680
2025-11-29 17:57:46,454 - experiment_chaotic_chua_full_chaotic_run_0 - INFO - Epoch 18: Train Loss: 1.1035, Train Acc: 0.5893, Val Loss: 2.0735, Val Acc: 0.5506
2025-11-29 17:57:46,532 - experiment_chaotic_chua_full_chaotic_run_0 - INFO - Saved new best model at epoch 18
2025-11-29 17:58:41,064 - experiment_chaotic_chua_full_chaotic_run_0 - INFO - Train Epoch 19: [0/472 (0.0%)]	Loss: 1.107699
2025-11-29 18:14:05,690 - experiment_chaotic_chua_full_chaotic_run_0 - INFO - Epoch 19: Train Loss: 1.1854, Train Acc: 0.5536, Val Loss: 1.6967, Val Acc: 0.3820
2025-11-29 18:14:59,950 - experiment_chaotic_chua_full_chaotic_run_0 - INFO - Train Epoch 20: [0/472 (0.0%)]	Loss: 1.374480
2025-11-29 18:30:25,473 - experiment_chaotic_chua_full_chaotic_run_0 - INFO - Epoch 20: Train Loss: 1.1460, Train Acc: 0.5804, Val Loss: 1.3905, Val Acc: 0.5730
2025-11-29 18:30:25,549 - experiment_chaotic_chua_full_chaotic_run_0 - INFO - Saved new best model at epoch 20
2025-11-29 18:31:19,980 - experiment_chaotic_chua_full_chaotic_run_0 - INFO - Train Epoch 21: [0/472 (0.0%)]	Loss: 0.917187
2025-11-29 18:46:45,800 - experiment_chaotic_chua_full_chaotic_run_0 - INFO - Epoch 21: Train Loss: 1.1098, Train Acc: 0.6228, Val Loss: 1.4164, Val Acc: 0.5281
2025-11-29 18:47:40,218 - experiment_chaotic_chua_full_chaotic_run_0 - INFO - Train Epoch 22: [0/472 (0.0%)]	Loss: 1.069836
2025-11-29 19:03:06,793 - experiment_chaotic_chua_full_chaotic_run_0 - INFO - Epoch 22: Train Loss: 0.9967, Train Acc: 0.6250, Val Loss: 1.5746, Val Acc: 0.4944
2025-11-29 19:04:01,646 - experiment_chaotic_chua_full_chaotic_run_0 - INFO - Train Epoch 23: [0/472 (0.0%)]	Loss: 0.780452
2025-11-29 19:19:30,586 - experiment_chaotic_chua_full_chaotic_run_0 - INFO - Epoch 23: Train Loss: 1.0507, Train Acc: 0.6004, Val Loss: 1.0434, Val Acc: 0.6292
2025-11-29 19:19:30,666 - experiment_chaotic_chua_full_chaotic_run_0 - INFO - Saved new best model at epoch 23
2025-11-29 19:20:25,286 - experiment_chaotic_chua_full_chaotic_run_0 - INFO - Train Epoch 24: [0/472 (0.0%)]	Loss: 1.917217
2025-11-29 19:35:51,886 - experiment_chaotic_chua_full_chaotic_run_0 - INFO - Epoch 24: Train Loss: 1.1507, Train Acc: 0.5804, Val Loss: 1.8172, Val Acc: 0.4607
2025-11-29 19:36:46,292 - experiment_chaotic_chua_full_chaotic_run_0 - INFO - Train Epoch 25: [0/472 (0.0%)]	Loss: 1.020365
2025-11-29 19:52:12,744 - experiment_chaotic_chua_full_chaotic_run_0 - INFO - Epoch 25: Train Loss: 1.0065, Train Acc: 0.6205, Val Loss: 1.4382, Val Acc: 0.5056
2025-11-29 19:53:07,012 - experiment_chaotic_chua_full_chaotic_run_0 - INFO - Train Epoch 26: [0/472 (0.0%)]	Loss: 0.559017
2025-11-29 20:08:32,562 - experiment_chaotic_chua_full_chaotic_run_0 - INFO - Epoch 26: Train Loss: 0.9319, Train Acc: 0.6406, Val Loss: 2.4184, Val Acc: 0.4494
2025-11-29 20:09:26,842 - experiment_chaotic_chua_full_chaotic_run_0 - INFO - Train Epoch 27: [0/472 (0.0%)]	Loss: 0.690376
2025-11-29 20:24:50,511 - experiment_chaotic_chua_full_chaotic_run_0 - INFO - Epoch 27: Train Loss: 0.9122, Train Acc: 0.6496, Val Loss: 0.9503, Val Acc: 0.6517
2025-11-29 20:24:50,586 - experiment_chaotic_chua_full_chaotic_run_0 - INFO - Saved new best model at epoch 27
2025-11-29 20:25:44,746 - experiment_chaotic_chua_full_chaotic_run_0 - INFO - Train Epoch 28: [0/472 (0.0%)]	Loss: 0.832175
2025-11-29 20:41:11,018 - experiment_chaotic_chua_full_chaotic_run_0 - INFO - Epoch 28: Train Loss: 0.8972, Train Acc: 0.6652, Val Loss: 0.7668, Val Acc: 0.6966
2025-11-29 20:41:11,095 - experiment_chaotic_chua_full_chaotic_run_0 - INFO - Saved new best model at epoch 28
2025-11-29 20:42:05,728 - experiment_chaotic_chua_full_chaotic_run_0 - INFO - Train Epoch 29: [0/472 (0.0%)]	Loss: 0.558896
2025-11-29 20:57:32,512 - experiment_chaotic_chua_full_chaotic_run_0 - INFO - Epoch 29: Train Loss: 0.8131, Train Acc: 0.7076, Val Loss: 1.5146, Val Acc: 0.5506
2025-11-29 20:58:26,788 - experiment_chaotic_chua_full_chaotic_run_0 - INFO - Train Epoch 30: [0/472 (0.0%)]	Loss: 0.719498
2025-11-29 21:13:52,485 - experiment_chaotic_chua_full_chaotic_run_0 - INFO - Epoch 30: Train Loss: 0.6541, Train Acc: 0.7656, Val Loss: 1.0440, Val Acc: 0.6067
2025-11-29 21:14:47,075 - experiment_chaotic_chua_full_chaotic_run_0 - INFO - Train Epoch 31: [0/472 (0.0%)]	Loss: 0.770344
2025-11-29 21:30:13,857 - experiment_chaotic_chua_full_chaotic_run_0 - INFO - Epoch 31: Train Loss: 0.7511, Train Acc: 0.7321, Val Loss: 1.4995, Val Acc: 0.5955
2025-11-29 21:31:08,236 - experiment_chaotic_chua_full_chaotic_run_0 - INFO - Train Epoch 32: [0/472 (0.0%)]	Loss: 0.631154
2025-11-29 21:46:34,077 - experiment_chaotic_chua_full_chaotic_run_0 - INFO - Epoch 32: Train Loss: 0.8771, Train Acc: 0.6897, Val Loss: 1.7334, Val Acc: 0.4719
2025-11-29 21:47:28,162 - experiment_chaotic_chua_full_chaotic_run_0 - INFO - Train Epoch 33: [0/472 (0.0%)]	Loss: 0.777108
2025-11-29 22:02:54,210 - experiment_chaotic_chua_full_chaotic_run_0 - INFO - Epoch 33: Train Loss: 0.8915, Train Acc: 0.7165, Val Loss: 1.2095, Val Acc: 0.5618
2025-11-29 22:03:48,766 - experiment_chaotic_chua_full_chaotic_run_0 - INFO - Train Epoch 34: [0/472 (0.0%)]	Loss: 0.530574
2025-11-29 22:19:13,586 - experiment_chaotic_chua_full_chaotic_run_0 - INFO - Epoch 34: Train Loss: 0.7687, Train Acc: 0.7188, Val Loss: 1.5182, Val Acc: 0.5843
2025-11-29 22:20:07,882 - experiment_chaotic_chua_full_chaotic_run_0 - INFO - Train Epoch 35: [0/472 (0.0%)]	Loss: 0.661622
2025-11-29 22:35:34,804 - experiment_chaotic_chua_full_chaotic_run_0 - INFO - Epoch 35: Train Loss: 0.7684, Train Acc: 0.7277, Val Loss: 1.7487, Val Acc: 0.5169
2025-11-29 22:36:29,354 - experiment_chaotic_chua_full_chaotic_run_0 - INFO - Train Epoch 36: [0/472 (0.0%)]	Loss: 0.914842
2025-11-29 22:51:57,806 - experiment_chaotic_chua_full_chaotic_run_0 - INFO - Epoch 36: Train Loss: 0.7133, Train Acc: 0.7344, Val Loss: 1.5499, Val Acc: 0.5730
2025-11-29 22:52:52,212 - experiment_chaotic_chua_full_chaotic_run_0 - INFO - Train Epoch 37: [0/472 (0.0%)]	Loss: 0.838948
2025-11-29 23:08:18,517 - experiment_chaotic_chua_full_chaotic_run_0 - INFO - Epoch 37: Train Loss: 0.7871, Train Acc: 0.7254, Val Loss: 1.9230, Val Acc: 0.5056
2025-11-29 23:09:13,173 - experiment_chaotic_chua_full_chaotic_run_0 - INFO - Train Epoch 38: [0/472 (0.0%)]	Loss: 0.745792
2025-11-29 23:24:43,162 - experiment_chaotic_chua_full_chaotic_run_0 - INFO - Epoch 38: Train Loss: 0.8353, Train Acc: 0.7031, Val Loss: 1.2302, Val Acc: 0.5393
2025-11-29 23:25:37,980 - experiment_chaotic_chua_full_chaotic_run_0 - INFO - Train Epoch 39: [0/472 (0.0%)]	Loss: 0.499102
2025-11-29 23:41:08,543 - experiment_chaotic_chua_full_chaotic_run_0 - INFO - Epoch 39: Train Loss: 0.7711, Train Acc: 0.7121, Val Loss: 0.7957, Val Acc: 0.7416
2025-11-29 23:41:08,618 - experiment_chaotic_chua_full_chaotic_run_0 - INFO - Saved new best model at epoch 39
2025-11-29 23:42:02,899 - experiment_chaotic_chua_full_chaotic_run_0 - INFO - Train Epoch 40: [0/472 (0.0%)]	Loss: 0.450324
2025-11-29 23:57:31,740 - experiment_chaotic_chua_full_chaotic_run_0 - INFO - Epoch 40: Train Loss: 0.7594, Train Acc: 0.7277, Val Loss: 2.4000, Val Acc: 0.4045
2025-11-29 23:58:26,533 - experiment_chaotic_chua_full_chaotic_run_0 - INFO - Train Epoch 41: [0/472 (0.0%)]	Loss: 0.808440
2025-11-30 00:13:56,934 - experiment_chaotic_chua_full_chaotic_run_0 - INFO - Epoch 41: Train Loss: 0.7259, Train Acc: 0.7455, Val Loss: 2.0031, Val Acc: 0.3820
2025-11-30 00:14:51,725 - experiment_chaotic_chua_full_chaotic_run_0 - INFO - Train Epoch 42: [0/472 (0.0%)]	Loss: 0.599570
2025-11-30 00:30:24,223 - experiment_chaotic_chua_full_chaotic_run_0 - INFO - Epoch 42: Train Loss: 0.7524, Train Acc: 0.7634, Val Loss: 1.8194, Val Acc: 0.5618
2025-11-30 00:31:19,125 - experiment_chaotic_chua_full_chaotic_run_0 - INFO - Train Epoch 43: [0/472 (0.0%)]	Loss: 0.417964
2025-11-30 00:46:52,589 - experiment_chaotic_chua_full_chaotic_run_0 - INFO - Epoch 43: Train Loss: 0.6109, Train Acc: 0.8036, Val Loss: 1.1197, Val Acc: 0.6180
2025-11-30 00:47:46,884 - experiment_chaotic_chua_full_chaotic_run_0 - INFO - Train Epoch 44: [0/472 (0.0%)]	Loss: 0.634814
2025-11-30 01:03:16,616 - experiment_chaotic_chua_full_chaotic_run_0 - INFO - Epoch 44: Train Loss: 0.7417, Train Acc: 0.7321, Val Loss: 1.6829, Val Acc: 0.4944
2025-11-30 01:04:11,218 - experiment_chaotic_chua_full_chaotic_run_0 - INFO - Train Epoch 45: [0/472 (0.0%)]	Loss: 0.694679
2025-11-30 01:19:40,942 - experiment_chaotic_chua_full_chaotic_run_0 - INFO - Epoch 45: Train Loss: 0.5961, Train Acc: 0.7902, Val Loss: 1.0529, Val Acc: 0.6742
2025-11-30 01:20:35,839 - experiment_chaotic_chua_full_chaotic_run_0 - INFO - Train Epoch 46: [0/472 (0.0%)]	Loss: 0.580300
2025-11-30 01:36:07,621 - experiment_chaotic_chua_full_chaotic_run_0 - INFO - Epoch 46: Train Loss: 0.6406, Train Acc: 0.7545, Val Loss: 0.6152, Val Acc: 0.7865
2025-11-30 01:36:07,698 - experiment_chaotic_chua_full_chaotic_run_0 - INFO - Saved new best model at epoch 46
2025-11-30 01:37:02,325 - experiment_chaotic_chua_full_chaotic_run_0 - INFO - Train Epoch 47: [0/472 (0.0%)]	Loss: 0.611065
2025-11-30 01:52:29,474 - experiment_chaotic_chua_full_chaotic_run_0 - INFO - Epoch 47: Train Loss: 0.6608, Train Acc: 0.7567, Val Loss: 0.7951, Val Acc: 0.7416
2025-11-30 01:53:23,872 - experiment_chaotic_chua_full_chaotic_run_0 - INFO - Train Epoch 48: [0/472 (0.0%)]	Loss: 0.909096
2025-11-30 02:08:53,936 - experiment_chaotic_chua_full_chaotic_run_0 - INFO - Epoch 48: Train Loss: 0.7639, Train Acc: 0.7522, Val Loss: 0.6226, Val Acc: 0.7753
2025-11-30 02:09:48,285 - experiment_chaotic_chua_full_chaotic_run_0 - INFO - Train Epoch 49: [0/472 (0.0%)]	Loss: 0.654106
2025-11-30 02:25:16,289 - experiment_chaotic_chua_full_chaotic_run_0 - INFO - Epoch 49: Train Loss: 0.7466, Train Acc: 0.7388, Val Loss: 1.0103, Val Acc: 0.7416
2025-11-30 02:26:10,963 - experiment_chaotic_chua_full_chaotic_run_0 - INFO - Train Epoch 50: [0/472 (0.0%)]	Loss: 0.406201
2025-11-30 02:41:42,708 - experiment_chaotic_chua_full_chaotic_run_0 - INFO - Epoch 50: Train Loss: 0.6664, Train Acc: 0.7790, Val Loss: 1.0854, Val Acc: 0.6854
2025-11-30 02:42:37,718 - experiment_chaotic_chua_full_chaotic_run_0 - INFO - Train Epoch 51: [0/472 (0.0%)]	Loss: 0.319505
2025-11-30 02:58:07,211 - experiment_chaotic_chua_full_chaotic_run_0 - INFO - Epoch 51: Train Loss: 0.6759, Train Acc: 0.7634, Val Loss: 0.9865, Val Acc: 0.6966
2025-11-30 02:59:01,423 - experiment_chaotic_chua_full_chaotic_run_0 - INFO - Train Epoch 52: [0/472 (0.0%)]	Loss: 0.636033
2025-11-30 03:14:29,123 - experiment_chaotic_chua_full_chaotic_run_0 - INFO - Epoch 52: Train Loss: 0.6568, Train Acc: 0.7634, Val Loss: 0.9921, Val Acc: 0.7191
2025-11-30 03:15:23,353 - experiment_chaotic_chua_full_chaotic_run_0 - INFO - Train Epoch 53: [0/472 (0.0%)]	Loss: 0.294128
2025-11-30 03:30:49,861 - experiment_chaotic_chua_full_chaotic_run_0 - INFO - Epoch 53: Train Loss: 0.6217, Train Acc: 0.7991, Val Loss: 0.8365, Val Acc: 0.7528
2025-11-30 03:31:44,200 - experiment_chaotic_chua_full_chaotic_run_0 - INFO - Train Epoch 54: [0/472 (0.0%)]	Loss: 0.335269
2025-11-30 03:47:12,820 - experiment_chaotic_chua_full_chaotic_run_0 - INFO - Epoch 54: Train Loss: 0.6551, Train Acc: 0.7812, Val Loss: 2.5731, Val Acc: 0.3820
2025-11-30 03:48:07,303 - experiment_chaotic_chua_full_chaotic_run_0 - INFO - Train Epoch 55: [0/472 (0.0%)]	Loss: 0.230336
2025-11-30 04:03:35,778 - experiment_chaotic_chua_full_chaotic_run_0 - INFO - Epoch 55: Train Loss: 0.5808, Train Acc: 0.7857, Val Loss: 1.1639, Val Acc: 0.6517
2025-11-30 04:04:29,909 - experiment_chaotic_chua_full_chaotic_run_0 - INFO - Train Epoch 56: [0/472 (0.0%)]	Loss: 1.000410
2025-11-30 04:19:56,099 - experiment_chaotic_chua_full_chaotic_run_0 - INFO - Epoch 56: Train Loss: 0.5047, Train Acc: 0.8058, Val Loss: 0.4574, Val Acc: 0.8876
2025-11-30 04:19:56,176 - experiment_chaotic_chua_full_chaotic_run_0 - INFO - Saved new best model at epoch 56
2025-11-30 04:20:50,816 - experiment_chaotic_chua_full_chaotic_run_0 - INFO - Train Epoch 57: [0/472 (0.0%)]	Loss: 0.119485
2025-11-30 04:36:19,479 - experiment_chaotic_chua_full_chaotic_run_0 - INFO - Epoch 57: Train Loss: 0.3998, Train Acc: 0.8638, Val Loss: 0.6080, Val Acc: 0.8090
2025-11-30 04:37:14,118 - experiment_chaotic_chua_full_chaotic_run_0 - INFO - Train Epoch 58: [0/472 (0.0%)]	Loss: 0.368466
2025-11-30 04:52:42,349 - experiment_chaotic_chua_full_chaotic_run_0 - INFO - Epoch 58: Train Loss: 0.4958, Train Acc: 0.8393, Val Loss: 1.0952, Val Acc: 0.7191
2025-11-30 04:53:37,013 - experiment_chaotic_chua_full_chaotic_run_0 - INFO - Train Epoch 59: [0/472 (0.0%)]	Loss: 0.407896
2025-11-30 05:09:06,223 - experiment_chaotic_chua_full_chaotic_run_0 - INFO - Epoch 59: Train Loss: 0.5733, Train Acc: 0.8036, Val Loss: 0.6412, Val Acc: 0.7303
2025-11-30 05:10:00,609 - experiment_chaotic_chua_full_chaotic_run_0 - INFO - Train Epoch 60: [0/472 (0.0%)]	Loss: 0.444686
2025-11-30 05:25:27,641 - experiment_chaotic_chua_full_chaotic_run_0 - INFO - Epoch 60: Train Loss: 0.4909, Train Acc: 0.8504, Val Loss: 1.6933, Val Acc: 0.6067
2025-11-30 05:26:22,069 - experiment_chaotic_chua_full_chaotic_run_0 - INFO - Train Epoch 61: [0/472 (0.0%)]	Loss: 0.607321
2025-11-30 05:41:49,801 - experiment_chaotic_chua_full_chaotic_run_0 - INFO - Epoch 61: Train Loss: 0.6743, Train Acc: 0.7768, Val Loss: 1.2260, Val Acc: 0.6742
2025-11-30 05:42:44,520 - experiment_chaotic_chua_full_chaotic_run_0 - INFO - Train Epoch 62: [0/472 (0.0%)]	Loss: 0.687838
2025-11-30 05:58:19,083 - experiment_chaotic_chua_full_chaotic_run_0 - INFO - Epoch 62: Train Loss: 0.6133, Train Acc: 0.7701, Val Loss: 1.2891, Val Acc: 0.7079
2025-11-30 05:59:13,596 - experiment_chaotic_chua_full_chaotic_run_0 - INFO - Train Epoch 63: [0/472 (0.0%)]	Loss: 0.333177
2025-11-30 06:14:42,367 - experiment_chaotic_chua_full_chaotic_run_0 - INFO - Epoch 63: Train Loss: 0.5121, Train Acc: 0.8192, Val Loss: 0.6962, Val Acc: 0.7865
2025-11-30 06:15:36,571 - experiment_chaotic_chua_full_chaotic_run_0 - INFO - Train Epoch 64: [0/472 (0.0%)]	Loss: 0.303758
2025-11-30 06:31:04,231 - experiment_chaotic_chua_full_chaotic_run_0 - INFO - Epoch 64: Train Loss: 0.4703, Train Acc: 0.8393, Val Loss: 0.6159, Val Acc: 0.8202
2025-11-30 06:31:59,314 - experiment_chaotic_chua_full_chaotic_run_0 - INFO - Train Epoch 65: [0/472 (0.0%)]	Loss: 0.620368
2025-11-30 06:47:29,729 - experiment_chaotic_chua_full_chaotic_run_0 - INFO - Epoch 65: Train Loss: 0.4274, Train Acc: 0.8482, Val Loss: 0.6164, Val Acc: 0.7640
2025-11-30 06:48:24,166 - experiment_chaotic_chua_full_chaotic_run_0 - INFO - Train Epoch 66: [0/472 (0.0%)]	Loss: 0.309148
2025-11-30 07:03:51,445 - experiment_chaotic_chua_full_chaotic_run_0 - INFO - Epoch 66: Train Loss: 0.4000, Train Acc: 0.8616, Val Loss: 0.2610, Val Acc: 0.8876
2025-11-30 07:04:46,600 - experiment_chaotic_chua_full_chaotic_run_0 - INFO - Train Epoch 67: [0/472 (0.0%)]	Loss: 0.223109
2025-11-30 07:20:16,720 - experiment_chaotic_chua_full_chaotic_run_0 - INFO - Epoch 67: Train Loss: 0.4414, Train Acc: 0.8504, Val Loss: 0.5869, Val Acc: 0.8090
2025-11-30 07:21:11,201 - experiment_chaotic_chua_full_chaotic_run_0 - INFO - Train Epoch 68: [0/472 (0.0%)]	Loss: 0.204361
2025-11-30 07:36:43,702 - experiment_chaotic_chua_full_chaotic_run_0 - INFO - Epoch 68: Train Loss: 0.3655, Train Acc: 0.8862, Val Loss: 1.0690, Val Acc: 0.6966
2025-11-30 07:37:38,468 - experiment_chaotic_chua_full_chaotic_run_0 - INFO - Train Epoch 69: [0/472 (0.0%)]	Loss: 0.862726
2025-11-30 07:53:11,356 - experiment_chaotic_chua_full_chaotic_run_0 - INFO - Epoch 69: Train Loss: 0.4821, Train Acc: 0.8594, Val Loss: 0.2708, Val Acc: 0.9101
2025-11-30 07:53:11,434 - experiment_chaotic_chua_full_chaotic_run_0 - INFO - Saved new best model at epoch 69
2025-11-30 07:54:06,061 - experiment_chaotic_chua_full_chaotic_run_0 - INFO - Train Epoch 70: [0/472 (0.0%)]	Loss: 0.052493
2025-11-30 08:09:35,920 - experiment_chaotic_chua_full_chaotic_run_0 - INFO - Epoch 70: Train Loss: 0.3547, Train Acc: 0.8973, Val Loss: 1.0144, Val Acc: 0.7191
2025-11-30 08:10:31,237 - experiment_chaotic_chua_full_chaotic_run_0 - INFO - Train Epoch 71: [0/472 (0.0%)]	Loss: 0.268570
2025-11-30 08:26:02,840 - experiment_chaotic_chua_full_chaotic_run_0 - INFO - Epoch 71: Train Loss: 0.2862, Train Acc: 0.8929, Val Loss: 0.5446, Val Acc: 0.8315
2025-11-30 08:26:57,249 - experiment_chaotic_chua_full_chaotic_run_0 - INFO - Train Epoch 72: [0/472 (0.0%)]	Loss: 0.125690
2025-11-30 08:42:30,115 - experiment_chaotic_chua_full_chaotic_run_0 - INFO - Epoch 72: Train Loss: 0.2737, Train Acc: 0.9062, Val Loss: 1.0086, Val Acc: 0.6742
2025-11-30 08:43:24,957 - experiment_chaotic_chua_full_chaotic_run_0 - INFO - Train Epoch 73: [0/472 (0.0%)]	Loss: 0.570402
2025-11-30 08:59:02,062 - experiment_chaotic_chua_full_chaotic_run_0 - INFO - Epoch 73: Train Loss: 0.4324, Train Acc: 0.8705, Val Loss: 1.0264, Val Acc: 0.7079
2025-11-30 08:59:56,756 - experiment_chaotic_chua_full_chaotic_run_0 - INFO - Train Epoch 74: [0/472 (0.0%)]	Loss: 0.422682
2025-11-30 09:15:26,654 - experiment_chaotic_chua_full_chaotic_run_0 - INFO - Epoch 74: Train Loss: 0.3722, Train Acc: 0.8683, Val Loss: 0.4567, Val Acc: 0.8427
2025-11-30 09:16:21,800 - experiment_chaotic_chua_full_chaotic_run_0 - INFO - Train Epoch 75: [0/472 (0.0%)]	Loss: 0.271970
2025-11-30 09:31:54,356 - experiment_chaotic_chua_full_chaotic_run_0 - INFO - Epoch 75: Train Loss: 0.3147, Train Acc: 0.8996, Val Loss: 3.7462, Val Acc: 0.4607
2025-11-30 09:32:48,679 - experiment_chaotic_chua_full_chaotic_run_0 - INFO - Train Epoch 76: [0/472 (0.0%)]	Loss: 0.130143
2025-11-30 09:48:17,889 - experiment_chaotic_chua_full_chaotic_run_0 - INFO - Epoch 76: Train Loss: 0.4367, Train Acc: 0.8795, Val Loss: 1.2155, Val Acc: 0.7079
2025-11-30 09:49:12,461 - experiment_chaotic_chua_full_chaotic_run_0 - INFO - Train Epoch 77: [0/472 (0.0%)]	Loss: 0.197854
2025-11-30 10:04:40,096 - experiment_chaotic_chua_full_chaotic_run_0 - INFO - Epoch 77: Train Loss: 0.3005, Train Acc: 0.9040, Val Loss: 0.7633, Val Acc: 0.7528
2025-11-30 10:05:35,222 - experiment_chaotic_chua_full_chaotic_run_0 - INFO - Train Epoch 78: [0/472 (0.0%)]	Loss: 0.271116
2025-11-30 10:21:04,447 - experiment_chaotic_chua_full_chaotic_run_0 - INFO - Epoch 78: Train Loss: 0.3776, Train Acc: 0.8817, Val Loss: 0.8874, Val Acc: 0.7865
2025-11-30 10:21:58,992 - experiment_chaotic_chua_full_chaotic_run_0 - INFO - Train Epoch 79: [0/472 (0.0%)]	Loss: 0.095150
2025-11-30 10:37:29,906 - experiment_chaotic_chua_full_chaotic_run_0 - INFO - Epoch 79: Train Loss: 0.5859, Train Acc: 0.8348, Val Loss: 0.5657, Val Acc: 0.8652
2025-11-30 10:38:24,725 - experiment_chaotic_chua_full_chaotic_run_0 - INFO - Train Epoch 80: [0/472 (0.0%)]	Loss: 0.308394
2025-11-30 10:53:56,317 - experiment_chaotic_chua_full_chaotic_run_0 - INFO - Epoch 80: Train Loss: 0.3319, Train Acc: 0.8929, Val Loss: 0.8825, Val Acc: 0.7079
2025-11-30 10:54:51,431 - experiment_chaotic_chua_full_chaotic_run_0 - INFO - Train Epoch 81: [0/472 (0.0%)]	Loss: 0.421337
2025-11-30 11:10:29,851 - experiment_chaotic_chua_full_chaotic_run_0 - INFO - Epoch 81: Train Loss: 0.3957, Train Acc: 0.8817, Val Loss: 0.5812, Val Acc: 0.7978
2025-11-30 11:11:25,052 - experiment_chaotic_chua_full_chaotic_run_0 - INFO - Train Epoch 82: [0/472 (0.0%)]	Loss: 0.295764
2025-11-30 11:26:55,683 - experiment_chaotic_chua_full_chaotic_run_0 - INFO - Epoch 82: Train Loss: 0.4454, Train Acc: 0.8728, Val Loss: 0.2871, Val Acc: 0.8989
2025-11-30 11:27:50,364 - experiment_chaotic_chua_full_chaotic_run_0 - INFO - Train Epoch 83: [0/472 (0.0%)]	Loss: 0.188126
2025-11-30 11:43:17,818 - experiment_chaotic_chua_full_chaotic_run_0 - INFO - Epoch 83: Train Loss: 0.2736, Train Acc: 0.8996, Val Loss: 0.9467, Val Acc: 0.7640
2025-11-30 11:44:13,130 - experiment_chaotic_chua_full_chaotic_run_0 - INFO - Train Epoch 84: [0/472 (0.0%)]	Loss: 0.271407
2025-11-30 11:59:47,465 - experiment_chaotic_chua_full_chaotic_run_0 - INFO - Epoch 84: Train Loss: 0.2680, Train Acc: 0.9040, Val Loss: 0.5291, Val Acc: 0.8539
2025-11-30 12:00:42,089 - experiment_chaotic_chua_full_chaotic_run_0 - INFO - Train Epoch 85: [0/472 (0.0%)]	Loss: 0.528153
2025-11-30 12:16:12,854 - experiment_chaotic_chua_full_chaotic_run_0 - INFO - Epoch 85: Train Loss: 0.4042, Train Acc: 0.8683, Val Loss: 0.9790, Val Acc: 0.7753
2025-11-30 12:17:08,054 - experiment_chaotic_chua_full_chaotic_run_0 - INFO - Train Epoch 86: [0/472 (0.0%)]	Loss: 0.411584
2025-11-30 12:32:37,741 - experiment_chaotic_chua_full_chaotic_run_0 - INFO - Epoch 86: Train Loss: 0.2784, Train Acc: 0.9018, Val Loss: 0.3942, Val Acc: 0.8764
2025-11-30 12:33:32,385 - experiment_chaotic_chua_full_chaotic_run_0 - INFO - Train Epoch 87: [0/472 (0.0%)]	Loss: 0.169278
2025-11-30 12:49:00,371 - experiment_chaotic_chua_full_chaotic_run_0 - INFO - Epoch 87: Train Loss: 0.2991, Train Acc: 0.8951, Val Loss: 0.7149, Val Acc: 0.8427
2025-11-30 12:49:55,265 - experiment_chaotic_chua_full_chaotic_run_0 - INFO - Train Epoch 88: [0/472 (0.0%)]	Loss: 0.237176
2025-11-30 13:05:25,130 - experiment_chaotic_chua_full_chaotic_run_0 - INFO - Epoch 88: Train Loss: 0.3358, Train Acc: 0.8996, Val Loss: 0.8430, Val Acc: 0.8202
2025-11-30 13:06:20,023 - experiment_chaotic_chua_full_chaotic_run_0 - INFO - Train Epoch 89: [0/472 (0.0%)]	Loss: 0.166838
2025-11-30 13:21:54,499 - experiment_chaotic_chua_full_chaotic_run_0 - INFO - Epoch 89: Train Loss: 0.2834, Train Acc: 0.9129, Val Loss: 0.8048, Val Acc: 0.7865
2025-11-30 13:22:49,661 - experiment_chaotic_chua_full_chaotic_run_0 - INFO - Train Epoch 90: [0/472 (0.0%)]	Loss: 0.288416
2025-11-30 13:38:20,017 - experiment_chaotic_chua_full_chaotic_run_0 - INFO - Epoch 90: Train Loss: 0.3630, Train Acc: 0.8772, Val Loss: 0.5000, Val Acc: 0.8652
2025-11-30 13:39:14,769 - experiment_chaotic_chua_full_chaotic_run_0 - INFO - Train Epoch 91: [0/472 (0.0%)]	Loss: 0.200214
2025-11-30 13:54:44,849 - experiment_chaotic_chua_full_chaotic_run_0 - INFO - Epoch 91: Train Loss: 0.1837, Train Acc: 0.9442, Val Loss: 0.5076, Val Acc: 0.8315
2025-11-30 13:55:39,505 - experiment_chaotic_chua_full_chaotic_run_0 - INFO - Train Epoch 92: [0/472 (0.0%)]	Loss: 0.057444
2025-11-30 14:11:08,741 - experiment_chaotic_chua_full_chaotic_run_0 - INFO - Epoch 92: Train Loss: 0.2608, Train Acc: 0.9174, Val Loss: 0.4640, Val Acc: 0.8764
2025-11-30 14:12:03,113 - experiment_chaotic_chua_full_chaotic_run_0 - INFO - Train Epoch 93: [0/472 (0.0%)]	Loss: 0.027331
2025-11-30 14:27:32,700 - experiment_chaotic_chua_full_chaotic_run_0 - INFO - Epoch 93: Train Loss: 0.1929, Train Acc: 0.9308, Val Loss: 0.3827, Val Acc: 0.8876
2025-11-30 14:28:27,653 - experiment_chaotic_chua_full_chaotic_run_0 - INFO - Train Epoch 94: [0/472 (0.0%)]	Loss: 0.147392
2025-11-30 14:43:57,616 - experiment_chaotic_chua_full_chaotic_run_0 - INFO - Epoch 94: Train Loss: 0.3568, Train Acc: 0.8839, Val Loss: 1.3011, Val Acc: 0.6966
2025-11-30 14:44:52,677 - experiment_chaotic_chua_full_chaotic_run_0 - INFO - Train Epoch 95: [0/472 (0.0%)]	Loss: 0.306937
2025-11-30 15:00:26,305 - experiment_chaotic_chua_full_chaotic_run_0 - INFO - Epoch 95: Train Loss: 0.3455, Train Acc: 0.9107, Val Loss: 0.8508, Val Acc: 0.7865
2025-11-30 15:01:21,436 - experiment_chaotic_chua_full_chaotic_run_0 - INFO - Train Epoch 96: [0/472 (0.0%)]	Loss: 0.802093
2025-11-30 15:16:51,782 - experiment_chaotic_chua_full_chaotic_run_0 - INFO - Epoch 96: Train Loss: 0.3186, Train Acc: 0.8973, Val Loss: 0.4009, Val Acc: 0.8876
2025-11-30 15:17:46,135 - experiment_chaotic_chua_full_chaotic_run_0 - INFO - Train Epoch 97: [0/472 (0.0%)]	Loss: 0.115723
2025-11-30 15:33:15,162 - experiment_chaotic_chua_full_chaotic_run_0 - INFO - Epoch 97: Train Loss: 0.2806, Train Acc: 0.9129, Val Loss: 0.7365, Val Acc: 0.8539
2025-11-30 15:34:10,214 - experiment_chaotic_chua_full_chaotic_run_0 - INFO - Train Epoch 98: [0/472 (0.0%)]	Loss: 0.198786
2025-11-30 15:49:39,891 - experiment_chaotic_chua_full_chaotic_run_0 - INFO - Epoch 98: Train Loss: 0.3229, Train Acc: 0.9040, Val Loss: 0.3538, Val Acc: 0.8876
2025-11-30 15:50:34,520 - experiment_chaotic_chua_full_chaotic_run_0 - INFO - Train Epoch 99: [0/472 (0.0%)]	Loss: 0.245229
2025-11-30 16:06:04,654 - experiment_chaotic_chua_full_chaotic_run_0 - INFO - Epoch 99: Train Loss: 0.3851, Train Acc: 0.8996, Val Loss: 1.1288, Val Acc: 0.7753
2025-11-30 16:06:04,669 - experiment_chaotic_chua_full_chaotic_run_0 - INFO - Running final test evaluation...
2025-11-30 16:09:53,397 - experiment_chaotic_chua_full_chaotic_run_0 - INFO - Test Results:
2025-11-30 16:09:53,431 - experiment_chaotic_chua_full_chaotic_run_0 - INFO -   loss: 0.9532
2025-11-30 16:09:53,431 - experiment_chaotic_chua_full_chaotic_run_0 - INFO -   accuracy: 0.7034
2025-11-30 16:09:53,431 - experiment_chaotic_chua_full_chaotic_run_0 - INFO -   avg_confidence: 0.9993
2025-11-30 16:09:53,431 - experiment_chaotic_chua_full_chaotic_run_0 - INFO -   embedding_diversity: 0.0656
2025-11-30 16:09:53,431 - experiment_chaotic_chua_full_chaotic_run_0 - INFO -   embedding_norm_mean: 1.0000
2025-11-30 16:09:53,431 - experiment_chaotic_chua_full_chaotic_run_0 - INFO -   embedding_norm_std: 0.0000
2025-11-30 16:09:53,433 - experiment_chaotic_chua_full_chaotic_run_0 - INFO - Training completed
2025-11-30 16:13:41,642 - experiment_chaotic_chua_full_chaotic_run_0 - INFO - Running comprehensive chaotic network analysis...
2025-11-30 16:13:41,642 - experiment_chaotic_chua_full_chaotic_run_0 - INFO - Analyzing chaotic features and dynamics...
2025-11-30 16:17:01,387 - experiment_chaotic_chua_full_chaotic_run_0 - INFO - Chaotic analysis completed
2025-11-30 16:17:01,389 - experiment_chaotic_chua_full_chaotic_run_0 - INFO - Creating chaotic dynamics visualizations...
2025-11-30 16:17:17,710 - experiment_chaotic_chua_full_chaotic_run_0 - WARNING - Embedding plotting failed: boolean index did not match indexed array along dimension 0; dimension is 8 but corresponding boolean dimension is 32
2025-11-30 16:17:17,716 - experiment_chaotic_chua_full_chaotic_run_0 - INFO - Chaotic network analysis completed
