2026-02-23 10:27:35,822 - experiment_chaotic_mackey_glass_full_chaotic_run_0 - INFO - Initialized experiment: chaotic_mackey_glass_full_chaotic_run_0
2026-02-23 10:27:35,823 - experiment_chaotic_mackey_glass_full_chaotic_run_0 - INFO - Device: cuda
2026-02-23 10:27:35,823 - experiment_chaotic_mackey_glass_full_chaotic_run_0 - INFO - Output directory: /scratch/project_2003370/yueyao/Model/experiments/configs/chaotic_system_comparsion/mackey_glass/experiments/chaotic_mackey_glass_full_chaotic_run_0
2026-02-23 10:27:35,824 - experiment_chaotic_mackey_glass_full_chaotic_run_0 - INFO - [SYNC LOSS] Enabled with mode: standard
2026-02-23 10:27:35,824 - experiment_chaotic_mackey_glass_full_chaotic_run_0 - INFO - [SYNC LOSS] Warmup epochs: 20
2026-02-23 10:27:35,824 - experiment_chaotic_mackey_glass_full_chaotic_run_0 - INFO - Initialized chaotic network experiment with mackey_glass system
2026-02-23 10:27:35,824 - experiment_chaotic_mackey_glass_full_chaotic_run_0 - INFO - Setting up experiment components...
2026-02-23 10:27:35,824 - experiment_chaotic_mackey_glass_full_chaotic_run_0 - INFO - Creating dataloaders...
2026-02-23 10:27:36,217 - experiment_chaotic_mackey_glass_full_chaotic_run_0 - INFO - Detected 26 speakers in dataset
2026-02-23 10:27:36,218 - experiment_chaotic_mackey_glass_full_chaotic_run_0 - INFO - Dataloaders created:
2026-02-23 10:27:36,218 - experiment_chaotic_mackey_glass_full_chaotic_run_0 - INFO -   Train: 14 batches
2026-02-23 10:27:36,218 - experiment_chaotic_mackey_glass_full_chaotic_run_0 - INFO -   Val: 3 batches
2026-02-23 10:27:36,218 - experiment_chaotic_mackey_glass_full_chaotic_run_0 - INFO -   Test: 4 batches
2026-02-23 10:27:36,218 - experiment_chaotic_mackey_glass_full_chaotic_run_0 - INFO - Creating model...
2026-02-23 10:27:36,218 - experiment_chaotic_mackey_glass_full_chaotic_run_0 - INFO - Using actual num_speakers from dataset: 26
2026-02-23 10:28:42,598 - experiment_chaotic_mackey_glass_full_chaotic_run_0 - INFO - Total parameters: 584,959
2026-02-23 10:28:42,599 - experiment_chaotic_mackey_glass_full_chaotic_run_0 - INFO - Trainable parameters: 584,959
2026-02-23 10:28:42,599 - experiment_chaotic_mackey_glass_full_chaotic_run_0 - INFO - Creating optimizer...
2026-02-23 10:28:43,717 - experiment_chaotic_mackey_glass_full_chaotic_run_0 - INFO - Optimizer: AdamW
2026-02-23 10:28:43,717 - experiment_chaotic_mackey_glass_full_chaotic_run_0 - INFO - Creating scheduler...
2026-02-23 10:28:43,717 - experiment_chaotic_mackey_glass_full_chaotic_run_0 - INFO - Scheduler: CosineAnnealingLR
2026-02-23 10:28:43,717 - experiment_chaotic_mackey_glass_full_chaotic_run_0 - INFO - Creating criterion...
2026-02-23 10:28:43,717 - experiment_chaotic_mackey_glass_full_chaotic_run_0 - INFO - Criterion: CrossEntropyLoss
2026-02-23 10:28:43,797 - experiment_chaotic_mackey_glass_full_chaotic_run_0 - INFO - Configuration saved to: /scratch/project_2003370/yueyao/Model/experiments/configs/chaotic_system_comparsion/mackey_glass/experiments/chaotic_mackey_glass_full_chaotic_run_0/config.json
2026-02-23 10:28:43,797 - experiment_chaotic_mackey_glass_full_chaotic_run_0 - INFO - Experiment setup completed
2026-02-23 10:28:43,798 - experiment_chaotic_mackey_glass_full_chaotic_run_0 - INFO - Starting training for 100 epochs
2026-02-23 10:28:43,948 - experiment_chaotic_mackey_glass_full_chaotic_run_0 - INFO - 
================================================================================
2026-02-23 10:28:43,948 - experiment_chaotic_mackey_glass_full_chaotic_run_0 - INFO - COMPREHENSIVE DEBUG - FIRST BATCH
2026-02-23 10:28:43,948 - experiment_chaotic_mackey_glass_full_chaotic_run_0 - INFO - ================================================================================
2026-02-23 10:28:43,948 - experiment_chaotic_mackey_glass_full_chaotic_run_0 - INFO - Batch Info:
2026-02-23 10:28:43,948 - experiment_chaotic_mackey_glass_full_chaotic_run_0 - INFO -   Audio shape: torch.Size([32, 48000])
2026-02-23 10:28:43,948 - experiment_chaotic_mackey_glass_full_chaotic_run_0 - INFO -   Targets shape: torch.Size([32])
2026-02-23 10:28:43,953 - experiment_chaotic_mackey_glass_full_chaotic_run_0 - INFO -   Targets (first 8): tensor([23, 10, 24, 14,  5, 17,  8,  0], device='cuda:0')
2026-02-23 10:28:46,420 - experiment_chaotic_mackey_glass_full_chaotic_run_0 - INFO - ================================================================================

2026-02-23 10:28:49,371 - experiment_chaotic_mackey_glass_full_chaotic_run_0 - INFO - [STABILITY] Initialized LyapunovStabilityLoss
2026-02-23 10:28:49,379 - experiment_chaotic_mackey_glass_full_chaotic_run_0 - DEBUG - [STABILITY] lyap=-0.001, max_norm=1.7, min_std=0.003
2026-02-23 10:28:59,592 - experiment_chaotic_mackey_glass_full_chaotic_run_0 - INFO - Train Epoch 0: [0/472 (0.0%)]	Loss: 4.712539
2026-02-23 10:31:53,078 - experiment_chaotic_mackey_glass_full_chaotic_run_0 - INFO - [SYNC DEBUG] Epoch 0: sync_weight=0.01, desync_weight=0.01, loss_sync=0.000000
2026-02-23 10:32:08,460 - experiment_chaotic_mackey_glass_full_chaotic_run_0 - INFO - Epoch 0: Train Loss: 4.2049, Train Acc: 0.0558, Val Loss: 4.3007, Val Acc: 0.0449
2026-02-23 10:32:08,542 - experiment_chaotic_mackey_glass_full_chaotic_run_0 - INFO - Saved new best model at epoch 0
2026-02-23 10:32:21,726 - experiment_chaotic_mackey_glass_full_chaotic_run_0 - INFO - Train Epoch 1: [0/472 (0.0%)]	Loss: 4.037577
2026-02-23 10:35:16,604 - experiment_chaotic_mackey_glass_full_chaotic_run_0 - INFO - [SYNC DEBUG] Epoch 1: sync_weight=0.01, desync_weight=0.01, loss_sync=0.000000
2026-02-23 10:35:31,832 - experiment_chaotic_mackey_glass_full_chaotic_run_0 - INFO - Epoch 1: Train Loss: 3.5801, Train Acc: 0.1094, Val Loss: 3.7129, Val Acc: 0.0449
2026-02-23 10:35:44,909 - experiment_chaotic_mackey_glass_full_chaotic_run_0 - INFO - Train Epoch 2: [0/472 (0.0%)]	Loss: 2.941153
2026-02-23 10:38:40,192 - experiment_chaotic_mackey_glass_full_chaotic_run_0 - INFO - [SYNC DEBUG] Epoch 2: sync_weight=0.01, desync_weight=0.01, loss_sync=0.000000
2026-02-23 10:38:55,452 - experiment_chaotic_mackey_glass_full_chaotic_run_0 - INFO - Epoch 2: Train Loss: 2.8644, Train Acc: 0.1897, Val Loss: 3.7526, Val Acc: 0.0899
2026-02-23 10:38:55,553 - experiment_chaotic_mackey_glass_full_chaotic_run_0 - INFO - Saved new best model at epoch 2
2026-02-23 10:39:08,988 - experiment_chaotic_mackey_glass_full_chaotic_run_0 - INFO - Train Epoch 3: [0/472 (0.0%)]	Loss: 2.987487
2026-02-23 10:42:03,532 - experiment_chaotic_mackey_glass_full_chaotic_run_0 - INFO - [SYNC DEBUG] Epoch 3: sync_weight=0.01, desync_weight=0.01, loss_sync=0.000000
2026-02-23 10:42:18,394 - experiment_chaotic_mackey_glass_full_chaotic_run_0 - INFO - Epoch 3: Train Loss: 2.5296, Train Acc: 0.2388, Val Loss: 2.7542, Val Acc: 0.1685
2026-02-23 10:42:18,474 - experiment_chaotic_mackey_glass_full_chaotic_run_0 - INFO - Saved new best model at epoch 3
2026-02-23 10:42:31,575 - experiment_chaotic_mackey_glass_full_chaotic_run_0 - INFO - Train Epoch 4: [0/472 (0.0%)]	Loss: 2.310084
2026-02-23 10:45:26,566 - experiment_chaotic_mackey_glass_full_chaotic_run_0 - INFO - [SYNC DEBUG] Epoch 4: sync_weight=0.01, desync_weight=0.01, loss_sync=0.000000
2026-02-23 10:45:41,044 - experiment_chaotic_mackey_glass_full_chaotic_run_0 - INFO - Epoch 4: Train Loss: 2.1050, Train Acc: 0.3705, Val Loss: 1.9222, Val Acc: 0.4607
2026-02-23 10:45:41,131 - experiment_chaotic_mackey_glass_full_chaotic_run_0 - INFO - Saved new best model at epoch 4
2026-02-23 10:45:53,966 - experiment_chaotic_mackey_glass_full_chaotic_run_0 - INFO - Train Epoch 5: [0/472 (0.0%)]	Loss: 1.600851
2026-02-23 10:48:48,099 - experiment_chaotic_mackey_glass_full_chaotic_run_0 - INFO - [SYNC DEBUG] Epoch 5: sync_weight=0.01, desync_weight=0.01, loss_sync=0.000000
2026-02-23 10:49:03,133 - experiment_chaotic_mackey_glass_full_chaotic_run_0 - INFO - Epoch 5: Train Loss: 1.8867, Train Acc: 0.4397, Val Loss: 1.4809, Val Acc: 0.4944
2026-02-23 10:49:03,217 - experiment_chaotic_mackey_glass_full_chaotic_run_0 - INFO - Saved new best model at epoch 5
2026-02-23 10:49:16,186 - experiment_chaotic_mackey_glass_full_chaotic_run_0 - INFO - Train Epoch 6: [0/472 (0.0%)]	Loss: 1.223948
2026-02-23 10:52:10,368 - experiment_chaotic_mackey_glass_full_chaotic_run_0 - INFO - [SYNC DEBUG] Epoch 6: sync_weight=0.01, desync_weight=0.01, loss_sync=0.000000
2026-02-23 10:52:25,374 - experiment_chaotic_mackey_glass_full_chaotic_run_0 - INFO - Epoch 6: Train Loss: 1.5797, Train Acc: 0.5223, Val Loss: 1.1656, Val Acc: 0.5730
2026-02-23 10:52:25,459 - experiment_chaotic_mackey_glass_full_chaotic_run_0 - INFO - Saved new best model at epoch 6
2026-02-23 10:52:38,802 - experiment_chaotic_mackey_glass_full_chaotic_run_0 - INFO - Train Epoch 7: [0/472 (0.0%)]	Loss: 1.305801
2026-02-23 10:52:54,583 - experiment_chaotic_mackey_glass_full_chaotic_run_0 - DEBUG - [STABILITY] lyap=-0.001, max_norm=1.7, min_std=0.009
2026-02-23 10:55:33,485 - experiment_chaotic_mackey_glass_full_chaotic_run_0 - INFO - [SYNC DEBUG] Epoch 7: sync_weight=0.01, desync_weight=0.01, loss_sync=0.000000
2026-02-23 10:55:48,705 - experiment_chaotic_mackey_glass_full_chaotic_run_0 - INFO - Epoch 7: Train Loss: 1.3586, Train Acc: 0.5558, Val Loss: 0.9725, Val Acc: 0.6966
2026-02-23 10:55:48,946 - experiment_chaotic_mackey_glass_full_chaotic_run_0 - INFO - Saved new best model at epoch 7
2026-02-23 10:56:01,961 - experiment_chaotic_mackey_glass_full_chaotic_run_0 - INFO - Train Epoch 8: [0/472 (0.0%)]	Loss: 1.590641
2026-02-23 10:58:57,271 - experiment_chaotic_mackey_glass_full_chaotic_run_0 - INFO - [SYNC DEBUG] Epoch 8: sync_weight=0.01, desync_weight=0.01, loss_sync=0.000000
2026-02-23 10:59:12,294 - experiment_chaotic_mackey_glass_full_chaotic_run_0 - INFO - Epoch 8: Train Loss: 1.1726, Train Acc: 0.6362, Val Loss: 1.0390, Val Acc: 0.6180
2026-02-23 10:59:25,566 - experiment_chaotic_mackey_glass_full_chaotic_run_0 - INFO - Train Epoch 9: [0/472 (0.0%)]	Loss: 1.140247
2026-02-23 11:02:19,912 - experiment_chaotic_mackey_glass_full_chaotic_run_0 - INFO - [SYNC DEBUG] Epoch 9: sync_weight=0.01, desync_weight=0.01, loss_sync=0.000000
2026-02-23 11:02:34,570 - experiment_chaotic_mackey_glass_full_chaotic_run_0 - INFO - Epoch 9: Train Loss: 1.0328, Train Acc: 0.6674, Val Loss: 0.7695, Val Acc: 0.7303
2026-02-23 11:02:34,655 - experiment_chaotic_mackey_glass_full_chaotic_run_0 - INFO - Saved new best model at epoch 9
2026-02-23 11:02:47,511 - experiment_chaotic_mackey_glass_full_chaotic_run_0 - INFO - Train Epoch 10: [0/472 (0.0%)]	Loss: 0.954670
2026-02-23 11:05:43,480 - experiment_chaotic_mackey_glass_full_chaotic_run_0 - INFO - [SYNC DEBUG] Epoch 10: sync_weight=0.01, desync_weight=0.01, loss_sync=0.000000
2026-02-23 11:05:58,603 - experiment_chaotic_mackey_glass_full_chaotic_run_0 - INFO - Epoch 10: Train Loss: 0.9695, Train Acc: 0.6719, Val Loss: 0.8629, Val Acc: 0.7191
2026-02-23 11:06:11,666 - experiment_chaotic_mackey_glass_full_chaotic_run_0 - INFO - Train Epoch 11: [0/472 (0.0%)]	Loss: 0.944807
2026-02-23 11:09:05,326 - experiment_chaotic_mackey_glass_full_chaotic_run_0 - INFO - [SYNC DEBUG] Epoch 11: sync_weight=0.01, desync_weight=0.01, loss_sync=0.000000
2026-02-23 11:09:20,454 - experiment_chaotic_mackey_glass_full_chaotic_run_0 - INFO - Epoch 11: Train Loss: 0.8388, Train Acc: 0.7188, Val Loss: 0.6974, Val Acc: 0.7079
2026-02-23 11:09:20,459 - experiment_chaotic_mackey_glass_full_chaotic_run_0 - INFO - [SYNC LOSS] Dynamic activation triggered at epoch 12
2026-02-23 11:09:20,460 - experiment_chaotic_mackey_glass_full_chaotic_run_0 - INFO - [SYNC LOSS] Train accuracy 71.88% >= threshold 70.00%
2026-02-23 11:09:33,590 - experiment_chaotic_mackey_glass_full_chaotic_run_0 - INFO - Train Epoch 12: [0/472 (0.0%)]	Loss: 0.778939
2026-02-23 11:12:28,566 - experiment_chaotic_mackey_glass_full_chaotic_run_0 - INFO - [SYNC DEBUG] Epoch 12: sync_weight=0.01, desync_weight=0.01, loss_sync=0.050034
2026-02-23 11:12:43,687 - experiment_chaotic_mackey_glass_full_chaotic_run_0 - INFO - Epoch 12: Train Loss: 0.7354, Train Acc: 0.7857, Val Loss: 0.8700, Val Acc: 0.6854
2026-02-23 11:12:56,911 - experiment_chaotic_mackey_glass_full_chaotic_run_0 - INFO - Train Epoch 13: [0/472 (0.0%)]	Loss: 0.624455
2026-02-23 11:15:53,233 - experiment_chaotic_mackey_glass_full_chaotic_run_0 - INFO - [SYNC DEBUG] Epoch 13: sync_weight=0.01, desync_weight=0.01, loss_sync=0.049955
2026-02-23 11:16:08,420 - experiment_chaotic_mackey_glass_full_chaotic_run_0 - INFO - Epoch 13: Train Loss: 0.7617, Train Acc: 0.7545, Val Loss: 0.5492, Val Acc: 0.7865
2026-02-23 11:16:08,504 - experiment_chaotic_mackey_glass_full_chaotic_run_0 - INFO - Saved new best model at epoch 13
2026-02-23 11:16:21,612 - experiment_chaotic_mackey_glass_full_chaotic_run_0 - INFO - Train Epoch 14: [0/472 (0.0%)]	Loss: 0.587823
2026-02-23 11:17:03,525 - experiment_chaotic_mackey_glass_full_chaotic_run_0 - DEBUG - [STABILITY] lyap=-0.001, max_norm=1.7, min_std=0.010
2026-02-23 11:19:15,032 - experiment_chaotic_mackey_glass_full_chaotic_run_0 - INFO - [SYNC DEBUG] Epoch 14: sync_weight=0.01, desync_weight=0.01, loss_sync=0.049984
2026-02-23 11:19:29,734 - experiment_chaotic_mackey_glass_full_chaotic_run_0 - INFO - Epoch 14: Train Loss: 0.6958, Train Acc: 0.7879, Val Loss: 1.2256, Val Acc: 0.5955
2026-02-23 11:19:42,542 - experiment_chaotic_mackey_glass_full_chaotic_run_0 - INFO - Train Epoch 15: [0/472 (0.0%)]	Loss: 0.569032
2026-02-23 11:22:33,633 - experiment_chaotic_mackey_glass_full_chaotic_run_0 - INFO - [SYNC DEBUG] Epoch 15: sync_weight=0.01, desync_weight=0.01, loss_sync=0.049971
2026-02-23 11:22:48,463 - experiment_chaotic_mackey_glass_full_chaotic_run_0 - INFO - Epoch 15: Train Loss: 0.6161, Train Acc: 0.8304, Val Loss: 0.8159, Val Acc: 0.7079
2026-02-23 11:23:01,329 - experiment_chaotic_mackey_glass_full_chaotic_run_0 - INFO - Train Epoch 16: [0/472 (0.0%)]	Loss: 0.492128
2026-02-23 11:25:52,163 - experiment_chaotic_mackey_glass_full_chaotic_run_0 - INFO - [SYNC DEBUG] Epoch 16: sync_weight=0.01, desync_weight=0.01, loss_sync=0.050038
2026-02-23 11:26:06,807 - experiment_chaotic_mackey_glass_full_chaotic_run_0 - INFO - Epoch 16: Train Loss: 0.5801, Train Acc: 0.8371, Val Loss: 0.3645, Val Acc: 0.8652
2026-02-23 11:26:06,884 - experiment_chaotic_mackey_glass_full_chaotic_run_0 - INFO - Saved new best model at epoch 16
2026-02-23 11:26:19,780 - experiment_chaotic_mackey_glass_full_chaotic_run_0 - INFO - Train Epoch 17: [0/472 (0.0%)]	Loss: 0.499938
2026-02-23 11:29:10,955 - experiment_chaotic_mackey_glass_full_chaotic_run_0 - INFO - [SYNC DEBUG] Epoch 17: sync_weight=0.01, desync_weight=0.01, loss_sync=0.049980
2026-02-23 11:29:25,690 - experiment_chaotic_mackey_glass_full_chaotic_run_0 - INFO - Epoch 17: Train Loss: 0.4995, Train Acc: 0.8527, Val Loss: 0.9043, Val Acc: 0.6742
2026-02-23 11:29:38,586 - experiment_chaotic_mackey_glass_full_chaotic_run_0 - INFO - Train Epoch 18: [0/472 (0.0%)]	Loss: 0.330927
2026-02-23 11:32:30,016 - experiment_chaotic_mackey_glass_full_chaotic_run_0 - INFO - [SYNC DEBUG] Epoch 18: sync_weight=0.01, desync_weight=0.01, loss_sync=0.049894
2026-02-23 11:32:44,772 - experiment_chaotic_mackey_glass_full_chaotic_run_0 - INFO - Epoch 18: Train Loss: 0.4630, Train Acc: 0.8705, Val Loss: 0.9370, Val Acc: 0.7753
2026-02-23 11:32:57,427 - experiment_chaotic_mackey_glass_full_chaotic_run_0 - INFO - Train Epoch 19: [0/472 (0.0%)]	Loss: 0.741841
2026-02-23 11:35:48,662 - experiment_chaotic_mackey_glass_full_chaotic_run_0 - INFO - [SYNC DEBUG] Epoch 19: sync_weight=0.01, desync_weight=0.01, loss_sync=0.049892
2026-02-23 11:36:03,421 - experiment_chaotic_mackey_glass_full_chaotic_run_0 - INFO - Epoch 19: Train Loss: 0.4999, Train Acc: 0.8527, Val Loss: 0.5230, Val Acc: 0.7978
2026-02-23 11:36:16,254 - experiment_chaotic_mackey_glass_full_chaotic_run_0 - INFO - Train Epoch 20: [0/472 (0.0%)]	Loss: 0.418293
2026-02-23 11:39:07,312 - experiment_chaotic_mackey_glass_full_chaotic_run_0 - INFO - [SYNC DEBUG] Epoch 20: sync_weight=0.01, desync_weight=0.01, loss_sync=0.049991
2026-02-23 11:39:22,051 - experiment_chaotic_mackey_glass_full_chaotic_run_0 - INFO - Epoch 20: Train Loss: 0.4796, Train Acc: 0.8638, Val Loss: 0.7755, Val Acc: 0.7528
2026-02-23 11:39:34,974 - experiment_chaotic_mackey_glass_full_chaotic_run_0 - INFO - Train Epoch 21: [0/472 (0.0%)]	Loss: 0.478406
2026-02-23 11:40:41,276 - experiment_chaotic_mackey_glass_full_chaotic_run_0 - DEBUG - [STABILITY] lyap=-0.001, max_norm=1.6, min_std=0.010
2026-02-23 11:42:25,944 - experiment_chaotic_mackey_glass_full_chaotic_run_0 - INFO - [SYNC DEBUG] Epoch 21: sync_weight=0.01, desync_weight=0.01, loss_sync=0.049981
2026-02-23 11:42:40,618 - experiment_chaotic_mackey_glass_full_chaotic_run_0 - INFO - Epoch 21: Train Loss: 0.4108, Train Acc: 0.8996, Val Loss: 0.6948, Val Acc: 0.7753
2026-02-23 11:42:53,432 - experiment_chaotic_mackey_glass_full_chaotic_run_0 - INFO - Train Epoch 22: [0/472 (0.0%)]	Loss: 0.336388
2026-02-23 11:45:43,866 - experiment_chaotic_mackey_glass_full_chaotic_run_0 - INFO - [SYNC DEBUG] Epoch 22: sync_weight=0.01, desync_weight=0.01, loss_sync=0.049848
2026-02-23 11:45:58,474 - experiment_chaotic_mackey_glass_full_chaotic_run_0 - INFO - Epoch 22: Train Loss: 0.3774, Train Acc: 0.9040, Val Loss: 0.5505, Val Acc: 0.8539
2026-02-23 11:46:11,131 - experiment_chaotic_mackey_glass_full_chaotic_run_0 - INFO - Train Epoch 23: [0/472 (0.0%)]	Loss: 0.248919
2026-02-23 11:49:02,767 - experiment_chaotic_mackey_glass_full_chaotic_run_0 - INFO - [SYNC DEBUG] Epoch 23: sync_weight=0.01, desync_weight=0.01, loss_sync=0.049867
2026-02-23 11:49:17,485 - experiment_chaotic_mackey_glass_full_chaotic_run_0 - INFO - Epoch 23: Train Loss: 0.3891, Train Acc: 0.8839, Val Loss: 0.4571, Val Acc: 0.8427
2026-02-23 11:49:30,347 - experiment_chaotic_mackey_glass_full_chaotic_run_0 - INFO - Train Epoch 24: [0/472 (0.0%)]	Loss: 0.344160
2026-02-23 11:52:21,260 - experiment_chaotic_mackey_glass_full_chaotic_run_0 - INFO - [SYNC DEBUG] Epoch 24: sync_weight=0.01, desync_weight=0.01, loss_sync=0.049854
2026-02-23 11:52:36,028 - experiment_chaotic_mackey_glass_full_chaotic_run_0 - INFO - Epoch 24: Train Loss: 0.3850, Train Acc: 0.8973, Val Loss: 0.3735, Val Acc: 0.8764
2026-02-23 11:52:36,110 - experiment_chaotic_mackey_glass_full_chaotic_run_0 - INFO - Saved new best model at epoch 24
2026-02-23 11:52:49,027 - experiment_chaotic_mackey_glass_full_chaotic_run_0 - INFO - Train Epoch 25: [0/472 (0.0%)]	Loss: 0.402805
2026-02-23 11:55:39,993 - experiment_chaotic_mackey_glass_full_chaotic_run_0 - INFO - [SYNC DEBUG] Epoch 25: sync_weight=0.01, desync_weight=0.01, loss_sync=0.049912
2026-02-23 11:55:54,723 - experiment_chaotic_mackey_glass_full_chaotic_run_0 - INFO - Epoch 25: Train Loss: 0.3891, Train Acc: 0.8884, Val Loss: 1.9543, Val Acc: 0.5393
2026-02-23 11:56:07,655 - experiment_chaotic_mackey_glass_full_chaotic_run_0 - INFO - Train Epoch 26: [0/472 (0.0%)]	Loss: 0.384470
2026-02-23 11:58:59,087 - experiment_chaotic_mackey_glass_full_chaotic_run_0 - INFO - [SYNC DEBUG] Epoch 26: sync_weight=0.01, desync_weight=0.01, loss_sync=0.049709
2026-02-23 11:59:13,764 - experiment_chaotic_mackey_glass_full_chaotic_run_0 - INFO - Epoch 26: Train Loss: 0.3535, Train Acc: 0.9263, Val Loss: 0.5877, Val Acc: 0.8315
2026-02-23 11:59:26,623 - experiment_chaotic_mackey_glass_full_chaotic_run_0 - INFO - Train Epoch 27: [0/472 (0.0%)]	Loss: 0.239078
2026-02-23 12:02:17,920 - experiment_chaotic_mackey_glass_full_chaotic_run_0 - INFO - [SYNC DEBUG] Epoch 27: sync_weight=0.01, desync_weight=0.01, loss_sync=0.049808
2026-02-23 12:02:32,622 - experiment_chaotic_mackey_glass_full_chaotic_run_0 - INFO - Epoch 27: Train Loss: 0.3119, Train Acc: 0.9196, Val Loss: 0.4877, Val Acc: 0.8427
2026-02-23 12:02:45,462 - experiment_chaotic_mackey_glass_full_chaotic_run_0 - INFO - Train Epoch 28: [0/472 (0.0%)]	Loss: 0.202861
2026-02-23 12:04:18,223 - experiment_chaotic_mackey_glass_full_chaotic_run_0 - DEBUG - [STABILITY] lyap=-0.001, max_norm=1.7, min_std=0.010
2026-02-23 12:05:37,108 - experiment_chaotic_mackey_glass_full_chaotic_run_0 - INFO - [SYNC DEBUG] Epoch 28: sync_weight=0.01, desync_weight=0.01, loss_sync=0.049686
2026-02-23 12:05:51,978 - experiment_chaotic_mackey_glass_full_chaotic_run_0 - INFO - Epoch 28: Train Loss: 0.2970, Train Acc: 0.9353, Val Loss: 0.4769, Val Acc: 0.8315
2026-02-23 12:06:04,949 - experiment_chaotic_mackey_glass_full_chaotic_run_0 - INFO - Train Epoch 29: [0/472 (0.0%)]	Loss: 0.323669
2026-02-23 12:08:56,521 - experiment_chaotic_mackey_glass_full_chaotic_run_0 - INFO - [SYNC DEBUG] Epoch 29: sync_weight=0.01, desync_weight=0.01, loss_sync=0.049637
2026-02-23 12:09:11,378 - experiment_chaotic_mackey_glass_full_chaotic_run_0 - INFO - Epoch 29: Train Loss: 0.2689, Train Acc: 0.9397, Val Loss: 1.0099, Val Acc: 0.7079
2026-02-23 12:09:24,246 - experiment_chaotic_mackey_glass_full_chaotic_run_0 - INFO - Train Epoch 30: [0/472 (0.0%)]	Loss: 0.222711
2026-02-23 12:12:15,564 - experiment_chaotic_mackey_glass_full_chaotic_run_0 - INFO - [SYNC DEBUG] Epoch 30: sync_weight=0.01, desync_weight=0.01, loss_sync=0.049803
2026-02-23 12:12:30,253 - experiment_chaotic_mackey_glass_full_chaotic_run_0 - INFO - Epoch 30: Train Loss: 0.3060, Train Acc: 0.9286, Val Loss: 0.5041, Val Acc: 0.8652
2026-02-23 12:12:43,139 - experiment_chaotic_mackey_glass_full_chaotic_run_0 - INFO - Train Epoch 31: [0/472 (0.0%)]	Loss: 0.177609
2026-02-23 12:15:34,957 - experiment_chaotic_mackey_glass_full_chaotic_run_0 - INFO - [SYNC DEBUG] Epoch 31: sync_weight=0.01, desync_weight=0.01, loss_sync=0.049798
2026-02-23 12:15:49,733 - experiment_chaotic_mackey_glass_full_chaotic_run_0 - INFO - Epoch 31: Train Loss: 0.2790, Train Acc: 0.9442, Val Loss: 0.2930, Val Acc: 0.8876
2026-02-23 12:15:49,815 - experiment_chaotic_mackey_glass_full_chaotic_run_0 - INFO - Saved new best model at epoch 31
2026-02-23 12:16:02,664 - experiment_chaotic_mackey_glass_full_chaotic_run_0 - INFO - Train Epoch 32: [0/472 (0.0%)]	Loss: 0.242923
2026-02-23 12:18:53,643 - experiment_chaotic_mackey_glass_full_chaotic_run_0 - INFO - [SYNC DEBUG] Epoch 32: sync_weight=0.01, desync_weight=0.01, loss_sync=0.049713
2026-02-23 12:19:08,324 - experiment_chaotic_mackey_glass_full_chaotic_run_0 - INFO - Epoch 32: Train Loss: 0.2734, Train Acc: 0.9330, Val Loss: 0.3281, Val Acc: 0.8764
2026-02-23 12:19:21,154 - experiment_chaotic_mackey_glass_full_chaotic_run_0 - INFO - Train Epoch 33: [0/472 (0.0%)]	Loss: 0.300511
2026-02-23 12:22:12,195 - experiment_chaotic_mackey_glass_full_chaotic_run_0 - INFO - [SYNC DEBUG] Epoch 33: sync_weight=0.01, desync_weight=0.01, loss_sync=0.049794
2026-02-23 12:22:26,943 - experiment_chaotic_mackey_glass_full_chaotic_run_0 - INFO - Epoch 33: Train Loss: 0.2867, Train Acc: 0.9286, Val Loss: 0.4435, Val Acc: 0.8539
2026-02-23 12:22:39,806 - experiment_chaotic_mackey_glass_full_chaotic_run_0 - INFO - Train Epoch 34: [0/472 (0.0%)]	Loss: 0.291846
2026-02-23 12:25:30,922 - experiment_chaotic_mackey_glass_full_chaotic_run_0 - INFO - [SYNC DEBUG] Epoch 34: sync_weight=0.01, desync_weight=0.01, loss_sync=0.049724
2026-02-23 12:25:45,619 - experiment_chaotic_mackey_glass_full_chaotic_run_0 - INFO - Epoch 34: Train Loss: 0.2806, Train Acc: 0.9241, Val Loss: 0.4523, Val Acc: 0.8652
2026-02-23 12:25:58,463 - experiment_chaotic_mackey_glass_full_chaotic_run_0 - INFO - Train Epoch 35: [0/472 (0.0%)]	Loss: 0.268004
2026-02-23 12:27:56,310 - experiment_chaotic_mackey_glass_full_chaotic_run_0 - DEBUG - [STABILITY] lyap=-0.001, max_norm=1.7, min_std=0.010
2026-02-23 12:28:49,601 - experiment_chaotic_mackey_glass_full_chaotic_run_0 - INFO - [SYNC DEBUG] Epoch 35: sync_weight=0.01, desync_weight=0.01, loss_sync=0.049641
2026-02-23 12:29:04,218 - experiment_chaotic_mackey_glass_full_chaotic_run_0 - INFO - Epoch 35: Train Loss: 0.2406, Train Acc: 0.9487, Val Loss: 0.5748, Val Acc: 0.7978
2026-02-23 12:29:16,832 - experiment_chaotic_mackey_glass_full_chaotic_run_0 - INFO - Train Epoch 36: [0/472 (0.0%)]	Loss: 0.315590
2026-02-23 12:32:07,603 - experiment_chaotic_mackey_glass_full_chaotic_run_0 - INFO - [SYNC DEBUG] Epoch 36: sync_weight=0.01, desync_weight=0.01, loss_sync=0.049571
2026-02-23 12:32:22,285 - experiment_chaotic_mackey_glass_full_chaotic_run_0 - INFO - Epoch 36: Train Loss: 0.1924, Train Acc: 0.9643, Val Loss: 0.6857, Val Acc: 0.8090
2026-02-23 12:32:35,088 - experiment_chaotic_mackey_glass_full_chaotic_run_0 - INFO - Train Epoch 37: [0/472 (0.0%)]	Loss: 0.137873
2026-02-23 12:35:25,951 - experiment_chaotic_mackey_glass_full_chaotic_run_0 - INFO - [SYNC DEBUG] Epoch 37: sync_weight=0.01, desync_weight=0.01, loss_sync=0.049754
2026-02-23 12:35:40,625 - experiment_chaotic_mackey_glass_full_chaotic_run_0 - INFO - Epoch 37: Train Loss: 0.2234, Train Acc: 0.9442, Val Loss: 0.5414, Val Acc: 0.8427
2026-02-23 12:35:53,285 - experiment_chaotic_mackey_glass_full_chaotic_run_0 - INFO - Train Epoch 38: [0/472 (0.0%)]	Loss: 0.131749
2026-02-23 12:38:44,680 - experiment_chaotic_mackey_glass_full_chaotic_run_0 - INFO - [SYNC DEBUG] Epoch 38: sync_weight=0.01, desync_weight=0.01, loss_sync=0.049836
2026-02-23 12:38:59,468 - experiment_chaotic_mackey_glass_full_chaotic_run_0 - INFO - Epoch 38: Train Loss: 0.1995, Train Acc: 0.9509, Val Loss: 0.3986, Val Acc: 0.8876
2026-02-23 12:39:12,334 - experiment_chaotic_mackey_glass_full_chaotic_run_0 - INFO - Train Epoch 39: [0/472 (0.0%)]	Loss: 0.284409
2026-02-23 12:42:03,801 - experiment_chaotic_mackey_glass_full_chaotic_run_0 - INFO - [SYNC DEBUG] Epoch 39: sync_weight=0.01, desync_weight=0.01, loss_sync=0.050098
2026-02-23 12:42:18,524 - experiment_chaotic_mackey_glass_full_chaotic_run_0 - INFO - Epoch 39: Train Loss: 0.2086, Train Acc: 0.9487, Val Loss: 0.2984, Val Acc: 0.9101
2026-02-23 12:42:18,601 - experiment_chaotic_mackey_glass_full_chaotic_run_0 - INFO - Saved new best model at epoch 39
2026-02-23 12:42:31,465 - experiment_chaotic_mackey_glass_full_chaotic_run_0 - INFO - Train Epoch 40: [0/472 (0.0%)]	Loss: 0.219845
2026-02-23 12:45:22,451 - experiment_chaotic_mackey_glass_full_chaotic_run_0 - INFO - [SYNC DEBUG] Epoch 40: sync_weight=0.01, desync_weight=0.01, loss_sync=0.049706
2026-02-23 12:45:37,143 - experiment_chaotic_mackey_glass_full_chaotic_run_0 - INFO - Epoch 40: Train Loss: 0.1943, Train Acc: 0.9509, Val Loss: 0.2822, Val Acc: 0.8989
2026-02-23 12:45:50,034 - experiment_chaotic_mackey_glass_full_chaotic_run_0 - INFO - Train Epoch 41: [0/472 (0.0%)]	Loss: 0.234284
2026-02-23 12:48:40,469 - experiment_chaotic_mackey_glass_full_chaotic_run_0 - INFO - [SYNC DEBUG] Epoch 41: sync_weight=0.01, desync_weight=0.01, loss_sync=0.049584
2026-02-23 12:48:55,122 - experiment_chaotic_mackey_glass_full_chaotic_run_0 - INFO - Epoch 41: Train Loss: 0.1789, Train Acc: 0.9598, Val Loss: 0.5539, Val Acc: 0.8539
2026-02-23 12:49:07,917 - experiment_chaotic_mackey_glass_full_chaotic_run_0 - INFO - Train Epoch 42: [0/472 (0.0%)]	Loss: 0.151772
2026-02-23 12:51:31,248 - experiment_chaotic_mackey_glass_full_chaotic_run_0 - DEBUG - [STABILITY] lyap=-0.001, max_norm=1.7, min_std=0.010
2026-02-23 12:51:58,614 - experiment_chaotic_mackey_glass_full_chaotic_run_0 - INFO - [SYNC DEBUG] Epoch 42: sync_weight=0.01, desync_weight=0.01, loss_sync=0.049715
2026-02-23 12:52:13,387 - experiment_chaotic_mackey_glass_full_chaotic_run_0 - INFO - Epoch 42: Train Loss: 0.1879, Train Acc: 0.9598, Val Loss: 0.6704, Val Acc: 0.8202
2026-02-23 12:52:26,039 - experiment_chaotic_mackey_glass_full_chaotic_run_0 - INFO - Train Epoch 43: [0/472 (0.0%)]	Loss: 0.121487
2026-02-23 12:55:16,933 - experiment_chaotic_mackey_glass_full_chaotic_run_0 - INFO - [SYNC DEBUG] Epoch 43: sync_weight=0.01, desync_weight=0.01, loss_sync=0.049816
2026-02-23 12:55:31,739 - experiment_chaotic_mackey_glass_full_chaotic_run_0 - INFO - Epoch 43: Train Loss: 0.1736, Train Acc: 0.9688, Val Loss: 0.4056, Val Acc: 0.8876
2026-02-23 12:55:44,574 - experiment_chaotic_mackey_glass_full_chaotic_run_0 - INFO - Train Epoch 44: [0/472 (0.0%)]	Loss: 0.109159
2026-02-23 12:58:35,605 - experiment_chaotic_mackey_glass_full_chaotic_run_0 - INFO - [SYNC DEBUG] Epoch 44: sync_weight=0.01, desync_weight=0.01, loss_sync=0.049496
2026-02-23 12:58:50,324 - experiment_chaotic_mackey_glass_full_chaotic_run_0 - INFO - Epoch 44: Train Loss: 0.1710, Train Acc: 0.9710, Val Loss: 0.2440, Val Acc: 0.9213
2026-02-23 12:58:50,402 - experiment_chaotic_mackey_glass_full_chaotic_run_0 - INFO - Saved new best model at epoch 44
2026-02-23 12:59:03,344 - experiment_chaotic_mackey_glass_full_chaotic_run_0 - INFO - Train Epoch 45: [0/472 (0.0%)]	Loss: 0.142006
2026-02-23 13:01:54,387 - experiment_chaotic_mackey_glass_full_chaotic_run_0 - INFO - [SYNC DEBUG] Epoch 45: sync_weight=0.01, desync_weight=0.01, loss_sync=0.049662
2026-02-23 13:02:09,113 - experiment_chaotic_mackey_glass_full_chaotic_run_0 - INFO - Epoch 45: Train Loss: 0.2078, Train Acc: 0.9531, Val Loss: 0.3289, Val Acc: 0.8989
2026-02-23 13:02:21,917 - experiment_chaotic_mackey_glass_full_chaotic_run_0 - INFO - Train Epoch 46: [0/472 (0.0%)]	Loss: 0.097786
2026-02-23 13:05:13,079 - experiment_chaotic_mackey_glass_full_chaotic_run_0 - INFO - [SYNC DEBUG] Epoch 46: sync_weight=0.01, desync_weight=0.01, loss_sync=0.049647
2026-02-23 13:05:27,599 - experiment_chaotic_mackey_glass_full_chaotic_run_0 - INFO - Epoch 46: Train Loss: 0.1777, Train Acc: 0.9688, Val Loss: 0.3388, Val Acc: 0.8989
2026-02-23 13:05:40,388 - experiment_chaotic_mackey_glass_full_chaotic_run_0 - INFO - Train Epoch 47: [0/472 (0.0%)]	Loss: 0.155917
2026-02-23 13:08:31,550 - experiment_chaotic_mackey_glass_full_chaotic_run_0 - INFO - [SYNC DEBUG] Epoch 47: sync_weight=0.01, desync_weight=0.01, loss_sync=0.049636
2026-02-23 13:08:46,263 - experiment_chaotic_mackey_glass_full_chaotic_run_0 - INFO - Epoch 47: Train Loss: 0.1682, Train Acc: 0.9643, Val Loss: 0.4945, Val Acc: 0.8764
2026-02-23 13:08:58,841 - experiment_chaotic_mackey_glass_full_chaotic_run_0 - INFO - Train Epoch 48: [0/472 (0.0%)]	Loss: 0.178303
2026-02-23 13:11:50,010 - experiment_chaotic_mackey_glass_full_chaotic_run_0 - INFO - [SYNC DEBUG] Epoch 48: sync_weight=0.01, desync_weight=0.01, loss_sync=0.049582
2026-02-23 13:12:04,820 - experiment_chaotic_mackey_glass_full_chaotic_run_0 - INFO - Epoch 48: Train Loss: 0.1375, Train Acc: 0.9844, Val Loss: 0.7293, Val Acc: 0.8427
2026-02-23 13:12:17,668 - experiment_chaotic_mackey_glass_full_chaotic_run_0 - INFO - Train Epoch 49: [0/472 (0.0%)]	Loss: 0.087322
2026-02-23 13:15:08,621 - experiment_chaotic_mackey_glass_full_chaotic_run_0 - INFO - [SYNC DEBUG] Epoch 49: sync_weight=0.01, desync_weight=0.01, loss_sync=0.049664
2026-02-23 13:15:23,317 - experiment_chaotic_mackey_glass_full_chaotic_run_0 - INFO - Epoch 49: Train Loss: 0.1784, Train Acc: 0.9621, Val Loss: 0.4308, Val Acc: 0.8652
2026-02-23 13:15:26,532 - experiment_chaotic_mackey_glass_full_chaotic_run_0 - DEBUG - [STABILITY] lyap=-0.001, max_norm=1.7, min_std=0.010
2026-02-23 13:15:36,117 - experiment_chaotic_mackey_glass_full_chaotic_run_0 - INFO - Train Epoch 50: [0/472 (0.0%)]	Loss: 0.138810
2026-02-23 13:18:27,155 - experiment_chaotic_mackey_glass_full_chaotic_run_0 - INFO - [SYNC DEBUG] Epoch 50: sync_weight=0.01, desync_weight=0.01, loss_sync=0.049639
2026-02-23 13:18:41,917 - experiment_chaotic_mackey_glass_full_chaotic_run_0 - INFO - Epoch 50: Train Loss: 0.1513, Train Acc: 0.9710, Val Loss: 0.3212, Val Acc: 0.8989
2026-02-23 13:18:54,846 - experiment_chaotic_mackey_glass_full_chaotic_run_0 - INFO - Train Epoch 51: [0/472 (0.0%)]	Loss: 0.167900
2026-02-23 13:21:46,281 - experiment_chaotic_mackey_glass_full_chaotic_run_0 - INFO - [SYNC DEBUG] Epoch 51: sync_weight=0.01, desync_weight=0.01, loss_sync=0.049606
2026-02-23 13:22:01,006 - experiment_chaotic_mackey_glass_full_chaotic_run_0 - INFO - Epoch 51: Train Loss: 0.1523, Train Acc: 0.9754, Val Loss: 0.4032, Val Acc: 0.8989
2026-02-23 13:22:13,657 - experiment_chaotic_mackey_glass_full_chaotic_run_0 - INFO - Train Epoch 52: [0/472 (0.0%)]	Loss: 0.213947
2026-02-23 13:25:04,798 - experiment_chaotic_mackey_glass_full_chaotic_run_0 - INFO - [SYNC DEBUG] Epoch 52: sync_weight=0.01, desync_weight=0.01, loss_sync=0.049525
2026-02-23 13:25:19,521 - experiment_chaotic_mackey_glass_full_chaotic_run_0 - INFO - Epoch 52: Train Loss: 0.1477, Train Acc: 0.9777, Val Loss: 0.4721, Val Acc: 0.8764
2026-02-23 13:25:32,344 - experiment_chaotic_mackey_glass_full_chaotic_run_0 - INFO - Train Epoch 53: [0/472 (0.0%)]	Loss: 0.102910
2026-02-23 13:28:22,804 - experiment_chaotic_mackey_glass_full_chaotic_run_0 - INFO - [SYNC DEBUG] Epoch 53: sync_weight=0.01, desync_weight=0.01, loss_sync=0.049594
2026-02-23 13:28:37,475 - experiment_chaotic_mackey_glass_full_chaotic_run_0 - INFO - Epoch 53: Train Loss: 0.1341, Train Acc: 0.9799, Val Loss: 0.2941, Val Acc: 0.9101
2026-02-23 13:28:50,306 - experiment_chaotic_mackey_glass_full_chaotic_run_0 - INFO - Train Epoch 54: [0/472 (0.0%)]	Loss: 0.218810
2026-02-23 13:31:40,990 - experiment_chaotic_mackey_glass_full_chaotic_run_0 - INFO - [SYNC DEBUG] Epoch 54: sync_weight=0.01, desync_weight=0.01, loss_sync=0.049689
2026-02-23 13:31:55,668 - experiment_chaotic_mackey_glass_full_chaotic_run_0 - INFO - Epoch 54: Train Loss: 0.1642, Train Acc: 0.9688, Val Loss: 0.4568, Val Acc: 0.8764
2026-02-23 13:32:08,491 - experiment_chaotic_mackey_glass_full_chaotic_run_0 - INFO - Train Epoch 55: [0/472 (0.0%)]	Loss: 0.120011
2026-02-23 13:34:59,564 - experiment_chaotic_mackey_glass_full_chaotic_run_0 - INFO - [SYNC DEBUG] Epoch 55: sync_weight=0.01, desync_weight=0.01, loss_sync=0.049576
2026-02-23 13:35:14,268 - experiment_chaotic_mackey_glass_full_chaotic_run_0 - INFO - Epoch 55: Train Loss: 0.1225, Train Acc: 0.9799, Val Loss: 0.5228, Val Acc: 0.8539
2026-02-23 13:35:27,150 - experiment_chaotic_mackey_glass_full_chaotic_run_0 - INFO - Train Epoch 56: [0/472 (0.0%)]	Loss: 0.123032
2026-02-23 13:38:18,213 - experiment_chaotic_mackey_glass_full_chaotic_run_0 - INFO - [SYNC DEBUG] Epoch 56: sync_weight=0.01, desync_weight=0.01, loss_sync=0.049741
2026-02-23 13:38:32,909 - experiment_chaotic_mackey_glass_full_chaotic_run_0 - INFO - Epoch 56: Train Loss: 0.1359, Train Acc: 0.9821, Val Loss: 0.3585, Val Acc: 0.9101
2026-02-23 13:38:45,719 - experiment_chaotic_mackey_glass_full_chaotic_run_0 - INFO - Train Epoch 57: [0/472 (0.0%)]	Loss: 0.153745
2026-02-23 13:39:01,103 - experiment_chaotic_mackey_glass_full_chaotic_run_0 - DEBUG - [STABILITY] lyap=-0.001, max_norm=1.7, min_std=0.010
2026-02-23 13:41:36,738 - experiment_chaotic_mackey_glass_full_chaotic_run_0 - INFO - [SYNC DEBUG] Epoch 57: sync_weight=0.01, desync_weight=0.01, loss_sync=0.049757
2026-02-23 13:41:51,414 - experiment_chaotic_mackey_glass_full_chaotic_run_0 - INFO - Epoch 57: Train Loss: 0.1395, Train Acc: 0.9799, Val Loss: 0.3374, Val Acc: 0.9213
2026-02-23 13:42:04,258 - experiment_chaotic_mackey_glass_full_chaotic_run_0 - INFO - Train Epoch 58: [0/472 (0.0%)]	Loss: 0.122311
2026-02-23 13:44:55,216 - experiment_chaotic_mackey_glass_full_chaotic_run_0 - INFO - [SYNC DEBUG] Epoch 58: sync_weight=0.01, desync_weight=0.01, loss_sync=0.050101
2026-02-23 13:45:09,914 - experiment_chaotic_mackey_glass_full_chaotic_run_0 - INFO - Epoch 58: Train Loss: 0.1115, Train Acc: 0.9888, Val Loss: 0.2614, Val Acc: 0.9326
2026-02-23 13:45:09,997 - experiment_chaotic_mackey_glass_full_chaotic_run_0 - INFO - Saved new best model at epoch 58
2026-02-23 13:45:22,640 - experiment_chaotic_mackey_glass_full_chaotic_run_0 - INFO - Train Epoch 59: [0/472 (0.0%)]	Loss: 0.082011
2026-02-23 13:48:13,496 - experiment_chaotic_mackey_glass_full_chaotic_run_0 - INFO - [SYNC DEBUG] Epoch 59: sync_weight=0.01, desync_weight=0.01, loss_sync=0.050061
2026-02-23 13:48:28,209 - experiment_chaotic_mackey_glass_full_chaotic_run_0 - INFO - Epoch 59: Train Loss: 0.1273, Train Acc: 0.9777, Val Loss: 0.3353, Val Acc: 0.9326
2026-02-23 13:48:41,038 - experiment_chaotic_mackey_glass_full_chaotic_run_0 - INFO - Train Epoch 60: [0/472 (0.0%)]	Loss: 0.097124
2026-02-23 13:51:31,987 - experiment_chaotic_mackey_glass_full_chaotic_run_0 - INFO - [SYNC DEBUG] Epoch 60: sync_weight=0.01, desync_weight=0.01, loss_sync=0.049970
2026-02-23 13:51:46,674 - experiment_chaotic_mackey_glass_full_chaotic_run_0 - INFO - Epoch 60: Train Loss: 0.1249, Train Acc: 0.9911, Val Loss: 0.3156, Val Acc: 0.9438
2026-02-23 13:51:46,752 - experiment_chaotic_mackey_glass_full_chaotic_run_0 - INFO - Saved new best model at epoch 60
2026-02-23 13:51:59,531 - experiment_chaotic_mackey_glass_full_chaotic_run_0 - INFO - Train Epoch 61: [0/472 (0.0%)]	Loss: 0.078356
2026-02-23 13:54:50,400 - experiment_chaotic_mackey_glass_full_chaotic_run_0 - INFO - [SYNC DEBUG] Epoch 61: sync_weight=0.01, desync_weight=0.01, loss_sync=0.049830
2026-02-23 13:55:05,171 - experiment_chaotic_mackey_glass_full_chaotic_run_0 - INFO - Epoch 61: Train Loss: 0.1312, Train Acc: 0.9844, Val Loss: 0.4113, Val Acc: 0.9101
2026-02-23 13:55:18,026 - experiment_chaotic_mackey_glass_full_chaotic_run_0 - INFO - Train Epoch 62: [0/472 (0.0%)]	Loss: 0.142705
2026-02-23 13:58:08,877 - experiment_chaotic_mackey_glass_full_chaotic_run_0 - INFO - [SYNC DEBUG] Epoch 62: sync_weight=0.01, desync_weight=0.01, loss_sync=0.049783
2026-02-23 13:58:23,662 - experiment_chaotic_mackey_glass_full_chaotic_run_0 - INFO - Epoch 62: Train Loss: 0.1202, Train Acc: 0.9866, Val Loss: 0.2953, Val Acc: 0.9101
2026-02-23 13:58:36,535 - experiment_chaotic_mackey_glass_full_chaotic_run_0 - INFO - Train Epoch 63: [0/472 (0.0%)]	Loss: 0.212732
2026-02-23 14:01:28,123 - experiment_chaotic_mackey_glass_full_chaotic_run_0 - INFO - [SYNC DEBUG] Epoch 63: sync_weight=0.01, desync_weight=0.01, loss_sync=0.049481
2026-02-23 14:01:42,966 - experiment_chaotic_mackey_glass_full_chaotic_run_0 - INFO - Epoch 63: Train Loss: 0.1246, Train Acc: 0.9821, Val Loss: 0.2909, Val Acc: 0.8876
2026-02-23 14:01:55,888 - experiment_chaotic_mackey_glass_full_chaotic_run_0 - INFO - Train Epoch 64: [0/472 (0.0%)]	Loss: 0.098388
2026-02-23 14:02:36,852 - experiment_chaotic_mackey_glass_full_chaotic_run_0 - DEBUG - [STABILITY] lyap=-0.001, max_norm=1.6, min_std=0.010
2026-02-23 14:04:47,749 - experiment_chaotic_mackey_glass_full_chaotic_run_0 - INFO - [SYNC DEBUG] Epoch 64: sync_weight=0.01, desync_weight=0.01, loss_sync=0.049627
2026-02-23 14:05:02,487 - experiment_chaotic_mackey_glass_full_chaotic_run_0 - INFO - Epoch 64: Train Loss: 0.1040, Train Acc: 0.9911, Val Loss: 0.3684, Val Acc: 0.8764
2026-02-23 14:05:15,390 - experiment_chaotic_mackey_glass_full_chaotic_run_0 - INFO - Train Epoch 65: [0/472 (0.0%)]	Loss: 0.153767
2026-02-23 14:08:07,143 - experiment_chaotic_mackey_glass_full_chaotic_run_0 - INFO - [SYNC DEBUG] Epoch 65: sync_weight=0.01, desync_weight=0.01, loss_sync=0.049633
2026-02-23 14:08:21,898 - experiment_chaotic_mackey_glass_full_chaotic_run_0 - INFO - Epoch 65: Train Loss: 0.1246, Train Acc: 0.9821, Val Loss: 0.2245, Val Acc: 0.9213
2026-02-23 14:08:34,771 - experiment_chaotic_mackey_glass_full_chaotic_run_0 - INFO - Train Epoch 66: [0/472 (0.0%)]	Loss: 0.080948
2026-02-23 14:11:27,078 - experiment_chaotic_mackey_glass_full_chaotic_run_0 - INFO - [SYNC DEBUG] Epoch 66: sync_weight=0.01, desync_weight=0.01, loss_sync=0.049699
2026-02-23 14:11:41,993 - experiment_chaotic_mackey_glass_full_chaotic_run_0 - INFO - Epoch 66: Train Loss: 0.0986, Train Acc: 0.9955, Val Loss: 0.3033, Val Acc: 0.9213
2026-02-23 14:11:54,914 - experiment_chaotic_mackey_glass_full_chaotic_run_0 - INFO - Train Epoch 67: [0/472 (0.0%)]	Loss: 0.150300
2026-02-23 14:14:46,453 - experiment_chaotic_mackey_glass_full_chaotic_run_0 - INFO - [SYNC DEBUG] Epoch 67: sync_weight=0.01, desync_weight=0.01, loss_sync=0.049553
2026-02-23 14:15:01,211 - experiment_chaotic_mackey_glass_full_chaotic_run_0 - INFO - Epoch 67: Train Loss: 0.1095, Train Acc: 0.9866, Val Loss: 0.2983, Val Acc: 0.9326
2026-02-23 14:15:14,109 - experiment_chaotic_mackey_glass_full_chaotic_run_0 - INFO - Train Epoch 68: [0/472 (0.0%)]	Loss: 0.107645
2026-02-23 14:18:05,564 - experiment_chaotic_mackey_glass_full_chaotic_run_0 - INFO - [SYNC DEBUG] Epoch 68: sync_weight=0.01, desync_weight=0.01, loss_sync=0.049862
2026-02-23 14:18:20,338 - experiment_chaotic_mackey_glass_full_chaotic_run_0 - INFO - Epoch 68: Train Loss: 0.1194, Train Acc: 0.9844, Val Loss: 0.3222, Val Acc: 0.9101
2026-02-23 14:18:32,993 - experiment_chaotic_mackey_glass_full_chaotic_run_0 - INFO - Train Epoch 69: [0/472 (0.0%)]	Loss: 0.122445
2026-02-23 14:21:24,634 - experiment_chaotic_mackey_glass_full_chaotic_run_0 - INFO - [SYNC DEBUG] Epoch 69: sync_weight=0.01, desync_weight=0.01, loss_sync=0.049699
2026-02-23 14:21:39,331 - experiment_chaotic_mackey_glass_full_chaotic_run_0 - INFO - Epoch 69: Train Loss: 0.1223, Train Acc: 0.9821, Val Loss: 0.1452, Val Acc: 0.9326
2026-02-23 14:21:52,202 - experiment_chaotic_mackey_glass_full_chaotic_run_0 - INFO - Train Epoch 70: [0/472 (0.0%)]	Loss: 0.075803
2026-02-23 14:24:43,624 - experiment_chaotic_mackey_glass_full_chaotic_run_0 - INFO - [SYNC DEBUG] Epoch 70: sync_weight=0.01, desync_weight=0.01, loss_sync=0.049822
2026-02-23 14:24:58,507 - experiment_chaotic_mackey_glass_full_chaotic_run_0 - INFO - Epoch 70: Train Loss: 0.0988, Train Acc: 0.9911, Val Loss: 0.1935, Val Acc: 0.9326
2026-02-23 14:25:11,507 - experiment_chaotic_mackey_glass_full_chaotic_run_0 - INFO - Train Epoch 71: [0/472 (0.0%)]	Loss: 0.095466
2026-02-23 14:26:19,347 - experiment_chaotic_mackey_glass_full_chaotic_run_0 - DEBUG - [STABILITY] lyap=-0.001, max_norm=1.7, min_std=0.010
2026-02-23 14:28:06,414 - experiment_chaotic_mackey_glass_full_chaotic_run_0 - INFO - [SYNC DEBUG] Epoch 71: sync_weight=0.01, desync_weight=0.01, loss_sync=0.049812
2026-02-23 14:28:21,564 - experiment_chaotic_mackey_glass_full_chaotic_run_0 - INFO - Epoch 71: Train Loss: 0.0898, Train Acc: 0.9933, Val Loss: 0.1556, Val Acc: 0.9326
2026-02-23 14:28:34,652 - experiment_chaotic_mackey_glass_full_chaotic_run_0 - INFO - Train Epoch 72: [0/472 (0.0%)]	Loss: 0.082235
2026-02-23 14:31:29,139 - experiment_chaotic_mackey_glass_full_chaotic_run_0 - INFO - [SYNC DEBUG] Epoch 72: sync_weight=0.01, desync_weight=0.01, loss_sync=0.049677
2026-02-23 14:31:44,291 - experiment_chaotic_mackey_glass_full_chaotic_run_0 - INFO - Epoch 72: Train Loss: 0.1008, Train Acc: 0.9888, Val Loss: 0.1886, Val Acc: 0.9213
2026-02-23 14:31:57,401 - experiment_chaotic_mackey_glass_full_chaotic_run_0 - INFO - Train Epoch 73: [0/472 (0.0%)]	Loss: 0.091735
2026-02-23 14:34:53,065 - experiment_chaotic_mackey_glass_full_chaotic_run_0 - INFO - [SYNC DEBUG] Epoch 73: sync_weight=0.01, desync_weight=0.01, loss_sync=0.049751
2026-02-23 14:35:08,385 - experiment_chaotic_mackey_glass_full_chaotic_run_0 - INFO - Epoch 73: Train Loss: 0.0954, Train Acc: 0.9955, Val Loss: 0.2908, Val Acc: 0.9326
2026-02-23 14:35:21,394 - experiment_chaotic_mackey_glass_full_chaotic_run_0 - INFO - Train Epoch 74: [0/472 (0.0%)]	Loss: 0.118341
2026-02-23 14:38:16,052 - experiment_chaotic_mackey_glass_full_chaotic_run_0 - INFO - [SYNC DEBUG] Epoch 74: sync_weight=0.01, desync_weight=0.01, loss_sync=0.049764
2026-02-23 14:38:30,996 - experiment_chaotic_mackey_glass_full_chaotic_run_0 - INFO - Epoch 74: Train Loss: 0.1143, Train Acc: 0.9821, Val Loss: 0.1734, Val Acc: 0.9663
2026-02-23 14:38:31,245 - experiment_chaotic_mackey_glass_full_chaotic_run_0 - INFO - Saved new best model at epoch 74
2026-02-23 14:38:44,203 - experiment_chaotic_mackey_glass_full_chaotic_run_0 - INFO - Train Epoch 75: [0/472 (0.0%)]	Loss: 0.082293
2026-02-23 14:41:37,927 - experiment_chaotic_mackey_glass_full_chaotic_run_0 - INFO - [SYNC DEBUG] Epoch 75: sync_weight=0.01, desync_weight=0.01, loss_sync=0.049464
2026-02-23 14:41:52,616 - experiment_chaotic_mackey_glass_full_chaotic_run_0 - INFO - Epoch 75: Train Loss: 0.0887, Train Acc: 0.9978, Val Loss: 0.1971, Val Acc: 0.9551
2026-02-23 14:42:05,416 - experiment_chaotic_mackey_glass_full_chaotic_run_0 - INFO - Train Epoch 76: [0/472 (0.0%)]	Loss: 0.176017
2026-02-23 14:44:56,709 - experiment_chaotic_mackey_glass_full_chaotic_run_0 - INFO - [SYNC DEBUG] Epoch 76: sync_weight=0.01, desync_weight=0.01, loss_sync=0.049689
2026-02-23 14:45:11,503 - experiment_chaotic_mackey_glass_full_chaotic_run_0 - INFO - Epoch 76: Train Loss: 0.1010, Train Acc: 0.9911, Val Loss: 0.2337, Val Acc: 0.9326
2026-02-23 14:45:24,366 - experiment_chaotic_mackey_glass_full_chaotic_run_0 - INFO - Train Epoch 77: [0/472 (0.0%)]	Loss: 0.074946
2026-02-23 14:48:15,098 - experiment_chaotic_mackey_glass_full_chaotic_run_0 - INFO - [SYNC DEBUG] Epoch 77: sync_weight=0.01, desync_weight=0.01, loss_sync=0.049403
2026-02-23 14:48:29,798 - experiment_chaotic_mackey_glass_full_chaotic_run_0 - INFO - Epoch 77: Train Loss: 0.0912, Train Acc: 0.9955, Val Loss: 0.1498, Val Acc: 0.9551
2026-02-23 14:48:42,695 - experiment_chaotic_mackey_glass_full_chaotic_run_0 - INFO - Train Epoch 78: [0/472 (0.0%)]	Loss: 0.098975
2026-02-23 14:50:15,019 - experiment_chaotic_mackey_glass_full_chaotic_run_0 - DEBUG - [STABILITY] lyap=-0.001, max_norm=1.8, min_std=0.010
2026-02-23 14:51:33,856 - experiment_chaotic_mackey_glass_full_chaotic_run_0 - INFO - [SYNC DEBUG] Epoch 78: sync_weight=0.01, desync_weight=0.01, loss_sync=0.049690
2026-02-23 14:51:48,617 - experiment_chaotic_mackey_glass_full_chaotic_run_0 - INFO - Epoch 78: Train Loss: 0.1031, Train Acc: 0.9911, Val Loss: 0.1523, Val Acc: 0.9551
2026-02-23 14:52:01,475 - experiment_chaotic_mackey_glass_full_chaotic_run_0 - INFO - Train Epoch 79: [0/472 (0.0%)]	Loss: 0.076177
2026-02-23 14:54:52,702 - experiment_chaotic_mackey_glass_full_chaotic_run_0 - INFO - [SYNC DEBUG] Epoch 79: sync_weight=0.01, desync_weight=0.01, loss_sync=0.049761
2026-02-23 14:55:07,526 - experiment_chaotic_mackey_glass_full_chaotic_run_0 - INFO - Epoch 79: Train Loss: 0.1030, Train Acc: 0.9911, Val Loss: 0.1380, Val Acc: 0.9663
2026-02-23 14:55:20,183 - experiment_chaotic_mackey_glass_full_chaotic_run_0 - INFO - Train Epoch 80: [0/472 (0.0%)]	Loss: 0.085974
2026-02-23 14:58:11,409 - experiment_chaotic_mackey_glass_full_chaotic_run_0 - INFO - [SYNC DEBUG] Epoch 80: sync_weight=0.01, desync_weight=0.01, loss_sync=0.049734
2026-02-23 14:58:26,235 - experiment_chaotic_mackey_glass_full_chaotic_run_0 - INFO - Epoch 80: Train Loss: 0.0904, Train Acc: 0.9955, Val Loss: 0.0897, Val Acc: 0.9663
2026-02-23 14:58:39,191 - experiment_chaotic_mackey_glass_full_chaotic_run_0 - INFO - Train Epoch 81: [0/472 (0.0%)]	Loss: 0.097060
2026-02-23 15:01:30,535 - experiment_chaotic_mackey_glass_full_chaotic_run_0 - INFO - [SYNC DEBUG] Epoch 81: sync_weight=0.01, desync_weight=0.01, loss_sync=0.049841
2026-02-23 15:01:45,394 - experiment_chaotic_mackey_glass_full_chaotic_run_0 - INFO - Epoch 81: Train Loss: 0.1009, Train Acc: 0.9888, Val Loss: 0.1273, Val Acc: 0.9551
2026-02-23 15:01:58,272 - experiment_chaotic_mackey_glass_full_chaotic_run_0 - INFO - Train Epoch 82: [0/472 (0.0%)]	Loss: 0.107852
2026-02-23 15:04:49,082 - experiment_chaotic_mackey_glass_full_chaotic_run_0 - INFO - [SYNC DEBUG] Epoch 82: sync_weight=0.01, desync_weight=0.01, loss_sync=0.049595
2026-02-23 15:05:03,857 - experiment_chaotic_mackey_glass_full_chaotic_run_0 - INFO - Epoch 82: Train Loss: 0.0925, Train Acc: 0.9933, Val Loss: 0.1724, Val Acc: 0.9663
2026-02-23 15:05:16,673 - experiment_chaotic_mackey_glass_full_chaotic_run_0 - INFO - Train Epoch 83: [0/472 (0.0%)]	Loss: 0.077714
2026-02-23 15:08:07,113 - experiment_chaotic_mackey_glass_full_chaotic_run_0 - INFO - [SYNC DEBUG] Epoch 83: sync_weight=0.01, desync_weight=0.01, loss_sync=0.049498
2026-02-23 15:08:21,970 - experiment_chaotic_mackey_glass_full_chaotic_run_0 - INFO - Epoch 83: Train Loss: 0.1083, Train Acc: 0.9866, Val Loss: 0.1991, Val Acc: 0.9663
2026-02-23 15:08:34,782 - experiment_chaotic_mackey_glass_full_chaotic_run_0 - INFO - Train Epoch 84: [0/472 (0.0%)]	Loss: 0.093668
2026-02-23 15:11:25,355 - experiment_chaotic_mackey_glass_full_chaotic_run_0 - INFO - [SYNC DEBUG] Epoch 84: sync_weight=0.01, desync_weight=0.01, loss_sync=0.049695
2026-02-23 15:11:40,062 - experiment_chaotic_mackey_glass_full_chaotic_run_0 - INFO - Epoch 84: Train Loss: 0.1154, Train Acc: 0.9844, Val Loss: 0.1462, Val Acc: 0.9663
2026-02-23 15:11:52,895 - experiment_chaotic_mackey_glass_full_chaotic_run_0 - INFO - Train Epoch 85: [0/472 (0.0%)]	Loss: 0.077357
2026-02-23 15:13:50,435 - experiment_chaotic_mackey_glass_full_chaotic_run_0 - DEBUG - [STABILITY] lyap=-0.001, max_norm=1.7, min_std=0.010
2026-02-23 15:14:43,581 - experiment_chaotic_mackey_glass_full_chaotic_run_0 - INFO - [SYNC DEBUG] Epoch 85: sync_weight=0.01, desync_weight=0.01, loss_sync=0.049669
2026-02-23 15:14:58,324 - experiment_chaotic_mackey_glass_full_chaotic_run_0 - INFO - Epoch 85: Train Loss: 0.0975, Train Acc: 0.9933, Val Loss: 0.1445, Val Acc: 0.9663
2026-02-23 15:15:10,954 - experiment_chaotic_mackey_glass_full_chaotic_run_0 - INFO - Train Epoch 86: [0/472 (0.0%)]	Loss: 0.083697
2026-02-23 15:18:01,823 - experiment_chaotic_mackey_glass_full_chaotic_run_0 - INFO - [SYNC DEBUG] Epoch 86: sync_weight=0.01, desync_weight=0.01, loss_sync=0.049637
2026-02-23 15:18:16,599 - experiment_chaotic_mackey_glass_full_chaotic_run_0 - INFO - Epoch 86: Train Loss: 0.0850, Train Acc: 0.9955, Val Loss: 0.1654, Val Acc: 0.9663
2026-02-23 15:18:29,420 - experiment_chaotic_mackey_glass_full_chaotic_run_0 - INFO - Train Epoch 87: [0/472 (0.0%)]	Loss: 0.077277
2026-02-23 15:21:19,994 - experiment_chaotic_mackey_glass_full_chaotic_run_0 - INFO - [SYNC DEBUG] Epoch 87: sync_weight=0.01, desync_weight=0.01, loss_sync=0.049723
2026-02-23 15:21:34,717 - experiment_chaotic_mackey_glass_full_chaotic_run_0 - INFO - Epoch 87: Train Loss: 0.0911, Train Acc: 0.9955, Val Loss: 0.1734, Val Acc: 0.9551
2026-02-23 15:21:47,533 - experiment_chaotic_mackey_glass_full_chaotic_run_0 - INFO - Train Epoch 88: [0/472 (0.0%)]	Loss: 0.097676
2026-02-23 15:24:38,341 - experiment_chaotic_mackey_glass_full_chaotic_run_0 - INFO - [SYNC DEBUG] Epoch 88: sync_weight=0.01, desync_weight=0.01, loss_sync=0.049646
2026-02-23 15:24:53,042 - experiment_chaotic_mackey_glass_full_chaotic_run_0 - INFO - Epoch 88: Train Loss: 0.1017, Train Acc: 0.9911, Val Loss: 0.1773, Val Acc: 0.9663
2026-02-23 15:25:05,858 - experiment_chaotic_mackey_glass_full_chaotic_run_0 - INFO - Train Epoch 89: [0/472 (0.0%)]	Loss: 0.082814
2026-02-23 15:27:56,139 - experiment_chaotic_mackey_glass_full_chaotic_run_0 - INFO - [SYNC DEBUG] Epoch 89: sync_weight=0.01, desync_weight=0.01, loss_sync=0.049503
2026-02-23 15:28:10,899 - experiment_chaotic_mackey_glass_full_chaotic_run_0 - INFO - Epoch 89: Train Loss: 0.0836, Train Acc: 0.9978, Val Loss: 0.1624, Val Acc: 0.9663
2026-02-23 15:28:23,707 - experiment_chaotic_mackey_glass_full_chaotic_run_0 - INFO - Train Epoch 90: [0/472 (0.0%)]	Loss: 0.135228
2026-02-23 15:31:14,112 - experiment_chaotic_mackey_glass_full_chaotic_run_0 - INFO - [SYNC DEBUG] Epoch 90: sync_weight=0.01, desync_weight=0.01, loss_sync=0.049861
2026-02-23 15:31:28,887 - experiment_chaotic_mackey_glass_full_chaotic_run_0 - INFO - Epoch 90: Train Loss: 0.0877, Train Acc: 0.9955, Val Loss: 0.1596, Val Acc: 0.9663
2026-02-23 15:31:41,750 - experiment_chaotic_mackey_glass_full_chaotic_run_0 - INFO - Train Epoch 91: [0/472 (0.0%)]	Loss: 0.079795
2026-02-23 15:34:32,354 - experiment_chaotic_mackey_glass_full_chaotic_run_0 - INFO - [SYNC DEBUG] Epoch 91: sync_weight=0.01, desync_weight=0.01, loss_sync=0.049404
2026-02-23 15:34:46,986 - experiment_chaotic_mackey_glass_full_chaotic_run_0 - INFO - Epoch 91: Train Loss: 0.0820, Train Acc: 0.9978, Val Loss: 0.1652, Val Acc: 0.9663
2026-02-23 15:34:59,604 - experiment_chaotic_mackey_glass_full_chaotic_run_0 - INFO - Train Epoch 92: [0/472 (0.0%)]	Loss: 0.106723
2026-02-23 15:37:23,098 - experiment_chaotic_mackey_glass_full_chaotic_run_0 - DEBUG - [STABILITY] lyap=-0.001, max_norm=1.7, min_std=0.010
2026-02-23 15:37:50,392 - experiment_chaotic_mackey_glass_full_chaotic_run_0 - INFO - [SYNC DEBUG] Epoch 92: sync_weight=0.01, desync_weight=0.01, loss_sync=0.049512
2026-02-23 15:38:05,157 - experiment_chaotic_mackey_glass_full_chaotic_run_0 - INFO - Epoch 92: Train Loss: 0.0858, Train Acc: 0.9978, Val Loss: 0.1587, Val Acc: 0.9663
2026-02-23 15:38:17,990 - experiment_chaotic_mackey_glass_full_chaotic_run_0 - INFO - Train Epoch 93: [0/472 (0.0%)]	Loss: 0.094264
2026-02-23 15:41:08,539 - experiment_chaotic_mackey_glass_full_chaotic_run_0 - INFO - [SYNC DEBUG] Epoch 93: sync_weight=0.01, desync_weight=0.01, loss_sync=0.049704
2026-02-23 15:41:23,235 - experiment_chaotic_mackey_glass_full_chaotic_run_0 - INFO - Epoch 93: Train Loss: 0.1018, Train Acc: 0.9933, Val Loss: 0.1709, Val Acc: 0.9663
2026-02-23 15:41:36,047 - experiment_chaotic_mackey_glass_full_chaotic_run_0 - INFO - Train Epoch 94: [0/472 (0.0%)]	Loss: 0.094024
2026-02-23 15:44:26,574 - experiment_chaotic_mackey_glass_full_chaotic_run_0 - INFO - [SYNC DEBUG] Epoch 94: sync_weight=0.01, desync_weight=0.01, loss_sync=0.049582
2026-02-23 15:44:41,410 - experiment_chaotic_mackey_glass_full_chaotic_run_0 - INFO - Epoch 94: Train Loss: 0.0965, Train Acc: 0.9955, Val Loss: 0.1571, Val Acc: 0.9663
2026-02-23 15:44:54,262 - experiment_chaotic_mackey_glass_full_chaotic_run_0 - INFO - Train Epoch 95: [0/472 (0.0%)]	Loss: 0.076513
2026-02-23 15:47:44,834 - experiment_chaotic_mackey_glass_full_chaotic_run_0 - INFO - [SYNC DEBUG] Epoch 95: sync_weight=0.01, desync_weight=0.01, loss_sync=0.049642
2026-02-23 15:47:59,695 - experiment_chaotic_mackey_glass_full_chaotic_run_0 - INFO - Epoch 95: Train Loss: 0.0876, Train Acc: 0.9978, Val Loss: 0.1695, Val Acc: 0.9663
2026-02-23 15:48:12,544 - experiment_chaotic_mackey_glass_full_chaotic_run_0 - INFO - Train Epoch 96: [0/472 (0.0%)]	Loss: 0.086562
2026-02-23 15:51:03,043 - experiment_chaotic_mackey_glass_full_chaotic_run_0 - INFO - [SYNC DEBUG] Epoch 96: sync_weight=0.01, desync_weight=0.01, loss_sync=0.049448
2026-02-23 15:51:17,677 - experiment_chaotic_mackey_glass_full_chaotic_run_0 - INFO - Epoch 96: Train Loss: 0.0896, Train Acc: 0.9955, Val Loss: 0.1603, Val Acc: 0.9663
2026-02-23 15:51:30,529 - experiment_chaotic_mackey_glass_full_chaotic_run_0 - INFO - Train Epoch 97: [0/472 (0.0%)]	Loss: 0.156254
2026-02-23 15:54:21,404 - experiment_chaotic_mackey_glass_full_chaotic_run_0 - INFO - [SYNC DEBUG] Epoch 97: sync_weight=0.01, desync_weight=0.01, loss_sync=0.049679
2026-02-23 15:54:36,159 - experiment_chaotic_mackey_glass_full_chaotic_run_0 - INFO - Epoch 97: Train Loss: 0.0966, Train Acc: 0.9933, Val Loss: 0.1564, Val Acc: 0.9663
2026-02-23 15:54:49,014 - experiment_chaotic_mackey_glass_full_chaotic_run_0 - INFO - Train Epoch 98: [0/472 (0.0%)]	Loss: 0.074046
2026-02-23 15:57:39,965 - experiment_chaotic_mackey_glass_full_chaotic_run_0 - INFO - [SYNC DEBUG] Epoch 98: sync_weight=0.01, desync_weight=0.01, loss_sync=0.049610
2026-02-23 15:57:54,805 - experiment_chaotic_mackey_glass_full_chaotic_run_0 - INFO - Epoch 98: Train Loss: 0.0906, Train Acc: 0.9933, Val Loss: 0.1603, Val Acc: 0.9663
2026-02-23 15:58:07,665 - experiment_chaotic_mackey_glass_full_chaotic_run_0 - INFO - Train Epoch 99: [0/472 (0.0%)]	Loss: 0.074850
2026-02-23 16:00:58,443 - experiment_chaotic_mackey_glass_full_chaotic_run_0 - INFO - [SYNC DEBUG] Epoch 99: sync_weight=0.01, desync_weight=0.01, loss_sync=0.049723
2026-02-23 16:01:13,197 - experiment_chaotic_mackey_glass_full_chaotic_run_0 - INFO - Epoch 99: Train Loss: 0.0844, Train Acc: 0.9955, Val Loss: 0.1594, Val Acc: 0.9663
2026-02-23 16:01:13,203 - experiment_chaotic_mackey_glass_full_chaotic_run_0 - INFO - Running final test evaluation...
2026-02-23 16:01:26,011 - experiment_chaotic_mackey_glass_full_chaotic_run_0 - INFO - Test Results:
2026-02-23 16:01:26,013 - experiment_chaotic_mackey_glass_full_chaotic_run_0 - INFO -   loss: 0.2218
2026-02-23 16:01:26,013 - experiment_chaotic_mackey_glass_full_chaotic_run_0 - INFO -   accuracy: 0.9407
2026-02-23 16:01:26,013 - experiment_chaotic_mackey_glass_full_chaotic_run_0 - INFO -   avg_confidence: 0.9993
2026-02-23 16:01:26,013 - experiment_chaotic_mackey_glass_full_chaotic_run_0 - INFO -   embedding_diversity: 0.1548
2026-02-23 16:01:26,013 - experiment_chaotic_mackey_glass_full_chaotic_run_0 - INFO -   embedding_norm_mean: 1.0000
2026-02-23 16:01:26,013 - experiment_chaotic_mackey_glass_full_chaotic_run_0 - INFO -   embedding_norm_std: 0.0000
2026-02-23 16:01:26,015 - experiment_chaotic_mackey_glass_full_chaotic_run_0 - INFO - Training completed
2026-02-23 16:01:38,231 - experiment_chaotic_mackey_glass_full_chaotic_run_0 - INFO - Running comprehensive chaotic network analysis...
2026-02-23 16:01:38,232 - experiment_chaotic_mackey_glass_full_chaotic_run_0 - INFO - Analyzing chaotic features and dynamics...
2026-02-23 16:01:40,880 - experiment_chaotic_mackey_glass_full_chaotic_run_0 - INFO - Chaotic analysis completed
2026-02-23 16:01:40,881 - experiment_chaotic_mackey_glass_full_chaotic_run_0 - INFO - Creating chaotic dynamics visualizations...
2026-02-23 16:01:45,536 - experiment_chaotic_mackey_glass_full_chaotic_run_0 - WARNING - Embedding plotting failed: boolean index did not match indexed array along dimension 0; dimension is 8 but corresponding boolean dimension is 32
2026-02-23 16:01:45,542 - experiment_chaotic_mackey_glass_full_chaotic_run_0 - INFO - Chaotic network analysis completed
