2026-01-09 16:30:06,394 - chaotic_trainer - INFO - ============================================================
2026-01-09 16:30:06,395 - chaotic_trainer - INFO - CHAOTIC NEURAL NETWORKS TRAINING
2026-01-09 16:30:06,395 - chaotic_trainer - INFO - ============================================================
2026-01-09 16:30:06,395 - chaotic_trainer - INFO - Output directory: /scratch/project_2003370/yueyao/Model/experiments/configs/sync_experiments/H3c
2026-01-09 16:30:06,395 - chaotic_trainer - INFO - Configuration: {
  "_nested": {
    "experiment": {
      "name": "sync_ablation_A_full",
      "description": "Full model with all loss functions enabled",
      "version": "2.0"
    },
    "data": {
      "data_dir": "/scratch/project_2003370/yueyao/dataset/mini_librispeech/LibriSpeech/dev-clean-2",
      "train_split": 0.7,
      "val_split": 0.15,
      "test_split": 0.15,
      "num_workers": 4,
      "pin_memory": true
    },
    "audio": {
      "sample_rate": 16000,
      "max_audio_length": 3.0,
      "min_audio_length": 0.5,
      "frame_length": 400,
      "hop_length": 160,
      "normalize": true
    },
    "model": {
      "type": "full_chaotic",
      "num_speakers": 251,
      "phase_space": {
        "embedding_dim": 10,
        "delay_method": "autocorr"
      },
      "chaotic_features": {
        "mlsa": {
          "scales": 5
        },
        "rqa": {
          "radius_ratio": 0.1
        }
      },
      "chaotic_embedding": {
        "system_type": "lorenz",
        "evolution_time": 0.5,
        "time_step": 0.01,
        "lorenz": {
          "sigma": 10.0,
          "rho": 28.0,
          "beta": 2.6667
        }
      },
      "attractor_pooling": {
        "type": "comprehensive"
      },
      "speaker_embedding": {
        "dim": 256,
        "hidden_dims": [
          512,
          256,
          128
        ],
        "dropout_rate": 0.3,
        "use_batch_norm": true
      },
      "classifier": {
        "type": "cosine",
        "temperature": 30.0
      }
    },
    "optional_modules": {
      "bifurcation_control": {
        "enabled": false
      },
      "differentiable_features": {
        "enabled": true
      }
    },
    "loss": {
      "classification": {
        "type": "cross_entropy"
      },
      "stability": {
        "enabled": true,
        "weight": 0.1,
        "target_lyapunov_range": [
          0.1,
          2.0
        ],
        "trajectory_bound": 50.0,
        "collapse_threshold": 0.1,
        "diversity_weight": 0.05
      },
      "synchronization": {
        "enabled": true,
        "sync_weight": 0.1,
        "desync_weight": 0.1,
        "margin": 5.0,
        "sample_ratio": 0.1,
        "distance_type": "euclidean"
      },
      "adversarial": {
        "enabled": true,
        "warmup_epochs": 5,
        "perturbation_scale": 0.1,
        "weight": 0.3
      }
    },
    "training": {
      "batch_size": 32,
      "num_epochs": 100,
      "gradient_clipping": 1.0,
      "optimizer": {
        "type": "adamw",
        "learning_rate": 0.0005,
        "weight_decay": 0.0001,
        "betas": [
          0.9,
          0.999
        ]
      },
      "scheduler": {
        "type": "cosine",
        "T_max": 100,
        "eta_min": 1e-06
      },
      "early_stopping": {
        "enabled": true,
        "patience": 30,
        "monitor": "val_accuracy",
        "mode": "max"
      },
      "checkpoint": {
        "save_best_only": true,
        "save_frequency": 10
      }
    },
    "hardware": {
      "device": "auto",
      "seed": 42
    },
    "output": {
      "base_dir": "./experiments/outputs/experiment_A"
    }
  },
  "num_speakers": 251,
  "model_type": "full_chaotic",
  "embedding_dim": 10,
  "delay_method": "autocorr",
  "mlsa_scales": 5,
  "rqa_radius_ratio": 0.1,
  "chaotic_system": "lorenz",
  "evolution_time": 0.5,
  "time_step": 0.01,
  "coupling_strength": 1.0,
  "noise_level": 0.001,
  "pooling_type": "comprehensive",
  "speaker_embedding_dim": 256,
  "embedding_hidden_dims": [
    512,
    256,
    128
  ],
  "classifier_type": "cosine",
  "temperature": 30.0,
  "margin": 0.35,
  "batch_size": 32,
  "num_epochs": 100,
  "learning_rate": 0.0005,
  "weight_decay": 0.0001,
  "gradient_clipping": 1.0,
  "optimizer": {
    "type": "adamw",
    "params": {
      "betas": [
        0.9,
        0.999
      ],
      "eps": 1e-08,
      "weight_decay": 0.0001
    }
  },
  "scheduler": {
    "type": "cosine",
    "params": {
      "T_max": 100,
      "eta_min": 1e-06
    }
  },
  "early_stopping": {
    "patience": 30
  },
  "sample_rate": 16000,
  "max_audio_length": 3.0,
  "frame_length": 400,
  "hop_length": 160,
  "data_dir": "/scratch/project_2003370/yueyao/dataset/mini_librispeech/LibriSpeech/dev-clean-2",
  "device": "auto",
  "seed": 42,
  "loss_config": {
    "classification": {
      "type": "cross_entropy"
    },
    "stability": {
      "enabled": true,
      "weight": 0.1,
      "target_lyapunov_range": [
        0.1,
        2.0
      ],
      "trajectory_bound": 50.0,
      "collapse_threshold": 0.1,
      "diversity_weight": 0.05
    },
    "synchronization": {
      "enabled": true,
      "sync_weight": 0.1,
      "desync_weight": 0.1,
      "margin": 5.0,
      "sample_ratio": 0.1,
      "distance_type": "euclidean"
    },
    "adversarial": {
      "enabled": true,
      "warmup_epochs": 5,
      "perturbation_scale": 0.1,
      "weight": 0.3
    }
  },
  "optional_modules": {
    "bifurcation_control": {
      "enabled": false
    },
    "differentiable_features": {
      "enabled": true
    }
  },
  "epochs": 100,
  "optimize_parameters": true
}
2026-01-09 16:30:06,441 - chaotic_trainer - INFO - System info: {'platform': 'Linux-4.18.0-553.74.1.el8_10.x86_64-x86_64-with-glibc2.28', 'system': 'Linux', 'node': 'g1102.mahti.csc.fi', 'release': '4.18.0-553.74.1.el8_10.x86_64', 'version': '#1 SMP Sun Sep 7 09:23:35 EDT 2025', 'machine': 'x86_64', 'processor': 'x86_64', 'python_version': '3.12.10 (main, Jun  3 2025, 21:04:06) [GCC 8.5.0 20210514 (Red Hat 8.5.0-26)]', 'python_executable': '/usr/bin/python', 'cpu_count': 256, 'total_memory': 540285186048, 'available_memory': 496481243136, 'gpu_info': {'cuda_available': True, 'cuda_version': '12.6', 'gpu_count': 1, 'gpu_names': ['NVIDIA A100-SXM4-40GB MIG 1g.5gb']}, 'package_versions': {'numpy': '1.26.4', 'scipy': '1.13.1', 'scikit-learn': 'not installed', 'librosa': '0.11.0', 'soundfile': '0.13.1', 'torch': '2.7.1+cu126', 'tensorflow': 'not installed', 'matplotlib': '3.10.3', 'pandas': '2.3.0'}, 'git_info': {'commit_hash': '51c92cdc63686073ead2a70ee657542846b3dc20', 'branch': 'origin', 'is_dirty': True}}
2026-01-09 16:30:06,441 - chaotic_trainer - INFO - Training 1 systems × 1 types × 1 runs...
2026-01-09 16:30:06,441 - chaotic_trainer - INFO - Systems: ['lorenz']
2026-01-09 16:30:06,442 - chaotic_trainer - INFO - Model types: ['full_chaotic']
2026-01-09 16:30:06,442 - chaotic_trainer - INFO - 
============================================================
2026-01-09 16:30:06,442 - chaotic_trainer - INFO - TRAINING: LORENZ + FULL_CHAOTIC
2026-01-09 16:30:06,442 - chaotic_trainer - INFO - ============================================================
2026-01-09 16:30:06,442 - chaotic_trainer - INFO - Training chaotic_lorenz_full_chaotic_run_0...
2026-01-09 16:30:06,442 - chaotic_trainer - INFO - Optimizing parameters for lorenz system...
2026-01-09 16:30:06,454 - chaotic_trainer - INFO - Setting up chaotic_lorenz_full_chaotic_run_0...
2026-01-09 16:30:39,075 - chaotic_trainer - INFO - 🚀 No checkpoint specified, starting from scratch
2026-01-09 16:30:39,076 - chaotic_trainer - INFO - Model parameters: 458,181 (trainable: 458,181)
2026-01-09 16:30:39,076 - chaotic_trainer - INFO - Training with chaotic dynamics monitoring...
2026-01-09 16:30:39,076 - chaotic_trainer - INFO - Starting training from epoch 0 for 100 more epochs...
2026-01-09 16:43:29,507 - chaotic_trainer - INFO - Evaluating chaotic_lorenz_full_chaotic_run_0...
2026-01-09 16:43:30,313 - chaotic_trainer - INFO - Running chaotic analysis...
2026-01-09 16:43:33,475 - chaotic_trainer - INFO - Completed chaotic_lorenz_full_chaotic_run_0: Accuracy: 0.9407, Loss: 0.2266, Time: 803.1s
2026-01-09 16:43:33,564 - chaotic_trainer - INFO - Progress: 1/1 (100.0%)
2026-01-09 16:43:33,565 - chaotic_trainer - INFO - lorenz + full_chaotic Summary: 0.9407 ± 0.0000
2026-01-09 16:43:33,565 - chaotic_trainer - INFO - Analyzing chaotic training results...
2026-01-09 16:43:33,566 - chaotic_trainer - INFO - Generating comprehensive chaotic training report...
2026-01-09 16:43:35,235 - chaotic_trainer - INFO - Visualizations saved to: /scratch/project_2003370/yueyao/Model/experiments/configs/sync_experiments/H3c/visualizations
2026-01-09 16:43:35,235 - chaotic_trainer - INFO - Reports generated:
2026-01-09 16:43:35,235 - chaotic_trainer - INFO -   Text report: /scratch/project_2003370/yueyao/Model/experiments/configs/sync_experiments/H3c/chaotic_training_report.txt
2026-01-09 16:43:35,235 - chaotic_trainer - INFO -   JSON report: /scratch/project_2003370/yueyao/Model/experiments/configs/sync_experiments/H3c/chaotic_training_results.json
2026-01-09 16:43:35,235 - chaotic_trainer - INFO - Chaotic training completed.
2026-01-09 16:43:35,235 - chaotic_trainer - INFO - ============================================================
2026-01-09 23:43:34,202 - chaotic_trainer - INFO - ============================================================
2026-01-09 23:43:34,208 - chaotic_trainer - INFO - CHAOTIC NEURAL NETWORKS TRAINING
2026-01-09 23:43:34,208 - chaotic_trainer - INFO - ============================================================
2026-01-09 23:43:34,208 - chaotic_trainer - INFO - Output directory: /scratch/project_2003370/yueyao/Model/experiments/configs/sync_experiments/H3c
2026-01-09 23:43:34,209 - chaotic_trainer - INFO - Configuration: {
  "_nested": {
    "experiment": {
      "name": "sync_ablation_A_full",
      "description": "Full model with all loss functions enabled",
      "version": "2.0"
    },
    "data": {
      "data_dir": "/scratch/project_2003370/yueyao/dataset/mini_librispeech/LibriSpeech/dev-clean-2",
      "train_split": 0.7,
      "val_split": 0.15,
      "test_split": 0.15,
      "num_workers": 4,
      "pin_memory": true
    },
    "audio": {
      "sample_rate": 16000,
      "max_audio_length": 3.0,
      "min_audio_length": 0.5,
      "frame_length": 400,
      "hop_length": 160,
      "normalize": true
    },
    "model": {
      "type": "full_chaotic",
      "num_speakers": 251,
      "phase_space": {
        "embedding_dim": 10,
        "delay_method": "autocorr"
      },
      "chaotic_features": {
        "mlsa": {
          "scales": 5
        },
        "rqa": {
          "radius_ratio": 0.1
        }
      },
      "chaotic_embedding": {
        "system_type": "lorenz",
        "evolution_time": 0.5,
        "time_step": 0.01,
        "lorenz": {
          "sigma": 10.0,
          "rho": 28.0,
          "beta": 2.6667
        }
      },
      "attractor_pooling": {
        "type": "comprehensive"
      },
      "speaker_embedding": {
        "dim": 256,
        "hidden_dims": [
          512,
          256,
          128
        ],
        "dropout_rate": 0.3,
        "use_batch_norm": true
      },
      "classifier": {
        "type": "cosine",
        "temperature": 30.0
      }
    },
    "optional_modules": {
      "bifurcation_control": {
        "enabled": false
      },
      "differentiable_features": {
        "enabled": true
      }
    },
    "loss": {
      "classification": {
        "type": "cross_entropy"
      },
      "stability": {
        "enabled": true,
        "weight": 0.1,
        "target_lyapunov_range": [
          0.1,
          2.0
        ],
        "trajectory_bound": 50.0,
        "collapse_threshold": 0.1,
        "diversity_weight": 0.05
      },
      "synchronization": {
        "enabled": true,
        "sync_weight": 0.1,
        "desync_weight": 0.1,
        "margin": 5.0,
        "sample_ratio": 0.1,
        "distance_type": "euclidean"
      },
      "adversarial": {
        "enabled": true,
        "warmup_epochs": 5,
        "perturbation_scale": 0.1,
        "weight": 0.3
      }
    },
    "training": {
      "batch_size": 32,
      "num_epochs": 100,
      "gradient_clipping": 1.0,
      "optimizer": {
        "type": "adamw",
        "learning_rate": 0.0005,
        "weight_decay": 0.0001,
        "betas": [
          0.9,
          0.999
        ]
      },
      "scheduler": {
        "type": "cosine",
        "T_max": 100,
        "eta_min": 1e-06
      },
      "early_stopping": {
        "enabled": true,
        "patience": 30,
        "monitor": "val_accuracy",
        "mode": "max"
      },
      "checkpoint": {
        "save_best_only": true,
        "save_frequency": 10
      }
    },
    "hardware": {
      "device": "auto",
      "seed": 42
    },
    "output": {
      "base_dir": "./experiments/outputs/experiment_A"
    }
  },
  "num_speakers": 251,
  "model_type": "full_chaotic",
  "embedding_dim": 10,
  "delay_method": "autocorr",
  "mlsa_scales": 5,
  "rqa_radius_ratio": 0.1,
  "chaotic_system": "lorenz",
  "evolution_time": 0.5,
  "time_step": 0.01,
  "coupling_strength": 1.0,
  "noise_level": 0.001,
  "pooling_type": "comprehensive",
  "speaker_embedding_dim": 256,
  "embedding_hidden_dims": [
    512,
    256,
    128
  ],
  "classifier_type": "cosine",
  "temperature": 30.0,
  "margin": 0.35,
  "batch_size": 32,
  "num_epochs": 100,
  "learning_rate": 0.0005,
  "weight_decay": 0.0001,
  "gradient_clipping": 1.0,
  "optimizer": {
    "type": "adamw",
    "params": {
      "betas": [
        0.9,
        0.999
      ],
      "eps": 1e-08,
      "weight_decay": 0.0001
    }
  },
  "scheduler": {
    "type": "cosine",
    "params": {
      "T_max": 100,
      "eta_min": 1e-06
    }
  },
  "early_stopping": {
    "patience": 30
  },
  "sample_rate": 16000,
  "max_audio_length": 3.0,
  "frame_length": 400,
  "hop_length": 160,
  "data_dir": "/scratch/project_2003370/yueyao/dataset/mini_librispeech/LibriSpeech/dev-clean-2",
  "device": "auto",
  "seed": 42,
  "loss_config": {
    "classification": {
      "type": "cross_entropy"
    },
    "stability": {
      "enabled": true,
      "weight": 0.1,
      "target_lyapunov_range": [
        0.1,
        2.0
      ],
      "trajectory_bound": 50.0,
      "collapse_threshold": 0.1,
      "diversity_weight": 0.05
    },
    "synchronization": {
      "enabled": true,
      "sync_weight": 0.1,
      "desync_weight": 0.1,
      "margin": 5.0,
      "sample_ratio": 0.1,
      "distance_type": "euclidean"
    },
    "adversarial": {
      "enabled": true,
      "warmup_epochs": 5,
      "perturbation_scale": 0.1,
      "weight": 0.3
    }
  },
  "optional_modules": {
    "bifurcation_control": {
      "enabled": false
    },
    "differentiable_features": {
      "enabled": true
    }
  },
  "epochs": 100,
  "optimize_parameters": true
}
2026-01-09 23:43:34,253 - chaotic_trainer - INFO - System info: {'platform': 'Linux-4.18.0-553.74.1.el8_10.x86_64-x86_64-with-glibc2.28', 'system': 'Linux', 'node': 'g1102.mahti.csc.fi', 'release': '4.18.0-553.74.1.el8_10.x86_64', 'version': '#1 SMP Sun Sep 7 09:23:35 EDT 2025', 'machine': 'x86_64', 'processor': 'x86_64', 'python_version': '3.12.10 (main, Jun  3 2025, 21:04:06) [GCC 8.5.0 20210514 (Red Hat 8.5.0-26)]', 'python_executable': '/usr/bin/python', 'cpu_count': 256, 'total_memory': 540285186048, 'available_memory': 503766999040, 'gpu_info': {'cuda_available': True, 'cuda_version': '12.6', 'gpu_count': 1, 'gpu_names': ['NVIDIA A100-SXM4-40GB MIG 1g.5gb']}, 'package_versions': {'numpy': '1.26.4', 'scipy': '1.13.1', 'scikit-learn': 'not installed', 'librosa': '0.11.0', 'soundfile': '0.13.1', 'torch': '2.7.1+cu126', 'tensorflow': 'not installed', 'matplotlib': '3.10.3', 'pandas': '2.3.0'}, 'git_info': {'commit_hash': '51c92cdc63686073ead2a70ee657542846b3dc20', 'branch': 'origin', 'is_dirty': True}}
2026-01-09 23:43:34,253 - chaotic_trainer - INFO - Training 1 systems × 1 types × 1 runs...
2026-01-09 23:43:34,253 - chaotic_trainer - INFO - Systems: ['lorenz']
2026-01-09 23:43:34,253 - chaotic_trainer - INFO - Model types: ['full_chaotic']
2026-01-09 23:43:34,253 - chaotic_trainer - INFO - 
============================================================
2026-01-09 23:43:34,253 - chaotic_trainer - INFO - TRAINING: LORENZ + FULL_CHAOTIC
2026-01-09 23:43:34,253 - chaotic_trainer - INFO - ============================================================
2026-01-09 23:43:34,254 - chaotic_trainer - INFO - Training chaotic_lorenz_full_chaotic_run_0...
2026-01-09 23:43:34,254 - chaotic_trainer - INFO - Optimizing parameters for lorenz system...
2026-01-09 23:43:34,273 - chaotic_trainer - INFO - Setting up chaotic_lorenz_full_chaotic_run_0...
2026-01-09 23:44:08,466 - chaotic_trainer - INFO - 🚀 No checkpoint specified, starting from scratch
2026-01-09 23:44:08,466 - chaotic_trainer - INFO - Model parameters: 458,181 (trainable: 458,181)
2026-01-09 23:44:08,466 - chaotic_trainer - INFO - Training with chaotic dynamics monitoring...
2026-01-09 23:44:08,467 - chaotic_trainer - INFO - Starting training from epoch 0 for 100 more epochs...
2026-01-09 23:58:37,187 - chaotic_trainer - INFO - Evaluating chaotic_lorenz_full_chaotic_run_0...
2026-01-09 23:58:38,314 - chaotic_trainer - INFO - Running chaotic analysis...
2026-01-09 23:58:42,234 - chaotic_trainer - INFO - Completed chaotic_lorenz_full_chaotic_run_0: Accuracy: 0.9661, Loss: 0.1390, Time: 902.9s
2026-01-09 23:58:42,326 - chaotic_trainer - INFO - Progress: 1/1 (100.0%)
2026-01-09 23:58:42,326 - chaotic_trainer - INFO - lorenz + full_chaotic Summary: 0.9661 ± 0.0000
2026-01-09 23:58:42,326 - chaotic_trainer - INFO - Analyzing chaotic training results...
2026-01-09 23:58:42,327 - chaotic_trainer - INFO - Generating comprehensive chaotic training report...
2026-01-09 23:58:44,073 - chaotic_trainer - INFO - Visualizations saved to: /scratch/project_2003370/yueyao/Model/experiments/configs/sync_experiments/H3c/visualizations
2026-01-09 23:58:44,073 - chaotic_trainer - INFO - Reports generated:
2026-01-09 23:58:44,073 - chaotic_trainer - INFO -   Text report: /scratch/project_2003370/yueyao/Model/experiments/configs/sync_experiments/H3c/chaotic_training_report.txt
2026-01-09 23:58:44,073 - chaotic_trainer - INFO -   JSON report: /scratch/project_2003370/yueyao/Model/experiments/configs/sync_experiments/H3c/chaotic_training_results.json
2026-01-09 23:58:44,073 - chaotic_trainer - INFO - Chaotic training completed.
2026-01-09 23:58:44,073 - chaotic_trainer - INFO - ============================================================
2026-01-10 11:10:50,141 - chaotic_trainer - INFO - ============================================================
2026-01-10 11:10:50,145 - chaotic_trainer - INFO - CHAOTIC NEURAL NETWORKS TRAINING
2026-01-10 11:10:50,145 - chaotic_trainer - INFO - ============================================================
2026-01-10 11:10:50,145 - chaotic_trainer - INFO - Output directory: /scratch/project_2003370/yueyao/Model/experiments/configs/sync_experiments/H3c
2026-01-10 11:10:50,146 - chaotic_trainer - INFO - Configuration: {
  "_nested": {
    "experiment": {
      "name": "sync_ablation_A_full",
      "description": "Full model with all loss functions enabled",
      "version": "2.0"
    },
    "data": {
      "data_dir": "/scratch/project_2003370/yueyao/dataset/mini_librispeech/LibriSpeech/dev-clean-2",
      "train_split": 0.7,
      "val_split": 0.15,
      "test_split": 0.15,
      "num_workers": 4,
      "pin_memory": true
    },
    "audio": {
      "sample_rate": 16000,
      "max_audio_length": 3.0,
      "min_audio_length": 0.5,
      "frame_length": 400,
      "hop_length": 160,
      "normalize": true
    },
    "model": {
      "type": "full_chaotic",
      "num_speakers": 251,
      "phase_space": {
        "embedding_dim": 10,
        "delay_method": "autocorr"
      },
      "chaotic_features": {
        "mlsa": {
          "scales": 5
        },
        "rqa": {
          "radius_ratio": 0.1
        }
      },
      "chaotic_embedding": {
        "system_type": "lorenz",
        "evolution_time": 0.5,
        "time_step": 0.01,
        "lorenz": {
          "sigma": 10.0,
          "rho": 28.0,
          "beta": 2.6667
        }
      },
      "attractor_pooling": {
        "type": "comprehensive"
      },
      "speaker_embedding": {
        "dim": 256,
        "hidden_dims": [
          512,
          256,
          128
        ],
        "dropout_rate": 0.3,
        "use_batch_norm": true
      },
      "classifier": {
        "type": "cosine",
        "temperature": 30.0
      }
    },
    "optional_modules": {
      "bifurcation_control": {
        "enabled": false
      },
      "differentiable_features": {
        "enabled": true
      }
    },
    "loss": {
      "classification": {
        "type": "cross_entropy"
      },
      "stability": {
        "enabled": true,
        "weight": 0.1,
        "target_lyapunov_range": [
          0.1,
          2.0
        ],
        "trajectory_bound": 50.0,
        "collapse_threshold": 0.1,
        "diversity_weight": 0.05
      },
      "synchronization": {
        "enabled": true,
        "sync_weight": 0.1,
        "desync_weight": 0.1,
        "margin": 5.0,
        "sample_ratio": 0.1,
        "distance_type": "euclidean"
      },
      "adversarial": {
        "enabled": true,
        "warmup_epochs": 5,
        "perturbation_scale": 0.1,
        "weight": 0.3
      }
    },
    "training": {
      "batch_size": 32,
      "num_epochs": 100,
      "gradient_clipping": 1.0,
      "optimizer": {
        "type": "adamw",
        "learning_rate": 0.0005,
        "weight_decay": 0.0001,
        "betas": [
          0.9,
          0.999
        ]
      },
      "scheduler": {
        "type": "cosine",
        "T_max": 100,
        "eta_min": 1e-06
      },
      "early_stopping": {
        "enabled": true,
        "patience": 30,
        "monitor": "val_accuracy",
        "mode": "max"
      },
      "checkpoint": {
        "save_best_only": true,
        "save_frequency": 10
      }
    },
    "hardware": {
      "device": "auto",
      "seed": 42
    },
    "output": {
      "base_dir": "./experiments/outputs/experiment_A"
    }
  },
  "num_speakers": 251,
  "model_type": "full_chaotic",
  "embedding_dim": 10,
  "delay_method": "autocorr",
  "mlsa_scales": 5,
  "rqa_radius_ratio": 0.1,
  "chaotic_system": "lorenz",
  "evolution_time": 0.5,
  "time_step": 0.01,
  "coupling_strength": 1.0,
  "noise_level": 0.001,
  "pooling_type": "comprehensive",
  "speaker_embedding_dim": 256,
  "embedding_hidden_dims": [
    512,
    256,
    128
  ],
  "classifier_type": "cosine",
  "temperature": 30.0,
  "margin": 0.35,
  "batch_size": 32,
  "num_epochs": 100,
  "learning_rate": 0.0005,
  "weight_decay": 0.0001,
  "gradient_clipping": 1.0,
  "optimizer": {
    "type": "adamw",
    "params": {
      "betas": [
        0.9,
        0.999
      ],
      "eps": 1e-08,
      "weight_decay": 0.0001
    }
  },
  "scheduler": {
    "type": "cosine",
    "params": {
      "T_max": 100,
      "eta_min": 1e-06
    }
  },
  "early_stopping": {
    "patience": 30
  },
  "sample_rate": 16000,
  "max_audio_length": 3.0,
  "frame_length": 400,
  "hop_length": 160,
  "data_dir": "/scratch/project_2003370/yueyao/dataset/mini_librispeech/LibriSpeech/dev-clean-2",
  "device": "auto",
  "seed": 42,
  "loss_config": {
    "classification": {
      "type": "cross_entropy"
    },
    "stability": {
      "enabled": true,
      "weight": 0.1,
      "target_lyapunov_range": [
        0.1,
        2.0
      ],
      "trajectory_bound": 50.0,
      "collapse_threshold": 0.1,
      "diversity_weight": 0.05
    },
    "synchronization": {
      "enabled": true,
      "sync_weight": 0.1,
      "desync_weight": 0.1,
      "margin": 5.0,
      "sample_ratio": 0.1,
      "distance_type": "euclidean"
    },
    "adversarial": {
      "enabled": true,
      "warmup_epochs": 5,
      "perturbation_scale": 0.1,
      "weight": 0.3
    }
  },
  "optional_modules": {
    "bifurcation_control": {
      "enabled": false
    },
    "differentiable_features": {
      "enabled": true
    }
  },
  "epochs": 100,
  "optimize_parameters": true
}
2026-01-10 11:10:50,196 - chaotic_trainer - INFO - System info: {'platform': 'Linux-4.18.0-553.74.1.el8_10.x86_64-x86_64-with-glibc2.28', 'system': 'Linux', 'node': 'g1102.mahti.csc.fi', 'release': '4.18.0-553.74.1.el8_10.x86_64', 'version': '#1 SMP Sun Sep 7 09:23:35 EDT 2025', 'machine': 'x86_64', 'processor': 'x86_64', 'python_version': '3.12.10 (main, Jun  3 2025, 21:04:06) [GCC 8.5.0 20210514 (Red Hat 8.5.0-26)]', 'python_executable': '/usr/bin/python', 'cpu_count': 256, 'total_memory': 540285186048, 'available_memory': 512475414528, 'gpu_info': {'cuda_available': True, 'cuda_version': '12.6', 'gpu_count': 1, 'gpu_names': ['NVIDIA A100-SXM4-40GB MIG 1g.5gb']}, 'package_versions': {'numpy': '1.26.4', 'scipy': '1.13.1', 'scikit-learn': 'not installed', 'librosa': '0.11.0', 'soundfile': '0.13.1', 'torch': '2.7.1+cu126', 'tensorflow': 'not installed', 'matplotlib': '3.10.3', 'pandas': '2.3.0'}, 'git_info': {'commit_hash': '51c92cdc63686073ead2a70ee657542846b3dc20', 'branch': 'origin', 'is_dirty': True}}
2026-01-10 11:10:50,197 - chaotic_trainer - INFO - Training 1 systems × 1 types × 1 runs...
2026-01-10 11:10:50,197 - chaotic_trainer - INFO - Systems: ['lorenz']
2026-01-10 11:10:50,197 - chaotic_trainer - INFO - Model types: ['full_chaotic']
2026-01-10 11:10:50,197 - chaotic_trainer - INFO - 
============================================================
2026-01-10 11:10:50,197 - chaotic_trainer - INFO - TRAINING: LORENZ + FULL_CHAOTIC
2026-01-10 11:10:50,197 - chaotic_trainer - INFO - ============================================================
2026-01-10 11:10:50,197 - chaotic_trainer - INFO - Training chaotic_lorenz_full_chaotic_run_0...
2026-01-10 11:10:50,197 - chaotic_trainer - INFO - Optimizing parameters for lorenz system...
2026-01-10 11:10:50,218 - chaotic_trainer - INFO - Setting up chaotic_lorenz_full_chaotic_run_0...
2026-01-10 11:11:38,933 - chaotic_trainer - INFO - 🚀 No checkpoint specified, starting from scratch
2026-01-10 11:11:38,933 - chaotic_trainer - INFO - Model parameters: 458,181 (trainable: 458,181)
2026-01-10 11:11:38,933 - chaotic_trainer - INFO - Training with chaotic dynamics monitoring...
2026-01-10 11:11:38,933 - chaotic_trainer - INFO - Starting training from epoch 0 for 100 more epochs...
2026-01-10 11:27:20,559 - chaotic_trainer - INFO - Evaluating chaotic_lorenz_full_chaotic_run_0...
2026-01-10 11:27:21,398 - chaotic_trainer - INFO - Running chaotic analysis...
2026-01-10 11:27:24,602 - chaotic_trainer - INFO - Completed chaotic_lorenz_full_chaotic_run_0: Accuracy: 0.9407, Loss: 0.2426, Time: 990.3s
2026-01-10 11:27:24,694 - chaotic_trainer - INFO - Progress: 1/1 (100.0%)
2026-01-10 11:27:24,694 - chaotic_trainer - INFO - lorenz + full_chaotic Summary: 0.9407 ± 0.0000
2026-01-10 11:27:24,694 - chaotic_trainer - INFO - Analyzing chaotic training results...
2026-01-10 11:27:24,696 - chaotic_trainer - INFO - Generating comprehensive chaotic training report...
2026-01-10 11:27:26,326 - chaotic_trainer - INFO - Visualizations saved to: /scratch/project_2003370/yueyao/Model/experiments/configs/sync_experiments/H3c/visualizations
2026-01-10 11:27:26,326 - chaotic_trainer - INFO - Reports generated:
2026-01-10 11:27:26,326 - chaotic_trainer - INFO -   Text report: /scratch/project_2003370/yueyao/Model/experiments/configs/sync_experiments/H3c/chaotic_training_report.txt
2026-01-10 11:27:26,326 - chaotic_trainer - INFO -   JSON report: /scratch/project_2003370/yueyao/Model/experiments/configs/sync_experiments/H3c/chaotic_training_results.json
2026-01-10 11:27:26,327 - chaotic_trainer - INFO - Chaotic training completed.
2026-01-10 11:27:26,327 - chaotic_trainer - INFO - ============================================================
2026-01-10 15:28:05,397 - chaotic_trainer - INFO - ============================================================
2026-01-10 15:28:05,416 - chaotic_trainer - INFO - CHAOTIC NEURAL NETWORKS TRAINING
2026-01-10 15:28:05,416 - chaotic_trainer - INFO - ============================================================
2026-01-10 15:28:05,416 - chaotic_trainer - INFO - Output directory: /scratch/project_2003370/yueyao/Model/experiments/configs/sync_experiments/H3c
2026-01-10 15:28:05,416 - chaotic_trainer - INFO - Configuration: {
  "_nested": {
    "experiment": {
      "name": "sync_ablation_A_full",
      "description": "Full model with all loss functions enabled",
      "version": "2.0"
    },
    "data": {
      "data_dir": "/scratch/project_2003370/yueyao/dataset/mini_librispeech/LibriSpeech/dev-clean-2",
      "train_split": 0.7,
      "val_split": 0.15,
      "test_split": 0.15,
      "num_workers": 4,
      "pin_memory": true
    },
    "audio": {
      "sample_rate": 16000,
      "max_audio_length": 3.0,
      "min_audio_length": 0.5,
      "frame_length": 400,
      "hop_length": 160,
      "normalize": true
    },
    "model": {
      "type": "full_chaotic",
      "num_speakers": 251,
      "phase_space": {
        "embedding_dim": 10,
        "delay_method": "autocorr"
      },
      "chaotic_features": {
        "mlsa": {
          "scales": 5
        },
        "rqa": {
          "radius_ratio": 0.1
        }
      },
      "chaotic_embedding": {
        "system_type": "lorenz",
        "evolution_time": 0.5,
        "time_step": 0.01,
        "lorenz": {
          "sigma": 10.0,
          "rho": 28.0,
          "beta": 2.6667
        }
      },
      "attractor_pooling": {
        "type": "comprehensive"
      },
      "speaker_embedding": {
        "dim": 256,
        "hidden_dims": [
          512,
          256,
          128
        ],
        "dropout_rate": 0.3,
        "use_batch_norm": true
      },
      "classifier": {
        "type": "cosine",
        "temperature": 30.0
      }
    },
    "optional_modules": {
      "bifurcation_control": {
        "enabled": false
      },
      "differentiable_features": {
        "enabled": true
      }
    },
    "loss": {
      "classification": {
        "type": "cross_entropy"
      },
      "stability": {
        "enabled": true,
        "weight": 0.1,
        "target_lyapunov_range": [
          0.1,
          2.0
        ],
        "trajectory_bound": 50.0,
        "collapse_threshold": 0.1,
        "diversity_weight": 0.05
      },
      "synchronization": {
        "enabled": true,
        "sync_weight": 0.1,
        "desync_weight": 0.1,
        "margin": 5.0,
        "sample_ratio": 0.1,
        "distance_type": "euclidean"
      },
      "adversarial": {
        "enabled": true,
        "warmup_epochs": 5,
        "perturbation_scale": 0.1,
        "weight": 0.3
      }
    },
    "training": {
      "batch_size": 32,
      "num_epochs": 100,
      "gradient_clipping": 1.0,
      "optimizer": {
        "type": "adamw",
        "learning_rate": 0.0005,
        "weight_decay": 0.0001,
        "betas": [
          0.9,
          0.999
        ]
      },
      "scheduler": {
        "type": "cosine",
        "T_max": 100,
        "eta_min": 1e-06
      },
      "early_stopping": {
        "enabled": true,
        "patience": 30,
        "monitor": "val_accuracy",
        "mode": "max"
      },
      "checkpoint": {
        "save_best_only": true,
        "save_frequency": 10
      }
    },
    "hardware": {
      "device": "auto",
      "seed": 42
    },
    "output": {
      "base_dir": "./experiments/outputs/experiment_A"
    }
  },
  "num_speakers": 251,
  "model_type": "full_chaotic",
  "embedding_dim": 10,
  "delay_method": "autocorr",
  "mlsa_scales": 5,
  "rqa_radius_ratio": 0.1,
  "chaotic_system": "lorenz",
  "evolution_time": 0.5,
  "time_step": 0.01,
  "coupling_strength": 1.0,
  "noise_level": 0.001,
  "pooling_type": "comprehensive",
  "speaker_embedding_dim": 256,
  "embedding_hidden_dims": [
    512,
    256,
    128
  ],
  "classifier_type": "cosine",
  "temperature": 30.0,
  "margin": 0.35,
  "batch_size": 32,
  "num_epochs": 100,
  "learning_rate": 0.0005,
  "weight_decay": 0.0001,
  "gradient_clipping": 1.0,
  "optimizer": {
    "type": "adamw",
    "params": {
      "betas": [
        0.9,
        0.999
      ],
      "eps": 1e-08,
      "weight_decay": 0.0001
    }
  },
  "scheduler": {
    "type": "cosine",
    "params": {
      "T_max": 100,
      "eta_min": 1e-06
    }
  },
  "early_stopping": {
    "patience": 30
  },
  "sample_rate": 16000,
  "max_audio_length": 3.0,
  "frame_length": 400,
  "hop_length": 160,
  "data_dir": "/scratch/project_2003370/yueyao/dataset/mini_librispeech/LibriSpeech/dev-clean-2",
  "device": "auto",
  "seed": 42,
  "loss_config": {
    "classification": {
      "type": "cross_entropy"
    },
    "stability": {
      "enabled": true,
      "weight": 0.1,
      "target_lyapunov_range": [
        0.1,
        2.0
      ],
      "trajectory_bound": 50.0,
      "collapse_threshold": 0.1,
      "diversity_weight": 0.05
    },
    "synchronization": {
      "enabled": true,
      "sync_weight": 0.1,
      "desync_weight": 0.1,
      "margin": 5.0,
      "sample_ratio": 0.1,
      "distance_type": "euclidean"
    },
    "adversarial": {
      "enabled": true,
      "warmup_epochs": 5,
      "perturbation_scale": 0.1,
      "weight": 0.3
    }
  },
  "optional_modules": {
    "bifurcation_control": {
      "enabled": false
    },
    "differentiable_features": {
      "enabled": true
    }
  },
  "epochs": 100,
  "optimize_parameters": true
}
2026-01-10 15:28:05,464 - chaotic_trainer - INFO - System info: {'platform': 'Linux-4.18.0-553.74.1.el8_10.x86_64-x86_64-with-glibc2.28', 'system': 'Linux', 'node': 'g1102.mahti.csc.fi', 'release': '4.18.0-553.74.1.el8_10.x86_64', 'version': '#1 SMP Sun Sep 7 09:23:35 EDT 2025', 'machine': 'x86_64', 'processor': 'x86_64', 'python_version': '3.12.10 (main, Jun  3 2025, 21:04:06) [GCC 8.5.0 20210514 (Red Hat 8.5.0-26)]', 'python_executable': '/usr/bin/python', 'cpu_count': 256, 'total_memory': 540285186048, 'available_memory': 512693174272, 'gpu_info': {'cuda_available': True, 'cuda_version': '12.6', 'gpu_count': 1, 'gpu_names': ['NVIDIA A100-SXM4-40GB MIG 1g.5gb']}, 'package_versions': {'numpy': '1.26.4', 'scipy': '1.13.1', 'scikit-learn': 'not installed', 'librosa': '0.11.0', 'soundfile': '0.13.1', 'torch': '2.7.1+cu126', 'tensorflow': 'not installed', 'matplotlib': '3.10.3', 'pandas': '2.3.0'}, 'git_info': {'commit_hash': '51c92cdc63686073ead2a70ee657542846b3dc20', 'branch': 'origin', 'is_dirty': True}}
2026-01-10 15:28:05,464 - chaotic_trainer - INFO - Training 1 systems × 1 types × 1 runs...
2026-01-10 15:28:05,464 - chaotic_trainer - INFO - Systems: ['lorenz']
2026-01-10 15:28:05,464 - chaotic_trainer - INFO - Model types: ['full_chaotic']
2026-01-10 15:28:05,464 - chaotic_trainer - INFO - 
============================================================
2026-01-10 15:28:05,464 - chaotic_trainer - INFO - TRAINING: LORENZ + FULL_CHAOTIC
2026-01-10 15:28:05,464 - chaotic_trainer - INFO - ============================================================
2026-01-10 15:28:05,464 - chaotic_trainer - INFO - Training chaotic_lorenz_full_chaotic_run_0...
2026-01-10 15:28:05,464 - chaotic_trainer - INFO - Optimizing parameters for lorenz system...
2026-01-10 15:28:05,490 - chaotic_trainer - INFO - Setting up chaotic_lorenz_full_chaotic_run_0...
2026-01-10 15:28:38,259 - chaotic_trainer - INFO - 🚀 No checkpoint specified, starting from scratch
2026-01-10 15:28:38,259 - chaotic_trainer - INFO - Model parameters: 458,181 (trainable: 458,181)
2026-01-10 15:28:38,259 - chaotic_trainer - INFO - Training with chaotic dynamics monitoring...
2026-01-10 15:28:38,259 - chaotic_trainer - INFO - Starting training from epoch 0 for 100 more epochs...
2026-01-10 15:39:43,984 - chaotic_trainer - INFO - Evaluating chaotic_lorenz_full_chaotic_run_0...
2026-01-10 15:39:44,776 - chaotic_trainer - INFO - Running chaotic analysis...
2026-01-10 15:39:48,195 - chaotic_trainer - INFO - Completed chaotic_lorenz_full_chaotic_run_0: Accuracy: 0.9576, Loss: 0.1972, Time: 698.5s
2026-01-10 15:39:48,456 - chaotic_trainer - INFO - Progress: 1/1 (100.0%)
2026-01-10 15:39:48,456 - chaotic_trainer - INFO - lorenz + full_chaotic Summary: 0.9576 ± 0.0000
2026-01-10 15:39:48,456 - chaotic_trainer - INFO - Analyzing chaotic training results...
2026-01-10 15:39:48,457 - chaotic_trainer - INFO - Generating comprehensive chaotic training report...
2026-01-10 15:39:50,198 - chaotic_trainer - INFO - Visualizations saved to: /scratch/project_2003370/yueyao/Model/experiments/configs/sync_experiments/H3c/visualizations
2026-01-10 15:39:50,198 - chaotic_trainer - INFO - Reports generated:
2026-01-10 15:39:50,198 - chaotic_trainer - INFO -   Text report: /scratch/project_2003370/yueyao/Model/experiments/configs/sync_experiments/H3c/chaotic_training_report.txt
2026-01-10 15:39:50,198 - chaotic_trainer - INFO -   JSON report: /scratch/project_2003370/yueyao/Model/experiments/configs/sync_experiments/H3c/chaotic_training_results.json
2026-01-10 15:39:50,199 - chaotic_trainer - INFO - Chaotic training completed.
2026-01-10 15:39:50,199 - chaotic_trainer - INFO - ============================================================
2026-01-11 13:31:36,916 - chaotic_trainer - INFO - ============================================================
2026-01-11 13:31:36,930 - chaotic_trainer - INFO - CHAOTIC NEURAL NETWORKS TRAINING
2026-01-11 13:31:36,930 - chaotic_trainer - INFO - ============================================================
2026-01-11 13:31:36,930 - chaotic_trainer - INFO - Output directory: /scratch/project_2003370/yueyao/Model/experiments/configs/sync_experiments/H3c
2026-01-11 13:31:36,931 - chaotic_trainer - INFO - Configuration: {
  "_nested": {
    "experiment": {
      "name": "sync_ablation_A_full",
      "description": "Full model with all loss functions enabled",
      "version": "2.0"
    },
    "data": {
      "data_dir": "/scratch/project_2003370/yueyao/dataset/mini_librispeech/LibriSpeech/dev-clean-2",
      "train_split": 0.7,
      "val_split": 0.15,
      "test_split": 0.15,
      "num_workers": 4,
      "pin_memory": true
    },
    "audio": {
      "sample_rate": 16000,
      "max_audio_length": 3.0,
      "min_audio_length": 0.5,
      "frame_length": 400,
      "hop_length": 160,
      "normalize": true
    },
    "model": {
      "type": "full_chaotic",
      "num_speakers": 251,
      "phase_space": {
        "embedding_dim": 10,
        "delay_method": "autocorr"
      },
      "chaotic_features": {
        "mlsa": {
          "scales": 5
        },
        "rqa": {
          "radius_ratio": 0.1
        }
      },
      "chaotic_embedding": {
        "system_type": "lorenz",
        "evolution_time": 0.5,
        "time_step": 0.01,
        "lorenz": {
          "sigma": 10.0,
          "rho": 28.0,
          "beta": 2.6667
        }
      },
      "attractor_pooling": {
        "type": "comprehensive"
      },
      "speaker_embedding": {
        "dim": 256,
        "hidden_dims": [
          512,
          256,
          128
        ],
        "dropout_rate": 0.3,
        "use_batch_norm": true
      },
      "classifier": {
        "type": "cosine",
        "temperature": 30.0
      }
    },
    "optional_modules": {
      "bifurcation_control": {
        "enabled": false
      },
      "differentiable_features": {
        "enabled": true
      }
    },
    "loss": {
      "classification": {
        "type": "cross_entropy"
      },
      "stability": {
        "enabled": true,
        "weight": 0.1,
        "target_lyapunov_range": [
          0.1,
          2.0
        ],
        "trajectory_bound": 50.0,
        "collapse_threshold": 0.1,
        "diversity_weight": 0.05
      },
      "synchronization": {
        "enabled": true,
        "sync_weight": 0.1,
        "desync_weight": 0.1,
        "margin": 5.0,
        "sample_ratio": 0.1,
        "distance_type": "euclidean"
      },
      "adversarial": {
        "enabled": true,
        "warmup_epochs": 5,
        "perturbation_scale": 0.1,
        "weight": 0.3
      }
    },
    "training": {
      "batch_size": 32,
      "num_epochs": 100,
      "gradient_clipping": 1.0,
      "optimizer": {
        "type": "adamw",
        "learning_rate": 0.0005,
        "weight_decay": 0.0001,
        "betas": [
          0.9,
          0.999
        ]
      },
      "scheduler": {
        "type": "cosine",
        "T_max": 100,
        "eta_min": 1e-06
      },
      "early_stopping": {
        "enabled": true,
        "patience": 30,
        "monitor": "val_accuracy",
        "mode": "max"
      },
      "checkpoint": {
        "save_best_only": true,
        "save_frequency": 10
      }
    },
    "hardware": {
      "device": "auto",
      "seed": 42
    },
    "output": {
      "base_dir": "./experiments/outputs/experiment_A"
    }
  },
  "num_speakers": 251,
  "model_type": "full_chaotic",
  "embedding_dim": 10,
  "delay_method": "autocorr",
  "mlsa_scales": 5,
  "rqa_radius_ratio": 0.1,
  "chaotic_system": "lorenz",
  "evolution_time": 0.5,
  "time_step": 0.01,
  "coupling_strength": 1.0,
  "noise_level": 0.001,
  "pooling_type": "comprehensive",
  "speaker_embedding_dim": 256,
  "embedding_hidden_dims": [
    512,
    256,
    128
  ],
  "classifier_type": "cosine",
  "temperature": 30.0,
  "margin": 0.35,
  "batch_size": 32,
  "num_epochs": 100,
  "learning_rate": 0.0005,
  "weight_decay": 0.0001,
  "gradient_clipping": 1.0,
  "optimizer": {
    "type": "adamw",
    "params": {
      "betas": [
        0.9,
        0.999
      ],
      "eps": 1e-08,
      "weight_decay": 0.0001
    }
  },
  "scheduler": {
    "type": "cosine",
    "params": {
      "T_max": 100,
      "eta_min": 1e-06
    }
  },
  "early_stopping": {
    "patience": 30
  },
  "sample_rate": 16000,
  "max_audio_length": 3.0,
  "frame_length": 400,
  "hop_length": 160,
  "data_dir": "/scratch/project_2003370/yueyao/dataset/mini_librispeech/LibriSpeech/dev-clean-2",
  "device": "auto",
  "seed": 42,
  "loss_config": {
    "classification": {
      "type": "cross_entropy"
    },
    "stability": {
      "enabled": true,
      "weight": 0.1,
      "target_lyapunov_range": [
        0.1,
        2.0
      ],
      "trajectory_bound": 50.0,
      "collapse_threshold": 0.1,
      "diversity_weight": 0.05
    },
    "synchronization": {
      "enabled": true,
      "sync_weight": 0.1,
      "desync_weight": 0.1,
      "margin": 5.0,
      "sample_ratio": 0.1,
      "distance_type": "euclidean"
    },
    "adversarial": {
      "enabled": true,
      "warmup_epochs": 5,
      "perturbation_scale": 0.1,
      "weight": 0.3
    }
  },
  "optional_modules": {
    "bifurcation_control": {
      "enabled": false
    },
    "differentiable_features": {
      "enabled": true
    }
  },
  "epochs": 100,
  "optimize_parameters": true
}
2026-01-11 13:31:36,973 - chaotic_trainer - INFO - System info: {'platform': 'Linux-4.18.0-553.74.1.el8_10.x86_64-x86_64-with-glibc2.28', 'system': 'Linux', 'node': 'g1102.mahti.csc.fi', 'release': '4.18.0-553.74.1.el8_10.x86_64', 'version': '#1 SMP Sun Sep 7 09:23:35 EDT 2025', 'machine': 'x86_64', 'processor': 'x86_64', 'python_version': '3.12.10 (main, Jun  3 2025, 21:04:06) [GCC 8.5.0 20210514 (Red Hat 8.5.0-26)]', 'python_executable': '/usr/bin/python', 'cpu_count': 256, 'total_memory': 540285186048, 'available_memory': 510311284736, 'gpu_info': {'cuda_available': True, 'cuda_version': '12.6', 'gpu_count': 1, 'gpu_names': ['NVIDIA A100-SXM4-40GB MIG 1g.5gb']}, 'package_versions': {'numpy': '1.26.4', 'scipy': '1.13.1', 'scikit-learn': 'not installed', 'librosa': '0.11.0', 'soundfile': '0.13.1', 'torch': '2.7.1+cu126', 'tensorflow': 'not installed', 'matplotlib': '3.10.3', 'pandas': '2.3.0'}, 'git_info': {'commit_hash': '51c92cdc63686073ead2a70ee657542846b3dc20', 'branch': 'origin', 'is_dirty': True}}
2026-01-11 13:31:36,973 - chaotic_trainer - INFO - Training 1 systems × 1 types × 1 runs...
2026-01-11 13:31:36,973 - chaotic_trainer - INFO - Systems: ['lorenz']
2026-01-11 13:31:36,973 - chaotic_trainer - INFO - Model types: ['full_chaotic']
2026-01-11 13:31:36,973 - chaotic_trainer - INFO - 
============================================================
2026-01-11 13:31:36,973 - chaotic_trainer - INFO - TRAINING: LORENZ + FULL_CHAOTIC
2026-01-11 13:31:36,973 - chaotic_trainer - INFO - ============================================================
2026-01-11 13:31:36,973 - chaotic_trainer - INFO - Training chaotic_lorenz_full_chaotic_run_0...
2026-01-11 13:31:36,974 - chaotic_trainer - INFO - Optimizing parameters for lorenz system...
2026-01-11 13:31:37,001 - chaotic_trainer - INFO - Setting up chaotic_lorenz_full_chaotic_run_0...
2026-01-11 13:32:09,788 - chaotic_trainer - INFO - 🚀 No checkpoint specified, starting from scratch
2026-01-11 13:32:09,788 - chaotic_trainer - INFO - Model parameters: 458,181 (trainable: 458,181)
2026-01-11 13:32:09,788 - chaotic_trainer - INFO - Training with chaotic dynamics monitoring...
2026-01-11 13:32:09,788 - chaotic_trainer - INFO - Starting training from epoch 0 for 100 more epochs...
2026-01-11 13:43:18,504 - chaotic_trainer - INFO - Evaluating chaotic_lorenz_full_chaotic_run_0...
2026-01-11 13:43:19,305 - chaotic_trainer - INFO - Running chaotic analysis...
2026-01-11 13:43:22,285 - chaotic_trainer - INFO - Completed chaotic_lorenz_full_chaotic_run_0: Accuracy: 0.9576, Loss: 0.1972, Time: 701.5s
2026-01-11 13:43:22,374 - chaotic_trainer - INFO - Progress: 1/1 (100.0%)
2026-01-11 13:43:22,374 - chaotic_trainer - INFO - lorenz + full_chaotic Summary: 0.9576 ± 0.0000
2026-01-11 13:43:22,375 - chaotic_trainer - INFO - Analyzing chaotic training results...
2026-01-11 13:43:22,376 - chaotic_trainer - INFO - Generating comprehensive chaotic training report...
2026-01-11 13:43:24,208 - chaotic_trainer - INFO - Visualizations saved to: /scratch/project_2003370/yueyao/Model/experiments/configs/sync_experiments/H3c/visualizations
2026-01-11 13:43:24,208 - chaotic_trainer - INFO - Reports generated:
2026-01-11 13:43:24,208 - chaotic_trainer - INFO -   Text report: /scratch/project_2003370/yueyao/Model/experiments/configs/sync_experiments/H3c/chaotic_training_report.txt
2026-01-11 13:43:24,208 - chaotic_trainer - INFO -   JSON report: /scratch/project_2003370/yueyao/Model/experiments/configs/sync_experiments/H3c/chaotic_training_results.json
2026-01-11 13:43:24,208 - chaotic_trainer - INFO - Chaotic training completed.
2026-01-11 13:43:24,208 - chaotic_trainer - INFO - ============================================================
2026-01-14 14:29:29,346 - chaotic_trainer - INFO - ============================================================
2026-01-14 14:29:29,362 - chaotic_trainer - INFO - CHAOTIC NEURAL NETWORKS TRAINING
2026-01-14 14:29:29,362 - chaotic_trainer - INFO - ============================================================
2026-01-14 14:29:29,362 - chaotic_trainer - INFO - Output directory: /scratch/project_2003370/yueyao/Model/experiments/configs/sync_experiments/H3/H3c
2026-01-14 14:29:29,362 - chaotic_trainer - INFO - Configuration: {
  "_nested": {
    "experiment": {
      "name": "sync_ablation_A_full",
      "description": "Full model with all loss functions enabled",
      "version": "2.0"
    },
    "data": {
      "data_dir": "/scratch/project_2003370/yueyao/dataset/mini_librispeech/LibriSpeech/dev-clean-2",
      "train_split": 0.7,
      "val_split": 0.15,
      "test_split": 0.15,
      "num_workers": 4,
      "pin_memory": true
    },
    "audio": {
      "sample_rate": 16000,
      "max_audio_length": 3.0,
      "min_audio_length": 0.5,
      "frame_length": 400,
      "hop_length": 160,
      "normalize": true
    },
    "model": {
      "type": "full_chaotic",
      "num_speakers": 251,
      "phase_space": {
        "embedding_dim": 10,
        "delay_method": "autocorr"
      },
      "chaotic_features": {
        "mlsa": {
          "scales": 5
        },
        "rqa": {
          "radius_ratio": 0.1
        }
      },
      "chaotic_embedding": {
        "system_type": "lorenz",
        "evolution_time": 0.5,
        "time_step": 0.01,
        "lorenz": {
          "sigma": 10.0,
          "rho": 28.0,
          "beta": 2.6667
        }
      },
      "attractor_pooling": {
        "type": "comprehensive"
      },
      "speaker_embedding": {
        "dim": 256,
        "hidden_dims": [
          512,
          256,
          128
        ],
        "dropout_rate": 0.3,
        "use_batch_norm": true
      },
      "classifier": {
        "type": "cosine",
        "temperature": 30.0
      }
    },
    "optional_modules": {
      "bifurcation_control": {
        "enabled": false
      },
      "differentiable_features": {
        "enabled": true
      }
    },
    "loss": {
      "classification": {
        "type": "cross_entropy"
      },
      "stability": {
        "enabled": true,
        "weight": 0.1,
        "target_lyapunov_range": [
          0.1,
          2.0
        ],
        "trajectory_bound": 50.0,
        "collapse_threshold": 0.1,
        "diversity_weight": 0.05
      },
      "synchronization": {
        "enabled": true,
        "sync_weight": 0.1,
        "desync_weight": 0.1,
        "margin": 5.0,
        "sample_ratio": 0.1,
        "distance_type": "euclidean"
      },
      "adversarial": {
        "enabled": true,
        "warmup_epochs": 5,
        "perturbation_scale": 0.1,
        "weight": 0.3
      }
    },
    "training": {
      "batch_size": 32,
      "num_epochs": 100,
      "gradient_clipping": 1.0,
      "optimizer": {
        "type": "adamw",
        "learning_rate": 0.0005,
        "weight_decay": 0.0001,
        "betas": [
          0.9,
          0.999
        ]
      },
      "scheduler": {
        "type": "cosine",
        "T_max": 100,
        "eta_min": 1e-06
      },
      "early_stopping": {
        "enabled": true,
        "patience": 30,
        "monitor": "val_accuracy",
        "mode": "max"
      },
      "checkpoint": {
        "save_best_only": true,
        "save_frequency": 10
      }
    },
    "hardware": {
      "device": "auto",
      "seed": 42
    },
    "output": {
      "base_dir": "./experiments/outputs/experiment_A"
    }
  },
  "num_speakers": 251,
  "model_type": "full_chaotic",
  "embedding_dim": 10,
  "delay_method": "autocorr",
  "mlsa_scales": 5,
  "rqa_radius_ratio": 0.1,
  "chaotic_system": "lorenz",
  "evolution_time": 0.5,
  "time_step": 0.01,
  "coupling_strength": 1.0,
  "noise_level": 0.001,
  "pooling_type": "comprehensive",
  "speaker_embedding_dim": 256,
  "embedding_hidden_dims": [
    512,
    256,
    128
  ],
  "classifier_type": "cosine",
  "temperature": 30.0,
  "margin": 0.35,
  "batch_size": 32,
  "num_epochs": 100,
  "learning_rate": 0.0005,
  "weight_decay": 0.0001,
  "gradient_clipping": 1.0,
  "optimizer": {
    "type": "adamw",
    "params": {
      "betas": [
        0.9,
        0.999
      ],
      "eps": 1e-08,
      "weight_decay": 0.0001
    }
  },
  "scheduler": {
    "type": "cosine",
    "params": {
      "T_max": 100,
      "eta_min": 1e-06
    }
  },
  "early_stopping": {
    "patience": 30
  },
  "sample_rate": 16000,
  "max_audio_length": 3.0,
  "frame_length": 400,
  "hop_length": 160,
  "data_dir": "/scratch/project_2003370/yueyao/dataset/mini_librispeech/LibriSpeech/dev-clean-2",
  "device": "auto",
  "seed": 42,
  "loss_config": {
    "classification": {
      "type": "cross_entropy"
    },
    "stability": {
      "enabled": true,
      "weight": 0.1,
      "target_lyapunov_range": [
        0.1,
        2.0
      ],
      "trajectory_bound": 50.0,
      "collapse_threshold": 0.1,
      "diversity_weight": 0.05
    },
    "synchronization": {
      "enabled": true,
      "sync_weight": 0.1,
      "desync_weight": 0.1,
      "margin": 5.0,
      "sample_ratio": 0.1,
      "distance_type": "euclidean"
    },
    "adversarial": {
      "enabled": true,
      "warmup_epochs": 5,
      "perturbation_scale": 0.1,
      "weight": 0.3
    }
  },
  "optional_modules": {
    "bifurcation_control": {
      "enabled": false
    },
    "differentiable_features": {
      "enabled": true
    }
  },
  "epochs": 100,
  "optimize_parameters": true
}
2026-01-14 14:29:29,410 - chaotic_trainer - INFO - System info: {'platform': 'Linux-4.18.0-553.74.1.el8_10.x86_64-x86_64-with-glibc2.28', 'system': 'Linux', 'node': 'g1102.mahti.csc.fi', 'release': '4.18.0-553.74.1.el8_10.x86_64', 'version': '#1 SMP Sun Sep 7 09:23:35 EDT 2025', 'machine': 'x86_64', 'processor': 'x86_64', 'python_version': '3.12.10 (main, Jun  3 2025, 21:04:06) [GCC 8.5.0 20210514 (Red Hat 8.5.0-26)]', 'python_executable': '/usr/bin/python', 'cpu_count': 256, 'total_memory': 540285186048, 'available_memory': 490713116672, 'gpu_info': {'cuda_available': True, 'cuda_version': '12.6', 'gpu_count': 1, 'gpu_names': ['NVIDIA A100-SXM4-40GB MIG 1g.5gb']}, 'package_versions': {'numpy': '1.26.4', 'scipy': '1.13.1', 'scikit-learn': 'not installed', 'librosa': '0.11.0', 'soundfile': '0.13.1', 'torch': '2.7.1+cu126', 'tensorflow': 'not installed', 'matplotlib': '3.10.3', 'pandas': '2.3.0'}, 'git_info': {'commit_hash': '51c92cdc63686073ead2a70ee657542846b3dc20', 'branch': 'origin', 'is_dirty': True}}
2026-01-14 14:29:29,411 - chaotic_trainer - INFO - Training 1 systems × 1 types × 1 runs...
2026-01-14 14:29:29,411 - chaotic_trainer - INFO - Systems: ['lorenz']
2026-01-14 14:29:29,411 - chaotic_trainer - INFO - Model types: ['full_chaotic']
2026-01-14 14:29:29,411 - chaotic_trainer - INFO - 
============================================================
2026-01-14 14:29:29,411 - chaotic_trainer - INFO - TRAINING: LORENZ + FULL_CHAOTIC
2026-01-14 14:29:29,411 - chaotic_trainer - INFO - ============================================================
2026-01-14 14:29:29,411 - chaotic_trainer - INFO - Training chaotic_lorenz_full_chaotic_run_0...
2026-01-14 14:29:29,411 - chaotic_trainer - INFO - Optimizing parameters for lorenz system...
2026-01-14 14:29:29,466 - chaotic_trainer - INFO - Setting up chaotic_lorenz_full_chaotic_run_0...
2026-01-14 14:30:03,438 - chaotic_trainer - INFO - 🚀 No checkpoint specified, starting from scratch
2026-01-14 14:30:03,439 - chaotic_trainer - INFO - Model parameters: 458,181 (trainable: 458,181)
2026-01-14 14:30:03,439 - chaotic_trainer - INFO - Training with chaotic dynamics monitoring...
2026-01-14 14:30:03,439 - chaotic_trainer - INFO - Starting training from epoch 0 for 100 more epochs...
2026-01-14 14:43:43,063 - chaotic_trainer - INFO - Evaluating chaotic_lorenz_full_chaotic_run_0...
2026-01-14 14:43:44,123 - chaotic_trainer - INFO - Running chaotic analysis...
2026-01-14 14:43:47,492 - chaotic_trainer - INFO - Completed chaotic_lorenz_full_chaotic_run_0: Accuracy: 0.9661, Loss: 0.2243, Time: 853.6s
2026-01-14 14:43:47,585 - chaotic_trainer - INFO - Progress: 1/1 (100.0%)
2026-01-14 14:43:47,585 - chaotic_trainer - INFO - lorenz + full_chaotic Summary: 0.9661 ± 0.0000
2026-01-14 14:43:47,585 - chaotic_trainer - INFO - Analyzing chaotic training results...
2026-01-14 14:43:47,587 - chaotic_trainer - INFO - Generating comprehensive chaotic training report...
2026-01-14 14:43:49,384 - chaotic_trainer - INFO - Visualizations saved to: /scratch/project_2003370/yueyao/Model/experiments/configs/sync_experiments/H3/H3c/visualizations
2026-01-14 14:43:49,384 - chaotic_trainer - INFO - Reports generated:
2026-01-14 14:43:49,384 - chaotic_trainer - INFO -   Text report: /scratch/project_2003370/yueyao/Model/experiments/configs/sync_experiments/H3/H3c/chaotic_training_report.txt
2026-01-14 14:43:49,384 - chaotic_trainer - INFO -   JSON report: /scratch/project_2003370/yueyao/Model/experiments/configs/sync_experiments/H3/H3c/chaotic_training_results.json
2026-01-14 14:43:49,385 - chaotic_trainer - INFO - Chaotic training completed.
2026-01-14 14:43:49,385 - chaotic_trainer - INFO - ============================================================
2026-01-24 11:23:23,080 - chaotic_trainer - INFO - ============================================================
2026-01-24 11:23:23,119 - chaotic_trainer - INFO - CHAOTIC NEURAL NETWORKS TRAINING
2026-01-24 11:23:23,119 - chaotic_trainer - INFO - ============================================================
2026-01-24 11:23:23,119 - chaotic_trainer - INFO - Output directory: /scratch/project_2003370/yueyao/Model/experiments/configs/sync_experiments/H3/H3c
2026-01-24 11:23:23,120 - chaotic_trainer - INFO - Configuration: {
  "_nested": {
    "experiment": {
      "name": "sample_ratio_0.1"
    },
    "data": {
      "data_dir": "/scratch/project_2003370/yueyao/dataset/mini_librispeech/LibriSpeech/dev-clean-2",
      "train_split": 0.7,
      "val_split": 0.15,
      "test_split": 0.15,
      "num_workers": 4,
      "pin_memory": true
    },
    "audio": {
      "sample_rate": 16000,
      "max_audio_length": 3.0,
      "min_audio_length": 0.5,
      "frame_length": 400,
      "hop_length": 160,
      "normalize": true
    },
    "model": {
      "type": "full_chaotic",
      "num_speakers": 251,
      "phase_space": {
        "embedding_dim": 10,
        "delay_method": "autocorr"
      },
      "chaotic_features": {
        "mlsa": {
          "scales": 5
        },
        "rqa": {
          "radius_ratio": 0.1
        }
      },
      "chaotic_embedding": {
        "system_type": "lorenz",
        "evolution_time": 0.5,
        "time_step": 0.01,
        "lorenz": {
          "sigma": 10.0,
          "rho": 28.0,
          "beta": 2.6667
        }
      },
      "attractor_pooling": {
        "type": "comprehensive"
      },
      "speaker_embedding": {
        "dim": 256,
        "hidden_dims": [
          512,
          256,
          128
        ],
        "dropout_rate": 0.3,
        "use_batch_norm": true
      },
      "classifier": {
        "type": "cosine",
        "temperature": 30.0
      }
    },
    "optional_modules": {
      "bifurcation_control": {
        "enabled": false
      },
      "differentiable_features": {
        "enabled": true
      }
    },
    "loss": {
      "classification": {
        "type": "cross_entropy"
      },
      "stability": {
        "enabled": true,
        "weight": 0.1,
        "target_lyapunov_range": [
          0.1,
          2.0
        ],
        "trajectory_bound": 50.0,
        "collapse_threshold": 0.1,
        "diversity_weight": 0.05
      },
      "synchronization": {
        "enabled": true,
        "sync_weight": 0.1,
        "desync_weight": 0.1,
        "margin": 5.0,
        "sample_ratio": 0.1,
        "distance_type": "euclidean"
      },
      "adversarial": {
        "enabled": true,
        "warmup_epochs": 5,
        "perturbation_scale": 0.1,
        "weight": 0.3
      }
    },
    "training": {
      "batch_size": 32,
      "num_epochs": 100,
      "gradient_clipping": 1.0,
      "optimizer": {
        "type": "adamw",
        "learning_rate": 0.0005,
        "weight_decay": 0.0001,
        "betas": [
          0.9,
          0.999
        ]
      },
      "scheduler": {
        "type": "cosine",
        "T_max": 100,
        "eta_min": 1e-06
      },
      "early_stopping": {
        "enabled": true,
        "patience": 30,
        "monitor": "val_accuracy",
        "mode": "max"
      },
      "checkpoint": {
        "save_best_only": true,
        "save_frequency": 10
      }
    },
    "hardware": {
      "device": "auto",
      "seed": 42
    },
    "output": {
      "base_dir": "./experiments/outputs/experiment_A"
    }
  },
  "num_speakers": 251,
  "model_type": "full_chaotic",
  "embedding_dim": 10,
  "delay_method": "autocorr",
  "mlsa_scales": 5,
  "rqa_radius_ratio": 0.1,
  "chaotic_system": "lorenz",
  "evolution_time": 0.5,
  "time_step": 0.01,
  "coupling_strength": 1.0,
  "noise_level": 0.001,
  "pooling_type": "comprehensive",
  "speaker_embedding_dim": 256,
  "embedding_hidden_dims": [
    512,
    256,
    128
  ],
  "classifier_type": "cosine",
  "temperature": 30.0,
  "margin": 0.35,
  "batch_size": 32,
  "num_epochs": 100,
  "learning_rate": 0.0005,
  "weight_decay": 0.0001,
  "gradient_clipping": 1.0,
  "optimizer": {
    "type": "adamw",
    "params": {
      "betas": [
        0.9,
        0.999
      ],
      "eps": 1e-08,
      "weight_decay": 0.0001
    }
  },
  "scheduler": {
    "type": "cosine",
    "params": {
      "T_max": 100,
      "eta_min": 1e-06
    }
  },
  "early_stopping": {
    "patience": 30
  },
  "sample_rate": 16000,
  "max_audio_length": 3.0,
  "frame_length": 400,
  "hop_length": 160,
  "data_dir": "/scratch/project_2003370/yueyao/dataset/mini_librispeech/LibriSpeech/dev-clean-2",
  "device": "auto",
  "seed": 42,
  "loss_config": {
    "classification": {
      "type": "cross_entropy"
    },
    "stability": {
      "enabled": true,
      "weight": 0.1,
      "target_lyapunov_range": [
        0.1,
        2.0
      ],
      "trajectory_bound": 50.0,
      "collapse_threshold": 0.1,
      "diversity_weight": 0.05
    },
    "synchronization": {
      "enabled": true,
      "sync_weight": 0.1,
      "desync_weight": 0.1,
      "margin": 5.0,
      "sample_ratio": 0.1,
      "distance_type": "euclidean"
    },
    "adversarial": {
      "enabled": true,
      "warmup_epochs": 5,
      "perturbation_scale": 0.1,
      "weight": 0.3
    }
  },
  "optional_modules": {
    "bifurcation_control": {
      "enabled": false
    },
    "differentiable_features": {
      "enabled": true
    }
  },
  "epochs": 100,
  "optimize_parameters": true
}
2026-01-24 11:23:23,166 - chaotic_trainer - INFO - System info: {'platform': 'Linux-4.18.0-553.74.1.el8_10.x86_64-x86_64-with-glibc2.28', 'system': 'Linux', 'node': 'g1102.mahti.csc.fi', 'release': '4.18.0-553.74.1.el8_10.x86_64', 'version': '#1 SMP Sun Sep 7 09:23:35 EDT 2025', 'machine': 'x86_64', 'processor': 'x86_64', 'python_version': '3.12.10 (main, Jun  3 2025, 21:04:06) [GCC 8.5.0 20210514 (Red Hat 8.5.0-26)]', 'python_executable': '/usr/bin/python', 'cpu_count': 256, 'total_memory': 540285186048, 'available_memory': 516506439680, 'gpu_info': {'cuda_available': True, 'cuda_version': '12.6', 'gpu_count': 1, 'gpu_names': ['NVIDIA A100-SXM4-40GB MIG 1g.5gb']}, 'package_versions': {'numpy': '1.26.4', 'scipy': '1.13.1', 'scikit-learn': 'not installed', 'librosa': '0.11.0', 'soundfile': '0.13.1', 'torch': '2.7.1+cu126', 'tensorflow': 'not installed', 'matplotlib': '3.10.3', 'pandas': '2.3.0'}, 'git_info': {'commit_hash': '51c92cdc63686073ead2a70ee657542846b3dc20', 'branch': 'origin', 'is_dirty': True}}
2026-01-24 11:23:23,166 - chaotic_trainer - INFO - Training 1 systems × 1 types × 1 runs...
2026-01-24 11:23:23,167 - chaotic_trainer - INFO - Systems: ['lorenz']
2026-01-24 11:23:23,167 - chaotic_trainer - INFO - Model types: ['full_chaotic']
2026-01-24 11:23:23,167 - chaotic_trainer - INFO - 
============================================================
2026-01-24 11:23:23,167 - chaotic_trainer - INFO - TRAINING: LORENZ + FULL_CHAOTIC
2026-01-24 11:23:23,167 - chaotic_trainer - INFO - ============================================================
2026-01-24 11:23:23,167 - chaotic_trainer - INFO - Training chaotic_lorenz_full_chaotic_run_0...
2026-01-24 11:23:23,167 - chaotic_trainer - INFO - Optimizing parameters for lorenz system...
2026-01-24 11:23:23,223 - chaotic_trainer - INFO - Setting up chaotic_lorenz_full_chaotic_run_0...
2026-01-24 11:24:32,129 - chaotic_trainer - INFO - 🚀 No checkpoint specified, starting from scratch
2026-01-24 11:24:32,129 - chaotic_trainer - INFO - Model parameters: 520,511 (trainable: 520,511)
2026-01-24 11:24:32,129 - chaotic_trainer - INFO - Training with chaotic dynamics monitoring...
2026-01-24 11:24:32,129 - chaotic_trainer - INFO - Starting training from epoch 0 for 100 more epochs...
2026-01-24 11:35:53,875 - chaotic_trainer - INFO - Evaluating chaotic_lorenz_full_chaotic_run_0...
2026-01-24 11:35:54,695 - chaotic_trainer - INFO - Running chaotic analysis...
2026-01-24 11:35:57,887 - chaotic_trainer - INFO - Completed chaotic_lorenz_full_chaotic_run_0: Accuracy: 0.9407, Loss: 0.2311, Time: 750.7s
2026-01-24 11:35:57,907 - chaotic_trainer - INFO - Progress: 1/1 (100.0%)
2026-01-24 11:35:57,908 - chaotic_trainer - INFO - lorenz + full_chaotic Summary: 0.9407 ± 0.0000
2026-01-24 11:35:57,908 - chaotic_trainer - INFO - Analyzing chaotic training results...
2026-01-24 11:35:57,909 - chaotic_trainer - INFO - Generating comprehensive chaotic training report...
2026-01-24 11:35:59,836 - chaotic_trainer - INFO - Visualizations saved to: /scratch/project_2003370/yueyao/Model/experiments/configs/sync_experiments/H3/H3c/visualizations
2026-01-24 11:35:59,836 - chaotic_trainer - INFO - Reports generated:
2026-01-24 11:35:59,836 - chaotic_trainer - INFO -   Text report: /scratch/project_2003370/yueyao/Model/experiments/configs/sync_experiments/H3/H3c/chaotic_training_report.txt
2026-01-24 11:35:59,836 - chaotic_trainer - INFO -   JSON report: /scratch/project_2003370/yueyao/Model/experiments/configs/sync_experiments/H3/H3c/chaotic_training_results.json
2026-01-24 11:35:59,836 - chaotic_trainer - INFO - Chaotic training completed.
2026-01-24 11:35:59,836 - chaotic_trainer - INFO - ============================================================
