2025-11-30 12:37:00,891 - experiment_exp1_chaotic_lorenz - INFO - Initialized experiment: exp1_chaotic_lorenz
2025-11-30 12:37:00,891 - experiment_exp1_chaotic_lorenz - INFO - Device: cuda
2025-11-30 12:37:00,891 - experiment_exp1_chaotic_lorenz - INFO - Output directory: outputs/experiment1_comparison/chaotic_lorenz/exp1_chaotic_lorenz
2025-11-30 12:37:00,891 - experiment_exp1_chaotic_lorenz - INFO - Initialized chaotic network experiment with lorenz system
2025-11-30 13:00:05,932 - experiment_exp1_chaotic_lorenz - INFO - Initialized experiment: exp1_chaotic_lorenz
2025-11-30 13:00:05,938 - experiment_exp1_chaotic_lorenz - INFO - Device: cuda
2025-11-30 13:00:05,938 - experiment_exp1_chaotic_lorenz - INFO - Output directory: outputs/experiment1_comparison/chaotic_lorenz/exp1_chaotic_lorenz
2025-11-30 13:00:05,938 - experiment_exp1_chaotic_lorenz - INFO - Initialized chaotic network experiment with lorenz system
2025-11-30 13:43:17,572 - experiment_exp1_chaotic_lorenz - INFO - Initialized experiment: exp1_chaotic_lorenz
2025-11-30 13:43:17,573 - experiment_exp1_chaotic_lorenz - INFO - Device: cuda
2025-11-30 13:43:17,573 - experiment_exp1_chaotic_lorenz - INFO - Output directory: outputs/experiment1_comparison/chaotic_lorenz/exp1_chaotic_lorenz
2025-11-30 13:43:17,573 - experiment_exp1_chaotic_lorenz - INFO - Initialized chaotic network experiment with lorenz system
2025-11-30 18:04:13,931 - experiment_exp1_chaotic_lorenz - INFO - Initialized experiment: exp1_chaotic_lorenz
2025-11-30 18:04:13,967 - experiment_exp1_chaotic_lorenz - INFO - Device: cuda
2025-11-30 18:04:13,967 - experiment_exp1_chaotic_lorenz - INFO - Output directory: outputs/experiment1_comparison/chaotic_lorenz/exp1_chaotic_lorenz
2025-11-30 18:04:13,967 - experiment_exp1_chaotic_lorenz - INFO - Initialized chaotic network experiment with lorenz system
2025-11-30 18:04:13,968 - experiment_exp1_chaotic_lorenz - INFO - Setting up experiment components...
2025-11-30 18:04:13,968 - experiment_exp1_chaotic_lorenz - INFO - Creating dataloaders...
2025-11-30 18:04:14,359 - experiment_exp1_chaotic_lorenz - INFO - Detected 26 speakers in dataset
2025-11-30 18:04:14,360 - experiment_exp1_chaotic_lorenz - INFO - Dataloaders created:
2025-11-30 18:04:14,360 - experiment_exp1_chaotic_lorenz - INFO -   Train: 14 batches
2025-11-30 18:04:14,360 - experiment_exp1_chaotic_lorenz - INFO -   Val: 3 batches
2025-11-30 18:04:14,360 - experiment_exp1_chaotic_lorenz - INFO -   Test: 4 batches
2025-11-30 18:04:14,360 - experiment_exp1_chaotic_lorenz - INFO - Creating model...
2025-11-30 18:04:14,360 - experiment_exp1_chaotic_lorenz - INFO - Using actual num_speakers from dataset: 26
2025-11-30 18:04:45,582 - experiment_exp1_chaotic_lorenz - INFO - Total parameters: 413,631
2025-11-30 18:04:45,582 - experiment_exp1_chaotic_lorenz - INFO - Trainable parameters: 413,631
2025-11-30 18:04:45,582 - experiment_exp1_chaotic_lorenz - INFO - Creating optimizer...
2025-11-30 18:04:45,582 - experiment_exp1_chaotic_lorenz - INFO - Optimizer: AdamW
2025-11-30 18:04:45,582 - experiment_exp1_chaotic_lorenz - INFO - Creating scheduler...
2025-11-30 18:04:45,582 - experiment_exp1_chaotic_lorenz - WARNING - Unknown scheduler type: reduce_on_plateau, no scheduler will be used
2025-11-30 18:04:45,582 - experiment_exp1_chaotic_lorenz - INFO - Creating criterion...
2025-11-30 18:04:45,583 - experiment_exp1_chaotic_lorenz - INFO - Criterion: CrossEntropyLoss
2025-11-30 18:04:45,627 - experiment_exp1_chaotic_lorenz - INFO - Configuration saved to: outputs/experiment1_comparison/chaotic_lorenz/exp1_chaotic_lorenz/config.json
2025-11-30 18:04:45,628 - experiment_exp1_chaotic_lorenz - INFO - Experiment setup completed
2025-11-30 18:04:45,628 - experiment_exp1_chaotic_lorenz - INFO - Starting training for 100 epochs
2025-11-30 18:04:45,762 - experiment_exp1_chaotic_lorenz - INFO - 
================================================================================
2025-11-30 18:04:45,763 - experiment_exp1_chaotic_lorenz - INFO - COMPREHENSIVE DEBUG - FIRST BATCH
2025-11-30 18:04:45,763 - experiment_exp1_chaotic_lorenz - INFO - ================================================================================
2025-11-30 18:04:45,763 - experiment_exp1_chaotic_lorenz - INFO - Batch Info:
2025-11-30 18:04:45,763 - experiment_exp1_chaotic_lorenz - INFO -   Audio shape: torch.Size([32, 48000])
2025-11-30 18:04:45,763 - experiment_exp1_chaotic_lorenz - INFO -   Targets shape: torch.Size([32])
2025-11-30 18:04:45,764 - experiment_exp1_chaotic_lorenz - INFO -   Targets (first 8): tensor([ 8,  7, 13, 13,  8,  5,  9,  5], device='cuda:0')
2025-11-30 18:05:43,167 - experiment_exp1_chaotic_lorenz - INFO - ================================================================================

2025-11-30 18:06:39,587 - experiment_exp1_chaotic_lorenz - INFO - Train Epoch 0: [0/472 (0.0%)]	Loss: 5.806885
