2026-01-18 10:13:23,939 - chaotic_trainer - INFO - ============================================================
2026-01-18 10:13:23,941 - chaotic_trainer - INFO - CHAOTIC NEURAL NETWORKS TRAINING
2026-01-18 10:13:23,941 - chaotic_trainer - INFO - ============================================================
2026-01-18 10:13:23,941 - chaotic_trainer - INFO - Output directory: /scratch/project_2003370/yueyao/Model/experiments/configs/4.6_adversarial
2026-01-18 10:13:23,941 - chaotic_trainer - INFO - Configuration: {
  "chaotic_system": "lorenz",
  "model_type": "full_chaotic",
  "num_speakers": 100,
  "batch_size": 32,
  "num_epochs": 100,
  "learning_rate": 0.005,
  "weight_decay": 1e-06,
  "gradient_clipping": 1.0,
  "embedding_dim": 10,
  "mlsa_scales": 5,
  "rqa_radius_ratio": 0.1,
  "evolution_time": 0.5,
  "time_step": 0.01,
  "coupling_strength": 1.0,
  "noise_level": 0.001,
  "pooling_type": "comprehensive",
  "speaker_embedding_dim": 256,
  "embedding_hidden_dims": [
    512,
    256,
    128
  ],
  "classifier_type": "plda",
  "temperature": 30.0,
  "margin": 0.35,
  "sample_rate": 16000,
  "max_audio_length": 3.0,
  "data_dir": "/scratch/project_2003370/yueyao/dataset/mini_librispeech/LibriSpeech/dev-clean-2",
  "device": "auto",
  "seed": 42,
  "optimize_parameters": true,
  "optimizer": {
    "type": "adamw",
    "params": {
      "betas": [
        0.9,
        0.999
      ],
      "eps": 1e-08,
      "weight_decay": 0.0001
    }
  },
  "scheduler": {
    "type": "linear",
    "params": {
      "eta_min": 1e-06
    }
  },
  "early_stopping": {
    "patience": 50
  },
  "differentiable_features": {
    "enabled": true,
    "lyapunov_dim": 8,
    "rqa_dim": 6,
    "additional_stats": true
  },
  "adversarial_training": {
    "enabled": true,
    "perturbation_scale": 0.1,
    "warmup_epochs": 5,
    "adversarial_weight": 0.3
  },
  "sync_loss": {
    "enabled": true,
    "sync_weight": 0.1,
    "desync_weight": 0.1,
    "margin": 1.0,
    "sample_ratio": 0.3
  },
  "use_bifurcation_control": true,
  "plda_latent_dim": 128,
  "plda_length_norm": true,
  "epochs": 100
}
2026-01-18 10:13:24,040 - chaotic_trainer - INFO - System info: {'platform': 'Linux-4.18.0-553.74.1.el8_10.x86_64-x86_64-with-glibc2.28', 'system': 'Linux', 'node': 'g1102.mahti.csc.fi', 'release': '4.18.0-553.74.1.el8_10.x86_64', 'version': '#1 SMP Sun Sep 7 09:23:35 EDT 2025', 'machine': 'x86_64', 'processor': 'x86_64', 'python_version': '3.12.10 (main, Jun  3 2025, 21:04:06) [GCC 8.5.0 20210514 (Red Hat 8.5.0-26)]', 'python_executable': '/usr/bin/python', 'cpu_count': 256, 'total_memory': 540285186048, 'available_memory': 503670915072, 'gpu_info': {'cuda_available': True, 'cuda_version': '12.6', 'gpu_count': 1, 'gpu_names': ['NVIDIA A100-SXM4-40GB MIG 1g.5gb']}, 'package_versions': {'numpy': '1.26.4', 'scipy': '1.13.1', 'scikit-learn': 'not installed', 'librosa': '0.11.0', 'soundfile': '0.13.1', 'torch': '2.7.1+cu126', 'tensorflow': 'not installed', 'matplotlib': '3.10.3', 'pandas': '2.3.0'}, 'git_info': {'commit_hash': '51c92cdc63686073ead2a70ee657542846b3dc20', 'branch': 'origin', 'is_dirty': True}}
2026-01-18 10:13:24,040 - chaotic_trainer - INFO - Training 1 systems × 1 types × 1 runs...
2026-01-18 10:13:24,040 - chaotic_trainer - INFO - Systems: ['lorenz']
2026-01-18 10:13:24,040 - chaotic_trainer - INFO - Model types: ['full_chaotic']
2026-01-18 10:13:24,040 - chaotic_trainer - INFO - 
============================================================
2026-01-18 10:13:24,040 - chaotic_trainer - INFO - TRAINING: LORENZ + FULL_CHAOTIC
2026-01-18 10:13:24,040 - chaotic_trainer - INFO - ============================================================
2026-01-18 10:13:24,040 - chaotic_trainer - INFO - Training chaotic_lorenz_full_chaotic_run_0...
2026-01-18 10:13:24,041 - chaotic_trainer - INFO - Optimizing parameters for lorenz system...
2026-01-18 10:13:24,067 - chaotic_trainer - INFO - Setting up chaotic_lorenz_full_chaotic_run_0...
2026-01-18 10:14:05,203 - chaotic_trainer - ERROR - Failed to train chaotic_lorenz_full_chaotic_run_0: Unknown classifier type: plda
2026-01-18 10:14:05,205 - chaotic_trainer - ERROR - Traceback: Traceback (most recent call last):
  File "/scratch/project_2003370/yueyao/Model/scripts/train_chaotic.py", line 418, in train_single_experiment
    experiment.setup()
  File "/scratch/project_2003370/yueyao/Model/experiments/base_experiment.py", line 314, in setup
    self.model = self.create_model()
                 ^^^^^^^^^^^^^^^^^^^
  File "/scratch/project_2003370/yueyao/Model/experiments/chaotic_experiment.py", line 295, in create_model
    model = ChaoticSpeakerRecognitionNetwork(
            ^^^^^^^^^^^^^^^^^^^^^^^^^^^^^^^^^
  File "/scratch/project_2003370/yueyao/Model/models/chaotic_network.py", line 298, in __init__
    self._initialize_components()
  File "/scratch/project_2003370/yueyao/Model/models/chaotic_network.py", line 482, in _initialize_components
    self.classifier = EnhancedChaoticClassifier(
                      ^^^^^^^^^^^^^^^^^^^^^^^^^^
  File "/scratch/project_2003370/yueyao/Model/models/chaotic_network.py", line 176, in __init__
    raise ValueError(f"Unknown classifier type: {classifier_type}")
ValueError: Unknown classifier type: plda

2026-01-18 10:14:05,205 - chaotic_trainer - INFO - Progress: 1/1 (100.0%)
2026-01-18 10:14:05,205 - chaotic_trainer - WARNING - No successful runs for lorenz + full_chaotic
2026-01-18 10:14:05,206 - chaotic_trainer - INFO - Analyzing chaotic training results...
2026-01-18 10:14:05,206 - chaotic_trainer - INFO - Generating comprehensive chaotic training report...
2026-01-18 10:14:05,310 - chaotic_trainer - INFO - Visualizations saved to: /scratch/project_2003370/yueyao/Model/experiments/configs/4.6_adversarial/visualizations
2026-01-18 10:14:05,310 - chaotic_trainer - INFO - Reports generated:
2026-01-18 10:14:05,310 - chaotic_trainer - INFO -   Text report: /scratch/project_2003370/yueyao/Model/experiments/configs/4.6_adversarial/chaotic_training_report.txt
2026-01-18 10:14:05,310 - chaotic_trainer - INFO -   JSON report: /scratch/project_2003370/yueyao/Model/experiments/configs/4.6_adversarial/chaotic_training_results.json
2026-01-18 10:14:05,310 - chaotic_trainer - INFO - Chaotic training completed.
2026-01-18 10:14:05,310 - chaotic_trainer - INFO - ============================================================
2026-01-18 10:14:35,866 - chaotic_trainer - INFO - ============================================================
2026-01-18 10:14:35,866 - chaotic_trainer - INFO - CHAOTIC NEURAL NETWORKS TRAINING
2026-01-18 10:14:35,866 - chaotic_trainer - INFO - ============================================================
2026-01-18 10:14:35,867 - chaotic_trainer - INFO - Output directory: /scratch/project_2003370/yueyao/Model/experiments/configs/4.6_adversarial
2026-01-18 10:14:35,867 - chaotic_trainer - INFO - Configuration: {
  "_nested": {
    "experiment": {
      "name": "H2c_sync_weight_0.05",
      "description": "Test if reducing sync weight to 0.05 improves performance"
    },
    "data": {
      "data_dir": "/scratch/project_2003370/yueyao/dataset/mini_librispeech/LibriSpeech/dev-clean-2",
      "train_split": 0.7,
      "val_split": 0.15,
      "test_split": 0.15,
      "num_workers": 4,
      "pin_memory": true
    },
    "audio": {
      "sample_rate": 16000,
      "max_audio_length": 3.0,
      "min_audio_length": 0.5,
      "frame_length": 400,
      "hop_length": 160,
      "normalize": true
    },
    "model": {
      "type": "full_chaotic",
      "num_speakers": 251,
      "phase_space": {
        "embedding_dim": 10,
        "delay_method": "autocorr"
      },
      "chaotic_features": {
        "mlsa": {
          "scales": 5
        },
        "rqa": {
          "radius_ratio": 0.1
        }
      },
      "chaotic_embedding": {
        "system_type": "lorenz",
        "evolution_time": 0.5,
        "time_step": 0.01,
        "lorenz": {
          "sigma": 10.0,
          "rho": 28.0,
          "beta": 2.6667
        }
      },
      "attractor_pooling": {
        "type": "comprehensive"
      },
      "speaker_embedding": {
        "dim": 256,
        "hidden_dims": [
          512,
          256,
          128
        ],
        "dropout_rate": 0.3,
        "use_batch_norm": true
      },
      "classifier": {
        "type": "cosine",
        "temperature": 30.0
      }
    },
    "optional_modules": {
      "bifurcation_control": {
        "enabled": false
      },
      "differentiable_features": {
        "enabled": true
      }
    },
    "loss": {
      "classification": {
        "type": "cross_entropy"
      },
      "stability": {
        "enabled": true,
        "weight": 0.1,
        "target_lyapunov_range": [
          0.1,
          2.0
        ],
        "trajectory_bound": 50.0,
        "collapse_threshold": 0.1,
        "diversity_weight": 0.05
      },
      "synchronization": {
        "enabled": true,
        "sync_weight": 0.05,
        "desync_weight": 0.0,
        "margin": 5.0,
        "sample_ratio": 0.3,
        "distance_type": "euclidean"
      },
      "adversarial": {
        "enabled": true,
        "perturbation_scale": 0.1,
        "parameter_noise": true,
        "trajectory_noise": true,
        "warmup_epochs": 5,
        "adversarial_weight": 0.3
      }
    },
    "training": {
      "batch_size": 32,
      "num_epochs": 100,
      "gradient_clipping": 1.0,
      "optimizer": {
        "type": "adamw",
        "learning_rate": 0.0005,
        "weight_decay": 0.0001,
        "betas": [
          0.9,
          0.999
        ]
      },
      "scheduler": {
        "type": "cosine",
        "T_max": 100,
        "eta_min": 1e-06
      },
      "early_stopping": {
        "enabled": true,
        "patience": 30,
        "monitor": "val_accuracy",
        "mode": "max"
      },
      "checkpoint": {
        "save_best_only": true,
        "save_frequency": 10
      }
    },
    "hardware": {
      "device": "auto",
      "seed": 42
    },
    "output": {
      "base_dir": "./experiments/outputs/hypothesis_H2b"
    }
  },
  "num_speakers": 251,
  "model_type": "full_chaotic",
  "embedding_dim": 10,
  "delay_method": "autocorr",
  "mlsa_scales": 5,
  "rqa_radius_ratio": 0.1,
  "chaotic_system": "lorenz",
  "evolution_time": 0.5,
  "time_step": 0.01,
  "coupling_strength": 1.0,
  "noise_level": 0.001,
  "pooling_type": "comprehensive",
  "speaker_embedding_dim": 256,
  "embedding_hidden_dims": [
    512,
    256,
    128
  ],
  "classifier_type": "cosine",
  "temperature": 30.0,
  "margin": 0.35,
  "batch_size": 32,
  "num_epochs": 100,
  "learning_rate": 0.0005,
  "weight_decay": 0.0001,
  "gradient_clipping": 1.0,
  "optimizer": {
    "type": "adamw",
    "params": {
      "betas": [
        0.9,
        0.999
      ],
      "eps": 1e-08,
      "weight_decay": 0.0001
    }
  },
  "scheduler": {
    "type": "cosine",
    "params": {
      "T_max": 100,
      "eta_min": 1e-06
    }
  },
  "early_stopping": {
    "patience": 30
  },
  "sample_rate": 16000,
  "max_audio_length": 3.0,
  "frame_length": 400,
  "hop_length": 160,
  "data_dir": "/scratch/project_2003370/yueyao/dataset/mini_librispeech/LibriSpeech/dev-clean-2",
  "device": "auto",
  "seed": 42,
  "loss_config": {
    "classification": {
      "type": "cross_entropy"
    },
    "stability": {
      "enabled": true,
      "weight": 0.1,
      "target_lyapunov_range": [
        0.1,
        2.0
      ],
      "trajectory_bound": 50.0,
      "collapse_threshold": 0.1,
      "diversity_weight": 0.05
    },
    "synchronization": {
      "enabled": true,
      "sync_weight": 0.05,
      "desync_weight": 0.0,
      "margin": 5.0,
      "sample_ratio": 0.3,
      "distance_type": "euclidean"
    },
    "adversarial": {
      "enabled": true,
      "perturbation_scale": 0.1,
      "parameter_noise": true,
      "trajectory_noise": true,
      "warmup_epochs": 5,
      "adversarial_weight": 0.3
    }
  },
  "optional_modules": {
    "bifurcation_control": {
      "enabled": false
    },
    "differentiable_features": {
      "enabled": true
    }
  },
  "epochs": 100,
  "optimize_parameters": true
}
2026-01-18 10:14:35,973 - chaotic_trainer - INFO - System info: {'platform': 'Linux-4.18.0-553.74.1.el8_10.x86_64-x86_64-with-glibc2.28', 'system': 'Linux', 'node': 'g1102.mahti.csc.fi', 'release': '4.18.0-553.74.1.el8_10.x86_64', 'version': '#1 SMP Sun Sep 7 09:23:35 EDT 2025', 'machine': 'x86_64', 'processor': 'x86_64', 'python_version': '3.12.10 (main, Jun  3 2025, 21:04:06) [GCC 8.5.0 20210514 (Red Hat 8.5.0-26)]', 'python_executable': '/usr/bin/python', 'cpu_count': 256, 'total_memory': 540285186048, 'available_memory': 503688163328, 'gpu_info': {'cuda_available': True, 'cuda_version': '12.6', 'gpu_count': 1, 'gpu_names': ['NVIDIA A100-SXM4-40GB MIG 1g.5gb']}, 'package_versions': {'numpy': '1.26.4', 'scipy': '1.13.1', 'scikit-learn': 'not installed', 'librosa': '0.11.0', 'soundfile': '0.13.1', 'torch': '2.7.1+cu126', 'tensorflow': 'not installed', 'matplotlib': '3.10.3', 'pandas': '2.3.0'}, 'git_info': {'commit_hash': '51c92cdc63686073ead2a70ee657542846b3dc20', 'branch': 'origin', 'is_dirty': True}}
2026-01-18 10:14:35,973 - chaotic_trainer - INFO - Training 1 systems × 1 types × 1 runs...
2026-01-18 10:14:35,974 - chaotic_trainer - INFO - Systems: ['lorenz']
2026-01-18 10:14:35,974 - chaotic_trainer - INFO - Model types: ['full_chaotic']
2026-01-18 10:14:35,974 - chaotic_trainer - INFO - 
============================================================
2026-01-18 10:14:35,974 - chaotic_trainer - INFO - TRAINING: LORENZ + FULL_CHAOTIC
2026-01-18 10:14:35,974 - chaotic_trainer - INFO - ============================================================
2026-01-18 10:14:35,974 - chaotic_trainer - INFO - Training chaotic_lorenz_full_chaotic_run_0...
2026-01-18 10:14:35,974 - chaotic_trainer - INFO - Optimizing parameters for lorenz system...
2026-01-18 10:14:36,016 - chaotic_trainer - INFO - Setting up chaotic_lorenz_full_chaotic_run_0...
2026-01-18 10:15:26,353 - chaotic_trainer - INFO - ============================================================
2026-01-18 10:15:26,353 - chaotic_trainer - INFO - CHAOTIC NEURAL NETWORKS TRAINING
2026-01-18 10:15:26,353 - chaotic_trainer - INFO - ============================================================
2026-01-18 10:15:26,353 - chaotic_trainer - INFO - Output directory: /scratch/project_2003370/yueyao/Model/experiments/configs/4.6_adversarial
2026-01-18 10:15:26,354 - chaotic_trainer - INFO - Configuration: {
  "_nested": {
    "experiment": {
      "name": "4.6_adversarial"
    },
    "data": {
      "data_dir": "/scratch/project_2003370/yueyao/dataset/mini_librispeech/LibriSpeech/dev-clean-2",
      "train_split": 0.7,
      "val_split": 0.15,
      "test_split": 0.15,
      "num_workers": 4,
      "pin_memory": true
    },
    "audio": {
      "sample_rate": 16000,
      "max_audio_length": 3.0,
      "min_audio_length": 0.5,
      "frame_length": 400,
      "hop_length": 160,
      "normalize": true
    },
    "model": {
      "type": "full_chaotic",
      "num_speakers": 251,
      "phase_space": {
        "embedding_dim": 10,
        "delay_method": "autocorr"
      },
      "chaotic_features": {
        "mlsa": {
          "scales": 5
        },
        "rqa": {
          "radius_ratio": 0.1
        }
      },
      "chaotic_embedding": {
        "system_type": "lorenz",
        "evolution_time": 0.5,
        "time_step": 0.01,
        "lorenz": {
          "sigma": 10.0,
          "rho": 28.0,
          "beta": 2.6667
        }
      },
      "attractor_pooling": {
        "type": "comprehensive"
      },
      "speaker_embedding": {
        "dim": 256,
        "hidden_dims": [
          512,
          256,
          128
        ],
        "dropout_rate": 0.3,
        "use_batch_norm": true
      },
      "classifier": {
        "type": "cosine",
        "temperature": 30.0
      }
    },
    "optional_modules": {
      "bifurcation_control": {
        "enabled": false
      },
      "differentiable_features": {
        "enabled": true
      }
    },
    "loss": {
      "classification": {
        "type": "cross_entropy"
      },
      "stability": {
        "enabled": true,
        "weight": 0.1,
        "target_lyapunov_range": [
          0.1,
          2.0
        ],
        "trajectory_bound": 50.0,
        "collapse_threshold": 0.1,
        "diversity_weight": 0.05
      },
      "synchronization": {
        "enabled": true,
        "sync_weight": 0.05,
        "desync_weight": 0.0,
        "margin": 5.0,
        "sample_ratio": 0.3,
        "distance_type": "euclidean"
      },
      "adversarial": {
        "enabled": true,
        "perturbation_scale": 0.1,
        "parameter_noise": true,
        "trajectory_noise": true,
        "warmup_epochs": 5,
        "adversarial_weight": 0.3
      }
    },
    "training": {
      "batch_size": 32,
      "num_epochs": 100,
      "gradient_clipping": 1.0,
      "optimizer": {
        "type": "adamw",
        "learning_rate": 0.0005,
        "weight_decay": 0.0001,
        "betas": [
          0.9,
          0.999
        ]
      },
      "scheduler": {
        "type": "cosine",
        "T_max": 100,
        "eta_min": 1e-06
      },
      "early_stopping": {
        "enabled": true,
        "patience": 30,
        "monitor": "val_accuracy",
        "mode": "max"
      },
      "checkpoint": {
        "save_best_only": true,
        "save_frequency": 10
      }
    },
    "hardware": {
      "device": "auto",
      "seed": 42
    },
    "output": {
      "base_dir": "./experiments/outputs/hypothesis_H2b"
    }
  },
  "num_speakers": 251,
  "model_type": "full_chaotic",
  "embedding_dim": 10,
  "delay_method": "autocorr",
  "mlsa_scales": 5,
  "rqa_radius_ratio": 0.1,
  "chaotic_system": "lorenz",
  "evolution_time": 0.5,
  "time_step": 0.01,
  "coupling_strength": 1.0,
  "noise_level": 0.001,
  "pooling_type": "comprehensive",
  "speaker_embedding_dim": 256,
  "embedding_hidden_dims": [
    512,
    256,
    128
  ],
  "classifier_type": "cosine",
  "temperature": 30.0,
  "margin": 0.35,
  "batch_size": 32,
  "num_epochs": 100,
  "learning_rate": 0.0005,
  "weight_decay": 0.0001,
  "gradient_clipping": 1.0,
  "optimizer": {
    "type": "adamw",
    "params": {
      "betas": [
        0.9,
        0.999
      ],
      "eps": 1e-08,
      "weight_decay": 0.0001
    }
  },
  "scheduler": {
    "type": "cosine",
    "params": {
      "T_max": 100,
      "eta_min": 1e-06
    }
  },
  "early_stopping": {
    "patience": 30
  },
  "sample_rate": 16000,
  "max_audio_length": 3.0,
  "frame_length": 400,
  "hop_length": 160,
  "data_dir": "/scratch/project_2003370/yueyao/dataset/mini_librispeech/LibriSpeech/dev-clean-2",
  "device": "auto",
  "seed": 42,
  "loss_config": {
    "classification": {
      "type": "cross_entropy"
    },
    "stability": {
      "enabled": true,
      "weight": 0.1,
      "target_lyapunov_range": [
        0.1,
        2.0
      ],
      "trajectory_bound": 50.0,
      "collapse_threshold": 0.1,
      "diversity_weight": 0.05
    },
    "synchronization": {
      "enabled": true,
      "sync_weight": 0.05,
      "desync_weight": 0.0,
      "margin": 5.0,
      "sample_ratio": 0.3,
      "distance_type": "euclidean"
    },
    "adversarial": {
      "enabled": true,
      "perturbation_scale": 0.1,
      "parameter_noise": true,
      "trajectory_noise": true,
      "warmup_epochs": 5,
      "adversarial_weight": 0.3
    }
  },
  "optional_modules": {
    "bifurcation_control": {
      "enabled": false
    },
    "differentiable_features": {
      "enabled": true
    }
  },
  "epochs": 100,
  "optimize_parameters": true
}
2026-01-18 10:15:26,450 - chaotic_trainer - INFO - System info: {'platform': 'Linux-4.18.0-553.74.1.el8_10.x86_64-x86_64-with-glibc2.28', 'system': 'Linux', 'node': 'g1102.mahti.csc.fi', 'release': '4.18.0-553.74.1.el8_10.x86_64', 'version': '#1 SMP Sun Sep 7 09:23:35 EDT 2025', 'machine': 'x86_64', 'processor': 'x86_64', 'python_version': '3.12.10 (main, Jun  3 2025, 21:04:06) [GCC 8.5.0 20210514 (Red Hat 8.5.0-26)]', 'python_executable': '/usr/bin/python', 'cpu_count': 256, 'total_memory': 540285186048, 'available_memory': 503708037120, 'gpu_info': {'cuda_available': True, 'cuda_version': '12.6', 'gpu_count': 1, 'gpu_names': ['NVIDIA A100-SXM4-40GB MIG 1g.5gb']}, 'package_versions': {'numpy': '1.26.4', 'scipy': '1.13.1', 'scikit-learn': 'not installed', 'librosa': '0.11.0', 'soundfile': '0.13.1', 'torch': '2.7.1+cu126', 'tensorflow': 'not installed', 'matplotlib': '3.10.3', 'pandas': '2.3.0'}, 'git_info': {'commit_hash': '51c92cdc63686073ead2a70ee657542846b3dc20', 'branch': 'origin', 'is_dirty': True}}
2026-01-18 10:15:26,450 - chaotic_trainer - INFO - Training 1 systems × 1 types × 1 runs...
2026-01-18 10:15:26,450 - chaotic_trainer - INFO - Systems: ['lorenz']
2026-01-18 10:15:26,450 - chaotic_trainer - INFO - Model types: ['full_chaotic']
2026-01-18 10:15:26,451 - chaotic_trainer - INFO - 
============================================================
2026-01-18 10:15:26,451 - chaotic_trainer - INFO - TRAINING: LORENZ + FULL_CHAOTIC
2026-01-18 10:15:26,451 - chaotic_trainer - INFO - ============================================================
2026-01-18 10:15:26,451 - chaotic_trainer - INFO - Training chaotic_lorenz_full_chaotic_run_0...
2026-01-18 10:15:26,451 - chaotic_trainer - INFO - Optimizing parameters for lorenz system...
2026-01-18 10:15:26,472 - chaotic_trainer - INFO - Setting up chaotic_lorenz_full_chaotic_run_0...
2026-01-18 10:16:08,822 - chaotic_trainer - INFO - 🚀 No checkpoint specified, starting from scratch
2026-01-18 10:16:08,822 - chaotic_trainer - INFO - Model parameters: 458,181 (trainable: 458,181)
2026-01-18 10:16:08,822 - chaotic_trainer - INFO - Training with chaotic dynamics monitoring...
2026-01-18 10:16:08,822 - chaotic_trainer - INFO - Starting training from epoch 0 for 100 more epochs...
2026-01-18 10:31:46,499 - chaotic_trainer - INFO - Evaluating chaotic_lorenz_full_chaotic_run_0...
2026-01-18 10:31:47,596 - chaotic_trainer - INFO - Running chaotic analysis...
2026-01-18 10:31:54,174 - chaotic_trainer - INFO - Completed chaotic_lorenz_full_chaotic_run_0: Accuracy: 0.9576, Loss: 0.1628, Time: 980.0s
2026-01-18 10:31:54,283 - chaotic_trainer - INFO - Progress: 1/1 (100.0%)
2026-01-18 10:31:54,283 - chaotic_trainer - INFO - lorenz + full_chaotic Summary: 0.9576 ± 0.0000
2026-01-18 10:31:54,283 - chaotic_trainer - INFO - Analyzing chaotic training results...
2026-01-18 10:31:54,285 - chaotic_trainer - INFO - Generating comprehensive chaotic training report...
2026-01-18 10:31:56,426 - chaotic_trainer - INFO - Visualizations saved to: /scratch/project_2003370/yueyao/Model/experiments/configs/4.6_adversarial/visualizations
2026-01-18 10:31:56,426 - chaotic_trainer - INFO - Reports generated:
2026-01-18 10:31:56,427 - chaotic_trainer - INFO -   Text report: /scratch/project_2003370/yueyao/Model/experiments/configs/4.6_adversarial/chaotic_training_report.txt
2026-01-18 10:31:56,427 - chaotic_trainer - INFO -   JSON report: /scratch/project_2003370/yueyao/Model/experiments/configs/4.6_adversarial/chaotic_training_results.json
2026-01-18 10:31:56,427 - chaotic_trainer - INFO - Chaotic training completed.
2026-01-18 10:31:56,427 - chaotic_trainer - INFO - ============================================================
2026-01-18 10:37:47,315 - chaotic_trainer - INFO - ============================================================
2026-01-18 10:37:47,315 - chaotic_trainer - INFO - CHAOTIC NEURAL NETWORKS TRAINING
2026-01-18 10:37:47,316 - chaotic_trainer - INFO - ============================================================
2026-01-18 10:37:47,316 - chaotic_trainer - INFO - Output directory: /scratch/project_2003370/yueyao/Model/experiments/configs/4.6_adversarial
2026-01-18 10:37:47,316 - chaotic_trainer - INFO - Configuration: {
  "_nested": {
    "experiment": {
      "name": "4.6_adversarial"
    },
    "data": {
      "data_dir": "/scratch/project_2003370/yueyao/dataset/mini_librispeech/LibriSpeech/dev-clean-2",
      "train_split": 0.7,
      "val_split": 0.15,
      "test_split": 0.15,
      "num_workers": 4,
      "pin_memory": true
    },
    "audio": {
      "sample_rate": 16000,
      "max_audio_length": 3.0,
      "min_audio_length": 0.5,
      "frame_length": 400,
      "hop_length": 160,
      "normalize": true
    },
    "model": {
      "type": "full_chaotic",
      "num_speakers": 251,
      "phase_space": {
        "embedding_dim": 10,
        "delay_method": "autocorr"
      },
      "chaotic_features": {
        "mlsa": {
          "scales": 5
        },
        "rqa": {
          "radius_ratio": 0.1
        }
      },
      "chaotic_embedding": {
        "system_type": "lorenz",
        "evolution_time": 0.5,
        "time_step": 0.01,
        "lorenz": {
          "sigma": 10.0,
          "rho": 28.0,
          "beta": 2.6667
        }
      },
      "attractor_pooling": {
        "type": "comprehensive"
      },
      "speaker_embedding": {
        "dim": 256,
        "hidden_dims": [
          512,
          256,
          128
        ],
        "dropout_rate": 0.3,
        "use_batch_norm": true
      },
      "classifier": {
        "type": "cosine",
        "temperature": 30.0
      }
    },
    "optional_modules": {
      "bifurcation_control": {
        "enabled": false
      },
      "differentiable_features": {
        "enabled": true
      }
    },
    "loss": {
      "classification": {
        "type": "cross_entropy"
      },
      "stability": {
        "enabled": true,
        "weight": 0.1,
        "target_lyapunov_range": [
          0.1,
          2.0
        ],
        "trajectory_bound": 50.0,
        "collapse_threshold": 0.1,
        "diversity_weight": 0.05
      },
      "synchronization": {
        "enabled": true,
        "sync_weight": 0.05,
        "desync_weight": 0.0,
        "margin": 5.0,
        "sample_ratio": 0.3,
        "distance_type": "euclidean"
      },
      "adversarial": {
        "enabled": false
      }
    },
    "training": {
      "batch_size": 32,
      "num_epochs": 100,
      "gradient_clipping": 1.0,
      "optimizer": {
        "type": "adamw",
        "learning_rate": 0.0005,
        "weight_decay": 0.0001,
        "betas": [
          0.9,
          0.999
        ]
      },
      "scheduler": {
        "type": "cosine",
        "T_max": 100,
        "eta_min": 1e-06
      },
      "early_stopping": {
        "enabled": true,
        "patience": 30,
        "monitor": "val_accuracy",
        "mode": "max"
      },
      "checkpoint": {
        "save_best_only": true,
        "save_frequency": 10
      }
    },
    "hardware": {
      "device": "auto",
      "seed": 42
    },
    "output": {
      "base_dir": "./experiments/outputs/hypothesis_H2b"
    }
  },
  "num_speakers": 251,
  "model_type": "full_chaotic",
  "embedding_dim": 10,
  "delay_method": "autocorr",
  "mlsa_scales": 5,
  "rqa_radius_ratio": 0.1,
  "chaotic_system": "lorenz",
  "evolution_time": 0.5,
  "time_step": 0.01,
  "coupling_strength": 1.0,
  "noise_level": 0.001,
  "pooling_type": "comprehensive",
  "speaker_embedding_dim": 256,
  "embedding_hidden_dims": [
    512,
    256,
    128
  ],
  "classifier_type": "cosine",
  "temperature": 30.0,
  "margin": 0.35,
  "batch_size": 32,
  "num_epochs": 100,
  "learning_rate": 0.0005,
  "weight_decay": 0.0001,
  "gradient_clipping": 1.0,
  "optimizer": {
    "type": "adamw",
    "params": {
      "betas": [
        0.9,
        0.999
      ],
      "eps": 1e-08,
      "weight_decay": 0.0001
    }
  },
  "scheduler": {
    "type": "cosine",
    "params": {
      "T_max": 100,
      "eta_min": 1e-06
    }
  },
  "early_stopping": {
    "patience": 30
  },
  "sample_rate": 16000,
  "max_audio_length": 3.0,
  "frame_length": 400,
  "hop_length": 160,
  "data_dir": "/scratch/project_2003370/yueyao/dataset/mini_librispeech/LibriSpeech/dev-clean-2",
  "device": "auto",
  "seed": 42,
  "loss_config": {
    "classification": {
      "type": "cross_entropy"
    },
    "stability": {
      "enabled": true,
      "weight": 0.1,
      "target_lyapunov_range": [
        0.1,
        2.0
      ],
      "trajectory_bound": 50.0,
      "collapse_threshold": 0.1,
      "diversity_weight": 0.05
    },
    "synchronization": {
      "enabled": true,
      "sync_weight": 0.05,
      "desync_weight": 0.0,
      "margin": 5.0,
      "sample_ratio": 0.3,
      "distance_type": "euclidean"
    },
    "adversarial": {
      "enabled": false
    }
  },
  "optional_modules": {
    "bifurcation_control": {
      "enabled": false
    },
    "differentiable_features": {
      "enabled": true
    }
  },
  "epochs": 100,
  "optimize_parameters": true
}
2026-01-18 10:37:47,405 - chaotic_trainer - INFO - System info: {'platform': 'Linux-4.18.0-553.74.1.el8_10.x86_64-x86_64-with-glibc2.28', 'system': 'Linux', 'node': 'g1102.mahti.csc.fi', 'release': '4.18.0-553.74.1.el8_10.x86_64', 'version': '#1 SMP Sun Sep 7 09:23:35 EDT 2025', 'machine': 'x86_64', 'processor': 'x86_64', 'python_version': '3.12.10 (main, Jun  3 2025, 21:04:06) [GCC 8.5.0 20210514 (Red Hat 8.5.0-26)]', 'python_executable': '/usr/bin/python', 'cpu_count': 256, 'total_memory': 540285186048, 'available_memory': 503611162624, 'gpu_info': {'cuda_available': True, 'cuda_version': '12.6', 'gpu_count': 1, 'gpu_names': ['NVIDIA A100-SXM4-40GB MIG 1g.5gb']}, 'package_versions': {'numpy': '1.26.4', 'scipy': '1.13.1', 'scikit-learn': 'not installed', 'librosa': '0.11.0', 'soundfile': '0.13.1', 'torch': '2.7.1+cu126', 'tensorflow': 'not installed', 'matplotlib': '3.10.3', 'pandas': '2.3.0'}, 'git_info': {'commit_hash': '51c92cdc63686073ead2a70ee657542846b3dc20', 'branch': 'origin', 'is_dirty': True}}
2026-01-18 10:37:47,405 - chaotic_trainer - INFO - Training 1 systems × 1 types × 1 runs...
2026-01-18 10:37:47,405 - chaotic_trainer - INFO - Systems: ['lorenz']
2026-01-18 10:37:47,405 - chaotic_trainer - INFO - Model types: ['full_chaotic']
2026-01-18 10:37:47,405 - chaotic_trainer - INFO - 
============================================================
2026-01-18 10:37:47,405 - chaotic_trainer - INFO - TRAINING: LORENZ + FULL_CHAOTIC
2026-01-18 10:37:47,405 - chaotic_trainer - INFO - ============================================================
2026-01-18 10:37:47,405 - chaotic_trainer - INFO - Training chaotic_lorenz_full_chaotic_run_0...
2026-01-18 10:37:47,406 - chaotic_trainer - INFO - Optimizing parameters for lorenz system...
2026-01-18 10:37:47,437 - chaotic_trainer - INFO - Setting up chaotic_lorenz_full_chaotic_run_0...
2026-01-18 10:38:45,815 - chaotic_trainer - INFO - 🚀 No checkpoint specified, starting from scratch
2026-01-18 10:38:45,815 - chaotic_trainer - INFO - Model parameters: 458,181 (trainable: 458,181)
2026-01-18 10:38:45,815 - chaotic_trainer - INFO - Training with chaotic dynamics monitoring...
2026-01-18 10:38:45,815 - chaotic_trainer - INFO - Starting training from epoch 0 for 100 more epochs...
2026-01-18 10:52:25,645 - chaotic_trainer - INFO - Evaluating chaotic_lorenz_full_chaotic_run_0...
2026-01-18 10:52:26,941 - chaotic_trainer - INFO - Running chaotic analysis...
2026-01-18 10:52:31,140 - chaotic_trainer - INFO - Completed chaotic_lorenz_full_chaotic_run_0: Accuracy: 0.9492, Loss: 0.2123, Time: 878.2s
2026-01-18 10:52:31,248 - chaotic_trainer - INFO - Progress: 1/1 (100.0%)
2026-01-18 10:52:31,248 - chaotic_trainer - INFO - lorenz + full_chaotic Summary: 0.9492 ± 0.0000
2026-01-18 10:52:31,248 - chaotic_trainer - INFO - Analyzing chaotic training results...
2026-01-18 10:52:31,250 - chaotic_trainer - INFO - Generating comprehensive chaotic training report...
2026-01-18 10:52:35,588 - chaotic_trainer - INFO - Visualizations saved to: /scratch/project_2003370/yueyao/Model/experiments/configs/4.6_adversarial/visualizations
2026-01-18 10:52:35,588 - chaotic_trainer - INFO - Reports generated:
2026-01-18 10:52:35,588 - chaotic_trainer - INFO -   Text report: /scratch/project_2003370/yueyao/Model/experiments/configs/4.6_adversarial/chaotic_training_report.txt
2026-01-18 10:52:35,588 - chaotic_trainer - INFO -   JSON report: /scratch/project_2003370/yueyao/Model/experiments/configs/4.6_adversarial/chaotic_training_results.json
2026-01-18 10:52:35,589 - chaotic_trainer - INFO - Chaotic training completed.
2026-01-18 10:52:35,589 - chaotic_trainer - INFO - ============================================================
2026-01-18 11:12:18,137 - chaotic_trainer - INFO - ============================================================
2026-01-18 11:12:18,137 - chaotic_trainer - INFO - CHAOTIC NEURAL NETWORKS TRAINING
2026-01-18 11:12:18,137 - chaotic_trainer - INFO - ============================================================
2026-01-18 11:12:18,137 - chaotic_trainer - INFO - Output directory: /scratch/project_2003370/yueyao/Model/experiments/configs/4.6_adversarial
2026-01-18 11:12:18,138 - chaotic_trainer - INFO - Configuration: {
  "_nested": {
    "experiment": {
      "name": "4.6_adversarial"
    },
    "data": {
      "data_dir": "/scratch/project_2003370/yueyao/dataset/mini_librispeech/LibriSpeech/dev-clean-2",
      "train_split": 0.7,
      "val_split": 0.15,
      "test_split": 0.15,
      "num_workers": 4,
      "pin_memory": true
    },
    "audio": {
      "sample_rate": 16000,
      "max_audio_length": 3.0,
      "min_audio_length": 0.5,
      "frame_length": 400,
      "hop_length": 160,
      "normalize": true
    },
    "model": {
      "type": "full_chaotic",
      "num_speakers": 251,
      "phase_space": {
        "embedding_dim": 10,
        "delay_method": "autocorr"
      },
      "chaotic_features": {
        "mlsa": {
          "scales": 5
        },
        "rqa": {
          "radius_ratio": 0.1
        }
      },
      "chaotic_embedding": {
        "system_type": "lorenz",
        "evolution_time": 0.5,
        "time_step": 0.01,
        "lorenz": {
          "sigma": 10.0,
          "rho": 28.0,
          "beta": 2.6667
        }
      },
      "attractor_pooling": {
        "type": "comprehensive"
      },
      "speaker_embedding": {
        "dim": 256,
        "hidden_dims": [
          512,
          256,
          128
        ],
        "dropout_rate": 0.3,
        "use_batch_norm": true
      },
      "classifier": {
        "type": "cosine",
        "temperature": 30.0
      }
    },
    "optional_modules": {
      "bifurcation_control": {
        "enabled": false
      },
      "differentiable_features": {
        "enabled": true
      }
    },
    "loss": {
      "classification": {
        "type": "cross_entropy"
      },
      "stability": {
        "enabled": true,
        "weight": 0.1,
        "target_lyapunov_range": [
          0.1,
          2.0
        ],
        "trajectory_bound": 50.0,
        "collapse_threshold": 0.1,
        "diversity_weight": 0.05
      },
      "synchronization": {
        "enabled": true,
        "sync_weight": 0.05,
        "desync_weight": 0.0,
        "margin": 5.0,
        "sample_ratio": 0.3,
        "distance_type": "euclidean"
      },
      "adversarial": {
        "enabled": true,
        "perturbation_scale": 0.05,
        "parameter_noise": true,
        "trajectory_noise": true,
        "warmup_epochs": 5,
        "adversarial_weight": 0.3
      }
    },
    "training": {
      "batch_size": 32,
      "num_epochs": 100,
      "gradient_clipping": 1.0,
      "optimizer": {
        "type": "adamw",
        "learning_rate": 0.0005,
        "weight_decay": 0.0001,
        "betas": [
          0.9,
          0.999
        ]
      },
      "scheduler": {
        "type": "cosine",
        "T_max": 100,
        "eta_min": 1e-06
      },
      "early_stopping": {
        "enabled": true,
        "patience": 30,
        "monitor": "val_accuracy",
        "mode": "max"
      },
      "checkpoint": {
        "save_best_only": true,
        "save_frequency": 10
      }
    },
    "hardware": {
      "device": "auto",
      "seed": 42
    },
    "output": {
      "base_dir": "./experiments/outputs/hypothesis_H2b"
    }
  },
  "num_speakers": 251,
  "model_type": "full_chaotic",
  "embedding_dim": 10,
  "delay_method": "autocorr",
  "mlsa_scales": 5,
  "rqa_radius_ratio": 0.1,
  "chaotic_system": "lorenz",
  "evolution_time": 0.5,
  "time_step": 0.01,
  "coupling_strength": 1.0,
  "noise_level": 0.001,
  "pooling_type": "comprehensive",
  "speaker_embedding_dim": 256,
  "embedding_hidden_dims": [
    512,
    256,
    128
  ],
  "classifier_type": "cosine",
  "temperature": 30.0,
  "margin": 0.35,
  "batch_size": 32,
  "num_epochs": 100,
  "learning_rate": 0.0005,
  "weight_decay": 0.0001,
  "gradient_clipping": 1.0,
  "optimizer": {
    "type": "adamw",
    "params": {
      "betas": [
        0.9,
        0.999
      ],
      "eps": 1e-08,
      "weight_decay": 0.0001
    }
  },
  "scheduler": {
    "type": "cosine",
    "params": {
      "T_max": 100,
      "eta_min": 1e-06
    }
  },
  "early_stopping": {
    "patience": 30
  },
  "sample_rate": 16000,
  "max_audio_length": 3.0,
  "frame_length": 400,
  "hop_length": 160,
  "data_dir": "/scratch/project_2003370/yueyao/dataset/mini_librispeech/LibriSpeech/dev-clean-2",
  "device": "auto",
  "seed": 42,
  "loss_config": {
    "classification": {
      "type": "cross_entropy"
    },
    "stability": {
      "enabled": true,
      "weight": 0.1,
      "target_lyapunov_range": [
        0.1,
        2.0
      ],
      "trajectory_bound": 50.0,
      "collapse_threshold": 0.1,
      "diversity_weight": 0.05
    },
    "synchronization": {
      "enabled": true,
      "sync_weight": 0.05,
      "desync_weight": 0.0,
      "margin": 5.0,
      "sample_ratio": 0.3,
      "distance_type": "euclidean"
    },
    "adversarial": {
      "enabled": true,
      "perturbation_scale": 0.05,
      "parameter_noise": true,
      "trajectory_noise": true,
      "warmup_epochs": 5,
      "adversarial_weight": 0.3
    }
  },
  "optional_modules": {
    "bifurcation_control": {
      "enabled": false
    },
    "differentiable_features": {
      "enabled": true
    }
  },
  "epochs": 100,
  "optimize_parameters": true
}
2026-01-18 11:12:18,184 - chaotic_trainer - INFO - System info: {'platform': 'Linux-4.18.0-553.74.1.el8_10.x86_64-x86_64-with-glibc2.28', 'system': 'Linux', 'node': 'g1102.mahti.csc.fi', 'release': '4.18.0-553.74.1.el8_10.x86_64', 'version': '#1 SMP Sun Sep 7 09:23:35 EDT 2025', 'machine': 'x86_64', 'processor': 'x86_64', 'python_version': '3.12.10 (main, Jun  3 2025, 21:04:06) [GCC 8.5.0 20210514 (Red Hat 8.5.0-26)]', 'python_executable': '/usr/bin/python', 'cpu_count': 256, 'total_memory': 540285186048, 'available_memory': 505620553728, 'gpu_info': {'cuda_available': True, 'cuda_version': '12.6', 'gpu_count': 1, 'gpu_names': ['NVIDIA A100-SXM4-40GB MIG 1g.5gb']}, 'package_versions': {'numpy': '1.26.4', 'scipy': '1.13.1', 'scikit-learn': 'not installed', 'librosa': '0.11.0', 'soundfile': '0.13.1', 'torch': '2.7.1+cu126', 'tensorflow': 'not installed', 'matplotlib': '3.10.3', 'pandas': '2.3.0'}, 'git_info': {'commit_hash': '51c92cdc63686073ead2a70ee657542846b3dc20', 'branch': 'origin', 'is_dirty': True}}
2026-01-18 11:12:18,184 - chaotic_trainer - INFO - Training 1 systems × 1 types × 1 runs...
2026-01-18 11:12:18,184 - chaotic_trainer - INFO - Systems: ['lorenz']
2026-01-18 11:12:18,185 - chaotic_trainer - INFO - Model types: ['full_chaotic']
2026-01-18 11:12:18,185 - chaotic_trainer - INFO - 
============================================================
2026-01-18 11:12:18,185 - chaotic_trainer - INFO - TRAINING: LORENZ + FULL_CHAOTIC
2026-01-18 11:12:18,185 - chaotic_trainer - INFO - ============================================================
2026-01-18 11:12:18,185 - chaotic_trainer - INFO - Training chaotic_lorenz_full_chaotic_run_0...
2026-01-18 11:12:18,185 - chaotic_trainer - INFO - Optimizing parameters for lorenz system...
2026-01-18 11:12:18,196 - chaotic_trainer - INFO - Setting up chaotic_lorenz_full_chaotic_run_0...
2026-01-18 11:12:50,110 - chaotic_trainer - INFO - 🚀 No checkpoint specified, starting from scratch
2026-01-18 11:12:50,111 - chaotic_trainer - INFO - Model parameters: 458,181 (trainable: 458,181)
2026-01-18 11:12:50,111 - chaotic_trainer - INFO - Training with chaotic dynamics monitoring...
2026-01-18 11:12:50,111 - chaotic_trainer - INFO - Starting training from epoch 0 for 100 more epochs...
2026-01-18 11:24:13,759 - chaotic_trainer - INFO - Evaluating chaotic_lorenz_full_chaotic_run_0...
2026-01-18 11:24:14,541 - chaotic_trainer - INFO - Running chaotic analysis...
2026-01-18 11:24:17,836 - chaotic_trainer - INFO - Completed chaotic_lorenz_full_chaotic_run_0: Accuracy: 0.9576, Loss: 0.1544, Time: 715.6s
2026-01-18 11:24:17,926 - chaotic_trainer - INFO - Progress: 1/1 (100.0%)
2026-01-18 11:24:17,926 - chaotic_trainer - INFO - lorenz + full_chaotic Summary: 0.9576 ± 0.0000
2026-01-18 11:24:17,926 - chaotic_trainer - INFO - Analyzing chaotic training results...
2026-01-18 11:24:17,928 - chaotic_trainer - INFO - Generating comprehensive chaotic training report...
2026-01-18 11:24:19,856 - chaotic_trainer - INFO - Visualizations saved to: /scratch/project_2003370/yueyao/Model/experiments/configs/4.6_adversarial/visualizations
2026-01-18 11:24:19,857 - chaotic_trainer - INFO - Reports generated:
2026-01-18 11:24:19,857 - chaotic_trainer - INFO -   Text report: /scratch/project_2003370/yueyao/Model/experiments/configs/4.6_adversarial/chaotic_training_report.txt
2026-01-18 11:24:19,857 - chaotic_trainer - INFO -   JSON report: /scratch/project_2003370/yueyao/Model/experiments/configs/4.6_adversarial/chaotic_training_results.json
2026-01-18 11:24:19,857 - chaotic_trainer - INFO - Chaotic training completed.
2026-01-18 11:24:19,857 - chaotic_trainer - INFO - ============================================================
2026-01-18 12:09:41,336 - chaotic_trainer - INFO - ============================================================
2026-01-18 12:09:41,336 - chaotic_trainer - INFO - CHAOTIC NEURAL NETWORKS TRAINING
2026-01-18 12:09:41,336 - chaotic_trainer - INFO - ============================================================
2026-01-18 12:09:41,336 - chaotic_trainer - INFO - Output directory: /scratch/project_2003370/yueyao/Model/experiments/configs/4.6_adversarial
2026-01-18 12:09:41,337 - chaotic_trainer - INFO - Configuration: {
  "_nested": {
    "experiment": {
      "name": "4.6_adversarial"
    },
    "data": {
      "data_dir": "/scratch/project_2003370/yueyao/dataset/mini_librispeech/LibriSpeech/dev-clean-2",
      "train_split": 0.7,
      "val_split": 0.15,
      "test_split": 0.15,
      "num_workers": 4,
      "pin_memory": true
    },
    "audio": {
      "sample_rate": 16000,
      "max_audio_length": 3.0,
      "min_audio_length": 0.5,
      "frame_length": 400,
      "hop_length": 160,
      "normalize": true
    },
    "model": {
      "type": "full_chaotic",
      "num_speakers": 251,
      "phase_space": {
        "embedding_dim": 10,
        "delay_method": "autocorr"
      },
      "chaotic_features": {
        "mlsa": {
          "scales": 5
        },
        "rqa": {
          "radius_ratio": 0.1
        }
      },
      "chaotic_embedding": {
        "system_type": "lorenz",
        "evolution_time": 0.5,
        "time_step": 0.01,
        "lorenz": {
          "sigma": 10.0,
          "rho": 28.0,
          "beta": 2.6667
        }
      },
      "attractor_pooling": {
        "type": "comprehensive"
      },
      "speaker_embedding": {
        "dim": 256,
        "hidden_dims": [
          512,
          256,
          128
        ],
        "dropout_rate": 0.3,
        "use_batch_norm": true
      },
      "classifier": {
        "type": "cosine",
        "temperature": 30.0
      }
    },
    "optional_modules": {
      "bifurcation_control": {
        "enabled": false
      },
      "differentiable_features": {
        "enabled": true
      }
    },
    "loss": {
      "classification": {
        "type": "cross_entropy"
      },
      "stability": {
        "enabled": true,
        "weight": 0.1,
        "target_lyapunov_range": [
          0.1,
          2.0
        ],
        "trajectory_bound": 50.0,
        "collapse_threshold": 0.1,
        "diversity_weight": 0.05
      },
      "synchronization": {
        "enabled": true,
        "sync_weight": 0.05,
        "desync_weight": 0.0,
        "margin": 5.0,
        "sample_ratio": 0.3,
        "distance_type": "euclidean"
      },
      "adversarial": {
        "enabled": true,
        "perturbation_scale": 0.2,
        "parameter_noise": true,
        "trajectory_noise": true,
        "warmup_epochs": 5,
        "adversarial_weight": 0.3
      }
    },
    "training": {
      "batch_size": 32,
      "num_epochs": 100,
      "gradient_clipping": 1.0,
      "optimizer": {
        "type": "adamw",
        "learning_rate": 0.0005,
        "weight_decay": 0.0001,
        "betas": [
          0.9,
          0.999
        ]
      },
      "scheduler": {
        "type": "cosine",
        "T_max": 100,
        "eta_min": 1e-06
      },
      "early_stopping": {
        "enabled": true,
        "patience": 30,
        "monitor": "val_accuracy",
        "mode": "max"
      },
      "checkpoint": {
        "save_best_only": true,
        "save_frequency": 10
      }
    },
    "hardware": {
      "device": "auto",
      "seed": 42
    },
    "output": {
      "base_dir": "./experiments/outputs/hypothesis_H2b"
    }
  },
  "num_speakers": 251,
  "model_type": "full_chaotic",
  "embedding_dim": 10,
  "delay_method": "autocorr",
  "mlsa_scales": 5,
  "rqa_radius_ratio": 0.1,
  "chaotic_system": "lorenz",
  "evolution_time": 0.5,
  "time_step": 0.01,
  "coupling_strength": 1.0,
  "noise_level": 0.001,
  "pooling_type": "comprehensive",
  "speaker_embedding_dim": 256,
  "embedding_hidden_dims": [
    512,
    256,
    128
  ],
  "classifier_type": "cosine",
  "temperature": 30.0,
  "margin": 0.35,
  "batch_size": 32,
  "num_epochs": 100,
  "learning_rate": 0.0005,
  "weight_decay": 0.0001,
  "gradient_clipping": 1.0,
  "optimizer": {
    "type": "adamw",
    "params": {
      "betas": [
        0.9,
        0.999
      ],
      "eps": 1e-08,
      "weight_decay": 0.0001
    }
  },
  "scheduler": {
    "type": "cosine",
    "params": {
      "T_max": 100,
      "eta_min": 1e-06
    }
  },
  "early_stopping": {
    "patience": 30
  },
  "sample_rate": 16000,
  "max_audio_length": 3.0,
  "frame_length": 400,
  "hop_length": 160,
  "data_dir": "/scratch/project_2003370/yueyao/dataset/mini_librispeech/LibriSpeech/dev-clean-2",
  "device": "auto",
  "seed": 42,
  "loss_config": {
    "classification": {
      "type": "cross_entropy"
    },
    "stability": {
      "enabled": true,
      "weight": 0.1,
      "target_lyapunov_range": [
        0.1,
        2.0
      ],
      "trajectory_bound": 50.0,
      "collapse_threshold": 0.1,
      "diversity_weight": 0.05
    },
    "synchronization": {
      "enabled": true,
      "sync_weight": 0.05,
      "desync_weight": 0.0,
      "margin": 5.0,
      "sample_ratio": 0.3,
      "distance_type": "euclidean"
    },
    "adversarial": {
      "enabled": true,
      "perturbation_scale": 0.2,
      "parameter_noise": true,
      "trajectory_noise": true,
      "warmup_epochs": 5,
      "adversarial_weight": 0.3
    }
  },
  "optional_modules": {
    "bifurcation_control": {
      "enabled": false
    },
    "differentiable_features": {
      "enabled": true
    }
  },
  "epochs": 100,
  "optimize_parameters": true
}
2026-01-18 12:09:41,386 - chaotic_trainer - INFO - System info: {'platform': 'Linux-4.18.0-553.74.1.el8_10.x86_64-x86_64-with-glibc2.28', 'system': 'Linux', 'node': 'g1102.mahti.csc.fi', 'release': '4.18.0-553.74.1.el8_10.x86_64', 'version': '#1 SMP Sun Sep 7 09:23:35 EDT 2025', 'machine': 'x86_64', 'processor': 'x86_64', 'python_version': '3.12.10 (main, Jun  3 2025, 21:04:06) [GCC 8.5.0 20210514 (Red Hat 8.5.0-26)]', 'python_executable': '/usr/bin/python', 'cpu_count': 256, 'total_memory': 540285186048, 'available_memory': 505188372480, 'gpu_info': {'cuda_available': True, 'cuda_version': '12.6', 'gpu_count': 1, 'gpu_names': ['NVIDIA A100-SXM4-40GB MIG 1g.5gb']}, 'package_versions': {'numpy': '1.26.4', 'scipy': '1.13.1', 'scikit-learn': 'not installed', 'librosa': '0.11.0', 'soundfile': '0.13.1', 'torch': '2.7.1+cu126', 'tensorflow': 'not installed', 'matplotlib': '3.10.3', 'pandas': '2.3.0'}, 'git_info': {'commit_hash': '51c92cdc63686073ead2a70ee657542846b3dc20', 'branch': 'origin', 'is_dirty': True}}
2026-01-18 12:09:41,386 - chaotic_trainer - INFO - Training 1 systems × 1 types × 1 runs...
2026-01-18 12:09:41,386 - chaotic_trainer - INFO - Systems: ['lorenz']
2026-01-18 12:09:41,386 - chaotic_trainer - INFO - Model types: ['full_chaotic']
2026-01-18 12:09:41,386 - chaotic_trainer - INFO - 
============================================================
2026-01-18 12:09:41,386 - chaotic_trainer - INFO - TRAINING: LORENZ + FULL_CHAOTIC
2026-01-18 12:09:41,386 - chaotic_trainer - INFO - ============================================================
2026-01-18 12:09:41,386 - chaotic_trainer - INFO - Training chaotic_lorenz_full_chaotic_run_0...
2026-01-18 12:09:41,386 - chaotic_trainer - INFO - Optimizing parameters for lorenz system...
2026-01-18 12:09:41,397 - chaotic_trainer - INFO - Setting up chaotic_lorenz_full_chaotic_run_0...
2026-01-18 12:10:13,079 - chaotic_trainer - INFO - 🚀 No checkpoint specified, starting from scratch
2026-01-18 12:10:13,079 - chaotic_trainer - INFO - Model parameters: 458,181 (trainable: 458,181)
2026-01-18 12:10:13,079 - chaotic_trainer - INFO - Training with chaotic dynamics monitoring...
2026-01-18 12:10:13,079 - chaotic_trainer - INFO - Starting training from epoch 0 for 100 more epochs...
2026-01-18 12:22:37,826 - chaotic_trainer - INFO - Evaluating chaotic_lorenz_full_chaotic_run_0...
2026-01-18 12:22:38,627 - chaotic_trainer - INFO - Running chaotic analysis...
2026-01-18 12:22:41,517 - chaotic_trainer - INFO - Completed chaotic_lorenz_full_chaotic_run_0: Accuracy: 0.9407, Loss: 0.1961, Time: 776.4s
2026-01-18 12:22:41,604 - chaotic_trainer - INFO - Progress: 1/1 (100.0%)
2026-01-18 12:22:41,605 - chaotic_trainer - INFO - lorenz + full_chaotic Summary: 0.9407 ± 0.0000
2026-01-18 12:22:41,605 - chaotic_trainer - INFO - Analyzing chaotic training results...
2026-01-18 12:22:41,606 - chaotic_trainer - INFO - Generating comprehensive chaotic training report...
2026-01-18 12:22:43,470 - chaotic_trainer - INFO - Visualizations saved to: /scratch/project_2003370/yueyao/Model/experiments/configs/4.6_adversarial/visualizations
2026-01-18 12:22:43,470 - chaotic_trainer - INFO - Reports generated:
2026-01-18 12:22:43,470 - chaotic_trainer - INFO -   Text report: /scratch/project_2003370/yueyao/Model/experiments/configs/4.6_adversarial/chaotic_training_report.txt
2026-01-18 12:22:43,470 - chaotic_trainer - INFO -   JSON report: /scratch/project_2003370/yueyao/Model/experiments/configs/4.6_adversarial/chaotic_training_results.json
2026-01-18 12:22:43,470 - chaotic_trainer - INFO - Chaotic training completed.
2026-01-18 12:22:43,471 - chaotic_trainer - INFO - ============================================================
