2025-10-04 17:27:15,785 - experiment_chaotic_lorenz_full_chaotic_run_2 - INFO - Initialized experiment: chaotic_lorenz_full_chaotic_run_2
2025-10-04 17:27:15,786 - experiment_chaotic_lorenz_full_chaotic_run_2 - INFO - Device: cuda
2025-10-04 17:27:15,786 - experiment_chaotic_lorenz_full_chaotic_run_2 - INFO - Output directory: outputs/chaotic/experiments/chaotic_lorenz_full_chaotic_run_2
2025-10-04 17:27:15,786 - experiment_chaotic_lorenz_full_chaotic_run_2 - INFO - Initialized chaotic network experiment with lorenz system
2025-10-04 17:27:15,786 - experiment_chaotic_lorenz_full_chaotic_run_2 - INFO - Setting up experiment components...
2025-10-04 17:27:15,786 - experiment_chaotic_lorenz_full_chaotic_run_2 - INFO - Creating dataloaders...
2025-10-04 17:30:20,137 - experiment_chaotic_lorenz_full_chaotic_run_2 - INFO - Detected 251 speakers in dataset
2025-10-04 17:30:20,138 - experiment_chaotic_lorenz_full_chaotic_run_2 - INFO - Dataloaders created:
2025-10-04 17:30:20,138 - experiment_chaotic_lorenz_full_chaotic_run_2 - INFO -   Train: 164 batches
2025-10-04 17:30:20,138 - experiment_chaotic_lorenz_full_chaotic_run_2 - INFO -   Val: 32 batches
2025-10-04 17:30:20,138 - experiment_chaotic_lorenz_full_chaotic_run_2 - INFO -   Test: 40 batches
2025-10-04 17:30:20,138 - experiment_chaotic_lorenz_full_chaotic_run_2 - INFO - Creating model...
2025-10-04 17:30:20,138 - experiment_chaotic_lorenz_full_chaotic_run_2 - INFO - Using actual num_speakers from dataset: 251
2025-10-04 17:30:20,141 - experiment_chaotic_lorenz_full_chaotic_run_2 - INFO - Total parameters: 39,401
2025-10-04 17:30:20,141 - experiment_chaotic_lorenz_full_chaotic_run_2 - INFO - Trainable parameters: 39,401
2025-10-04 17:30:20,141 - experiment_chaotic_lorenz_full_chaotic_run_2 - INFO - Creating optimizer...
2025-10-04 17:30:20,141 - experiment_chaotic_lorenz_full_chaotic_run_2 - INFO - Optimizer: AdamW
2025-10-04 17:30:20,142 - experiment_chaotic_lorenz_full_chaotic_run_2 - INFO - Creating scheduler...
2025-10-04 17:30:20,142 - experiment_chaotic_lorenz_full_chaotic_run_2 - INFO - Scheduler: CosineAnnealingLR
2025-10-04 17:30:20,142 - experiment_chaotic_lorenz_full_chaotic_run_2 - INFO - Creating criterion...
2025-10-04 17:30:20,142 - experiment_chaotic_lorenz_full_chaotic_run_2 - INFO - Criterion: CrossEntropyLoss
2025-10-04 17:30:20,611 - experiment_chaotic_lorenz_full_chaotic_run_2 - INFO - Configuration saved to: outputs/chaotic/experiments/chaotic_lorenz_full_chaotic_run_2/config.json
2025-10-04 17:30:20,611 - experiment_chaotic_lorenz_full_chaotic_run_2 - INFO - Experiment setup completed
2025-10-04 17:30:20,612 - experiment_chaotic_lorenz_full_chaotic_run_2 - INFO - Starting training for 100 epochs
2025-10-04 17:30:35,756 - experiment_chaotic_lorenz_full_chaotic_run_2 - INFO - Train Epoch 0: [0/5268 (0.0%)]	Loss: 7.570519
2025-10-04 17:55:17,425 - experiment_chaotic_lorenz_full_chaotic_run_2 - INFO - Train Epoch 0: [3200/5268 (61.0%)]	Loss: 5.929023
2025-10-04 18:10:56,039 - experiment_chaotic_lorenz_full_chaotic_run_2 - ERROR - Training failed with error: 'MetricsCalculator' object has no attribute 'compute_accuracy'
