2026-01-12 14:26:34,573 - experiment_chaotic_lorenz_full_chaotic_run_0 - INFO - Initialized experiment: chaotic_lorenz_full_chaotic_run_0
2026-01-12 14:26:34,574 - experiment_chaotic_lorenz_full_chaotic_run_0 - INFO - Device: cuda
2026-01-12 14:26:34,574 - experiment_chaotic_lorenz_full_chaotic_run_0 - INFO - Output directory: /scratch/project_2003370/yueyao/Model/experiments/configs/patience_early_stop/19/experiments/chaotic_lorenz_full_chaotic_run_0
2026-01-12 14:26:34,574 - experiment_chaotic_lorenz_full_chaotic_run_0 - INFO - [SYNC LOSS] Enabled with mode: standard
2026-01-12 14:26:34,574 - experiment_chaotic_lorenz_full_chaotic_run_0 - INFO - Initialized chaotic network experiment with lorenz system
2026-01-12 14:26:34,574 - experiment_chaotic_lorenz_full_chaotic_run_0 - INFO - Setting up experiment components...
2026-01-12 14:26:34,574 - experiment_chaotic_lorenz_full_chaotic_run_0 - INFO - Creating dataloaders...
2026-01-12 14:26:38,026 - experiment_chaotic_lorenz_full_chaotic_run_0 - INFO - Detected 26 speakers in dataset
2026-01-12 14:26:38,027 - experiment_chaotic_lorenz_full_chaotic_run_0 - INFO - Dataloaders created:
2026-01-12 14:26:38,027 - experiment_chaotic_lorenz_full_chaotic_run_0 - INFO -   Train: 14 batches
2026-01-12 14:26:38,027 - experiment_chaotic_lorenz_full_chaotic_run_0 - INFO -   Val: 3 batches
2026-01-12 14:26:38,027 - experiment_chaotic_lorenz_full_chaotic_run_0 - INFO -   Test: 4 batches
2026-01-12 14:26:38,027 - experiment_chaotic_lorenz_full_chaotic_run_0 - INFO - Creating model...
2026-01-12 14:26:38,027 - experiment_chaotic_lorenz_full_chaotic_run_0 - INFO - Using actual num_speakers from dataset: 26
2026-01-12 14:26:38,027 - experiment_chaotic_lorenz_full_chaotic_run_0 - INFO - [BIFURCATION] use_bifurcation_control=False
2026-01-12 14:27:08,630 - experiment_chaotic_lorenz_full_chaotic_run_0 - INFO - Total parameters: 458,181
2026-01-12 14:27:08,630 - experiment_chaotic_lorenz_full_chaotic_run_0 - INFO - Trainable parameters: 458,181
2026-01-12 14:27:08,630 - experiment_chaotic_lorenz_full_chaotic_run_0 - INFO - Creating optimizer...
2026-01-12 14:27:09,736 - experiment_chaotic_lorenz_full_chaotic_run_0 - INFO - Optimizer: AdamW
2026-01-12 14:27:09,737 - experiment_chaotic_lorenz_full_chaotic_run_0 - INFO - Creating scheduler...
2026-01-12 14:27:09,737 - experiment_chaotic_lorenz_full_chaotic_run_0 - INFO - Scheduler: CosineAnnealingLR
2026-01-12 14:27:09,737 - experiment_chaotic_lorenz_full_chaotic_run_0 - INFO - Creating criterion...
2026-01-12 14:27:09,737 - experiment_chaotic_lorenz_full_chaotic_run_0 - INFO - Criterion: CrossEntropyLoss
2026-01-12 14:27:09,784 - experiment_chaotic_lorenz_full_chaotic_run_0 - INFO - Configuration saved to: /scratch/project_2003370/yueyao/Model/experiments/configs/patience_early_stop/19/experiments/chaotic_lorenz_full_chaotic_run_0/config.json
2026-01-12 14:27:09,784 - experiment_chaotic_lorenz_full_chaotic_run_0 - INFO - Experiment setup completed
2026-01-12 14:27:09,785 - experiment_chaotic_lorenz_full_chaotic_run_0 - INFO - Starting training for 100 epochs
2026-01-12 14:27:10,022 - experiment_chaotic_lorenz_full_chaotic_run_0 - INFO - 
================================================================================
2026-01-12 14:27:10,022 - experiment_chaotic_lorenz_full_chaotic_run_0 - INFO - COMPREHENSIVE DEBUG - FIRST BATCH
2026-01-12 14:27:10,022 - experiment_chaotic_lorenz_full_chaotic_run_0 - INFO - ================================================================================
2026-01-12 14:27:10,022 - experiment_chaotic_lorenz_full_chaotic_run_0 - INFO - Batch Info:
2026-01-12 14:27:10,022 - experiment_chaotic_lorenz_full_chaotic_run_0 - INFO -   Audio shape: torch.Size([32, 48000])
2026-01-12 14:27:10,023 - experiment_chaotic_lorenz_full_chaotic_run_0 - INFO -   Targets shape: torch.Size([32])
2026-01-12 14:27:10,026 - experiment_chaotic_lorenz_full_chaotic_run_0 - INFO -   Targets (first 8): tensor([19, 24, 16, 12, 16, 10,  8,  2], device='cuda:0')
2026-01-12 14:27:10,630 - experiment_chaotic_lorenz_full_chaotic_run_0 - INFO - ================================================================================

2026-01-12 14:27:10,631 - experiment_chaotic_lorenz_full_chaotic_run_0 - INFO - [ADVERSARIAL] Initialized AdversarialChaoticAugmentation
2026-01-12 14:27:10,768 - experiment_chaotic_lorenz_full_chaotic_run_0 - INFO - [STABILITY] Initialized LyapunovStabilityLoss
2026-01-12 14:27:11,464 - experiment_chaotic_lorenz_full_chaotic_run_0 - INFO - Train Epoch 0: [0/472 (0.0%)]	Loss: 4.923960
2026-01-12 14:27:16,086 - experiment_chaotic_lorenz_full_chaotic_run_0 - INFO - [ADVERSARIAL] Warmup: epoch 1/5
2026-01-12 14:27:17,037 - experiment_chaotic_lorenz_full_chaotic_run_0 - INFO - Epoch 0: Train Loss: 4.8014, Train Acc: 0.0603, Val Loss: 4.0485, Val Acc: 0.0449
2026-01-12 14:27:17,126 - experiment_chaotic_lorenz_full_chaotic_run_0 - INFO - Saved new best model at epoch 0
2026-01-12 14:27:17,775 - experiment_chaotic_lorenz_full_chaotic_run_0 - INFO - Train Epoch 1: [0/472 (0.0%)]	Loss: 3.966856
2026-01-12 14:27:22,301 - experiment_chaotic_lorenz_full_chaotic_run_0 - INFO - [ADVERSARIAL] Warmup: epoch 2/5
2026-01-12 14:27:23,236 - experiment_chaotic_lorenz_full_chaotic_run_0 - INFO - Epoch 1: Train Loss: 3.9180, Train Acc: 0.1384, Val Loss: 3.9802, Val Acc: 0.0449
2026-01-12 14:27:23,777 - experiment_chaotic_lorenz_full_chaotic_run_0 - INFO - Train Epoch 2: [0/472 (0.0%)]	Loss: 3.402680
2026-01-12 14:27:28,313 - experiment_chaotic_lorenz_full_chaotic_run_0 - INFO - [ADVERSARIAL] Warmup: epoch 3/5
2026-01-12 14:27:29,251 - experiment_chaotic_lorenz_full_chaotic_run_0 - INFO - Epoch 2: Train Loss: 3.6048, Train Acc: 0.1652, Val Loss: 5.2322, Val Acc: 0.0562
2026-01-12 14:27:29,337 - experiment_chaotic_lorenz_full_chaotic_run_0 - INFO - Saved new best model at epoch 2
2026-01-12 14:27:29,913 - experiment_chaotic_lorenz_full_chaotic_run_0 - INFO - Train Epoch 3: [0/472 (0.0%)]	Loss: 3.541806
2026-01-12 14:27:34,426 - experiment_chaotic_lorenz_full_chaotic_run_0 - INFO - [ADVERSARIAL] Warmup: epoch 4/5
2026-01-12 14:27:35,352 - experiment_chaotic_lorenz_full_chaotic_run_0 - INFO - Epoch 3: Train Loss: 2.9412, Train Acc: 0.3259, Val Loss: 4.7960, Val Acc: 0.0449
2026-01-12 14:27:35,871 - experiment_chaotic_lorenz_full_chaotic_run_0 - INFO - Train Epoch 4: [0/472 (0.0%)]	Loss: 2.422234
2026-01-12 14:27:40,311 - experiment_chaotic_lorenz_full_chaotic_run_0 - INFO - [ADVERSARIAL] Warmup: epoch 5/5
2026-01-12 14:27:41,254 - experiment_chaotic_lorenz_full_chaotic_run_0 - INFO - Epoch 4: Train Loss: 2.6545, Train Acc: 0.3504, Val Loss: 4.6848, Val Acc: 0.0449
2026-01-12 14:27:41,824 - experiment_chaotic_lorenz_full_chaotic_run_0 - INFO - Train Epoch 5: [0/472 (0.0%)]	Loss: 2.375702
2026-01-12 14:27:46,779 - experiment_chaotic_lorenz_full_chaotic_run_0 - INFO - [ADVERSARIAL] Warmup complete, adversarial training activated!
2026-01-12 14:27:47,725 - experiment_chaotic_lorenz_full_chaotic_run_0 - INFO - Epoch 5: Train Loss: 2.8005, Train Acc: 0.4442, Val Loss: 4.8230, Val Acc: 0.0449
2026-01-12 14:27:48,280 - experiment_chaotic_lorenz_full_chaotic_run_0 - INFO - Train Epoch 6: [0/472 (0.0%)]	Loss: 2.357543
2026-01-12 14:27:54,146 - experiment_chaotic_lorenz_full_chaotic_run_0 - INFO - Epoch 6: Train Loss: 2.5054, Train Acc: 0.5223, Val Loss: 4.3675, Val Acc: 0.0899
2026-01-12 14:27:54,226 - experiment_chaotic_lorenz_full_chaotic_run_0 - INFO - Saved new best model at epoch 6
2026-01-12 14:27:54,843 - experiment_chaotic_lorenz_full_chaotic_run_0 - INFO - Train Epoch 7: [0/472 (0.0%)]	Loss: 2.437913
2026-01-12 14:28:00,752 - experiment_chaotic_lorenz_full_chaotic_run_0 - INFO - Epoch 7: Train Loss: 2.0344, Train Acc: 0.6250, Val Loss: 3.9919, Val Acc: 0.1011
2026-01-12 14:28:00,836 - experiment_chaotic_lorenz_full_chaotic_run_0 - INFO - Saved new best model at epoch 7
2026-01-12 14:28:01,440 - experiment_chaotic_lorenz_full_chaotic_run_0 - INFO - Train Epoch 8: [0/472 (0.0%)]	Loss: 1.585997
2026-01-12 14:28:07,422 - experiment_chaotic_lorenz_full_chaotic_run_0 - INFO - Epoch 8: Train Loss: 1.8475, Train Acc: 0.6853, Val Loss: 4.6930, Val Acc: 0.0899
2026-01-12 14:28:07,990 - experiment_chaotic_lorenz_full_chaotic_run_0 - INFO - Train Epoch 9: [0/472 (0.0%)]	Loss: 1.377608
2026-01-12 14:28:13,975 - experiment_chaotic_lorenz_full_chaotic_run_0 - INFO - Epoch 9: Train Loss: 1.6352, Train Acc: 0.7254, Val Loss: 4.2544, Val Acc: 0.1348
2026-01-12 14:28:14,055 - experiment_chaotic_lorenz_full_chaotic_run_0 - INFO - Saved new best model at epoch 9
2026-01-12 14:28:14,657 - experiment_chaotic_lorenz_full_chaotic_run_0 - INFO - Train Epoch 10: [0/472 (0.0%)]	Loss: 1.245028
2026-01-12 14:28:20,592 - experiment_chaotic_lorenz_full_chaotic_run_0 - INFO - Epoch 10: Train Loss: 1.4856, Train Acc: 0.7500, Val Loss: 3.8623, Val Acc: 0.1461
2026-01-12 14:28:20,673 - experiment_chaotic_lorenz_full_chaotic_run_0 - INFO - Saved new best model at epoch 10
2026-01-12 14:28:21,353 - experiment_chaotic_lorenz_full_chaotic_run_0 - INFO - Train Epoch 11: [0/472 (0.0%)]	Loss: 0.935837
2026-01-12 14:28:27,366 - experiment_chaotic_lorenz_full_chaotic_run_0 - INFO - Epoch 11: Train Loss: 1.3153, Train Acc: 0.8147, Val Loss: 5.1113, Val Acc: 0.0449
2026-01-12 14:28:27,929 - experiment_chaotic_lorenz_full_chaotic_run_0 - INFO - Train Epoch 12: [0/472 (0.0%)]	Loss: 1.063026
2026-01-12 14:28:33,858 - experiment_chaotic_lorenz_full_chaotic_run_0 - INFO - Epoch 12: Train Loss: 1.2409, Train Acc: 0.8103, Val Loss: 3.2856, Val Acc: 0.2135
2026-01-12 14:28:33,940 - experiment_chaotic_lorenz_full_chaotic_run_0 - INFO - Saved new best model at epoch 12
2026-01-12 14:28:34,536 - experiment_chaotic_lorenz_full_chaotic_run_0 - INFO - Train Epoch 13: [0/472 (0.0%)]	Loss: 0.978193
2026-01-12 14:28:40,732 - experiment_chaotic_lorenz_full_chaotic_run_0 - INFO - Epoch 13: Train Loss: 1.1001, Train Acc: 0.8571, Val Loss: 6.3677, Val Acc: 0.0562
2026-01-12 14:28:41,296 - experiment_chaotic_lorenz_full_chaotic_run_0 - INFO - Train Epoch 14: [0/472 (0.0%)]	Loss: 1.276967
2026-01-12 14:28:47,256 - experiment_chaotic_lorenz_full_chaotic_run_0 - INFO - Epoch 14: Train Loss: 1.0909, Train Acc: 0.8661, Val Loss: 3.0789, Val Acc: 0.2135
2026-01-12 14:28:47,825 - experiment_chaotic_lorenz_full_chaotic_run_0 - INFO - Train Epoch 15: [0/472 (0.0%)]	Loss: 0.836005
2026-01-12 14:28:53,852 - experiment_chaotic_lorenz_full_chaotic_run_0 - INFO - Epoch 15: Train Loss: 0.9874, Train Acc: 0.8862, Val Loss: 6.2656, Val Acc: 0.0449
2026-01-12 14:28:54,426 - experiment_chaotic_lorenz_full_chaotic_run_0 - INFO - Train Epoch 16: [0/472 (0.0%)]	Loss: 1.349784
2026-01-12 14:29:00,363 - experiment_chaotic_lorenz_full_chaotic_run_0 - INFO - Epoch 16: Train Loss: 0.9453, Train Acc: 0.8884, Val Loss: 4.2008, Val Acc: 0.2022
2026-01-12 14:29:00,933 - experiment_chaotic_lorenz_full_chaotic_run_0 - INFO - Train Epoch 17: [0/472 (0.0%)]	Loss: 0.738138
2026-01-12 14:29:07,005 - experiment_chaotic_lorenz_full_chaotic_run_0 - INFO - Epoch 17: Train Loss: 0.8686, Train Acc: 0.9085, Val Loss: 5.7689, Val Acc: 0.1236
2026-01-12 14:29:07,578 - experiment_chaotic_lorenz_full_chaotic_run_0 - INFO - Train Epoch 18: [0/472 (0.0%)]	Loss: 0.911834
2026-01-12 14:29:13,471 - experiment_chaotic_lorenz_full_chaotic_run_0 - INFO - Epoch 18: Train Loss: 0.7870, Train Acc: 0.9330, Val Loss: 4.1451, Val Acc: 0.1461
2026-01-12 14:29:14,040 - experiment_chaotic_lorenz_full_chaotic_run_0 - INFO - Train Epoch 19: [0/472 (0.0%)]	Loss: 0.868468
2026-01-12 14:29:20,016 - experiment_chaotic_lorenz_full_chaotic_run_0 - INFO - Epoch 19: Train Loss: 0.8267, Train Acc: 0.9129, Val Loss: 5.9951, Val Acc: 0.0449
2026-01-12 14:29:20,584 - experiment_chaotic_lorenz_full_chaotic_run_0 - INFO - Train Epoch 20: [0/472 (0.0%)]	Loss: 0.902453
2026-01-12 14:29:26,485 - experiment_chaotic_lorenz_full_chaotic_run_0 - INFO - Epoch 20: Train Loss: 0.8577, Train Acc: 0.9174, Val Loss: 4.0018, Val Acc: 0.1910
2026-01-12 14:29:27,140 - experiment_chaotic_lorenz_full_chaotic_run_0 - INFO - Train Epoch 21: [0/472 (0.0%)]	Loss: 0.805342
2026-01-12 14:29:33,114 - experiment_chaotic_lorenz_full_chaotic_run_0 - INFO - Epoch 21: Train Loss: 0.7733, Train Acc: 0.9196, Val Loss: 4.6466, Val Acc: 0.1573
2026-01-12 14:29:33,666 - experiment_chaotic_lorenz_full_chaotic_run_0 - INFO - Train Epoch 22: [0/472 (0.0%)]	Loss: 0.647801
2026-01-12 14:29:39,546 - experiment_chaotic_lorenz_full_chaotic_run_0 - INFO - Epoch 22: Train Loss: 0.7626, Train Acc: 0.9286, Val Loss: 4.2694, Val Acc: 0.2247
2026-01-12 14:29:39,629 - experiment_chaotic_lorenz_full_chaotic_run_0 - INFO - Saved new best model at epoch 22
2026-01-12 14:29:40,227 - experiment_chaotic_lorenz_full_chaotic_run_0 - INFO - Train Epoch 23: [0/472 (0.0%)]	Loss: 0.962498
2026-01-12 14:29:46,196 - experiment_chaotic_lorenz_full_chaotic_run_0 - INFO - Epoch 23: Train Loss: 0.7236, Train Acc: 0.9420, Val Loss: 2.3168, Val Acc: 0.4157
2026-01-12 14:29:46,279 - experiment_chaotic_lorenz_full_chaotic_run_0 - INFO - Saved new best model at epoch 23
2026-01-12 14:29:46,901 - experiment_chaotic_lorenz_full_chaotic_run_0 - INFO - Train Epoch 24: [0/472 (0.0%)]	Loss: 0.651448
2026-01-12 14:29:52,950 - experiment_chaotic_lorenz_full_chaotic_run_0 - INFO - Epoch 24: Train Loss: 0.6786, Train Acc: 0.9487, Val Loss: 4.6278, Val Acc: 0.1124
2026-01-12 14:29:53,531 - experiment_chaotic_lorenz_full_chaotic_run_0 - INFO - Train Epoch 25: [0/472 (0.0%)]	Loss: 0.606541
2026-01-12 14:29:59,518 - experiment_chaotic_lorenz_full_chaotic_run_0 - INFO - Epoch 25: Train Loss: 0.7096, Train Acc: 0.9442, Val Loss: 8.0239, Val Acc: 0.0449
2026-01-12 14:30:00,088 - experiment_chaotic_lorenz_full_chaotic_run_0 - INFO - Train Epoch 26: [0/472 (0.0%)]	Loss: 0.535795
2026-01-12 14:30:06,185 - experiment_chaotic_lorenz_full_chaotic_run_0 - INFO - Epoch 26: Train Loss: 0.6824, Train Acc: 0.9487, Val Loss: 3.7144, Val Acc: 0.2921
2026-01-12 14:30:06,759 - experiment_chaotic_lorenz_full_chaotic_run_0 - INFO - Train Epoch 27: [0/472 (0.0%)]	Loss: 0.639546
2026-01-12 14:30:12,754 - experiment_chaotic_lorenz_full_chaotic_run_0 - INFO - Epoch 27: Train Loss: 0.6693, Train Acc: 0.9576, Val Loss: 4.4980, Val Acc: 0.1910
2026-01-12 14:30:13,327 - experiment_chaotic_lorenz_full_chaotic_run_0 - INFO - Train Epoch 28: [0/472 (0.0%)]	Loss: 0.699971
2026-01-12 14:30:19,231 - experiment_chaotic_lorenz_full_chaotic_run_0 - INFO - Epoch 28: Train Loss: 0.6908, Train Acc: 0.9420, Val Loss: 6.3010, Val Acc: 0.0449
2026-01-12 14:30:19,805 - experiment_chaotic_lorenz_full_chaotic_run_0 - INFO - Train Epoch 29: [0/472 (0.0%)]	Loss: 0.595723
2026-01-12 14:30:25,704 - experiment_chaotic_lorenz_full_chaotic_run_0 - INFO - Epoch 29: Train Loss: 0.6682, Train Acc: 0.9509, Val Loss: 5.4290, Val Acc: 0.1798
2026-01-12 14:30:26,276 - experiment_chaotic_lorenz_full_chaotic_run_0 - INFO - Train Epoch 30: [0/472 (0.0%)]	Loss: 0.640633
2026-01-12 14:30:32,178 - experiment_chaotic_lorenz_full_chaotic_run_0 - INFO - Epoch 30: Train Loss: 0.6551, Train Acc: 0.9531, Val Loss: 5.8618, Val Acc: 0.1011
2026-01-12 14:30:32,816 - experiment_chaotic_lorenz_full_chaotic_run_0 - INFO - Train Epoch 31: [0/472 (0.0%)]	Loss: 0.662673
2026-01-12 14:30:38,696 - experiment_chaotic_lorenz_full_chaotic_run_0 - INFO - Epoch 31: Train Loss: 0.6758, Train Acc: 0.9397, Val Loss: 9.2286, Val Acc: 0.0449
2026-01-12 14:30:39,263 - experiment_chaotic_lorenz_full_chaotic_run_0 - INFO - Train Epoch 32: [0/472 (0.0%)]	Loss: 0.558242
2026-01-12 14:30:45,195 - experiment_chaotic_lorenz_full_chaotic_run_0 - INFO - Epoch 32: Train Loss: 0.6384, Train Acc: 0.9531, Val Loss: 5.4028, Val Acc: 0.1461
2026-01-12 14:30:45,765 - experiment_chaotic_lorenz_full_chaotic_run_0 - INFO - Train Epoch 33: [0/472 (0.0%)]	Loss: 0.602280
2026-01-12 14:30:51,751 - experiment_chaotic_lorenz_full_chaotic_run_0 - INFO - Epoch 33: Train Loss: 0.6193, Train Acc: 0.9665, Val Loss: 6.0134, Val Acc: 0.1236
2026-01-12 14:30:52,322 - experiment_chaotic_lorenz_full_chaotic_run_0 - INFO - Train Epoch 34: [0/472 (0.0%)]	Loss: 0.681690
2026-01-12 14:30:58,263 - experiment_chaotic_lorenz_full_chaotic_run_0 - INFO - Epoch 34: Train Loss: 0.5867, Train Acc: 0.9665, Val Loss: 4.5864, Val Acc: 0.1910
2026-01-12 14:30:58,843 - experiment_chaotic_lorenz_full_chaotic_run_0 - INFO - Train Epoch 35: [0/472 (0.0%)]	Loss: 0.519686
2026-01-12 14:31:04,852 - experiment_chaotic_lorenz_full_chaotic_run_0 - INFO - Epoch 35: Train Loss: 0.6409, Train Acc: 0.9643, Val Loss: 4.2494, Val Acc: 0.2697
2026-01-12 14:31:05,419 - experiment_chaotic_lorenz_full_chaotic_run_0 - INFO - Train Epoch 36: [0/472 (0.0%)]	Loss: 0.538861
2026-01-12 14:31:11,450 - experiment_chaotic_lorenz_full_chaotic_run_0 - INFO - Epoch 36: Train Loss: 0.5847, Train Acc: 0.9777, Val Loss: 6.7495, Val Acc: 0.0674
2026-01-12 14:31:12,056 - experiment_chaotic_lorenz_full_chaotic_run_0 - INFO - Train Epoch 37: [0/472 (0.0%)]	Loss: 0.511577
2026-01-12 14:31:18,025 - experiment_chaotic_lorenz_full_chaotic_run_0 - INFO - Epoch 37: Train Loss: 0.6194, Train Acc: 0.9621, Val Loss: 2.0837, Val Acc: 0.6180
2026-01-12 14:31:18,115 - experiment_chaotic_lorenz_full_chaotic_run_0 - INFO - Saved new best model at epoch 37
2026-01-12 14:31:18,759 - experiment_chaotic_lorenz_full_chaotic_run_0 - INFO - Train Epoch 38: [0/472 (0.0%)]	Loss: 0.554040
2026-01-12 14:31:24,776 - experiment_chaotic_lorenz_full_chaotic_run_0 - INFO - Epoch 38: Train Loss: 0.5658, Train Acc: 0.9866, Val Loss: 5.5878, Val Acc: 0.0899
2026-01-12 14:31:25,374 - experiment_chaotic_lorenz_full_chaotic_run_0 - INFO - Train Epoch 39: [0/472 (0.0%)]	Loss: 0.549245
2026-01-12 14:31:31,419 - experiment_chaotic_lorenz_full_chaotic_run_0 - INFO - Epoch 39: Train Loss: 0.5525, Train Acc: 0.9799, Val Loss: 2.9137, Val Acc: 0.3258
2026-01-12 14:31:32,020 - experiment_chaotic_lorenz_full_chaotic_run_0 - INFO - Train Epoch 40: [0/472 (0.0%)]	Loss: 0.520374
2026-01-12 14:31:38,144 - experiment_chaotic_lorenz_full_chaotic_run_0 - INFO - Epoch 40: Train Loss: 0.5675, Train Acc: 0.9799, Val Loss: 3.5123, Val Acc: 0.3371
2026-01-12 14:31:38,811 - experiment_chaotic_lorenz_full_chaotic_run_0 - INFO - Train Epoch 41: [0/472 (0.0%)]	Loss: 0.582219
2026-01-12 14:31:44,872 - experiment_chaotic_lorenz_full_chaotic_run_0 - INFO - Epoch 41: Train Loss: 0.5450, Train Acc: 0.9754, Val Loss: 8.4816, Val Acc: 0.0562
2026-01-12 14:31:45,468 - experiment_chaotic_lorenz_full_chaotic_run_0 - INFO - Train Epoch 42: [0/472 (0.0%)]	Loss: 0.500662
2026-01-12 14:31:51,538 - experiment_chaotic_lorenz_full_chaotic_run_0 - INFO - Epoch 42: Train Loss: 0.5775, Train Acc: 0.9598, Val Loss: 5.1557, Val Acc: 0.2135
2026-01-12 14:31:52,121 - experiment_chaotic_lorenz_full_chaotic_run_0 - INFO - Train Epoch 43: [0/472 (0.0%)]	Loss: 0.542190
2026-01-12 14:31:58,276 - experiment_chaotic_lorenz_full_chaotic_run_0 - INFO - Epoch 43: Train Loss: 0.5182, Train Acc: 0.9821, Val Loss: 3.7704, Val Acc: 0.3371
2026-01-12 14:31:58,866 - experiment_chaotic_lorenz_full_chaotic_run_0 - INFO - Train Epoch 44: [0/472 (0.0%)]	Loss: 0.638090
2026-01-12 14:32:04,932 - experiment_chaotic_lorenz_full_chaotic_run_0 - INFO - Epoch 44: Train Loss: 0.5511, Train Acc: 0.9732, Val Loss: 9.4009, Val Acc: 0.0449
2026-01-12 14:32:05,522 - experiment_chaotic_lorenz_full_chaotic_run_0 - INFO - Train Epoch 45: [0/472 (0.0%)]	Loss: 0.417709
2026-01-12 14:32:11,589 - experiment_chaotic_lorenz_full_chaotic_run_0 - INFO - Epoch 45: Train Loss: 0.4740, Train Acc: 0.9844, Val Loss: 3.3931, Val Acc: 0.4045
2026-01-12 14:32:12,183 - experiment_chaotic_lorenz_full_chaotic_run_0 - INFO - Train Epoch 46: [0/472 (0.0%)]	Loss: 0.576631
2026-01-12 14:32:18,213 - experiment_chaotic_lorenz_full_chaotic_run_0 - INFO - Epoch 46: Train Loss: 0.4973, Train Acc: 0.9732, Val Loss: 3.5629, Val Acc: 0.3596
2026-01-12 14:32:18,806 - experiment_chaotic_lorenz_full_chaotic_run_0 - INFO - Train Epoch 47: [0/472 (0.0%)]	Loss: 0.464317
2026-01-12 14:32:25,134 - experiment_chaotic_lorenz_full_chaotic_run_0 - INFO - Epoch 47: Train Loss: 0.4769, Train Acc: 0.9866, Val Loss: 1.2231, Val Acc: 0.6517
2026-01-12 14:32:25,217 - experiment_chaotic_lorenz_full_chaotic_run_0 - INFO - Saved new best model at epoch 47
2026-01-12 14:32:25,844 - experiment_chaotic_lorenz_full_chaotic_run_0 - INFO - Train Epoch 48: [0/472 (0.0%)]	Loss: 0.406772
2026-01-12 14:32:31,833 - experiment_chaotic_lorenz_full_chaotic_run_0 - INFO - Epoch 48: Train Loss: 0.4643, Train Acc: 0.9821, Val Loss: 0.6137, Val Acc: 0.8090
2026-01-12 14:32:31,916 - experiment_chaotic_lorenz_full_chaotic_run_0 - INFO - Saved new best model at epoch 48
2026-01-12 14:32:32,549 - experiment_chaotic_lorenz_full_chaotic_run_0 - INFO - Train Epoch 49: [0/472 (0.0%)]	Loss: 0.447043
2026-01-12 14:32:38,547 - experiment_chaotic_lorenz_full_chaotic_run_0 - INFO - Epoch 49: Train Loss: 0.4475, Train Acc: 0.9911, Val Loss: 3.0613, Val Acc: 0.4270
2026-01-12 14:32:39,158 - experiment_chaotic_lorenz_full_chaotic_run_0 - INFO - Train Epoch 50: [0/472 (0.0%)]	Loss: 0.650823
2026-01-12 14:32:45,236 - experiment_chaotic_lorenz_full_chaotic_run_0 - INFO - Epoch 50: Train Loss: 0.4706, Train Acc: 0.9688, Val Loss: 1.1007, Val Acc: 0.7528
2026-01-12 14:32:45,906 - experiment_chaotic_lorenz_full_chaotic_run_0 - INFO - Train Epoch 51: [0/472 (0.0%)]	Loss: 0.506238
2026-01-12 14:32:51,999 - experiment_chaotic_lorenz_full_chaotic_run_0 - INFO - Epoch 51: Train Loss: 0.4640, Train Acc: 0.9710, Val Loss: 1.2594, Val Acc: 0.7191
2026-01-12 14:32:52,606 - experiment_chaotic_lorenz_full_chaotic_run_0 - INFO - Train Epoch 52: [0/472 (0.0%)]	Loss: 0.350421
2026-01-12 14:32:58,656 - experiment_chaotic_lorenz_full_chaotic_run_0 - INFO - Epoch 52: Train Loss: 0.4579, Train Acc: 0.9821, Val Loss: 2.0304, Val Acc: 0.5955
2026-01-12 14:32:59,259 - experiment_chaotic_lorenz_full_chaotic_run_0 - INFO - Train Epoch 53: [0/472 (0.0%)]	Loss: 0.428992
2026-01-12 14:33:05,302 - experiment_chaotic_lorenz_full_chaotic_run_0 - INFO - Epoch 53: Train Loss: 0.4459, Train Acc: 0.9866, Val Loss: 1.5766, Val Acc: 0.6517
2026-01-12 14:33:05,896 - experiment_chaotic_lorenz_full_chaotic_run_0 - INFO - Train Epoch 54: [0/472 (0.0%)]	Loss: 0.406612
2026-01-12 14:33:11,846 - experiment_chaotic_lorenz_full_chaotic_run_0 - INFO - Epoch 54: Train Loss: 0.4203, Train Acc: 0.9933, Val Loss: 2.0527, Val Acc: 0.6292
2026-01-12 14:33:12,434 - experiment_chaotic_lorenz_full_chaotic_run_0 - INFO - Train Epoch 55: [0/472 (0.0%)]	Loss: 0.404109
2026-01-12 14:33:18,457 - experiment_chaotic_lorenz_full_chaotic_run_0 - INFO - Epoch 55: Train Loss: 0.4421, Train Acc: 0.9866, Val Loss: 1.9048, Val Acc: 0.6404
2026-01-12 14:33:19,050 - experiment_chaotic_lorenz_full_chaotic_run_0 - INFO - Train Epoch 56: [0/472 (0.0%)]	Loss: 0.364955
2026-01-12 14:33:25,002 - experiment_chaotic_lorenz_full_chaotic_run_0 - INFO - Epoch 56: Train Loss: 0.4548, Train Acc: 0.9799, Val Loss: 1.1273, Val Acc: 0.6629
2026-01-12 14:33:25,593 - experiment_chaotic_lorenz_full_chaotic_run_0 - INFO - Train Epoch 57: [0/472 (0.0%)]	Loss: 0.557897
2026-01-12 14:33:31,650 - experiment_chaotic_lorenz_full_chaotic_run_0 - INFO - Epoch 57: Train Loss: 0.4524, Train Acc: 0.9754, Val Loss: 0.4707, Val Acc: 0.8427
2026-01-12 14:33:31,732 - experiment_chaotic_lorenz_full_chaotic_run_0 - INFO - Saved new best model at epoch 57
2026-01-12 14:33:32,355 - experiment_chaotic_lorenz_full_chaotic_run_0 - INFO - Train Epoch 58: [0/472 (0.0%)]	Loss: 0.424341
2026-01-12 14:33:38,449 - experiment_chaotic_lorenz_full_chaotic_run_0 - INFO - Epoch 58: Train Loss: 0.3968, Train Acc: 0.9911, Val Loss: 0.3861, Val Acc: 0.9213
2026-01-12 14:33:38,533 - experiment_chaotic_lorenz_full_chaotic_run_0 - INFO - Saved new best model at epoch 58
2026-01-12 14:33:39,152 - experiment_chaotic_lorenz_full_chaotic_run_0 - INFO - Train Epoch 59: [0/472 (0.0%)]	Loss: 0.377385
2026-01-12 14:33:45,287 - experiment_chaotic_lorenz_full_chaotic_run_0 - INFO - Epoch 59: Train Loss: 0.4252, Train Acc: 0.9821, Val Loss: 0.5412, Val Acc: 0.8427
2026-01-12 14:33:45,906 - experiment_chaotic_lorenz_full_chaotic_run_0 - INFO - Train Epoch 60: [0/472 (0.0%)]	Loss: 0.335593
2026-01-12 14:33:51,976 - experiment_chaotic_lorenz_full_chaotic_run_0 - INFO - Epoch 60: Train Loss: 0.4047, Train Acc: 0.9911, Val Loss: 0.5022, Val Acc: 0.8652
2026-01-12 14:33:52,650 - experiment_chaotic_lorenz_full_chaotic_run_0 - INFO - Train Epoch 61: [0/472 (0.0%)]	Loss: 0.386600
2026-01-12 14:33:58,807 - experiment_chaotic_lorenz_full_chaotic_run_0 - INFO - Epoch 61: Train Loss: 0.3772, Train Acc: 0.9911, Val Loss: 4.0140, Val Acc: 0.3371
2026-01-12 14:33:59,397 - experiment_chaotic_lorenz_full_chaotic_run_0 - INFO - Train Epoch 62: [0/472 (0.0%)]	Loss: 0.423842
2026-01-12 14:34:05,482 - experiment_chaotic_lorenz_full_chaotic_run_0 - INFO - Epoch 62: Train Loss: 0.3786, Train Acc: 0.9866, Val Loss: 0.4401, Val Acc: 0.8764
2026-01-12 14:34:06,094 - experiment_chaotic_lorenz_full_chaotic_run_0 - INFO - Train Epoch 63: [0/472 (0.0%)]	Loss: 0.302834
2026-01-12 14:34:12,054 - experiment_chaotic_lorenz_full_chaotic_run_0 - INFO - Epoch 63: Train Loss: 0.3524, Train Acc: 0.9978, Val Loss: 0.9290, Val Acc: 0.8090
2026-01-12 14:34:12,645 - experiment_chaotic_lorenz_full_chaotic_run_0 - INFO - Train Epoch 64: [0/472 (0.0%)]	Loss: 0.438302
2026-01-12 14:34:18,608 - experiment_chaotic_lorenz_full_chaotic_run_0 - INFO - Epoch 64: Train Loss: 0.3820, Train Acc: 0.9844, Val Loss: 0.1515, Val Acc: 0.9326
2026-01-12 14:34:18,691 - experiment_chaotic_lorenz_full_chaotic_run_0 - INFO - Saved new best model at epoch 64
2026-01-12 14:34:19,340 - experiment_chaotic_lorenz_full_chaotic_run_0 - INFO - Train Epoch 65: [0/472 (0.0%)]	Loss: 0.357828
2026-01-12 14:34:25,351 - experiment_chaotic_lorenz_full_chaotic_run_0 - INFO - Epoch 65: Train Loss: 0.3534, Train Acc: 0.9844, Val Loss: 0.2621, Val Acc: 0.9213
2026-01-12 14:34:25,944 - experiment_chaotic_lorenz_full_chaotic_run_0 - INFO - Train Epoch 66: [0/472 (0.0%)]	Loss: 0.367357
2026-01-12 14:34:31,996 - experiment_chaotic_lorenz_full_chaotic_run_0 - INFO - Epoch 66: Train Loss: 0.3657, Train Acc: 0.9799, Val Loss: 0.3012, Val Acc: 0.9101
2026-01-12 14:34:32,602 - experiment_chaotic_lorenz_full_chaotic_run_0 - INFO - Train Epoch 67: [0/472 (0.0%)]	Loss: 0.685620
2026-01-12 14:34:38,691 - experiment_chaotic_lorenz_full_chaotic_run_0 - INFO - Epoch 67: Train Loss: 0.3676, Train Acc: 0.9844, Val Loss: 0.3086, Val Acc: 0.9438
2026-01-12 14:34:38,780 - experiment_chaotic_lorenz_full_chaotic_run_0 - INFO - Saved new best model at epoch 67
2026-01-12 14:34:39,434 - experiment_chaotic_lorenz_full_chaotic_run_0 - INFO - Train Epoch 68: [0/472 (0.0%)]	Loss: 0.316566
2026-01-12 14:34:45,518 - experiment_chaotic_lorenz_full_chaotic_run_0 - INFO - Epoch 68: Train Loss: 0.3475, Train Acc: 0.9888, Val Loss: 0.1884, Val Acc: 0.9326
2026-01-12 14:34:46,112 - experiment_chaotic_lorenz_full_chaotic_run_0 - INFO - Train Epoch 69: [0/472 (0.0%)]	Loss: 0.353205
2026-01-12 14:34:52,135 - experiment_chaotic_lorenz_full_chaotic_run_0 - INFO - Epoch 69: Train Loss: 0.3352, Train Acc: 0.9844, Val Loss: 0.2251, Val Acc: 0.9438
2026-01-12 14:34:52,744 - experiment_chaotic_lorenz_full_chaotic_run_0 - INFO - Train Epoch 70: [0/472 (0.0%)]	Loss: 0.442114
2026-01-12 14:34:58,735 - experiment_chaotic_lorenz_full_chaotic_run_0 - INFO - Epoch 70: Train Loss: 0.3524, Train Acc: 0.9844, Val Loss: 0.2424, Val Acc: 0.9438
2026-01-12 14:34:59,413 - experiment_chaotic_lorenz_full_chaotic_run_0 - INFO - Train Epoch 71: [0/472 (0.0%)]	Loss: 0.306977
2026-01-12 14:35:05,424 - experiment_chaotic_lorenz_full_chaotic_run_0 - INFO - Epoch 71: Train Loss: 0.3291, Train Acc: 0.9911, Val Loss: 0.2644, Val Acc: 0.9326
2026-01-12 14:35:06,015 - experiment_chaotic_lorenz_full_chaotic_run_0 - INFO - Train Epoch 72: [0/472 (0.0%)]	Loss: 0.379177
2026-01-12 14:35:12,052 - experiment_chaotic_lorenz_full_chaotic_run_0 - INFO - Epoch 72: Train Loss: 0.3270, Train Acc: 0.9888, Val Loss: 0.1720, Val Acc: 0.9438
2026-01-12 14:35:12,641 - experiment_chaotic_lorenz_full_chaotic_run_0 - INFO - Train Epoch 73: [0/472 (0.0%)]	Loss: 0.301104
2026-01-12 14:35:18,708 - experiment_chaotic_lorenz_full_chaotic_run_0 - INFO - Epoch 73: Train Loss: 0.3161, Train Acc: 0.9933, Val Loss: 0.2491, Val Acc: 0.9213
2026-01-12 14:35:19,291 - experiment_chaotic_lorenz_full_chaotic_run_0 - INFO - Train Epoch 74: [0/472 (0.0%)]	Loss: 0.412750
2026-01-12 14:35:25,324 - experiment_chaotic_lorenz_full_chaotic_run_0 - INFO - Epoch 74: Train Loss: 0.3410, Train Acc: 0.9866, Val Loss: 0.2864, Val Acc: 0.9213
2026-01-12 14:35:25,911 - experiment_chaotic_lorenz_full_chaotic_run_0 - INFO - Train Epoch 75: [0/472 (0.0%)]	Loss: 0.295837
2026-01-12 14:35:31,874 - experiment_chaotic_lorenz_full_chaotic_run_0 - INFO - Epoch 75: Train Loss: 0.3396, Train Acc: 0.9866, Val Loss: 0.2225, Val Acc: 0.9326
2026-01-12 14:35:32,467 - experiment_chaotic_lorenz_full_chaotic_run_0 - INFO - Train Epoch 76: [0/472 (0.0%)]	Loss: 0.254042
2026-01-12 14:35:38,431 - experiment_chaotic_lorenz_full_chaotic_run_0 - INFO - Epoch 76: Train Loss: 0.3213, Train Acc: 0.9911, Val Loss: 0.2826, Val Acc: 0.9326
2026-01-12 14:35:39,034 - experiment_chaotic_lorenz_full_chaotic_run_0 - INFO - Train Epoch 77: [0/472 (0.0%)]	Loss: 0.289453
2026-01-12 14:35:45,106 - experiment_chaotic_lorenz_full_chaotic_run_0 - INFO - Epoch 77: Train Loss: 0.3505, Train Acc: 0.9821, Val Loss: 0.2223, Val Acc: 0.9326
2026-01-12 14:35:45,706 - experiment_chaotic_lorenz_full_chaotic_run_0 - INFO - Train Epoch 78: [0/472 (0.0%)]	Loss: 0.266612
2026-01-12 14:35:51,714 - experiment_chaotic_lorenz_full_chaotic_run_0 - INFO - Epoch 78: Train Loss: 0.3242, Train Acc: 0.9911, Val Loss: 0.1621, Val Acc: 0.9438
2026-01-12 14:35:52,318 - experiment_chaotic_lorenz_full_chaotic_run_0 - INFO - Train Epoch 79: [0/472 (0.0%)]	Loss: 0.292035
2026-01-12 14:35:58,290 - experiment_chaotic_lorenz_full_chaotic_run_0 - INFO - Epoch 79: Train Loss: 0.3288, Train Acc: 0.9866, Val Loss: 0.3081, Val Acc: 0.8764
2026-01-12 14:35:58,908 - experiment_chaotic_lorenz_full_chaotic_run_0 - INFO - Train Epoch 80: [0/472 (0.0%)]	Loss: 0.300880
2026-01-12 14:36:05,184 - experiment_chaotic_lorenz_full_chaotic_run_0 - INFO - Epoch 80: Train Loss: 0.3050, Train Acc: 0.9933, Val Loss: 0.1539, Val Acc: 0.9438
2026-01-12 14:36:05,869 - experiment_chaotic_lorenz_full_chaotic_run_0 - INFO - Train Epoch 81: [0/472 (0.0%)]	Loss: 0.273795
2026-01-12 14:36:11,851 - experiment_chaotic_lorenz_full_chaotic_run_0 - INFO - Epoch 81: Train Loss: 0.3085, Train Acc: 0.9911, Val Loss: 0.3037, Val Acc: 0.9438
2026-01-12 14:36:12,471 - experiment_chaotic_lorenz_full_chaotic_run_0 - INFO - Train Epoch 82: [0/472 (0.0%)]	Loss: 0.281781
2026-01-12 14:36:18,429 - experiment_chaotic_lorenz_full_chaotic_run_0 - INFO - Epoch 82: Train Loss: 0.3066, Train Acc: 0.9933, Val Loss: 0.1958, Val Acc: 0.9551
2026-01-12 14:36:18,512 - experiment_chaotic_lorenz_full_chaotic_run_0 - INFO - Saved new best model at epoch 82
2026-01-12 14:36:19,155 - experiment_chaotic_lorenz_full_chaotic_run_0 - INFO - Train Epoch 83: [0/472 (0.0%)]	Loss: 0.272672
2026-01-12 14:36:25,149 - experiment_chaotic_lorenz_full_chaotic_run_0 - INFO - Epoch 83: Train Loss: 0.2874, Train Acc: 0.9933, Val Loss: 0.1722, Val Acc: 0.9438
2026-01-12 14:36:25,755 - experiment_chaotic_lorenz_full_chaotic_run_0 - INFO - Train Epoch 84: [0/472 (0.0%)]	Loss: 0.265759
2026-01-12 14:36:31,854 - experiment_chaotic_lorenz_full_chaotic_run_0 - INFO - Epoch 84: Train Loss: 0.2934, Train Acc: 0.9955, Val Loss: 0.1768, Val Acc: 0.9551
2026-01-12 14:36:32,465 - experiment_chaotic_lorenz_full_chaotic_run_0 - INFO - Train Epoch 85: [0/472 (0.0%)]	Loss: 0.435097
2026-01-12 14:36:38,422 - experiment_chaotic_lorenz_full_chaotic_run_0 - INFO - Epoch 85: Train Loss: 0.3120, Train Acc: 0.9955, Val Loss: 0.1990, Val Acc: 0.9551
2026-01-12 14:36:39,030 - experiment_chaotic_lorenz_full_chaotic_run_0 - INFO - Train Epoch 86: [0/472 (0.0%)]	Loss: 0.339452
2026-01-12 14:36:45,010 - experiment_chaotic_lorenz_full_chaotic_run_0 - INFO - Epoch 86: Train Loss: 0.3184, Train Acc: 0.9866, Val Loss: 0.2119, Val Acc: 0.9663
2026-01-12 14:36:45,097 - experiment_chaotic_lorenz_full_chaotic_run_0 - INFO - Saved new best model at epoch 86
2026-01-12 14:36:45,762 - experiment_chaotic_lorenz_full_chaotic_run_0 - INFO - Train Epoch 87: [0/472 (0.0%)]	Loss: 0.304989
2026-01-12 14:36:51,845 - experiment_chaotic_lorenz_full_chaotic_run_0 - INFO - Epoch 87: Train Loss: 0.3073, Train Acc: 0.9955, Val Loss: 0.1678, Val Acc: 0.9438
2026-01-12 14:36:52,444 - experiment_chaotic_lorenz_full_chaotic_run_0 - INFO - Train Epoch 88: [0/472 (0.0%)]	Loss: 0.274279
2026-01-12 14:36:58,434 - experiment_chaotic_lorenz_full_chaotic_run_0 - INFO - Epoch 88: Train Loss: 0.2857, Train Acc: 0.9933, Val Loss: 0.2006, Val Acc: 0.9551
2026-01-12 14:36:59,033 - experiment_chaotic_lorenz_full_chaotic_run_0 - INFO - Train Epoch 89: [0/472 (0.0%)]	Loss: 0.289521
2026-01-12 14:37:04,993 - experiment_chaotic_lorenz_full_chaotic_run_0 - INFO - Epoch 89: Train Loss: 0.2887, Train Acc: 1.0000, Val Loss: 0.2559, Val Acc: 0.9551
2026-01-12 14:37:05,589 - experiment_chaotic_lorenz_full_chaotic_run_0 - INFO - Train Epoch 90: [0/472 (0.0%)]	Loss: 0.320414
2026-01-12 14:37:11,676 - experiment_chaotic_lorenz_full_chaotic_run_0 - INFO - Epoch 90: Train Loss: 0.3084, Train Acc: 0.9888, Val Loss: 0.1962, Val Acc: 0.9663
2026-01-12 14:37:12,368 - experiment_chaotic_lorenz_full_chaotic_run_0 - INFO - Train Epoch 91: [0/472 (0.0%)]	Loss: 0.344746
2026-01-12 14:37:18,350 - experiment_chaotic_lorenz_full_chaotic_run_0 - INFO - Epoch 91: Train Loss: 0.2939, Train Acc: 0.9933, Val Loss: 0.1650, Val Acc: 0.9663
2026-01-12 14:37:18,959 - experiment_chaotic_lorenz_full_chaotic_run_0 - INFO - Train Epoch 92: [0/472 (0.0%)]	Loss: 0.281138
2026-01-12 14:37:25,016 - experiment_chaotic_lorenz_full_chaotic_run_0 - INFO - Epoch 92: Train Loss: 0.2928, Train Acc: 0.9911, Val Loss: 0.1765, Val Acc: 0.9663
2026-01-12 14:37:25,611 - experiment_chaotic_lorenz_full_chaotic_run_0 - INFO - Train Epoch 93: [0/472 (0.0%)]	Loss: 0.271029
2026-01-12 14:37:31,578 - experiment_chaotic_lorenz_full_chaotic_run_0 - INFO - Epoch 93: Train Loss: 0.3099, Train Acc: 0.9888, Val Loss: 0.1898, Val Acc: 0.9663
2026-01-12 14:37:32,181 - experiment_chaotic_lorenz_full_chaotic_run_0 - INFO - Train Epoch 94: [0/472 (0.0%)]	Loss: 0.296325
2026-01-12 14:37:38,259 - experiment_chaotic_lorenz_full_chaotic_run_0 - INFO - Epoch 94: Train Loss: 0.2997, Train Acc: 0.9911, Val Loss: 0.1764, Val Acc: 0.9663
2026-01-12 14:37:38,880 - experiment_chaotic_lorenz_full_chaotic_run_0 - INFO - Train Epoch 95: [0/472 (0.0%)]	Loss: 0.275052
2026-01-12 14:37:45,024 - experiment_chaotic_lorenz_full_chaotic_run_0 - INFO - Epoch 95: Train Loss: 0.3192, Train Acc: 0.9888, Val Loss: 0.1699, Val Acc: 0.9663
2026-01-12 14:37:45,638 - experiment_chaotic_lorenz_full_chaotic_run_0 - INFO - Train Epoch 96: [0/472 (0.0%)]	Loss: 0.312038
2026-01-12 14:37:51,889 - experiment_chaotic_lorenz_full_chaotic_run_0 - INFO - Epoch 96: Train Loss: 0.2810, Train Acc: 0.9978, Val Loss: 0.1783, Val Acc: 0.9551
2026-01-12 14:37:52,501 - experiment_chaotic_lorenz_full_chaotic_run_0 - INFO - Train Epoch 97: [0/472 (0.0%)]	Loss: 0.322632
2026-01-12 14:37:58,618 - experiment_chaotic_lorenz_full_chaotic_run_0 - INFO - Epoch 97: Train Loss: 0.3188, Train Acc: 0.9888, Val Loss: 0.1776, Val Acc: 0.9551
2026-01-12 14:37:59,246 - experiment_chaotic_lorenz_full_chaotic_run_0 - INFO - Train Epoch 98: [0/472 (0.0%)]	Loss: 0.299800
2026-01-12 14:38:05,392 - experiment_chaotic_lorenz_full_chaotic_run_0 - INFO - Epoch 98: Train Loss: 0.2981, Train Acc: 0.9888, Val Loss: 0.1742, Val Acc: 0.9663
2026-01-12 14:38:06,009 - experiment_chaotic_lorenz_full_chaotic_run_0 - INFO - Train Epoch 99: [0/472 (0.0%)]	Loss: 0.321488
2026-01-12 14:38:12,064 - experiment_chaotic_lorenz_full_chaotic_run_0 - INFO - Epoch 99: Train Loss: 0.3173, Train Acc: 0.9821, Val Loss: 0.1771, Val Acc: 0.9663
2026-01-12 14:38:12,071 - experiment_chaotic_lorenz_full_chaotic_run_0 - INFO - Running final test evaluation...
2026-01-12 14:38:13,806 - experiment_chaotic_lorenz_full_chaotic_run_0 - INFO - Test Results:
2026-01-12 14:38:13,806 - experiment_chaotic_lorenz_full_chaotic_run_0 - INFO -   loss: 0.2167
2026-01-12 14:38:13,806 - experiment_chaotic_lorenz_full_chaotic_run_0 - INFO -   accuracy: 0.9492
2026-01-12 14:38:13,806 - experiment_chaotic_lorenz_full_chaotic_run_0 - INFO -   avg_confidence: 0.6073
2026-01-12 14:38:13,806 - experiment_chaotic_lorenz_full_chaotic_run_0 - INFO -   embedding_diversity: 0.1603
2026-01-12 14:38:13,806 - experiment_chaotic_lorenz_full_chaotic_run_0 - INFO -   embedding_norm_mean: 1.0000
2026-01-12 14:38:13,806 - experiment_chaotic_lorenz_full_chaotic_run_0 - INFO -   embedding_norm_std: 0.0000
2026-01-12 14:38:13,808 - experiment_chaotic_lorenz_full_chaotic_run_0 - INFO - Training completed
2026-01-12 14:38:14,622 - experiment_chaotic_lorenz_full_chaotic_run_0 - INFO - Running comprehensive chaotic network analysis...
2026-01-12 14:38:14,623 - experiment_chaotic_lorenz_full_chaotic_run_0 - INFO - Analyzing chaotic features and dynamics...
2026-01-12 14:38:15,341 - experiment_chaotic_lorenz_full_chaotic_run_0 - INFO - Chaotic analysis completed
2026-01-12 14:38:15,343 - experiment_chaotic_lorenz_full_chaotic_run_0 - INFO - Creating chaotic dynamics visualizations...
2026-01-12 14:38:17,694 - experiment_chaotic_lorenz_full_chaotic_run_0 - WARNING - Embedding plotting failed: boolean index did not match indexed array along dimension 0; dimension is 8 but corresponding boolean dimension is 32
2026-01-12 14:38:17,702 - experiment_chaotic_lorenz_full_chaotic_run_0 - INFO - Chaotic network analysis completed
2026-02-23 11:01:41,885 - experiment_chaotic_lorenz_full_chaotic_run_0 - INFO - Initialized experiment: chaotic_lorenz_full_chaotic_run_0
2026-02-23 11:01:41,928 - experiment_chaotic_lorenz_full_chaotic_run_0 - INFO - Device: cuda
2026-02-23 11:01:41,928 - experiment_chaotic_lorenz_full_chaotic_run_0 - INFO - Output directory: /scratch/project_2003370/yueyao/Model/experiments/configs/patience_early_stop/19/experiments/chaotic_lorenz_full_chaotic_run_0
2026-02-23 11:01:41,930 - experiment_chaotic_lorenz_full_chaotic_run_0 - INFO - [SYNC LOSS] Enabled with mode: standard
2026-02-23 11:01:41,930 - experiment_chaotic_lorenz_full_chaotic_run_0 - INFO - [SYNC LOSS] Warmup epochs: 20
2026-02-23 11:01:41,930 - experiment_chaotic_lorenz_full_chaotic_run_0 - INFO - Initialized chaotic network experiment with lorenz system
2026-02-23 11:01:41,930 - experiment_chaotic_lorenz_full_chaotic_run_0 - INFO - Setting up experiment components...
2026-02-23 11:01:41,930 - experiment_chaotic_lorenz_full_chaotic_run_0 - INFO - Creating dataloaders...
2026-02-23 11:01:42,330 - experiment_chaotic_lorenz_full_chaotic_run_0 - INFO - Detected 26 speakers in dataset
2026-02-23 11:01:42,330 - experiment_chaotic_lorenz_full_chaotic_run_0 - INFO - Dataloaders created:
2026-02-23 11:01:42,330 - experiment_chaotic_lorenz_full_chaotic_run_0 - INFO -   Train: 14 batches
2026-02-23 11:01:42,331 - experiment_chaotic_lorenz_full_chaotic_run_0 - INFO -   Val: 3 batches
2026-02-23 11:01:42,331 - experiment_chaotic_lorenz_full_chaotic_run_0 - INFO -   Test: 4 batches
2026-02-23 11:01:42,331 - experiment_chaotic_lorenz_full_chaotic_run_0 - INFO - Creating model...
2026-02-23 11:01:42,331 - experiment_chaotic_lorenz_full_chaotic_run_0 - INFO - Using actual num_speakers from dataset: 26
2026-02-23 11:02:50,104 - experiment_chaotic_lorenz_full_chaotic_run_0 - INFO - Total parameters: 584,959
2026-02-23 11:02:50,105 - experiment_chaotic_lorenz_full_chaotic_run_0 - INFO - Trainable parameters: 584,959
2026-02-23 11:02:50,105 - experiment_chaotic_lorenz_full_chaotic_run_0 - INFO - Creating optimizer...
2026-02-23 11:02:51,283 - experiment_chaotic_lorenz_full_chaotic_run_0 - INFO - Optimizer: AdamW
2026-02-23 11:02:51,284 - experiment_chaotic_lorenz_full_chaotic_run_0 - INFO - Creating scheduler...
2026-02-23 11:02:51,284 - experiment_chaotic_lorenz_full_chaotic_run_0 - INFO - Scheduler: CosineAnnealingLR
2026-02-23 11:02:51,284 - experiment_chaotic_lorenz_full_chaotic_run_0 - INFO - Creating criterion...
2026-02-23 11:02:51,284 - experiment_chaotic_lorenz_full_chaotic_run_0 - INFO - Criterion: CrossEntropyLoss
2026-02-23 11:02:51,371 - experiment_chaotic_lorenz_full_chaotic_run_0 - INFO - Configuration saved to: /scratch/project_2003370/yueyao/Model/experiments/configs/patience_early_stop/19/experiments/chaotic_lorenz_full_chaotic_run_0/config.json
2026-02-23 11:02:51,371 - experiment_chaotic_lorenz_full_chaotic_run_0 - INFO - Experiment setup completed
2026-02-23 11:02:51,372 - experiment_chaotic_lorenz_full_chaotic_run_0 - INFO - Starting training for 100 epochs
2026-02-23 11:02:51,519 - experiment_chaotic_lorenz_full_chaotic_run_0 - INFO - 
================================================================================
2026-02-23 11:02:51,519 - experiment_chaotic_lorenz_full_chaotic_run_0 - INFO - COMPREHENSIVE DEBUG - FIRST BATCH
2026-02-23 11:02:51,519 - experiment_chaotic_lorenz_full_chaotic_run_0 - INFO - ================================================================================
2026-02-23 11:02:51,520 - experiment_chaotic_lorenz_full_chaotic_run_0 - INFO - Batch Info:
2026-02-23 11:02:51,520 - experiment_chaotic_lorenz_full_chaotic_run_0 - INFO -   Audio shape: torch.Size([32, 48000])
2026-02-23 11:02:51,520 - experiment_chaotic_lorenz_full_chaotic_run_0 - INFO -   Targets shape: torch.Size([32])
2026-02-23 11:02:51,524 - experiment_chaotic_lorenz_full_chaotic_run_0 - INFO -   Targets (first 8): tensor([23, 10, 24, 14,  5, 17,  8,  0], device='cuda:0')
2026-02-23 11:02:52,170 - experiment_chaotic_lorenz_full_chaotic_run_0 - INFO - ================================================================================

2026-02-23 11:02:52,171 - experiment_chaotic_lorenz_full_chaotic_run_0 - INFO - [ADVERSARIAL] Initialized AdversarialChaoticAugmentation
2026-02-23 11:02:52,385 - experiment_chaotic_lorenz_full_chaotic_run_0 - INFO - [STABILITY] Initialized LyapunovStabilityLoss
2026-02-23 11:02:52,392 - experiment_chaotic_lorenz_full_chaotic_run_0 - DEBUG - [STABILITY] lyap=0.091, max_norm=46.0, min_std=0.016
2026-02-23 11:02:53,063 - experiment_chaotic_lorenz_full_chaotic_run_0 - INFO - Train Epoch 0: [0/472 (0.0%)]	Loss: 4.856831
2026-02-23 11:02:58,552 - experiment_chaotic_lorenz_full_chaotic_run_0 - INFO - [SYNC DEBUG] Epoch 0: sync_weight=0.01, desync_weight=0.01, loss_sync=0.000000
2026-02-23 11:03:00,035 - experiment_chaotic_lorenz_full_chaotic_run_0 - INFO - Epoch 0: Train Loss: 4.7100, Train Acc: 0.0246, Val Loss: 4.1377, Val Acc: 0.0225
2026-02-23 11:03:00,123 - experiment_chaotic_lorenz_full_chaotic_run_0 - INFO - Saved new best model at epoch 0
2026-02-23 11:03:00,804 - experiment_chaotic_lorenz_full_chaotic_run_0 - INFO - Train Epoch 1: [0/472 (0.0%)]	Loss: 4.349686
2026-02-23 11:03:06,174 - experiment_chaotic_lorenz_full_chaotic_run_0 - INFO - [SYNC DEBUG] Epoch 1: sync_weight=0.01, desync_weight=0.01, loss_sync=0.000000
2026-02-23 11:03:07,652 - experiment_chaotic_lorenz_full_chaotic_run_0 - INFO - Epoch 1: Train Loss: 4.2210, Train Acc: 0.0491, Val Loss: 4.2938, Val Acc: 0.0449
2026-02-23 11:03:07,736 - experiment_chaotic_lorenz_full_chaotic_run_0 - INFO - Saved new best model at epoch 1
2026-02-23 11:03:08,405 - experiment_chaotic_lorenz_full_chaotic_run_0 - INFO - Train Epoch 2: [0/472 (0.0%)]	Loss: 3.810868
2026-02-23 11:03:13,869 - experiment_chaotic_lorenz_full_chaotic_run_0 - INFO - [SYNC DEBUG] Epoch 2: sync_weight=0.01, desync_weight=0.01, loss_sync=0.000000
2026-02-23 11:03:15,321 - experiment_chaotic_lorenz_full_chaotic_run_0 - INFO - Epoch 2: Train Loss: 4.0253, Train Acc: 0.0402, Val Loss: 4.0444, Val Acc: 0.0225
2026-02-23 11:03:15,967 - experiment_chaotic_lorenz_full_chaotic_run_0 - INFO - Train Epoch 3: [0/472 (0.0%)]	Loss: 3.769290
2026-02-23 11:03:21,307 - experiment_chaotic_lorenz_full_chaotic_run_0 - INFO - [SYNC DEBUG] Epoch 3: sync_weight=0.01, desync_weight=0.01, loss_sync=0.000000
2026-02-23 11:03:22,779 - experiment_chaotic_lorenz_full_chaotic_run_0 - INFO - Epoch 3: Train Loss: 3.7033, Train Acc: 0.0647, Val Loss: 3.8103, Val Acc: 0.0449
2026-02-23 11:03:23,394 - experiment_chaotic_lorenz_full_chaotic_run_0 - INFO - Train Epoch 4: [0/472 (0.0%)]	Loss: 3.612037
2026-02-23 11:03:28,765 - experiment_chaotic_lorenz_full_chaotic_run_0 - INFO - [SYNC DEBUG] Epoch 4: sync_weight=0.01, desync_weight=0.01, loss_sync=0.000000
2026-02-23 11:03:30,062 - experiment_chaotic_lorenz_full_chaotic_run_0 - INFO - Epoch 4: Train Loss: 3.5630, Train Acc: 0.0692, Val Loss: 3.4240, Val Acc: 0.0899
2026-02-23 11:03:30,134 - experiment_chaotic_lorenz_full_chaotic_run_0 - INFO - Saved new best model at epoch 4
2026-02-23 11:03:30,980 - experiment_chaotic_lorenz_full_chaotic_run_0 - INFO - Train Epoch 5: [0/472 (0.0%)]	Loss: 4.435973
2026-02-23 11:03:38,458 - experiment_chaotic_lorenz_full_chaotic_run_0 - INFO - [SYNC DEBUG] Epoch 5: sync_weight=0.01, desync_weight=0.01, loss_sync=0.000000
2026-02-23 11:03:39,971 - experiment_chaotic_lorenz_full_chaotic_run_0 - INFO - Epoch 5: Train Loss: 4.3211, Train Acc: 0.1027, Val Loss: 3.1612, Val Acc: 0.1124
2026-02-23 11:03:40,049 - experiment_chaotic_lorenz_full_chaotic_run_0 - INFO - Saved new best model at epoch 5
2026-02-23 11:03:40,804 - experiment_chaotic_lorenz_full_chaotic_run_0 - INFO - Train Epoch 6: [0/472 (0.0%)]	Loss: 3.667455
2026-02-23 11:03:47,401 - experiment_chaotic_lorenz_full_chaotic_run_0 - INFO - [SYNC DEBUG] Epoch 6: sync_weight=0.01, desync_weight=0.01, loss_sync=0.000000
2026-02-23 11:03:48,937 - experiment_chaotic_lorenz_full_chaotic_run_0 - INFO - Epoch 6: Train Loss: 3.7962, Train Acc: 0.1406, Val Loss: 2.8513, Val Acc: 0.1348
2026-02-23 11:03:49,018 - experiment_chaotic_lorenz_full_chaotic_run_0 - INFO - Saved new best model at epoch 6
2026-02-23 11:03:49,798 - experiment_chaotic_lorenz_full_chaotic_run_0 - INFO - Train Epoch 7: [0/472 (0.0%)]	Loss: 3.649378
2026-02-23 11:03:50,619 - experiment_chaotic_lorenz_full_chaotic_run_0 - DEBUG - [STABILITY] lyap=0.021, max_norm=50.2, min_std=9.742
2026-02-23 11:03:56,404 - experiment_chaotic_lorenz_full_chaotic_run_0 - INFO - [SYNC DEBUG] Epoch 7: sync_weight=0.01, desync_weight=0.01, loss_sync=0.000000
2026-02-23 11:03:57,829 - experiment_chaotic_lorenz_full_chaotic_run_0 - INFO - Epoch 7: Train Loss: 3.6132, Train Acc: 0.1987, Val Loss: 2.8857, Val Acc: 0.2135
2026-02-23 11:03:57,906 - experiment_chaotic_lorenz_full_chaotic_run_0 - INFO - Saved new best model at epoch 7
2026-02-23 11:03:58,683 - experiment_chaotic_lorenz_full_chaotic_run_0 - INFO - Train Epoch 8: [0/472 (0.0%)]	Loss: 3.162087
2026-02-23 11:04:05,580 - experiment_chaotic_lorenz_full_chaotic_run_0 - INFO - [SYNC DEBUG] Epoch 8: sync_weight=0.01, desync_weight=0.01, loss_sync=0.000000
2026-02-23 11:04:07,068 - experiment_chaotic_lorenz_full_chaotic_run_0 - INFO - Epoch 8: Train Loss: 3.1930, Train Acc: 0.2388, Val Loss: 2.3967, Val Acc: 0.3483
2026-02-23 11:04:07,146 - experiment_chaotic_lorenz_full_chaotic_run_0 - INFO - Saved new best model at epoch 8
2026-02-23 11:04:07,900 - experiment_chaotic_lorenz_full_chaotic_run_0 - INFO - Train Epoch 9: [0/472 (0.0%)]	Loss: 2.889623
2026-02-23 11:04:14,597 - experiment_chaotic_lorenz_full_chaotic_run_0 - INFO - [SYNC DEBUG] Epoch 9: sync_weight=0.01, desync_weight=0.01, loss_sync=0.000000
2026-02-23 11:04:16,131 - experiment_chaotic_lorenz_full_chaotic_run_0 - INFO - Epoch 9: Train Loss: 2.9082, Train Acc: 0.2902, Val Loss: 2.0740, Val Acc: 0.3596
2026-02-23 11:04:16,208 - experiment_chaotic_lorenz_full_chaotic_run_0 - INFO - Saved new best model at epoch 9
2026-02-23 11:04:16,985 - experiment_chaotic_lorenz_full_chaotic_run_0 - INFO - Train Epoch 10: [0/472 (0.0%)]	Loss: 2.998906
2026-02-23 11:04:23,474 - experiment_chaotic_lorenz_full_chaotic_run_0 - INFO - [SYNC DEBUG] Epoch 10: sync_weight=0.01, desync_weight=0.01, loss_sync=0.000000
2026-02-23 11:04:25,012 - experiment_chaotic_lorenz_full_chaotic_run_0 - INFO - Epoch 10: Train Loss: 2.7104, Train Acc: 0.3661, Val Loss: 2.2764, Val Acc: 0.3258
2026-02-23 11:04:25,833 - experiment_chaotic_lorenz_full_chaotic_run_0 - INFO - Train Epoch 11: [0/472 (0.0%)]	Loss: 2.580721
2026-02-23 11:04:32,727 - experiment_chaotic_lorenz_full_chaotic_run_0 - INFO - [SYNC DEBUG] Epoch 11: sync_weight=0.01, desync_weight=0.01, loss_sync=0.000000
2026-02-23 11:04:34,238 - experiment_chaotic_lorenz_full_chaotic_run_0 - INFO - Epoch 11: Train Loss: 2.5257, Train Acc: 0.3705, Val Loss: 2.0815, Val Acc: 0.3258
2026-02-23 11:04:34,964 - experiment_chaotic_lorenz_full_chaotic_run_0 - INFO - Train Epoch 12: [0/472 (0.0%)]	Loss: 2.967450
2026-02-23 11:04:41,560 - experiment_chaotic_lorenz_full_chaotic_run_0 - INFO - [SYNC DEBUG] Epoch 12: sync_weight=0.01, desync_weight=0.01, loss_sync=0.000000
2026-02-23 11:04:43,097 - experiment_chaotic_lorenz_full_chaotic_run_0 - INFO - Epoch 12: Train Loss: 2.5006, Train Acc: 0.3415, Val Loss: 1.7678, Val Acc: 0.4382
2026-02-23 11:04:43,177 - experiment_chaotic_lorenz_full_chaotic_run_0 - INFO - Saved new best model at epoch 12
2026-02-23 11:04:43,948 - experiment_chaotic_lorenz_full_chaotic_run_0 - INFO - Train Epoch 13: [0/472 (0.0%)]	Loss: 2.010976
2026-02-23 11:04:50,403 - experiment_chaotic_lorenz_full_chaotic_run_0 - INFO - [SYNC DEBUG] Epoch 13: sync_weight=0.01, desync_weight=0.01, loss_sync=0.000000
2026-02-23 11:04:51,920 - experiment_chaotic_lorenz_full_chaotic_run_0 - INFO - Epoch 13: Train Loss: 2.2003, Train Acc: 0.4018, Val Loss: 1.9751, Val Acc: 0.3708
2026-02-23 11:04:52,661 - experiment_chaotic_lorenz_full_chaotic_run_0 - INFO - Train Epoch 14: [0/472 (0.0%)]	Loss: 2.185619
2026-02-23 11:04:54,563 - experiment_chaotic_lorenz_full_chaotic_run_0 - DEBUG - [STABILITY] lyap=0.016, max_norm=50.5, min_std=10.592
2026-02-23 11:04:59,785 - experiment_chaotic_lorenz_full_chaotic_run_0 - INFO - [SYNC DEBUG] Epoch 14: sync_weight=0.01, desync_weight=0.01, loss_sync=0.000000
2026-02-23 11:05:01,275 - experiment_chaotic_lorenz_full_chaotic_run_0 - INFO - Epoch 14: Train Loss: 1.9407, Train Acc: 0.5022, Val Loss: 1.8537, Val Acc: 0.3483
2026-02-23 11:05:01,883 - experiment_chaotic_lorenz_full_chaotic_run_0 - INFO - Train Epoch 15: [0/472 (0.0%)]	Loss: 1.968952
2026-02-23 11:05:08,497 - experiment_chaotic_lorenz_full_chaotic_run_0 - INFO - [SYNC DEBUG] Epoch 15: sync_weight=0.01, desync_weight=0.01, loss_sync=0.000000
2026-02-23 11:05:09,999 - experiment_chaotic_lorenz_full_chaotic_run_0 - INFO - Epoch 15: Train Loss: 1.8349, Train Acc: 0.5312, Val Loss: 1.9986, Val Acc: 0.3708
2026-02-23 11:05:10,747 - experiment_chaotic_lorenz_full_chaotic_run_0 - INFO - Train Epoch 16: [0/472 (0.0%)]	Loss: 1.973516
2026-02-23 11:05:17,050 - experiment_chaotic_lorenz_full_chaotic_run_0 - INFO - [SYNC DEBUG] Epoch 16: sync_weight=0.01, desync_weight=0.01, loss_sync=0.000000
2026-02-23 11:05:18,573 - experiment_chaotic_lorenz_full_chaotic_run_0 - INFO - Epoch 16: Train Loss: 1.6498, Train Acc: 0.5871, Val Loss: 1.4702, Val Acc: 0.5506
2026-02-23 11:05:18,648 - experiment_chaotic_lorenz_full_chaotic_run_0 - INFO - Saved new best model at epoch 16
2026-02-23 11:05:19,422 - experiment_chaotic_lorenz_full_chaotic_run_0 - INFO - Train Epoch 17: [0/472 (0.0%)]	Loss: 1.734366
2026-02-23 11:05:26,314 - experiment_chaotic_lorenz_full_chaotic_run_0 - INFO - [SYNC DEBUG] Epoch 17: sync_weight=0.01, desync_weight=0.01, loss_sync=0.000000
2026-02-23 11:05:27,806 - experiment_chaotic_lorenz_full_chaotic_run_0 - INFO - Epoch 17: Train Loss: 1.4445, Train Acc: 0.6250, Val Loss: 1.8652, Val Acc: 0.3596
2026-02-23 11:05:28,532 - experiment_chaotic_lorenz_full_chaotic_run_0 - INFO - Train Epoch 18: [0/472 (0.0%)]	Loss: 1.127240
2026-02-23 11:05:35,278 - experiment_chaotic_lorenz_full_chaotic_run_0 - INFO - [SYNC DEBUG] Epoch 18: sync_weight=0.01, desync_weight=0.01, loss_sync=0.000000
2026-02-23 11:05:36,726 - experiment_chaotic_lorenz_full_chaotic_run_0 - INFO - Epoch 18: Train Loss: 1.2510, Train Acc: 0.6853, Val Loss: 1.6085, Val Acc: 0.4270
2026-02-23 11:05:37,460 - experiment_chaotic_lorenz_full_chaotic_run_0 - INFO - Train Epoch 19: [0/472 (0.0%)]	Loss: 1.312011
2026-02-23 11:05:43,951 - experiment_chaotic_lorenz_full_chaotic_run_0 - INFO - [SYNC DEBUG] Epoch 19: sync_weight=0.01, desync_weight=0.01, loss_sync=0.000000
2026-02-23 11:05:45,438 - experiment_chaotic_lorenz_full_chaotic_run_0 - INFO - Epoch 19: Train Loss: 1.1770, Train Acc: 0.7232, Val Loss: 1.3936, Val Acc: 0.5618
2026-02-23 11:05:45,515 - experiment_chaotic_lorenz_full_chaotic_run_0 - INFO - Saved new best model at epoch 19
2026-02-23 11:05:45,550 - experiment_chaotic_lorenz_full_chaotic_run_0 - INFO - [SYNC LOSS] Dynamic activation triggered at epoch 20
2026-02-23 11:05:45,551 - experiment_chaotic_lorenz_full_chaotic_run_0 - INFO - [SYNC LOSS] Train accuracy 72.32% >= threshold 70.00%
2026-02-23 11:05:46,177 - experiment_chaotic_lorenz_full_chaotic_run_0 - INFO - Train Epoch 20: [0/472 (0.0%)]	Loss: 1.039144
2026-02-23 11:05:52,786 - experiment_chaotic_lorenz_full_chaotic_run_0 - INFO - [SYNC DEBUG] Epoch 20: sync_weight=0.01, desync_weight=0.01, loss_sync=0.049660
2026-02-23 11:05:54,280 - experiment_chaotic_lorenz_full_chaotic_run_0 - INFO - Epoch 20: Train Loss: 1.1017, Train Acc: 0.7277, Val Loss: 1.2778, Val Acc: 0.5843
2026-02-23 11:05:54,359 - experiment_chaotic_lorenz_full_chaotic_run_0 - INFO - Saved new best model at epoch 20
2026-02-23 11:05:55,207 - experiment_chaotic_lorenz_full_chaotic_run_0 - INFO - Train Epoch 21: [0/472 (0.0%)]	Loss: 1.330941
2026-02-23 11:05:58,105 - experiment_chaotic_lorenz_full_chaotic_run_0 - DEBUG - [STABILITY] lyap=0.014, max_norm=50.1, min_std=11.292
2026-02-23 11:06:01,815 - experiment_chaotic_lorenz_full_chaotic_run_0 - INFO - [SYNC DEBUG] Epoch 21: sync_weight=0.01, desync_weight=0.01, loss_sync=0.049767
2026-02-23 11:06:03,337 - experiment_chaotic_lorenz_full_chaotic_run_0 - INFO - Epoch 21: Train Loss: 0.9765, Train Acc: 0.7790, Val Loss: 1.3599, Val Acc: 0.5506
2026-02-23 11:06:04,080 - experiment_chaotic_lorenz_full_chaotic_run_0 - INFO - Train Epoch 22: [0/472 (0.0%)]	Loss: 0.745624
2026-02-23 11:06:11,073 - experiment_chaotic_lorenz_full_chaotic_run_0 - INFO - [SYNC DEBUG] Epoch 22: sync_weight=0.01, desync_weight=0.01, loss_sync=0.050104
2026-02-23 11:06:12,552 - experiment_chaotic_lorenz_full_chaotic_run_0 - INFO - Epoch 22: Train Loss: 0.8380, Train Acc: 0.7946, Val Loss: 0.9781, Val Acc: 0.6292
2026-02-23 11:06:12,630 - experiment_chaotic_lorenz_full_chaotic_run_0 - INFO - Saved new best model at epoch 22
2026-02-23 11:06:13,326 - experiment_chaotic_lorenz_full_chaotic_run_0 - INFO - Train Epoch 23: [0/472 (0.0%)]	Loss: 0.629814
2026-02-23 11:06:20,051 - experiment_chaotic_lorenz_full_chaotic_run_0 - INFO - [SYNC DEBUG] Epoch 23: sync_weight=0.01, desync_weight=0.01, loss_sync=0.050263
2026-02-23 11:06:21,567 - experiment_chaotic_lorenz_full_chaotic_run_0 - INFO - Epoch 23: Train Loss: 0.8077, Train Acc: 0.8170, Val Loss: 1.2692, Val Acc: 0.5955
2026-02-23 11:06:22,311 - experiment_chaotic_lorenz_full_chaotic_run_0 - INFO - Train Epoch 24: [0/472 (0.0%)]	Loss: 0.728083
2026-02-23 11:06:28,719 - experiment_chaotic_lorenz_full_chaotic_run_0 - INFO - [SYNC DEBUG] Epoch 24: sync_weight=0.01, desync_weight=0.01, loss_sync=0.050006
2026-02-23 11:06:30,256 - experiment_chaotic_lorenz_full_chaotic_run_0 - INFO - Epoch 24: Train Loss: 0.6123, Train Acc: 0.8661, Val Loss: 1.3461, Val Acc: 0.5169
2026-02-23 11:06:30,995 - experiment_chaotic_lorenz_full_chaotic_run_0 - INFO - Train Epoch 25: [0/472 (0.0%)]	Loss: 0.777767
2026-02-23 11:06:37,820 - experiment_chaotic_lorenz_full_chaotic_run_0 - INFO - [SYNC DEBUG] Epoch 25: sync_weight=0.01, desync_weight=0.01, loss_sync=0.049820
2026-02-23 11:06:39,302 - experiment_chaotic_lorenz_full_chaotic_run_0 - INFO - Epoch 25: Train Loss: 0.5979, Train Acc: 0.8817, Val Loss: 1.5775, Val Acc: 0.5056
2026-02-23 11:06:39,955 - experiment_chaotic_lorenz_full_chaotic_run_0 - INFO - Train Epoch 26: [0/472 (0.0%)]	Loss: 0.439295
2026-02-23 11:06:46,723 - experiment_chaotic_lorenz_full_chaotic_run_0 - INFO - [SYNC DEBUG] Epoch 26: sync_weight=0.01, desync_weight=0.01, loss_sync=0.050090
2026-02-23 11:06:48,247 - experiment_chaotic_lorenz_full_chaotic_run_0 - INFO - Epoch 26: Train Loss: 0.5230, Train Acc: 0.8862, Val Loss: 0.9012, Val Acc: 0.7191
2026-02-23 11:06:48,321 - experiment_chaotic_lorenz_full_chaotic_run_0 - INFO - Saved new best model at epoch 26
2026-02-23 11:06:49,088 - experiment_chaotic_lorenz_full_chaotic_run_0 - INFO - Train Epoch 27: [0/472 (0.0%)]	Loss: 0.535448
2026-02-23 11:06:55,681 - experiment_chaotic_lorenz_full_chaotic_run_0 - INFO - [SYNC DEBUG] Epoch 27: sync_weight=0.01, desync_weight=0.01, loss_sync=0.049802
2026-02-23 11:06:57,205 - experiment_chaotic_lorenz_full_chaotic_run_0 - INFO - Epoch 27: Train Loss: 0.5010, Train Acc: 0.8728, Val Loss: 1.4359, Val Acc: 0.5506
2026-02-23 11:06:57,947 - experiment_chaotic_lorenz_full_chaotic_run_0 - INFO - Train Epoch 28: [0/472 (0.0%)]	Loss: 0.560357
2026-02-23 11:07:01,931 - experiment_chaotic_lorenz_full_chaotic_run_0 - DEBUG - [STABILITY] lyap=0.014, max_norm=49.7, min_std=11.253
2026-02-23 11:07:04,750 - experiment_chaotic_lorenz_full_chaotic_run_0 - INFO - [SYNC DEBUG] Epoch 28: sync_weight=0.01, desync_weight=0.01, loss_sync=0.049638
2026-02-23 11:07:06,252 - experiment_chaotic_lorenz_full_chaotic_run_0 - INFO - Epoch 28: Train Loss: 0.4708, Train Acc: 0.9152, Val Loss: 0.8325, Val Acc: 0.6966
2026-02-23 11:07:06,836 - experiment_chaotic_lorenz_full_chaotic_run_0 - INFO - Train Epoch 29: [0/472 (0.0%)]	Loss: 0.686039
2026-02-23 11:07:13,880 - experiment_chaotic_lorenz_full_chaotic_run_0 - INFO - [SYNC DEBUG] Epoch 29: sync_weight=0.01, desync_weight=0.01, loss_sync=0.049661
2026-02-23 11:07:15,392 - experiment_chaotic_lorenz_full_chaotic_run_0 - INFO - Epoch 29: Train Loss: 0.4025, Train Acc: 0.9353, Val Loss: 1.4285, Val Acc: 0.5955
2026-02-23 11:07:16,130 - experiment_chaotic_lorenz_full_chaotic_run_0 - INFO - Train Epoch 30: [0/472 (0.0%)]	Loss: 0.396418
2026-02-23 11:07:22,655 - experiment_chaotic_lorenz_full_chaotic_run_0 - INFO - [SYNC DEBUG] Epoch 30: sync_weight=0.01, desync_weight=0.01, loss_sync=0.050132
2026-02-23 11:07:24,178 - experiment_chaotic_lorenz_full_chaotic_run_0 - INFO - Epoch 30: Train Loss: 0.4286, Train Acc: 0.9219, Val Loss: 1.3621, Val Acc: 0.5730
2026-02-23 11:07:25,001 - experiment_chaotic_lorenz_full_chaotic_run_0 - INFO - Train Epoch 31: [0/472 (0.0%)]	Loss: 0.310243
2026-02-23 11:07:31,724 - experiment_chaotic_lorenz_full_chaotic_run_0 - INFO - [SYNC DEBUG] Epoch 31: sync_weight=0.01, desync_weight=0.01, loss_sync=0.049918
2026-02-23 11:07:33,051 - experiment_chaotic_lorenz_full_chaotic_run_0 - INFO - Epoch 31: Train Loss: 0.3883, Train Acc: 0.9353, Val Loss: 1.7779, Val Acc: 0.5393
2026-02-23 11:07:33,800 - experiment_chaotic_lorenz_full_chaotic_run_0 - INFO - Train Epoch 32: [0/472 (0.0%)]	Loss: 0.310660
2026-02-23 11:07:40,758 - experiment_chaotic_lorenz_full_chaotic_run_0 - INFO - [SYNC DEBUG] Epoch 32: sync_weight=0.01, desync_weight=0.01, loss_sync=0.049832
2026-02-23 11:07:42,299 - experiment_chaotic_lorenz_full_chaotic_run_0 - INFO - Epoch 32: Train Loss: 0.3152, Train Acc: 0.9598, Val Loss: 1.0379, Val Acc: 0.6292
2026-02-23 11:07:42,886 - experiment_chaotic_lorenz_full_chaotic_run_0 - INFO - Train Epoch 33: [0/472 (0.0%)]	Loss: 0.360445
2026-02-23 11:07:49,370 - experiment_chaotic_lorenz_full_chaotic_run_0 - INFO - [SYNC DEBUG] Epoch 33: sync_weight=0.01, desync_weight=0.01, loss_sync=0.050171
2026-02-23 11:07:50,892 - experiment_chaotic_lorenz_full_chaotic_run_0 - INFO - Epoch 33: Train Loss: 0.3428, Train Acc: 0.9308, Val Loss: 1.0210, Val Acc: 0.6517
2026-02-23 11:07:51,634 - experiment_chaotic_lorenz_full_chaotic_run_0 - INFO - Train Epoch 34: [0/472 (0.0%)]	Loss: 0.385312
2026-02-23 11:07:58,370 - experiment_chaotic_lorenz_full_chaotic_run_0 - INFO - [SYNC DEBUG] Epoch 34: sync_weight=0.01, desync_weight=0.01, loss_sync=0.049694
2026-02-23 11:07:59,881 - experiment_chaotic_lorenz_full_chaotic_run_0 - INFO - Epoch 34: Train Loss: 0.3189, Train Acc: 0.9487, Val Loss: 0.6606, Val Acc: 0.7978
2026-02-23 11:07:59,960 - experiment_chaotic_lorenz_full_chaotic_run_0 - INFO - Saved new best model at epoch 34
2026-02-23 11:08:00,723 - experiment_chaotic_lorenz_full_chaotic_run_0 - INFO - Train Epoch 35: [0/472 (0.0%)]	Loss: 0.220378
2026-02-23 11:08:05,674 - experiment_chaotic_lorenz_full_chaotic_run_0 - DEBUG - [STABILITY] lyap=0.014, max_norm=49.7, min_std=11.257
2026-02-23 11:08:07,654 - experiment_chaotic_lorenz_full_chaotic_run_0 - INFO - [SYNC DEBUG] Epoch 35: sync_weight=0.01, desync_weight=0.01, loss_sync=0.049826
2026-02-23 11:08:09,024 - experiment_chaotic_lorenz_full_chaotic_run_0 - INFO - Epoch 35: Train Loss: 0.3599, Train Acc: 0.9286, Val Loss: 0.8903, Val Acc: 0.6629
2026-02-23 11:08:09,739 - experiment_chaotic_lorenz_full_chaotic_run_0 - INFO - Train Epoch 36: [0/472 (0.0%)]	Loss: 0.198945
2026-02-23 11:08:16,428 - experiment_chaotic_lorenz_full_chaotic_run_0 - INFO - [SYNC DEBUG] Epoch 36: sync_weight=0.01, desync_weight=0.01, loss_sync=0.049813
2026-02-23 11:08:17,969 - experiment_chaotic_lorenz_full_chaotic_run_0 - INFO - Epoch 36: Train Loss: 0.2622, Train Acc: 0.9598, Val Loss: 1.3340, Val Acc: 0.6292
2026-02-23 11:08:18,711 - experiment_chaotic_lorenz_full_chaotic_run_0 - INFO - Train Epoch 37: [0/472 (0.0%)]	Loss: 0.225361
2026-02-23 11:08:25,326 - experiment_chaotic_lorenz_full_chaotic_run_0 - INFO - [SYNC DEBUG] Epoch 37: sync_weight=0.01, desync_weight=0.01, loss_sync=0.049763
2026-02-23 11:08:26,841 - experiment_chaotic_lorenz_full_chaotic_run_0 - INFO - Epoch 37: Train Loss: 0.3037, Train Acc: 0.9420, Val Loss: 0.4139, Val Acc: 0.8652
2026-02-23 11:08:26,916 - experiment_chaotic_lorenz_full_chaotic_run_0 - INFO - Saved new best model at epoch 37
2026-02-23 11:08:27,670 - experiment_chaotic_lorenz_full_chaotic_run_0 - INFO - Train Epoch 38: [0/472 (0.0%)]	Loss: 0.178618
2026-02-23 11:08:34,651 - experiment_chaotic_lorenz_full_chaotic_run_0 - INFO - [SYNC DEBUG] Epoch 38: sync_weight=0.01, desync_weight=0.01, loss_sync=0.050232
2026-02-23 11:08:36,102 - experiment_chaotic_lorenz_full_chaotic_run_0 - INFO - Epoch 38: Train Loss: 0.2557, Train Acc: 0.9598, Val Loss: 0.4155, Val Acc: 0.8539
2026-02-23 11:08:36,825 - experiment_chaotic_lorenz_full_chaotic_run_0 - INFO - Train Epoch 39: [0/472 (0.0%)]	Loss: 0.458691
2026-02-23 11:08:43,598 - experiment_chaotic_lorenz_full_chaotic_run_0 - INFO - [SYNC DEBUG] Epoch 39: sync_weight=0.01, desync_weight=0.01, loss_sync=0.050024
2026-02-23 11:08:45,107 - experiment_chaotic_lorenz_full_chaotic_run_0 - INFO - Epoch 39: Train Loss: 0.3157, Train Acc: 0.9241, Val Loss: 1.2104, Val Acc: 0.5730
2026-02-23 11:08:45,851 - experiment_chaotic_lorenz_full_chaotic_run_0 - INFO - Train Epoch 40: [0/472 (0.0%)]	Loss: 0.210098
2026-02-23 11:08:52,067 - experiment_chaotic_lorenz_full_chaotic_run_0 - INFO - [SYNC DEBUG] Epoch 40: sync_weight=0.01, desync_weight=0.01, loss_sync=0.049612
2026-02-23 11:08:53,622 - experiment_chaotic_lorenz_full_chaotic_run_0 - INFO - Epoch 40: Train Loss: 0.3060, Train Acc: 0.9330, Val Loss: 0.7306, Val Acc: 0.7753
2026-02-23 11:08:54,437 - experiment_chaotic_lorenz_full_chaotic_run_0 - INFO - Train Epoch 41: [0/472 (0.0%)]	Loss: 0.304705
2026-02-23 11:09:01,240 - experiment_chaotic_lorenz_full_chaotic_run_0 - INFO - [SYNC DEBUG] Epoch 41: sync_weight=0.01, desync_weight=0.01, loss_sync=0.049401
2026-02-23 11:09:02,775 - experiment_chaotic_lorenz_full_chaotic_run_0 - INFO - Epoch 41: Train Loss: 0.2091, Train Acc: 0.9665, Val Loss: 0.8048, Val Acc: 0.7640
2026-02-23 11:09:03,495 - experiment_chaotic_lorenz_full_chaotic_run_0 - INFO - Train Epoch 42: [0/472 (0.0%)]	Loss: 0.146831
2026-02-23 11:09:08,981 - experiment_chaotic_lorenz_full_chaotic_run_0 - DEBUG - [STABILITY] lyap=0.014, max_norm=49.7, min_std=11.275
2026-02-23 11:09:09,914 - experiment_chaotic_lorenz_full_chaotic_run_0 - INFO - [SYNC DEBUG] Epoch 42: sync_weight=0.01, desync_weight=0.01, loss_sync=0.049761
2026-02-23 11:09:11,426 - experiment_chaotic_lorenz_full_chaotic_run_0 - INFO - Epoch 42: Train Loss: 0.2629, Train Acc: 0.9442, Val Loss: 0.5667, Val Acc: 0.7978
2026-02-23 11:09:12,163 - experiment_chaotic_lorenz_full_chaotic_run_0 - INFO - Train Epoch 43: [0/472 (0.0%)]	Loss: 0.117266
2026-02-23 11:09:18,885 - experiment_chaotic_lorenz_full_chaotic_run_0 - INFO - [SYNC DEBUG] Epoch 43: sync_weight=0.01, desync_weight=0.01, loss_sync=0.049866
2026-02-23 11:09:20,355 - experiment_chaotic_lorenz_full_chaotic_run_0 - INFO - Epoch 43: Train Loss: 0.2685, Train Acc: 0.9487, Val Loss: 1.5158, Val Acc: 0.5955
2026-02-23 11:09:20,978 - experiment_chaotic_lorenz_full_chaotic_run_0 - INFO - Train Epoch 44: [0/472 (0.0%)]	Loss: 0.120532
2026-02-23 11:09:27,876 - experiment_chaotic_lorenz_full_chaotic_run_0 - INFO - [SYNC DEBUG] Epoch 44: sync_weight=0.01, desync_weight=0.01, loss_sync=0.049707
2026-02-23 11:09:29,420 - experiment_chaotic_lorenz_full_chaotic_run_0 - INFO - Epoch 44: Train Loss: 0.2100, Train Acc: 0.9621, Val Loss: 0.6704, Val Acc: 0.8315
2026-02-23 11:09:30,158 - experiment_chaotic_lorenz_full_chaotic_run_0 - INFO - Train Epoch 45: [0/472 (0.0%)]	Loss: 0.214973
2026-02-23 11:09:36,865 - experiment_chaotic_lorenz_full_chaotic_run_0 - INFO - [SYNC DEBUG] Epoch 45: sync_weight=0.01, desync_weight=0.01, loss_sync=0.050095
2026-02-23 11:09:38,408 - experiment_chaotic_lorenz_full_chaotic_run_0 - INFO - Epoch 45: Train Loss: 0.1890, Train Acc: 0.9688, Val Loss: 0.3123, Val Acc: 0.8764
2026-02-23 11:09:38,487 - experiment_chaotic_lorenz_full_chaotic_run_0 - INFO - Saved new best model at epoch 45
2026-02-23 11:09:39,258 - experiment_chaotic_lorenz_full_chaotic_run_0 - INFO - Train Epoch 46: [0/472 (0.0%)]	Loss: 0.157811
2026-02-23 11:09:46,217 - experiment_chaotic_lorenz_full_chaotic_run_0 - INFO - [SYNC DEBUG] Epoch 46: sync_weight=0.01, desync_weight=0.01, loss_sync=0.049745
2026-02-23 11:09:47,642 - experiment_chaotic_lorenz_full_chaotic_run_0 - INFO - Epoch 46: Train Loss: 0.2241, Train Acc: 0.9643, Val Loss: 0.8057, Val Acc: 0.7865
2026-02-23 11:09:48,367 - experiment_chaotic_lorenz_full_chaotic_run_0 - INFO - Train Epoch 47: [0/472 (0.0%)]	Loss: 0.178046
2026-02-23 11:09:55,172 - experiment_chaotic_lorenz_full_chaotic_run_0 - INFO - [SYNC DEBUG] Epoch 47: sync_weight=0.01, desync_weight=0.01, loss_sync=0.049638
2026-02-23 11:09:56,694 - experiment_chaotic_lorenz_full_chaotic_run_0 - INFO - Epoch 47: Train Loss: 0.2221, Train Acc: 0.9688, Val Loss: 0.4979, Val Acc: 0.8315
2026-02-23 11:09:57,421 - experiment_chaotic_lorenz_full_chaotic_run_0 - INFO - Train Epoch 48: [0/472 (0.0%)]	Loss: 0.300130
2026-02-23 11:10:03,920 - experiment_chaotic_lorenz_full_chaotic_run_0 - INFO - [SYNC DEBUG] Epoch 48: sync_weight=0.01, desync_weight=0.01, loss_sync=0.049816
2026-02-23 11:10:05,476 - experiment_chaotic_lorenz_full_chaotic_run_0 - INFO - Epoch 48: Train Loss: 0.1817, Train Acc: 0.9754, Val Loss: 0.5976, Val Acc: 0.8090
2026-02-23 11:10:06,209 - experiment_chaotic_lorenz_full_chaotic_run_0 - INFO - Train Epoch 49: [0/472 (0.0%)]	Loss: 0.113475
2026-02-23 11:10:13,079 - experiment_chaotic_lorenz_full_chaotic_run_0 - INFO - [SYNC DEBUG] Epoch 49: sync_weight=0.01, desync_weight=0.01, loss_sync=0.049553
2026-02-23 11:10:14,576 - experiment_chaotic_lorenz_full_chaotic_run_0 - INFO - Epoch 49: Train Loss: 0.2135, Train Acc: 0.9621, Val Loss: 0.5837, Val Acc: 0.8539
2026-02-23 11:10:15,063 - experiment_chaotic_lorenz_full_chaotic_run_0 - DEBUG - [STABILITY] lyap=0.014, max_norm=49.7, min_std=11.255
2026-02-23 11:10:15,279 - experiment_chaotic_lorenz_full_chaotic_run_0 - INFO - Train Epoch 50: [0/472 (0.0%)]	Loss: 0.113673
2026-02-23 11:10:22,358 - experiment_chaotic_lorenz_full_chaotic_run_0 - INFO - [SYNC DEBUG] Epoch 50: sync_weight=0.01, desync_weight=0.01, loss_sync=0.049631
2026-02-23 11:10:23,880 - experiment_chaotic_lorenz_full_chaotic_run_0 - INFO - Epoch 50: Train Loss: 0.1826, Train Acc: 0.9688, Val Loss: 0.2684, Val Acc: 0.9101
2026-02-23 11:10:23,957 - experiment_chaotic_lorenz_full_chaotic_run_0 - INFO - Saved new best model at epoch 50
2026-02-23 11:10:24,798 - experiment_chaotic_lorenz_full_chaotic_run_0 - INFO - Train Epoch 51: [0/472 (0.0%)]	Loss: 0.131559
2026-02-23 11:10:31,490 - experiment_chaotic_lorenz_full_chaotic_run_0 - INFO - [SYNC DEBUG] Epoch 51: sync_weight=0.01, desync_weight=0.01, loss_sync=0.049622
2026-02-23 11:10:32,995 - experiment_chaotic_lorenz_full_chaotic_run_0 - INFO - Epoch 51: Train Loss: 0.1506, Train Acc: 0.9888, Val Loss: 0.2485, Val Acc: 0.9213
2026-02-23 11:10:33,075 - experiment_chaotic_lorenz_full_chaotic_run_0 - INFO - Saved new best model at epoch 51
2026-02-23 11:10:33,838 - experiment_chaotic_lorenz_full_chaotic_run_0 - INFO - Train Epoch 52: [0/472 (0.0%)]	Loss: 0.242396
2026-02-23 11:10:40,644 - experiment_chaotic_lorenz_full_chaotic_run_0 - INFO - [SYNC DEBUG] Epoch 52: sync_weight=0.01, desync_weight=0.01, loss_sync=0.049587
2026-02-23 11:10:42,106 - experiment_chaotic_lorenz_full_chaotic_run_0 - INFO - Epoch 52: Train Loss: 0.1662, Train Acc: 0.9777, Val Loss: 0.6933, Val Acc: 0.7865
2026-02-23 11:10:42,847 - experiment_chaotic_lorenz_full_chaotic_run_0 - INFO - Train Epoch 53: [0/472 (0.0%)]	Loss: 0.116892
2026-02-23 11:10:49,928 - experiment_chaotic_lorenz_full_chaotic_run_0 - INFO - [SYNC DEBUG] Epoch 53: sync_weight=0.01, desync_weight=0.01, loss_sync=0.049882
2026-02-23 11:10:51,423 - experiment_chaotic_lorenz_full_chaotic_run_0 - INFO - Epoch 53: Train Loss: 0.1463, Train Acc: 0.9777, Val Loss: 0.5156, Val Acc: 0.8315
2026-02-23 11:10:52,014 - experiment_chaotic_lorenz_full_chaotic_run_0 - INFO - Train Epoch 54: [0/472 (0.0%)]	Loss: 0.112687
2026-02-23 11:10:58,748 - experiment_chaotic_lorenz_full_chaotic_run_0 - INFO - [SYNC DEBUG] Epoch 54: sync_weight=0.01, desync_weight=0.01, loss_sync=0.049841
2026-02-23 11:11:00,247 - experiment_chaotic_lorenz_full_chaotic_run_0 - INFO - Epoch 54: Train Loss: 0.1385, Train Acc: 0.9888, Val Loss: 0.4576, Val Acc: 0.8652
2026-02-23 11:11:00,983 - experiment_chaotic_lorenz_full_chaotic_run_0 - INFO - Train Epoch 55: [0/472 (0.0%)]	Loss: 0.161183
2026-02-23 11:11:07,613 - experiment_chaotic_lorenz_full_chaotic_run_0 - INFO - [SYNC DEBUG] Epoch 55: sync_weight=0.01, desync_weight=0.01, loss_sync=0.049513
2026-02-23 11:11:09,103 - experiment_chaotic_lorenz_full_chaotic_run_0 - INFO - Epoch 55: Train Loss: 0.1191, Train Acc: 0.9888, Val Loss: 0.4386, Val Acc: 0.8764
2026-02-23 11:11:09,836 - experiment_chaotic_lorenz_full_chaotic_run_0 - INFO - Train Epoch 56: [0/472 (0.0%)]	Loss: 0.091871
2026-02-23 11:11:16,767 - experiment_chaotic_lorenz_full_chaotic_run_0 - INFO - [SYNC DEBUG] Epoch 56: sync_weight=0.01, desync_weight=0.01, loss_sync=0.049864
2026-02-23 11:11:18,191 - experiment_chaotic_lorenz_full_chaotic_run_0 - INFO - Epoch 56: Train Loss: 0.1544, Train Acc: 0.9821, Val Loss: 0.2250, Val Acc: 0.9101
2026-02-23 11:11:18,910 - experiment_chaotic_lorenz_full_chaotic_run_0 - INFO - Train Epoch 57: [0/472 (0.0%)]	Loss: 0.234522
2026-02-23 11:11:19,692 - experiment_chaotic_lorenz_full_chaotic_run_0 - DEBUG - [STABILITY] lyap=0.014, max_norm=49.7, min_std=11.269
2026-02-23 11:11:25,635 - experiment_chaotic_lorenz_full_chaotic_run_0 - INFO - [SYNC DEBUG] Epoch 57: sync_weight=0.01, desync_weight=0.01, loss_sync=0.049783
2026-02-23 11:11:27,177 - experiment_chaotic_lorenz_full_chaotic_run_0 - INFO - Epoch 57: Train Loss: 0.1534, Train Acc: 0.9777, Val Loss: 0.4127, Val Acc: 0.8539
2026-02-23 11:11:27,927 - experiment_chaotic_lorenz_full_chaotic_run_0 - INFO - Train Epoch 58: [0/472 (0.0%)]	Loss: 0.127271
2026-02-23 11:11:34,490 - experiment_chaotic_lorenz_full_chaotic_run_0 - INFO - [SYNC DEBUG] Epoch 58: sync_weight=0.01, desync_weight=0.01, loss_sync=0.050306
2026-02-23 11:11:36,007 - experiment_chaotic_lorenz_full_chaotic_run_0 - INFO - Epoch 58: Train Loss: 0.1164, Train Acc: 0.9955, Val Loss: 0.4187, Val Acc: 0.8876
2026-02-23 11:11:36,761 - experiment_chaotic_lorenz_full_chaotic_run_0 - INFO - Train Epoch 59: [0/472 (0.0%)]	Loss: 0.216268
2026-02-23 11:11:43,806 - experiment_chaotic_lorenz_full_chaotic_run_0 - INFO - [SYNC DEBUG] Epoch 59: sync_weight=0.01, desync_weight=0.01, loss_sync=0.049845
2026-02-23 11:11:45,298 - experiment_chaotic_lorenz_full_chaotic_run_0 - INFO - Epoch 59: Train Loss: 0.1332, Train Acc: 0.9844, Val Loss: 0.5117, Val Acc: 0.8315
2026-02-23 11:11:46,015 - experiment_chaotic_lorenz_full_chaotic_run_0 - INFO - Train Epoch 60: [0/472 (0.0%)]	Loss: 0.099422
2026-02-23 11:11:52,552 - experiment_chaotic_lorenz_full_chaotic_run_0 - INFO - [SYNC DEBUG] Epoch 60: sync_weight=0.01, desync_weight=0.01, loss_sync=0.050023
2026-02-23 11:11:54,081 - experiment_chaotic_lorenz_full_chaotic_run_0 - INFO - Epoch 60: Train Loss: 0.1238, Train Acc: 0.9911, Val Loss: 0.2512, Val Acc: 0.9438
2026-02-23 11:11:54,152 - experiment_chaotic_lorenz_full_chaotic_run_0 - INFO - Saved new best model at epoch 60
2026-02-23 11:11:55,021 - experiment_chaotic_lorenz_full_chaotic_run_0 - INFO - Train Epoch 61: [0/472 (0.0%)]	Loss: 0.120909
2026-02-23 11:12:01,543 - experiment_chaotic_lorenz_full_chaotic_run_0 - INFO - [SYNC DEBUG] Epoch 61: sync_weight=0.01, desync_weight=0.01, loss_sync=0.049795
2026-02-23 11:12:03,070 - experiment_chaotic_lorenz_full_chaotic_run_0 - INFO - Epoch 61: Train Loss: 0.1282, Train Acc: 0.9866, Val Loss: 0.4392, Val Acc: 0.8876
2026-02-23 11:12:03,838 - experiment_chaotic_lorenz_full_chaotic_run_0 - INFO - Train Epoch 62: [0/472 (0.0%)]	Loss: 0.084046
2026-02-23 11:12:10,800 - experiment_chaotic_lorenz_full_chaotic_run_0 - INFO - [SYNC DEBUG] Epoch 62: sync_weight=0.01, desync_weight=0.01, loss_sync=0.049880
2026-02-23 11:12:12,296 - experiment_chaotic_lorenz_full_chaotic_run_0 - INFO - Epoch 62: Train Loss: 0.1122, Train Acc: 0.9955, Val Loss: 0.7004, Val Acc: 0.8652
2026-02-23 11:12:13,021 - experiment_chaotic_lorenz_full_chaotic_run_0 - INFO - Train Epoch 63: [0/472 (0.0%)]	Loss: 0.155244
2026-02-23 11:12:19,835 - experiment_chaotic_lorenz_full_chaotic_run_0 - INFO - [SYNC DEBUG] Epoch 63: sync_weight=0.01, desync_weight=0.01, loss_sync=0.049540
2026-02-23 11:12:21,344 - experiment_chaotic_lorenz_full_chaotic_run_0 - INFO - Epoch 63: Train Loss: 0.1026, Train Acc: 0.9978, Val Loss: 0.1447, Val Acc: 0.9551
2026-02-23 11:12:21,422 - experiment_chaotic_lorenz_full_chaotic_run_0 - INFO - Saved new best model at epoch 63
2026-02-23 11:12:22,186 - experiment_chaotic_lorenz_full_chaotic_run_0 - INFO - Train Epoch 64: [0/472 (0.0%)]	Loss: 0.132530
2026-02-23 11:12:23,999 - experiment_chaotic_lorenz_full_chaotic_run_0 - DEBUG - [STABILITY] lyap=0.014, max_norm=49.7, min_std=11.262
2026-02-23 11:12:28,842 - experiment_chaotic_lorenz_full_chaotic_run_0 - INFO - [SYNC DEBUG] Epoch 64: sync_weight=0.01, desync_weight=0.01, loss_sync=0.049748
2026-02-23 11:12:30,359 - experiment_chaotic_lorenz_full_chaotic_run_0 - INFO - Epoch 64: Train Loss: 0.1021, Train Acc: 0.9933, Val Loss: 0.0926, Val Acc: 0.9775
2026-02-23 11:12:30,430 - experiment_chaotic_lorenz_full_chaotic_run_0 - INFO - Saved new best model at epoch 64
2026-02-23 11:12:31,156 - experiment_chaotic_lorenz_full_chaotic_run_0 - INFO - Train Epoch 65: [0/472 (0.0%)]	Loss: 0.132320
2026-02-23 11:12:37,933 - experiment_chaotic_lorenz_full_chaotic_run_0 - INFO - [SYNC DEBUG] Epoch 65: sync_weight=0.01, desync_weight=0.01, loss_sync=0.049864
2026-02-23 11:12:39,456 - experiment_chaotic_lorenz_full_chaotic_run_0 - INFO - Epoch 65: Train Loss: 0.1194, Train Acc: 0.9888, Val Loss: 0.5048, Val Acc: 0.8652
2026-02-23 11:12:40,198 - experiment_chaotic_lorenz_full_chaotic_run_0 - INFO - Train Epoch 66: [0/472 (0.0%)]	Loss: 0.355606
2026-02-23 11:12:46,702 - experiment_chaotic_lorenz_full_chaotic_run_0 - INFO - [SYNC DEBUG] Epoch 66: sync_weight=0.01, desync_weight=0.01, loss_sync=0.049802
2026-02-23 11:12:48,241 - experiment_chaotic_lorenz_full_chaotic_run_0 - INFO - Epoch 66: Train Loss: 0.1447, Train Acc: 0.9844, Val Loss: 0.5616, Val Acc: 0.8539
2026-02-23 11:12:48,993 - experiment_chaotic_lorenz_full_chaotic_run_0 - INFO - Train Epoch 67: [0/472 (0.0%)]	Loss: 0.138358
2026-02-23 11:12:55,930 - experiment_chaotic_lorenz_full_chaotic_run_0 - INFO - [SYNC DEBUG] Epoch 67: sync_weight=0.01, desync_weight=0.01, loss_sync=0.049667
2026-02-23 11:12:57,321 - experiment_chaotic_lorenz_full_chaotic_run_0 - INFO - Epoch 67: Train Loss: 0.1009, Train Acc: 0.9933, Val Loss: 0.2225, Val Acc: 0.9663
2026-02-23 11:12:58,046 - experiment_chaotic_lorenz_full_chaotic_run_0 - INFO - Train Epoch 68: [0/472 (0.0%)]	Loss: 0.068894
2026-02-23 11:13:04,733 - experiment_chaotic_lorenz_full_chaotic_run_0 - INFO - [SYNC DEBUG] Epoch 68: sync_weight=0.01, desync_weight=0.01, loss_sync=0.049804
2026-02-23 11:13:06,231 - experiment_chaotic_lorenz_full_chaotic_run_0 - INFO - Epoch 68: Train Loss: 0.1552, Train Acc: 0.9844, Val Loss: 0.1430, Val Acc: 0.9663
2026-02-23 11:13:06,994 - experiment_chaotic_lorenz_full_chaotic_run_0 - INFO - Train Epoch 69: [0/472 (0.0%)]	Loss: 0.131893
2026-02-23 11:13:13,560 - experiment_chaotic_lorenz_full_chaotic_run_0 - INFO - [SYNC DEBUG] Epoch 69: sync_weight=0.01, desync_weight=0.01, loss_sync=0.049933
2026-02-23 11:13:15,091 - experiment_chaotic_lorenz_full_chaotic_run_0 - INFO - Epoch 69: Train Loss: 0.1396, Train Acc: 0.9777, Val Loss: 0.2188, Val Acc: 0.9326
2026-02-23 11:13:15,823 - experiment_chaotic_lorenz_full_chaotic_run_0 - INFO - Train Epoch 70: [0/472 (0.0%)]	Loss: 0.073000
2026-02-23 11:13:22,828 - experiment_chaotic_lorenz_full_chaotic_run_0 - INFO - [SYNC DEBUG] Epoch 70: sync_weight=0.01, desync_weight=0.01, loss_sync=0.049793
2026-02-23 11:13:24,326 - experiment_chaotic_lorenz_full_chaotic_run_0 - INFO - Epoch 70: Train Loss: 0.0966, Train Acc: 0.9933, Val Loss: 0.2527, Val Acc: 0.8876
2026-02-23 11:13:25,118 - experiment_chaotic_lorenz_full_chaotic_run_0 - INFO - Train Epoch 71: [0/472 (0.0%)]	Loss: 0.090921
2026-02-23 11:13:27,620 - experiment_chaotic_lorenz_full_chaotic_run_0 - DEBUG - [STABILITY] lyap=0.014, max_norm=49.7, min_std=11.245
2026-02-23 11:13:31,663 - experiment_chaotic_lorenz_full_chaotic_run_0 - INFO - [SYNC DEBUG] Epoch 71: sync_weight=0.01, desync_weight=0.01, loss_sync=0.049669
2026-02-23 11:13:33,154 - experiment_chaotic_lorenz_full_chaotic_run_0 - INFO - Epoch 71: Train Loss: 0.0821, Train Acc: 1.0000, Val Loss: 0.1402, Val Acc: 0.9438
2026-02-23 11:13:33,887 - experiment_chaotic_lorenz_full_chaotic_run_0 - INFO - Train Epoch 72: [0/472 (0.0%)]	Loss: 0.109038
2026-02-23 11:13:40,352 - experiment_chaotic_lorenz_full_chaotic_run_0 - INFO - [SYNC DEBUG] Epoch 72: sync_weight=0.01, desync_weight=0.01, loss_sync=0.049625
2026-02-23 11:13:41,902 - experiment_chaotic_lorenz_full_chaotic_run_0 - INFO - Epoch 72: Train Loss: 0.0951, Train Acc: 0.9933, Val Loss: 0.0684, Val Acc: 0.9775
2026-02-23 11:13:42,652 - experiment_chaotic_lorenz_full_chaotic_run_0 - INFO - Train Epoch 73: [0/472 (0.0%)]	Loss: 0.090374
2026-02-23 11:13:49,580 - experiment_chaotic_lorenz_full_chaotic_run_0 - INFO - [SYNC DEBUG] Epoch 73: sync_weight=0.01, desync_weight=0.01, loss_sync=0.049665
2026-02-23 11:13:51,114 - experiment_chaotic_lorenz_full_chaotic_run_0 - INFO - Epoch 73: Train Loss: 0.1037, Train Acc: 0.9933, Val Loss: 0.2053, Val Acc: 0.9551
2026-02-23 11:13:51,827 - experiment_chaotic_lorenz_full_chaotic_run_0 - INFO - Train Epoch 74: [0/472 (0.0%)]	Loss: 0.076596
2026-02-23 11:13:58,751 - experiment_chaotic_lorenz_full_chaotic_run_0 - INFO - [SYNC DEBUG] Epoch 74: sync_weight=0.01, desync_weight=0.01, loss_sync=0.049608
2026-02-23 11:14:00,327 - experiment_chaotic_lorenz_full_chaotic_run_0 - INFO - Epoch 74: Train Loss: 0.1134, Train Acc: 0.9844, Val Loss: 0.1553, Val Acc: 0.9326
2026-02-23 11:14:01,059 - experiment_chaotic_lorenz_full_chaotic_run_0 - INFO - Train Epoch 75: [0/472 (0.0%)]	Loss: 0.101504
2026-02-23 11:14:07,583 - experiment_chaotic_lorenz_full_chaotic_run_0 - INFO - [SYNC DEBUG] Epoch 75: sync_weight=0.01, desync_weight=0.01, loss_sync=0.049547
2026-02-23 11:14:09,096 - experiment_chaotic_lorenz_full_chaotic_run_0 - INFO - Epoch 75: Train Loss: 0.0846, Train Acc: 0.9955, Val Loss: 0.0913, Val Acc: 0.9775
2026-02-23 11:14:09,834 - experiment_chaotic_lorenz_full_chaotic_run_0 - INFO - Train Epoch 76: [0/472 (0.0%)]	Loss: 0.139759
2026-02-23 11:14:16,851 - experiment_chaotic_lorenz_full_chaotic_run_0 - INFO - [SYNC DEBUG] Epoch 76: sync_weight=0.01, desync_weight=0.01, loss_sync=0.049706
2026-02-23 11:14:18,335 - experiment_chaotic_lorenz_full_chaotic_run_0 - INFO - Epoch 76: Train Loss: 0.0909, Train Acc: 0.9955, Val Loss: 0.0664, Val Acc: 0.9775
2026-02-23 11:14:18,914 - experiment_chaotic_lorenz_full_chaotic_run_0 - INFO - Train Epoch 77: [0/472 (0.0%)]	Loss: 0.114654
2026-02-23 11:14:25,963 - experiment_chaotic_lorenz_full_chaotic_run_0 - INFO - [SYNC DEBUG] Epoch 77: sync_weight=0.01, desync_weight=0.01, loss_sync=0.049752
2026-02-23 11:14:27,498 - experiment_chaotic_lorenz_full_chaotic_run_0 - INFO - Epoch 77: Train Loss: 0.0986, Train Acc: 0.9911, Val Loss: 0.0495, Val Acc: 0.9888
2026-02-23 11:14:27,576 - experiment_chaotic_lorenz_full_chaotic_run_0 - INFO - Saved new best model at epoch 77
2026-02-23 11:14:28,350 - experiment_chaotic_lorenz_full_chaotic_run_0 - INFO - Train Epoch 78: [0/472 (0.0%)]	Loss: 0.071266
2026-02-23 11:14:32,119 - experiment_chaotic_lorenz_full_chaotic_run_0 - DEBUG - [STABILITY] lyap=0.014, max_norm=49.7, min_std=11.226
2026-02-23 11:14:35,240 - experiment_chaotic_lorenz_full_chaotic_run_0 - INFO - [SYNC DEBUG] Epoch 78: sync_weight=0.01, desync_weight=0.01, loss_sync=0.049583
2026-02-23 11:14:36,780 - experiment_chaotic_lorenz_full_chaotic_run_0 - INFO - Epoch 78: Train Loss: 0.0890, Train Acc: 0.9955, Val Loss: 0.1058, Val Acc: 0.9663
2026-02-23 11:14:37,518 - experiment_chaotic_lorenz_full_chaotic_run_0 - INFO - Train Epoch 79: [0/472 (0.0%)]	Loss: 0.083705
2026-02-23 11:14:44,398 - experiment_chaotic_lorenz_full_chaotic_run_0 - INFO - [SYNC DEBUG] Epoch 79: sync_weight=0.01, desync_weight=0.01, loss_sync=0.049750
2026-02-23 11:14:45,672 - experiment_chaotic_lorenz_full_chaotic_run_0 - INFO - Epoch 79: Train Loss: 0.1099, Train Acc: 0.9866, Val Loss: 0.0905, Val Acc: 0.9775
2026-02-23 11:14:46,438 - experiment_chaotic_lorenz_full_chaotic_run_0 - INFO - Train Epoch 80: [0/472 (0.0%)]	Loss: 0.067004
2026-02-23 11:14:53,556 - experiment_chaotic_lorenz_full_chaotic_run_0 - INFO - [SYNC DEBUG] Epoch 80: sync_weight=0.01, desync_weight=0.01, loss_sync=0.049758
2026-02-23 11:14:55,080 - experiment_chaotic_lorenz_full_chaotic_run_0 - INFO - Epoch 80: Train Loss: 0.0950, Train Acc: 0.9866, Val Loss: 0.0693, Val Acc: 0.9888
2026-02-23 11:14:55,893 - experiment_chaotic_lorenz_full_chaotic_run_0 - INFO - Train Epoch 81: [0/472 (0.0%)]	Loss: 0.110381
2026-02-23 11:15:02,526 - experiment_chaotic_lorenz_full_chaotic_run_0 - INFO - [SYNC DEBUG] Epoch 81: sync_weight=0.01, desync_weight=0.01, loss_sync=0.049793
2026-02-23 11:15:04,058 - experiment_chaotic_lorenz_full_chaotic_run_0 - INFO - Epoch 81: Train Loss: 0.1022, Train Acc: 0.9955, Val Loss: 0.1055, Val Acc: 0.9663
2026-02-23 11:15:04,798 - experiment_chaotic_lorenz_full_chaotic_run_0 - INFO - Train Epoch 82: [0/472 (0.0%)]	Loss: 0.104865
2026-02-23 11:15:11,515 - experiment_chaotic_lorenz_full_chaotic_run_0 - INFO - [SYNC DEBUG] Epoch 82: sync_weight=0.01, desync_weight=0.01, loss_sync=0.049553
2026-02-23 11:15:13,050 - experiment_chaotic_lorenz_full_chaotic_run_0 - INFO - Epoch 82: Train Loss: 0.0835, Train Acc: 1.0000, Val Loss: 0.0756, Val Acc: 0.9888
2026-02-23 11:15:13,811 - experiment_chaotic_lorenz_full_chaotic_run_0 - INFO - Train Epoch 83: [0/472 (0.0%)]	Loss: 0.147878
2026-02-23 11:15:20,721 - experiment_chaotic_lorenz_full_chaotic_run_0 - INFO - [SYNC DEBUG] Epoch 83: sync_weight=0.01, desync_weight=0.01, loss_sync=0.049742
2026-02-23 11:15:22,154 - experiment_chaotic_lorenz_full_chaotic_run_0 - INFO - Epoch 83: Train Loss: 0.0918, Train Acc: 0.9933, Val Loss: 0.0925, Val Acc: 0.9888
2026-02-23 11:15:22,884 - experiment_chaotic_lorenz_full_chaotic_run_0 - INFO - Train Epoch 84: [0/472 (0.0%)]	Loss: 0.149717
2026-02-23 11:15:29,410 - experiment_chaotic_lorenz_full_chaotic_run_0 - INFO - [SYNC DEBUG] Epoch 84: sync_weight=0.01, desync_weight=0.01, loss_sync=0.049743
2026-02-23 11:15:30,958 - experiment_chaotic_lorenz_full_chaotic_run_0 - INFO - Epoch 84: Train Loss: 0.1043, Train Acc: 0.9911, Val Loss: 0.0513, Val Acc: 0.9775
2026-02-23 11:15:31,696 - experiment_chaotic_lorenz_full_chaotic_run_0 - INFO - Train Epoch 85: [0/472 (0.0%)]	Loss: 0.085088
2026-02-23 11:15:36,589 - experiment_chaotic_lorenz_full_chaotic_run_0 - DEBUG - [STABILITY] lyap=0.014, max_norm=49.7, min_std=11.266
2026-02-23 11:15:38,454 - experiment_chaotic_lorenz_full_chaotic_run_0 - INFO - [SYNC DEBUG] Epoch 85: sync_weight=0.01, desync_weight=0.01, loss_sync=0.049800
2026-02-23 11:15:40,002 - experiment_chaotic_lorenz_full_chaotic_run_0 - INFO - Epoch 85: Train Loss: 0.0877, Train Acc: 0.9955, Val Loss: 0.0478, Val Acc: 0.9888
2026-02-23 11:15:40,758 - experiment_chaotic_lorenz_full_chaotic_run_0 - INFO - Train Epoch 86: [0/472 (0.0%)]	Loss: 0.082447
2026-02-23 11:15:47,717 - experiment_chaotic_lorenz_full_chaotic_run_0 - INFO - [SYNC DEBUG] Epoch 86: sync_weight=0.01, desync_weight=0.01, loss_sync=0.049547
2026-02-23 11:15:49,095 - experiment_chaotic_lorenz_full_chaotic_run_0 - INFO - Epoch 86: Train Loss: 0.0980, Train Acc: 0.9911, Val Loss: 0.0602, Val Acc: 0.9888
2026-02-23 11:15:49,840 - experiment_chaotic_lorenz_full_chaotic_run_0 - INFO - Train Epoch 87: [0/472 (0.0%)]	Loss: 0.074647
2026-02-23 11:15:56,485 - experiment_chaotic_lorenz_full_chaotic_run_0 - INFO - [SYNC DEBUG] Epoch 87: sync_weight=0.01, desync_weight=0.01, loss_sync=0.049745
2026-02-23 11:15:57,979 - experiment_chaotic_lorenz_full_chaotic_run_0 - INFO - Epoch 87: Train Loss: 0.0827, Train Acc: 0.9955, Val Loss: 0.0635, Val Acc: 0.9775
2026-02-23 11:15:58,713 - experiment_chaotic_lorenz_full_chaotic_run_0 - INFO - Train Epoch 88: [0/472 (0.0%)]	Loss: 0.073923
2026-02-23 11:16:05,589 - experiment_chaotic_lorenz_full_chaotic_run_0 - INFO - [SYNC DEBUG] Epoch 88: sync_weight=0.01, desync_weight=0.01, loss_sync=0.049675
2026-02-23 11:16:07,116 - experiment_chaotic_lorenz_full_chaotic_run_0 - INFO - Epoch 88: Train Loss: 0.1037, Train Acc: 0.9933, Val Loss: 0.0713, Val Acc: 0.9888
2026-02-23 11:16:07,856 - experiment_chaotic_lorenz_full_chaotic_run_0 - INFO - Train Epoch 89: [0/472 (0.0%)]	Loss: 0.093362
2026-02-23 11:16:14,428 - experiment_chaotic_lorenz_full_chaotic_run_0 - INFO - [SYNC DEBUG] Epoch 89: sync_weight=0.01, desync_weight=0.01, loss_sync=0.049529
2026-02-23 11:16:15,994 - experiment_chaotic_lorenz_full_chaotic_run_0 - INFO - Epoch 89: Train Loss: 0.0906, Train Acc: 0.9955, Val Loss: 0.0666, Val Acc: 0.9888
2026-02-23 11:16:16,732 - experiment_chaotic_lorenz_full_chaotic_run_0 - INFO - Train Epoch 90: [0/472 (0.0%)]	Loss: 0.083430
2026-02-23 11:16:23,584 - experiment_chaotic_lorenz_full_chaotic_run_0 - INFO - [SYNC DEBUG] Epoch 90: sync_weight=0.01, desync_weight=0.01, loss_sync=0.049919
2026-02-23 11:16:24,895 - experiment_chaotic_lorenz_full_chaotic_run_0 - INFO - Epoch 90: Train Loss: 0.0853, Train Acc: 0.9978, Val Loss: 0.0598, Val Acc: 0.9888
2026-02-23 11:16:25,697 - experiment_chaotic_lorenz_full_chaotic_run_0 - INFO - Train Epoch 91: [0/472 (0.0%)]	Loss: 0.069591
2026-02-23 11:16:32,699 - experiment_chaotic_lorenz_full_chaotic_run_0 - INFO - [SYNC DEBUG] Epoch 91: sync_weight=0.01, desync_weight=0.01, loss_sync=0.049746
2026-02-23 11:16:34,195 - experiment_chaotic_lorenz_full_chaotic_run_0 - INFO - Epoch 91: Train Loss: 0.0789, Train Acc: 0.9978, Val Loss: 0.0687, Val Acc: 0.9888
2026-02-23 11:16:34,954 - experiment_chaotic_lorenz_full_chaotic_run_0 - INFO - Train Epoch 92: [0/472 (0.0%)]	Loss: 0.080257
2026-02-23 11:16:40,716 - experiment_chaotic_lorenz_full_chaotic_run_0 - DEBUG - [STABILITY] lyap=0.014, max_norm=49.7, min_std=11.269
2026-02-23 11:16:41,680 - experiment_chaotic_lorenz_full_chaotic_run_0 - INFO - [SYNC DEBUG] Epoch 92: sync_weight=0.01, desync_weight=0.01, loss_sync=0.049869
2026-02-23 11:16:43,263 - experiment_chaotic_lorenz_full_chaotic_run_0 - INFO - Epoch 92: Train Loss: 0.0766, Train Acc: 0.9978, Val Loss: 0.0672, Val Acc: 0.9888
2026-02-23 11:16:44,004 - experiment_chaotic_lorenz_full_chaotic_run_0 - INFO - Train Epoch 93: [0/472 (0.0%)]	Loss: 0.112205
2026-02-23 11:16:50,608 - experiment_chaotic_lorenz_full_chaotic_run_0 - INFO - [SYNC DEBUG] Epoch 93: sync_weight=0.01, desync_weight=0.01, loss_sync=0.049688
2026-02-23 11:16:52,138 - experiment_chaotic_lorenz_full_chaotic_run_0 - INFO - Epoch 93: Train Loss: 0.0835, Train Acc: 0.9978, Val Loss: 0.0648, Val Acc: 0.9888
2026-02-23 11:16:52,874 - experiment_chaotic_lorenz_full_chaotic_run_0 - INFO - Train Epoch 94: [0/472 (0.0%)]	Loss: 0.078706
2026-02-23 11:16:59,877 - experiment_chaotic_lorenz_full_chaotic_run_0 - INFO - [SYNC DEBUG] Epoch 94: sync_weight=0.01, desync_weight=0.01, loss_sync=0.049651
2026-02-23 11:17:01,315 - experiment_chaotic_lorenz_full_chaotic_run_0 - INFO - Epoch 94: Train Loss: 0.0775, Train Acc: 1.0000, Val Loss: 0.0561, Val Acc: 0.9888
2026-02-23 11:17:02,033 - experiment_chaotic_lorenz_full_chaotic_run_0 - INFO - Train Epoch 95: [0/472 (0.0%)]	Loss: 0.070419
2026-02-23 11:17:08,708 - experiment_chaotic_lorenz_full_chaotic_run_0 - INFO - [SYNC DEBUG] Epoch 95: sync_weight=0.01, desync_weight=0.01, loss_sync=0.049663
2026-02-23 11:17:10,254 - experiment_chaotic_lorenz_full_chaotic_run_0 - INFO - Epoch 95: Train Loss: 0.0887, Train Acc: 0.9978, Val Loss: 0.0657, Val Acc: 0.9888
2026-02-23 11:17:10,998 - experiment_chaotic_lorenz_full_chaotic_run_0 - INFO - Train Epoch 96: [0/472 (0.0%)]	Loss: 0.087240
2026-02-23 11:17:17,391 - experiment_chaotic_lorenz_full_chaotic_run_0 - INFO - [SYNC DEBUG] Epoch 96: sync_weight=0.01, desync_weight=0.01, loss_sync=0.049732
2026-02-23 11:17:18,940 - experiment_chaotic_lorenz_full_chaotic_run_0 - INFO - Epoch 96: Train Loss: 0.0855, Train Acc: 0.9978, Val Loss: 0.0593, Val Acc: 0.9888
2026-02-23 11:17:18,942 - experiment_chaotic_lorenz_full_chaotic_run_0 - INFO - Early stopping triggered at epoch 96
2026-02-23 11:17:18,946 - experiment_chaotic_lorenz_full_chaotic_run_0 - INFO - Running final test evaluation...
2026-02-23 11:17:20,076 - experiment_chaotic_lorenz_full_chaotic_run_0 - INFO - Test Results:
2026-02-23 11:17:20,076 - experiment_chaotic_lorenz_full_chaotic_run_0 - INFO -   loss: 0.1074
2026-02-23 11:17:20,076 - experiment_chaotic_lorenz_full_chaotic_run_0 - INFO -   accuracy: 0.9576
2026-02-23 11:17:20,077 - experiment_chaotic_lorenz_full_chaotic_run_0 - INFO -   avg_confidence: 0.9111
2026-02-23 11:17:20,077 - experiment_chaotic_lorenz_full_chaotic_run_0 - INFO -   embedding_diversity: 0.0530
2026-02-23 11:17:20,077 - experiment_chaotic_lorenz_full_chaotic_run_0 - INFO -   embedding_norm_mean: 1.0000
2026-02-23 11:17:20,077 - experiment_chaotic_lorenz_full_chaotic_run_0 - INFO -   embedding_norm_std: 0.0000
2026-02-23 11:17:20,109 - experiment_chaotic_lorenz_full_chaotic_run_0 - INFO - Training completed
2026-02-23 11:17:21,245 - experiment_chaotic_lorenz_full_chaotic_run_0 - INFO - Running comprehensive chaotic network analysis...
2026-02-23 11:17:21,245 - experiment_chaotic_lorenz_full_chaotic_run_0 - INFO - Analyzing chaotic features and dynamics...
2026-02-23 11:17:22,597 - experiment_chaotic_lorenz_full_chaotic_run_0 - INFO - Chaotic analysis completed
2026-02-23 11:17:22,599 - experiment_chaotic_lorenz_full_chaotic_run_0 - INFO - Creating chaotic dynamics visualizations...
2026-02-23 11:17:24,955 - experiment_chaotic_lorenz_full_chaotic_run_0 - WARNING - Embedding plotting failed: boolean index did not match indexed array along dimension 0; dimension is 8 but corresponding boolean dimension is 32
2026-02-23 11:17:24,976 - experiment_chaotic_lorenz_full_chaotic_run_0 - INFO - Chaotic network analysis completed
