2025-11-29 11:15:25,617 - experiment_chaotic_mackey_glass_full_chaotic_run_0 - INFO - Initialized experiment: chaotic_mackey_glass_full_chaotic_run_0
2025-11-29 11:15:25,618 - experiment_chaotic_mackey_glass_full_chaotic_run_0 - INFO - Device: cuda
2025-11-29 11:15:25,618 - experiment_chaotic_mackey_glass_full_chaotic_run_0 - INFO - Output directory: outputs/chaotic/experiments/chaotic_mackey_glass_full_chaotic_run_0
2025-11-29 11:15:25,618 - experiment_chaotic_mackey_glass_full_chaotic_run_0 - INFO - Initialized chaotic network experiment with mackey_glass system
2025-11-29 11:15:25,619 - experiment_chaotic_mackey_glass_full_chaotic_run_0 - INFO - Setting up experiment components...
2025-11-29 11:15:25,619 - experiment_chaotic_mackey_glass_full_chaotic_run_0 - INFO - Creating dataloaders...
2025-11-29 11:15:40,804 - experiment_chaotic_mackey_glass_full_chaotic_run_0 - INFO - Detected 26 speakers in dataset
2025-11-29 11:15:40,804 - experiment_chaotic_mackey_glass_full_chaotic_run_0 - INFO - Dataloaders created:
2025-11-29 11:15:40,804 - experiment_chaotic_mackey_glass_full_chaotic_run_0 - INFO -   Train: 14 batches
2025-11-29 11:15:40,805 - experiment_chaotic_mackey_glass_full_chaotic_run_0 - INFO -   Val: 3 batches
2025-11-29 11:15:40,805 - experiment_chaotic_mackey_glass_full_chaotic_run_0 - INFO -   Test: 4 batches
2025-11-29 11:15:40,805 - experiment_chaotic_mackey_glass_full_chaotic_run_0 - INFO - Creating model...
2025-11-29 11:15:40,805 - experiment_chaotic_mackey_glass_full_chaotic_run_0 - INFO - Using actual num_speakers from dataset: 26
2025-11-29 11:16:11,142 - experiment_chaotic_mackey_glass_full_chaotic_run_0 - INFO - Total parameters: 499,289
2025-11-29 11:16:11,145 - experiment_chaotic_mackey_glass_full_chaotic_run_0 - INFO - Trainable parameters: 499,289
2025-11-29 11:16:11,145 - experiment_chaotic_mackey_glass_full_chaotic_run_0 - INFO - Creating optimizer...
2025-11-29 11:16:13,597 - experiment_chaotic_mackey_glass_full_chaotic_run_0 - INFO - Optimizer: AdamW
2025-11-29 11:16:13,597 - experiment_chaotic_mackey_glass_full_chaotic_run_0 - INFO - Creating scheduler...
2025-11-29 11:16:13,597 - experiment_chaotic_mackey_glass_full_chaotic_run_0 - WARNING - Unknown scheduler type: linear, no scheduler will be used
2025-11-29 11:16:13,597 - experiment_chaotic_mackey_glass_full_chaotic_run_0 - INFO - Creating criterion...
2025-11-29 11:16:13,598 - experiment_chaotic_mackey_glass_full_chaotic_run_0 - INFO - Criterion: CrossEntropyLoss
2025-11-29 11:16:13,652 - experiment_chaotic_mackey_glass_full_chaotic_run_0 - INFO - Configuration saved to: outputs/chaotic/experiments/chaotic_mackey_glass_full_chaotic_run_0/config.json
2025-11-29 11:16:13,652 - experiment_chaotic_mackey_glass_full_chaotic_run_0 - INFO - Experiment setup completed
2025-11-29 11:26:29,039 - experiment_chaotic_mackey_glass_full_chaotic_run_0 - INFO - Initialized experiment: chaotic_mackey_glass_full_chaotic_run_0
2025-11-29 11:26:29,040 - experiment_chaotic_mackey_glass_full_chaotic_run_0 - INFO - Device: cuda
2025-11-29 11:26:29,040 - experiment_chaotic_mackey_glass_full_chaotic_run_0 - INFO - Output directory: outputs/chaotic/experiments/chaotic_mackey_glass_full_chaotic_run_0
2025-11-29 11:26:29,040 - experiment_chaotic_mackey_glass_full_chaotic_run_0 - INFO - Initialized chaotic network experiment with mackey_glass system
2025-11-29 11:26:29,040 - experiment_chaotic_mackey_glass_full_chaotic_run_0 - INFO - Setting up experiment components...
2025-11-29 11:26:29,041 - experiment_chaotic_mackey_glass_full_chaotic_run_0 - INFO - Creating dataloaders...
2025-11-29 11:26:29,442 - experiment_chaotic_mackey_glass_full_chaotic_run_0 - INFO - Detected 26 speakers in dataset
2025-11-29 11:26:29,442 - experiment_chaotic_mackey_glass_full_chaotic_run_0 - INFO - Dataloaders created:
2025-11-29 11:26:29,442 - experiment_chaotic_mackey_glass_full_chaotic_run_0 - INFO -   Train: 14 batches
2025-11-29 11:26:29,442 - experiment_chaotic_mackey_glass_full_chaotic_run_0 - INFO -   Val: 3 batches
2025-11-29 11:26:29,442 - experiment_chaotic_mackey_glass_full_chaotic_run_0 - INFO -   Test: 4 batches
2025-11-29 11:26:29,443 - experiment_chaotic_mackey_glass_full_chaotic_run_0 - INFO - Creating model...
2025-11-29 11:26:29,443 - experiment_chaotic_mackey_glass_full_chaotic_run_0 - INFO - Using actual num_speakers from dataset: 26
2025-11-29 11:27:00,242 - experiment_chaotic_mackey_glass_full_chaotic_run_0 - INFO - Total parameters: 499,289
2025-11-29 11:27:00,244 - experiment_chaotic_mackey_glass_full_chaotic_run_0 - INFO - Trainable parameters: 499,289
2025-11-29 11:27:00,244 - experiment_chaotic_mackey_glass_full_chaotic_run_0 - INFO - Creating optimizer...
2025-11-29 11:27:02,270 - experiment_chaotic_mackey_glass_full_chaotic_run_0 - INFO - Optimizer: AdamW
2025-11-29 11:27:02,270 - experiment_chaotic_mackey_glass_full_chaotic_run_0 - INFO - Creating scheduler...
2025-11-29 11:27:02,270 - experiment_chaotic_mackey_glass_full_chaotic_run_0 - WARNING - Unknown scheduler type: linear, no scheduler will be used
2025-11-29 11:27:02,270 - experiment_chaotic_mackey_glass_full_chaotic_run_0 - INFO - Creating criterion...
2025-11-29 11:27:02,270 - experiment_chaotic_mackey_glass_full_chaotic_run_0 - INFO - Criterion: CrossEntropyLoss
2025-11-29 11:27:02,321 - experiment_chaotic_mackey_glass_full_chaotic_run_0 - INFO - Configuration saved to: outputs/chaotic/experiments/chaotic_mackey_glass_full_chaotic_run_0/config.json
2025-11-29 11:27:02,321 - experiment_chaotic_mackey_glass_full_chaotic_run_0 - INFO - Experiment setup completed
2025-11-29 12:38:12,238 - experiment_chaotic_mackey_glass_full_chaotic_run_0 - INFO - Initialized experiment: chaotic_mackey_glass_full_chaotic_run_0
2025-11-29 12:38:12,251 - experiment_chaotic_mackey_glass_full_chaotic_run_0 - INFO - Device: cuda
2025-11-29 12:38:12,252 - experiment_chaotic_mackey_glass_full_chaotic_run_0 - INFO - Output directory: outputs/chaotic/experiments/chaotic_mackey_glass_full_chaotic_run_0
2025-11-29 12:38:12,252 - experiment_chaotic_mackey_glass_full_chaotic_run_0 - INFO - Initialized chaotic network experiment with mackey_glass system
2025-11-29 12:38:12,262 - experiment_chaotic_mackey_glass_full_chaotic_run_0 - INFO - Setting up experiment components...
2025-11-29 12:38:12,262 - experiment_chaotic_mackey_glass_full_chaotic_run_0 - INFO - Creating dataloaders...
2025-11-29 12:38:28,234 - experiment_chaotic_mackey_glass_full_chaotic_run_0 - INFO - Detected 26 speakers in dataset
2025-11-29 12:38:28,235 - experiment_chaotic_mackey_glass_full_chaotic_run_0 - INFO - Dataloaders created:
2025-11-29 12:38:28,235 - experiment_chaotic_mackey_glass_full_chaotic_run_0 - INFO -   Train: 14 batches
2025-11-29 12:38:28,235 - experiment_chaotic_mackey_glass_full_chaotic_run_0 - INFO -   Val: 3 batches
2025-11-29 12:38:28,235 - experiment_chaotic_mackey_glass_full_chaotic_run_0 - INFO -   Test: 4 batches
2025-11-29 12:38:28,235 - experiment_chaotic_mackey_glass_full_chaotic_run_0 - INFO - Creating model...
2025-11-29 12:38:28,235 - experiment_chaotic_mackey_glass_full_chaotic_run_0 - INFO - Using actual num_speakers from dataset: 26
2025-11-29 12:39:00,031 - experiment_chaotic_mackey_glass_full_chaotic_run_0 - INFO - Total parameters: 499,289
2025-11-29 12:39:00,031 - experiment_chaotic_mackey_glass_full_chaotic_run_0 - INFO - Trainable parameters: 499,289
2025-11-29 12:39:00,032 - experiment_chaotic_mackey_glass_full_chaotic_run_0 - INFO - Creating optimizer...
2025-11-29 12:39:02,642 - experiment_chaotic_mackey_glass_full_chaotic_run_0 - INFO - Optimizer: AdamW
2025-11-29 12:39:02,642 - experiment_chaotic_mackey_glass_full_chaotic_run_0 - INFO - Creating scheduler...
2025-11-29 12:39:02,642 - experiment_chaotic_mackey_glass_full_chaotic_run_0 - WARNING - Unknown scheduler type: linear, no scheduler will be used
2025-11-29 12:39:02,642 - experiment_chaotic_mackey_glass_full_chaotic_run_0 - INFO - Creating criterion...
2025-11-29 12:39:02,642 - experiment_chaotic_mackey_glass_full_chaotic_run_0 - INFO - Criterion: CrossEntropyLoss
2025-11-29 12:39:02,694 - experiment_chaotic_mackey_glass_full_chaotic_run_0 - INFO - Configuration saved to: outputs/chaotic/experiments/chaotic_mackey_glass_full_chaotic_run_0/config.json
2025-11-29 12:39:02,695 - experiment_chaotic_mackey_glass_full_chaotic_run_0 - INFO - Experiment setup completed
2025-11-29 12:46:32,089 - experiment_chaotic_mackey_glass_full_chaotic_run_0 - INFO - Starting training for 100 epochs
2025-11-29 12:46:32,223 - experiment_chaotic_mackey_glass_full_chaotic_run_0 - INFO - 
================================================================================
2025-11-29 12:46:32,224 - experiment_chaotic_mackey_glass_full_chaotic_run_0 - INFO - COMPREHENSIVE DEBUG - FIRST BATCH
2025-11-29 12:46:32,224 - experiment_chaotic_mackey_glass_full_chaotic_run_0 - INFO - ================================================================================
2025-11-29 12:46:32,224 - experiment_chaotic_mackey_glass_full_chaotic_run_0 - INFO - Batch Info:
2025-11-29 12:46:32,224 - experiment_chaotic_mackey_glass_full_chaotic_run_0 - INFO -   Audio shape: torch.Size([32, 48000])
2025-11-29 12:46:32,224 - experiment_chaotic_mackey_glass_full_chaotic_run_0 - INFO -   Targets shape: torch.Size([32])
2025-11-29 12:46:32,230 - experiment_chaotic_mackey_glass_full_chaotic_run_0 - INFO -   Targets (first 8): tensor([ 6, 16, 17,  2,  3, 15, 20, 11], device='cuda:0')
2025-11-29 12:47:27,210 - experiment_chaotic_mackey_glass_full_chaotic_run_0 - INFO - ================================================================================

2025-11-29 12:48:22,583 - experiment_chaotic_mackey_glass_full_chaotic_run_0 - INFO - Train Epoch 0: [0/472 (0.0%)]	Loss: 3.252645
2025-11-29 13:04:12,392 - experiment_chaotic_mackey_glass_full_chaotic_run_0 - INFO - Epoch 0: Train Loss: 3.1767, Train Acc: 0.0781, Val Loss: 3.0294, Val Acc: 0.1011
2025-11-29 13:04:12,477 - experiment_chaotic_mackey_glass_full_chaotic_run_0 - INFO - Saved new best model at epoch 0
2025-11-29 13:05:08,406 - experiment_chaotic_mackey_glass_full_chaotic_run_0 - INFO - Train Epoch 1: [0/472 (0.0%)]	Loss: 2.847099
2025-11-29 13:20:58,802 - experiment_chaotic_mackey_glass_full_chaotic_run_0 - INFO - Epoch 1: Train Loss: 2.5974, Train Acc: 0.1741, Val Loss: 4.2164, Val Acc: 0.0449
2025-11-29 13:21:54,770 - experiment_chaotic_mackey_glass_full_chaotic_run_0 - INFO - Train Epoch 2: [0/472 (0.0%)]	Loss: 2.103196
2025-11-29 13:37:47,995 - experiment_chaotic_mackey_glass_full_chaotic_run_0 - INFO - Epoch 2: Train Loss: 2.1828, Train Acc: 0.2388, Val Loss: 1.9626, Val Acc: 0.3034
2025-11-29 13:37:48,070 - experiment_chaotic_mackey_glass_full_chaotic_run_0 - INFO - Saved new best model at epoch 2
2025-11-29 13:38:44,207 - experiment_chaotic_mackey_glass_full_chaotic_run_0 - INFO - Train Epoch 3: [0/472 (0.0%)]	Loss: 1.891086
2025-11-29 13:54:37,513 - experiment_chaotic_mackey_glass_full_chaotic_run_0 - INFO - Epoch 3: Train Loss: 1.8469, Train Acc: 0.2969, Val Loss: 2.5604, Val Acc: 0.2360
2025-11-29 13:55:33,446 - experiment_chaotic_mackey_glass_full_chaotic_run_0 - INFO - Train Epoch 4: [0/472 (0.0%)]	Loss: 2.064918
2025-11-29 14:11:24,692 - experiment_chaotic_mackey_glass_full_chaotic_run_0 - INFO - Epoch 4: Train Loss: 1.7210, Train Acc: 0.4040, Val Loss: 2.1483, Val Acc: 0.2921
2025-11-29 14:12:20,489 - experiment_chaotic_mackey_glass_full_chaotic_run_0 - INFO - Train Epoch 5: [0/472 (0.0%)]	Loss: 1.550202
2025-11-29 14:28:13,083 - experiment_chaotic_mackey_glass_full_chaotic_run_0 - INFO - Epoch 5: Train Loss: 1.7387, Train Acc: 0.3482, Val Loss: 2.5895, Val Acc: 0.2135
2025-11-29 14:29:08,968 - experiment_chaotic_mackey_glass_full_chaotic_run_0 - INFO - Train Epoch 6: [0/472 (0.0%)]	Loss: 1.405152
2025-11-29 14:45:01,695 - experiment_chaotic_mackey_glass_full_chaotic_run_0 - INFO - Epoch 6: Train Loss: 1.6442, Train Acc: 0.3884, Val Loss: 3.0779, Val Acc: 0.1573
2025-11-29 14:45:57,474 - experiment_chaotic_mackey_glass_full_chaotic_run_0 - INFO - Train Epoch 7: [0/472 (0.0%)]	Loss: 1.331240
2025-11-29 15:01:49,841 - experiment_chaotic_mackey_glass_full_chaotic_run_0 - INFO - Epoch 7: Train Loss: 1.4402, Train Acc: 0.4174, Val Loss: 1.8181, Val Acc: 0.4607
2025-11-29 15:01:49,916 - experiment_chaotic_mackey_glass_full_chaotic_run_0 - INFO - Saved new best model at epoch 7
2025-11-29 15:02:45,794 - experiment_chaotic_mackey_glass_full_chaotic_run_0 - INFO - Train Epoch 8: [0/472 (0.0%)]	Loss: 1.365025
2025-11-29 15:18:36,268 - experiment_chaotic_mackey_glass_full_chaotic_run_0 - INFO - Epoch 8: Train Loss: 1.3404, Train Acc: 0.4888, Val Loss: 2.0235, Val Acc: 0.3596
2025-11-29 15:19:32,094 - experiment_chaotic_mackey_glass_full_chaotic_run_0 - INFO - Train Epoch 9: [0/472 (0.0%)]	Loss: 1.316400
2025-11-29 15:35:22,620 - experiment_chaotic_mackey_glass_full_chaotic_run_0 - INFO - Epoch 9: Train Loss: 1.3038, Train Acc: 0.5089, Val Loss: 1.9148, Val Acc: 0.3483
2025-11-29 15:36:18,378 - experiment_chaotic_mackey_glass_full_chaotic_run_0 - INFO - Train Epoch 10: [0/472 (0.0%)]	Loss: 1.042665
2025-11-29 15:52:09,146 - experiment_chaotic_mackey_glass_full_chaotic_run_0 - INFO - Epoch 10: Train Loss: 1.2911, Train Acc: 0.5491, Val Loss: 1.6902, Val Acc: 0.4382
2025-11-29 15:53:04,990 - experiment_chaotic_mackey_glass_full_chaotic_run_0 - INFO - Train Epoch 11: [0/472 (0.0%)]	Loss: 1.169415
2025-11-29 16:08:57,979 - experiment_chaotic_mackey_glass_full_chaotic_run_0 - INFO - Epoch 11: Train Loss: 1.2743, Train Acc: 0.5446, Val Loss: 1.1811, Val Acc: 0.5056
2025-11-29 16:08:58,053 - experiment_chaotic_mackey_glass_full_chaotic_run_0 - INFO - Saved new best model at epoch 11
2025-11-29 16:09:53,946 - experiment_chaotic_mackey_glass_full_chaotic_run_0 - INFO - Train Epoch 12: [0/472 (0.0%)]	Loss: 1.383838
2025-11-29 16:25:48,772 - experiment_chaotic_mackey_glass_full_chaotic_run_0 - INFO - Epoch 12: Train Loss: 1.0783, Train Acc: 0.6138, Val Loss: 1.8247, Val Acc: 0.2921
2025-11-29 16:26:44,351 - experiment_chaotic_mackey_glass_full_chaotic_run_0 - INFO - Train Epoch 13: [0/472 (0.0%)]	Loss: 0.854321
2025-11-29 16:42:35,766 - experiment_chaotic_mackey_glass_full_chaotic_run_0 - INFO - Epoch 13: Train Loss: 1.0201, Train Acc: 0.6272, Val Loss: 0.9930, Val Acc: 0.6629
2025-11-29 16:42:35,845 - experiment_chaotic_mackey_glass_full_chaotic_run_0 - INFO - Saved new best model at epoch 13
2025-11-29 16:43:32,152 - experiment_chaotic_mackey_glass_full_chaotic_run_0 - INFO - Train Epoch 14: [0/472 (0.0%)]	Loss: 0.731588
2025-11-29 16:59:24,993 - experiment_chaotic_mackey_glass_full_chaotic_run_0 - INFO - Epoch 14: Train Loss: 1.0448, Train Acc: 0.6071, Val Loss: 1.1988, Val Acc: 0.6517
2025-11-29 17:00:20,472 - experiment_chaotic_mackey_glass_full_chaotic_run_0 - INFO - Train Epoch 15: [0/472 (0.0%)]	Loss: 0.699468
2025-11-29 17:16:09,905 - experiment_chaotic_mackey_glass_full_chaotic_run_0 - INFO - Epoch 15: Train Loss: 0.8447, Train Acc: 0.6830, Val Loss: 0.9338, Val Acc: 0.6517
2025-11-29 17:17:05,507 - experiment_chaotic_mackey_glass_full_chaotic_run_0 - INFO - Train Epoch 16: [0/472 (0.0%)]	Loss: 0.694530
2025-11-29 17:32:58,899 - experiment_chaotic_mackey_glass_full_chaotic_run_0 - INFO - Epoch 16: Train Loss: 1.0135, Train Acc: 0.6406, Val Loss: 1.5677, Val Acc: 0.5169
2025-11-29 17:33:54,763 - experiment_chaotic_mackey_glass_full_chaotic_run_0 - INFO - Train Epoch 17: [0/472 (0.0%)]	Loss: 0.961188
2025-11-29 17:49:46,725 - experiment_chaotic_mackey_glass_full_chaotic_run_0 - INFO - Epoch 17: Train Loss: 0.9653, Train Acc: 0.6496, Val Loss: 1.3721, Val Acc: 0.4607
2025-11-29 17:50:42,735 - experiment_chaotic_mackey_glass_full_chaotic_run_0 - INFO - Train Epoch 18: [0/472 (0.0%)]	Loss: 1.037968
2025-11-29 18:06:35,243 - experiment_chaotic_mackey_glass_full_chaotic_run_0 - INFO - Epoch 18: Train Loss: 0.9438, Train Acc: 0.6607, Val Loss: 0.9936, Val Acc: 0.6629
2025-11-29 18:07:30,890 - experiment_chaotic_mackey_glass_full_chaotic_run_0 - INFO - Train Epoch 19: [0/472 (0.0%)]	Loss: 0.833716
2025-11-29 18:23:21,996 - experiment_chaotic_mackey_glass_full_chaotic_run_0 - INFO - Epoch 19: Train Loss: 1.0049, Train Acc: 0.6339, Val Loss: 2.0974, Val Acc: 0.4831
2025-11-29 18:24:17,721 - experiment_chaotic_mackey_glass_full_chaotic_run_0 - INFO - Train Epoch 20: [0/472 (0.0%)]	Loss: 0.971709
2025-11-29 18:40:06,107 - experiment_chaotic_mackey_glass_full_chaotic_run_0 - INFO - Epoch 20: Train Loss: 1.0363, Train Acc: 0.6205, Val Loss: 1.0670, Val Acc: 0.6404
2025-11-29 18:41:01,856 - experiment_chaotic_mackey_glass_full_chaotic_run_0 - INFO - Train Epoch 21: [0/472 (0.0%)]	Loss: 0.668585
2025-11-29 18:56:51,515 - experiment_chaotic_mackey_glass_full_chaotic_run_0 - INFO - Epoch 21: Train Loss: 0.9660, Train Acc: 0.6607, Val Loss: 1.2055, Val Acc: 0.5056
2025-11-29 18:57:47,446 - experiment_chaotic_mackey_glass_full_chaotic_run_0 - INFO - Train Epoch 22: [0/472 (0.0%)]	Loss: 0.733398
2025-11-29 19:13:39,795 - experiment_chaotic_mackey_glass_full_chaotic_run_0 - INFO - Epoch 22: Train Loss: 0.8163, Train Acc: 0.6964, Val Loss: 0.8515, Val Acc: 0.7191
2025-11-29 19:13:39,871 - experiment_chaotic_mackey_glass_full_chaotic_run_0 - INFO - Saved new best model at epoch 22
2025-11-29 19:14:35,772 - experiment_chaotic_mackey_glass_full_chaotic_run_0 - INFO - Train Epoch 23: [0/472 (0.0%)]	Loss: 0.830402
2025-11-29 19:30:25,460 - experiment_chaotic_mackey_glass_full_chaotic_run_0 - INFO - Epoch 23: Train Loss: 0.8904, Train Acc: 0.6674, Val Loss: 0.8669, Val Acc: 0.6854
2025-11-29 19:31:21,617 - experiment_chaotic_mackey_glass_full_chaotic_run_0 - INFO - Train Epoch 24: [0/472 (0.0%)]	Loss: 1.940325
2025-11-29 19:47:14,273 - experiment_chaotic_mackey_glass_full_chaotic_run_0 - INFO - Epoch 24: Train Loss: 1.0934, Train Acc: 0.6406, Val Loss: 1.2299, Val Acc: 0.6292
2025-11-29 19:48:10,107 - experiment_chaotic_mackey_glass_full_chaotic_run_0 - INFO - Train Epoch 25: [0/472 (0.0%)]	Loss: 1.117568
2025-11-29 20:04:01,163 - experiment_chaotic_mackey_glass_full_chaotic_run_0 - INFO - Epoch 25: Train Loss: 0.8238, Train Acc: 0.7254, Val Loss: 0.6680, Val Acc: 0.7416
2025-11-29 20:04:01,242 - experiment_chaotic_mackey_glass_full_chaotic_run_0 - INFO - Saved new best model at epoch 25
2025-11-29 20:04:57,476 - experiment_chaotic_mackey_glass_full_chaotic_run_0 - INFO - Train Epoch 26: [0/472 (0.0%)]	Loss: 0.793652
2025-11-29 20:20:50,143 - experiment_chaotic_mackey_glass_full_chaotic_run_0 - INFO - Epoch 26: Train Loss: 0.7505, Train Acc: 0.7165, Val Loss: 0.6035, Val Acc: 0.8315
2025-11-29 20:20:50,218 - experiment_chaotic_mackey_glass_full_chaotic_run_0 - INFO - Saved new best model at epoch 26
2025-11-29 20:21:46,249 - experiment_chaotic_mackey_glass_full_chaotic_run_0 - INFO - Train Epoch 27: [0/472 (0.0%)]	Loss: 0.820796
2025-11-29 20:37:38,847 - experiment_chaotic_mackey_glass_full_chaotic_run_0 - INFO - Epoch 27: Train Loss: 0.7968, Train Acc: 0.7031, Val Loss: 1.2560, Val Acc: 0.5730
2025-11-29 20:38:34,595 - experiment_chaotic_mackey_glass_full_chaotic_run_0 - INFO - Train Epoch 28: [0/472 (0.0%)]	Loss: 0.431232
2025-11-29 20:54:26,499 - experiment_chaotic_mackey_glass_full_chaotic_run_0 - INFO - Epoch 28: Train Loss: 0.7227, Train Acc: 0.7388, Val Loss: 1.0282, Val Acc: 0.6629
2025-11-29 20:55:22,775 - experiment_chaotic_mackey_glass_full_chaotic_run_0 - INFO - Train Epoch 29: [0/472 (0.0%)]	Loss: 0.964003
2025-11-29 21:11:16,759 - experiment_chaotic_mackey_glass_full_chaotic_run_0 - INFO - Epoch 29: Train Loss: 0.6134, Train Acc: 0.7768, Val Loss: 1.2597, Val Acc: 0.5955
2025-11-29 21:12:12,442 - experiment_chaotic_mackey_glass_full_chaotic_run_0 - INFO - Train Epoch 30: [0/472 (0.0%)]	Loss: 0.646197
2025-11-29 21:28:03,932 - experiment_chaotic_mackey_glass_full_chaotic_run_0 - INFO - Epoch 30: Train Loss: 0.7322, Train Acc: 0.7567, Val Loss: 0.6717, Val Acc: 0.7978
2025-11-29 21:28:59,741 - experiment_chaotic_mackey_glass_full_chaotic_run_0 - INFO - Train Epoch 31: [0/472 (0.0%)]	Loss: 0.436194
2025-11-29 21:44:50,048 - experiment_chaotic_mackey_glass_full_chaotic_run_0 - INFO - Epoch 31: Train Loss: 0.6212, Train Acc: 0.7835, Val Loss: 0.6456, Val Acc: 0.7865
2025-11-29 21:45:46,104 - experiment_chaotic_mackey_glass_full_chaotic_run_0 - INFO - Train Epoch 32: [0/472 (0.0%)]	Loss: 0.543718
2025-11-29 22:01:36,242 - experiment_chaotic_mackey_glass_full_chaotic_run_0 - INFO - Epoch 32: Train Loss: 0.6388, Train Acc: 0.7656, Val Loss: 2.0858, Val Acc: 0.5056
2025-11-29 22:02:32,209 - experiment_chaotic_mackey_glass_full_chaotic_run_0 - INFO - Train Epoch 33: [0/472 (0.0%)]	Loss: 0.563752
2025-11-29 22:18:25,301 - experiment_chaotic_mackey_glass_full_chaotic_run_0 - INFO - Epoch 33: Train Loss: 0.7988, Train Acc: 0.7210, Val Loss: 0.7846, Val Acc: 0.6742
2025-11-29 22:19:21,329 - experiment_chaotic_mackey_glass_full_chaotic_run_0 - INFO - Train Epoch 34: [0/472 (0.0%)]	Loss: 0.563445
2025-11-29 22:35:13,458 - experiment_chaotic_mackey_glass_full_chaotic_run_0 - INFO - Epoch 34: Train Loss: 0.5075, Train Acc: 0.8438, Val Loss: 1.1826, Val Acc: 0.6742
2025-11-29 22:36:09,354 - experiment_chaotic_mackey_glass_full_chaotic_run_0 - INFO - Train Epoch 35: [0/472 (0.0%)]	Loss: 0.723868
2025-11-29 22:52:01,581 - experiment_chaotic_mackey_glass_full_chaotic_run_0 - INFO - Epoch 35: Train Loss: 0.6299, Train Acc: 0.7857, Val Loss: 0.6177, Val Acc: 0.8090
2025-11-29 22:52:57,515 - experiment_chaotic_mackey_glass_full_chaotic_run_0 - INFO - Train Epoch 36: [0/472 (0.0%)]	Loss: 0.524637
2025-11-29 23:08:49,438 - experiment_chaotic_mackey_glass_full_chaotic_run_0 - INFO - Epoch 36: Train Loss: 0.5307, Train Acc: 0.8058, Val Loss: 0.9074, Val Acc: 0.7416
2025-11-29 23:09:45,560 - experiment_chaotic_mackey_glass_full_chaotic_run_0 - INFO - Train Epoch 37: [0/472 (0.0%)]	Loss: 0.924249
2025-11-29 23:25:39,859 - experiment_chaotic_mackey_glass_full_chaotic_run_0 - INFO - Epoch 37: Train Loss: 0.6305, Train Acc: 0.7790, Val Loss: 0.4471, Val Acc: 0.8090
2025-11-29 23:26:35,550 - experiment_chaotic_mackey_glass_full_chaotic_run_0 - INFO - Train Epoch 38: [0/472 (0.0%)]	Loss: 0.473340
2025-11-29 23:42:25,045 - experiment_chaotic_mackey_glass_full_chaotic_run_0 - INFO - Epoch 38: Train Loss: 0.6871, Train Acc: 0.7946, Val Loss: 0.6905, Val Acc: 0.7528
2025-11-29 23:43:20,631 - experiment_chaotic_mackey_glass_full_chaotic_run_0 - INFO - Train Epoch 39: [0/472 (0.0%)]	Loss: 0.309406
2025-11-29 23:59:12,332 - experiment_chaotic_mackey_glass_full_chaotic_run_0 - INFO - Epoch 39: Train Loss: 0.6283, Train Acc: 0.7746, Val Loss: 1.0265, Val Acc: 0.6854
2025-11-30 00:00:07,791 - experiment_chaotic_mackey_glass_full_chaotic_run_0 - INFO - Train Epoch 40: [0/472 (0.0%)]	Loss: 0.481594
2025-11-30 00:15:56,638 - experiment_chaotic_mackey_glass_full_chaotic_run_0 - INFO - Epoch 40: Train Loss: 0.6986, Train Acc: 0.7679, Val Loss: 1.6533, Val Acc: 0.6067
2025-11-30 00:16:52,654 - experiment_chaotic_mackey_glass_full_chaotic_run_0 - INFO - Train Epoch 41: [0/472 (0.0%)]	Loss: 0.524505
2025-11-30 00:32:43,658 - experiment_chaotic_mackey_glass_full_chaotic_run_0 - INFO - Epoch 41: Train Loss: 0.5535, Train Acc: 0.8013, Val Loss: 0.7259, Val Acc: 0.7978
2025-11-30 00:33:39,496 - experiment_chaotic_mackey_glass_full_chaotic_run_0 - INFO - Train Epoch 42: [0/472 (0.0%)]	Loss: 0.989149
2025-11-30 00:49:30,636 - experiment_chaotic_mackey_glass_full_chaotic_run_0 - INFO - Epoch 42: Train Loss: 0.6929, Train Acc: 0.7790, Val Loss: 0.6445, Val Acc: 0.7753
2025-11-30 00:50:26,404 - experiment_chaotic_mackey_glass_full_chaotic_run_0 - INFO - Train Epoch 43: [0/472 (0.0%)]	Loss: 0.264448
2025-11-30 01:06:18,181 - experiment_chaotic_mackey_glass_full_chaotic_run_0 - INFO - Epoch 43: Train Loss: 0.6391, Train Acc: 0.7991, Val Loss: 1.8831, Val Acc: 0.5169
2025-11-30 01:07:13,846 - experiment_chaotic_mackey_glass_full_chaotic_run_0 - INFO - Train Epoch 44: [0/472 (0.0%)]	Loss: 0.397501
2025-11-30 01:23:03,855 - experiment_chaotic_mackey_glass_full_chaotic_run_0 - INFO - Epoch 44: Train Loss: 0.5330, Train Acc: 0.8192, Val Loss: 1.6072, Val Acc: 0.6292
2025-11-30 01:23:59,782 - experiment_chaotic_mackey_glass_full_chaotic_run_0 - INFO - Train Epoch 45: [0/472 (0.0%)]	Loss: 0.915168
2025-11-30 01:39:49,398 - experiment_chaotic_mackey_glass_full_chaotic_run_0 - INFO - Epoch 45: Train Loss: 0.5712, Train Acc: 0.7969, Val Loss: 0.4305, Val Acc: 0.8764
2025-11-30 01:39:49,644 - experiment_chaotic_mackey_glass_full_chaotic_run_0 - INFO - Saved new best model at epoch 45
2025-11-30 01:40:45,391 - experiment_chaotic_mackey_glass_full_chaotic_run_0 - INFO - Train Epoch 46: [0/472 (0.0%)]	Loss: 0.437438
2025-11-30 01:56:36,819 - experiment_chaotic_mackey_glass_full_chaotic_run_0 - INFO - Epoch 46: Train Loss: 0.5627, Train Acc: 0.8080, Val Loss: 0.5444, Val Acc: 0.8539
2025-11-30 01:57:32,535 - experiment_chaotic_mackey_glass_full_chaotic_run_0 - INFO - Train Epoch 47: [0/472 (0.0%)]	Loss: 0.408649
2025-11-30 02:13:24,042 - experiment_chaotic_mackey_glass_full_chaotic_run_0 - INFO - Epoch 47: Train Loss: 0.5249, Train Acc: 0.8170, Val Loss: 1.5224, Val Acc: 0.6067
2025-11-30 02:14:20,144 - experiment_chaotic_mackey_glass_full_chaotic_run_0 - INFO - Train Epoch 48: [0/472 (0.0%)]	Loss: 0.634354
2025-11-30 02:30:13,219 - experiment_chaotic_mackey_glass_full_chaotic_run_0 - INFO - Epoch 48: Train Loss: 0.6183, Train Acc: 0.7902, Val Loss: 1.0875, Val Acc: 0.7079
2025-11-30 02:31:09,058 - experiment_chaotic_mackey_glass_full_chaotic_run_0 - INFO - Train Epoch 49: [0/472 (0.0%)]	Loss: 0.285186
2025-11-30 02:47:01,796 - experiment_chaotic_mackey_glass_full_chaotic_run_0 - INFO - Epoch 49: Train Loss: 0.5455, Train Acc: 0.8214, Val Loss: 2.0744, Val Acc: 0.5618
2025-11-30 02:47:57,525 - experiment_chaotic_mackey_glass_full_chaotic_run_0 - INFO - Train Epoch 50: [0/472 (0.0%)]	Loss: 0.311107
2025-11-30 03:03:49,282 - experiment_chaotic_mackey_glass_full_chaotic_run_0 - INFO - Epoch 50: Train Loss: 0.5083, Train Acc: 0.8304, Val Loss: 0.7992, Val Acc: 0.7640
2025-11-30 03:04:45,094 - experiment_chaotic_mackey_glass_full_chaotic_run_0 - INFO - Train Epoch 51: [0/472 (0.0%)]	Loss: 0.351814
2025-11-30 03:20:34,840 - experiment_chaotic_mackey_glass_full_chaotic_run_0 - INFO - Epoch 51: Train Loss: 0.5507, Train Acc: 0.8304, Val Loss: 0.8554, Val Acc: 0.6629
2025-11-30 03:21:30,539 - experiment_chaotic_mackey_glass_full_chaotic_run_0 - INFO - Train Epoch 52: [0/472 (0.0%)]	Loss: 0.392780
2025-11-30 03:37:21,331 - experiment_chaotic_mackey_glass_full_chaotic_run_0 - INFO - Epoch 52: Train Loss: 0.5492, Train Acc: 0.8214, Val Loss: 0.8521, Val Acc: 0.7978
2025-11-30 03:38:17,029 - experiment_chaotic_mackey_glass_full_chaotic_run_0 - INFO - Train Epoch 53: [0/472 (0.0%)]	Loss: 0.254944
2025-11-30 03:54:06,328 - experiment_chaotic_mackey_glass_full_chaotic_run_0 - INFO - Epoch 53: Train Loss: 0.5497, Train Acc: 0.8259, Val Loss: 0.8790, Val Acc: 0.7865
2025-11-30 03:55:01,872 - experiment_chaotic_mackey_glass_full_chaotic_run_0 - INFO - Train Epoch 54: [0/472 (0.0%)]	Loss: 0.333515
2025-11-30 04:10:52,262 - experiment_chaotic_mackey_glass_full_chaotic_run_0 - INFO - Epoch 54: Train Loss: 0.4780, Train Acc: 0.8460, Val Loss: 0.5733, Val Acc: 0.7640
2025-11-30 04:11:47,835 - experiment_chaotic_mackey_glass_full_chaotic_run_0 - INFO - Train Epoch 55: [0/472 (0.0%)]	Loss: 0.173272
2025-11-30 04:27:39,352 - experiment_chaotic_mackey_glass_full_chaotic_run_0 - INFO - Epoch 55: Train Loss: 0.5870, Train Acc: 0.7946, Val Loss: 1.5806, Val Acc: 0.6517
2025-11-30 04:28:35,265 - experiment_chaotic_mackey_glass_full_chaotic_run_0 - INFO - Train Epoch 56: [0/472 (0.0%)]	Loss: 0.575157
2025-11-30 04:44:28,103 - experiment_chaotic_mackey_glass_full_chaotic_run_0 - INFO - Epoch 56: Train Loss: 0.5307, Train Acc: 0.8103, Val Loss: 0.6874, Val Acc: 0.7640
2025-11-30 04:45:24,171 - experiment_chaotic_mackey_glass_full_chaotic_run_0 - INFO - Train Epoch 57: [0/472 (0.0%)]	Loss: 0.346692
2025-11-30 05:01:14,863 - experiment_chaotic_mackey_glass_full_chaotic_run_0 - INFO - Epoch 57: Train Loss: 0.3665, Train Acc: 0.8772, Val Loss: 0.4523, Val Acc: 0.8652
2025-11-30 05:02:10,654 - experiment_chaotic_mackey_glass_full_chaotic_run_0 - INFO - Train Epoch 58: [0/472 (0.0%)]	Loss: 0.270656
2025-11-30 05:18:01,906 - experiment_chaotic_mackey_glass_full_chaotic_run_0 - INFO - Epoch 58: Train Loss: 0.3795, Train Acc: 0.8906, Val Loss: 0.5839, Val Acc: 0.8539
2025-11-30 05:18:57,396 - experiment_chaotic_mackey_glass_full_chaotic_run_0 - INFO - Train Epoch 59: [0/472 (0.0%)]	Loss: 0.591705
2025-11-30 05:34:46,752 - experiment_chaotic_mackey_glass_full_chaotic_run_0 - INFO - Epoch 59: Train Loss: 0.4476, Train Acc: 0.8594, Val Loss: 0.3709, Val Acc: 0.9101
2025-11-30 05:34:46,828 - experiment_chaotic_mackey_glass_full_chaotic_run_0 - INFO - Saved new best model at epoch 59
2025-11-30 05:35:43,052 - experiment_chaotic_mackey_glass_full_chaotic_run_0 - INFO - Train Epoch 60: [0/472 (0.0%)]	Loss: 0.267280
2025-11-30 05:51:34,238 - experiment_chaotic_mackey_glass_full_chaotic_run_0 - INFO - Epoch 60: Train Loss: 0.4078, Train Acc: 0.8571, Val Loss: 0.3387, Val Acc: 0.8764
2025-11-30 05:52:30,510 - experiment_chaotic_mackey_glass_full_chaotic_run_0 - INFO - Train Epoch 61: [0/472 (0.0%)]	Loss: 0.241661
2025-11-30 06:08:23,226 - experiment_chaotic_mackey_glass_full_chaotic_run_0 - INFO - Epoch 61: Train Loss: 0.3975, Train Acc: 0.8683, Val Loss: 0.9710, Val Acc: 0.7528
2025-11-30 06:09:19,052 - experiment_chaotic_mackey_glass_full_chaotic_run_0 - INFO - Train Epoch 62: [0/472 (0.0%)]	Loss: 0.491468
2025-11-30 06:25:12,368 - experiment_chaotic_mackey_glass_full_chaotic_run_0 - INFO - Epoch 62: Train Loss: 0.4304, Train Acc: 0.8571, Val Loss: 0.3255, Val Acc: 0.8539
2025-11-30 06:26:07,965 - experiment_chaotic_mackey_glass_full_chaotic_run_0 - INFO - Train Epoch 63: [0/472 (0.0%)]	Loss: 0.350647
2025-11-30 06:41:59,503 - experiment_chaotic_mackey_glass_full_chaotic_run_0 - INFO - Epoch 63: Train Loss: 0.3988, Train Acc: 0.8750, Val Loss: 0.4527, Val Acc: 0.8315
2025-11-30 06:42:55,892 - experiment_chaotic_mackey_glass_full_chaotic_run_0 - INFO - Train Epoch 64: [0/472 (0.0%)]	Loss: 0.261158
2025-11-30 06:58:48,719 - experiment_chaotic_mackey_glass_full_chaotic_run_0 - INFO - Epoch 64: Train Loss: 0.3168, Train Acc: 0.8929, Val Loss: 0.5436, Val Acc: 0.8202
2025-11-30 06:59:44,979 - experiment_chaotic_mackey_glass_full_chaotic_run_0 - INFO - Train Epoch 65: [0/472 (0.0%)]	Loss: 0.232119
2025-11-30 07:15:35,976 - experiment_chaotic_mackey_glass_full_chaotic_run_0 - INFO - Epoch 65: Train Loss: 0.4449, Train Acc: 0.8415, Val Loss: 0.6603, Val Acc: 0.8427
2025-11-30 07:16:31,788 - experiment_chaotic_mackey_glass_full_chaotic_run_0 - INFO - Train Epoch 66: [0/472 (0.0%)]	Loss: 0.516241
2025-11-30 07:32:23,852 - experiment_chaotic_mackey_glass_full_chaotic_run_0 - INFO - Epoch 66: Train Loss: 0.3533, Train Acc: 0.8795, Val Loss: 0.4607, Val Acc: 0.8202
2025-11-30 07:33:20,123 - experiment_chaotic_mackey_glass_full_chaotic_run_0 - INFO - Train Epoch 67: [0/472 (0.0%)]	Loss: 0.298074
2025-11-30 07:49:10,115 - experiment_chaotic_mackey_glass_full_chaotic_run_0 - INFO - Epoch 67: Train Loss: 0.3647, Train Acc: 0.8884, Val Loss: 0.5350, Val Acc: 0.8090
2025-11-30 07:50:05,842 - experiment_chaotic_mackey_glass_full_chaotic_run_0 - INFO - Train Epoch 68: [0/472 (0.0%)]	Loss: 0.081830
2025-11-30 08:05:57,567 - experiment_chaotic_mackey_glass_full_chaotic_run_0 - INFO - Epoch 68: Train Loss: 0.2787, Train Acc: 0.9062, Val Loss: 0.4094, Val Acc: 0.8652
2025-11-30 08:06:53,380 - experiment_chaotic_mackey_glass_full_chaotic_run_0 - INFO - Train Epoch 69: [0/472 (0.0%)]	Loss: 0.562665
2025-11-30 08:22:44,260 - experiment_chaotic_mackey_glass_full_chaotic_run_0 - INFO - Epoch 69: Train Loss: 0.4391, Train Acc: 0.8594, Val Loss: 1.4321, Val Acc: 0.7079
2025-11-30 08:23:40,102 - experiment_chaotic_mackey_glass_full_chaotic_run_0 - INFO - Train Epoch 70: [0/472 (0.0%)]	Loss: 0.121265
2025-11-30 08:39:31,377 - experiment_chaotic_mackey_glass_full_chaotic_run_0 - INFO - Epoch 70: Train Loss: 0.3189, Train Acc: 0.9018, Val Loss: 0.5220, Val Acc: 0.8090
2025-11-30 08:40:27,889 - experiment_chaotic_mackey_glass_full_chaotic_run_0 - INFO - Train Epoch 71: [0/472 (0.0%)]	Loss: 0.271805
2025-11-30 08:56:19,057 - experiment_chaotic_mackey_glass_full_chaotic_run_0 - INFO - Epoch 71: Train Loss: 0.3365, Train Acc: 0.8884, Val Loss: 0.4500, Val Acc: 0.8764
2025-11-30 08:57:15,087 - experiment_chaotic_mackey_glass_full_chaotic_run_0 - INFO - Train Epoch 72: [0/472 (0.0%)]	Loss: 0.246685
2025-11-30 09:13:07,123 - experiment_chaotic_mackey_glass_full_chaotic_run_0 - INFO - Epoch 72: Train Loss: 0.3210, Train Acc: 0.9152, Val Loss: 0.2753, Val Acc: 0.9213
2025-11-30 09:13:07,241 - experiment_chaotic_mackey_glass_full_chaotic_run_0 - INFO - Saved new best model at epoch 72
2025-11-30 09:14:03,091 - experiment_chaotic_mackey_glass_full_chaotic_run_0 - INFO - Train Epoch 73: [0/472 (0.0%)]	Loss: 0.493202
2025-11-30 09:29:54,582 - experiment_chaotic_mackey_glass_full_chaotic_run_0 - INFO - Epoch 73: Train Loss: 0.3006, Train Acc: 0.9107, Val Loss: 0.4160, Val Acc: 0.8202
2025-11-30 09:30:50,268 - experiment_chaotic_mackey_glass_full_chaotic_run_0 - INFO - Train Epoch 74: [0/472 (0.0%)]	Loss: 0.142853
2025-11-30 09:46:40,559 - experiment_chaotic_mackey_glass_full_chaotic_run_0 - INFO - Epoch 74: Train Loss: 0.4659, Train Acc: 0.8460, Val Loss: 2.8545, Val Acc: 0.4944
2025-11-30 09:47:36,829 - experiment_chaotic_mackey_glass_full_chaotic_run_0 - INFO - Train Epoch 75: [0/472 (0.0%)]	Loss: 0.242679
2025-11-30 10:03:27,736 - experiment_chaotic_mackey_glass_full_chaotic_run_0 - INFO - Epoch 75: Train Loss: 0.3405, Train Acc: 0.8862, Val Loss: 0.6456, Val Acc: 0.8090
2025-11-30 10:04:23,950 - experiment_chaotic_mackey_glass_full_chaotic_run_0 - INFO - Train Epoch 76: [0/472 (0.0%)]	Loss: 0.267659
2025-11-30 10:20:14,376 - experiment_chaotic_mackey_glass_full_chaotic_run_0 - INFO - Epoch 76: Train Loss: 0.4425, Train Acc: 0.8616, Val Loss: 1.4269, Val Acc: 0.6854
2025-11-30 10:21:10,026 - experiment_chaotic_mackey_glass_full_chaotic_run_0 - INFO - Train Epoch 77: [0/472 (0.0%)]	Loss: 0.784248
2025-11-30 10:37:01,079 - experiment_chaotic_mackey_glass_full_chaotic_run_0 - INFO - Epoch 77: Train Loss: 0.4285, Train Acc: 0.8750, Val Loss: 0.8878, Val Acc: 0.7303
2025-11-30 10:37:57,370 - experiment_chaotic_mackey_glass_full_chaotic_run_0 - INFO - Train Epoch 78: [0/472 (0.0%)]	Loss: 0.827553
2025-11-30 10:53:47,649 - experiment_chaotic_mackey_glass_full_chaotic_run_0 - INFO - Epoch 78: Train Loss: 0.3811, Train Acc: 0.8884, Val Loss: 0.5580, Val Acc: 0.8090
2025-11-30 10:54:43,568 - experiment_chaotic_mackey_glass_full_chaotic_run_0 - INFO - Train Epoch 79: [0/472 (0.0%)]	Loss: 0.360652
2025-11-30 11:10:37,270 - experiment_chaotic_mackey_glass_full_chaotic_run_0 - INFO - Epoch 79: Train Loss: 0.4393, Train Acc: 0.8638, Val Loss: 0.6975, Val Acc: 0.7978
2025-11-30 11:11:33,681 - experiment_chaotic_mackey_glass_full_chaotic_run_0 - INFO - Train Epoch 80: [0/472 (0.0%)]	Loss: 0.349753
2025-11-30 11:27:25,840 - experiment_chaotic_mackey_glass_full_chaotic_run_0 - INFO - Epoch 80: Train Loss: 0.3250, Train Acc: 0.8839, Val Loss: 0.8490, Val Acc: 0.7865
2025-11-30 11:28:21,890 - experiment_chaotic_mackey_glass_full_chaotic_run_0 - INFO - Train Epoch 81: [0/472 (0.0%)]	Loss: 0.134058
2025-11-30 11:44:14,479 - experiment_chaotic_mackey_glass_full_chaotic_run_0 - INFO - Epoch 81: Train Loss: 0.3103, Train Acc: 0.8929, Val Loss: 0.9881, Val Acc: 0.7079
2025-11-30 11:45:10,736 - experiment_chaotic_mackey_glass_full_chaotic_run_0 - INFO - Train Epoch 82: [0/472 (0.0%)]	Loss: 0.094278
2025-11-30 12:01:02,668 - experiment_chaotic_mackey_glass_full_chaotic_run_0 - INFO - Epoch 82: Train Loss: 0.3967, Train Acc: 0.8884, Val Loss: 0.5999, Val Acc: 0.8090
2025-11-30 12:01:58,750 - experiment_chaotic_mackey_glass_full_chaotic_run_0 - INFO - Train Epoch 83: [0/472 (0.0%)]	Loss: 0.226468
2025-11-30 12:17:51,146 - experiment_chaotic_mackey_glass_full_chaotic_run_0 - INFO - Epoch 83: Train Loss: 0.2738, Train Acc: 0.9196, Val Loss: 0.5867, Val Acc: 0.8427
2025-11-30 12:18:47,471 - experiment_chaotic_mackey_glass_full_chaotic_run_0 - INFO - Train Epoch 84: [0/472 (0.0%)]	Loss: 0.315846
2025-11-30 12:34:38,899 - experiment_chaotic_mackey_glass_full_chaotic_run_0 - INFO - Epoch 84: Train Loss: 0.3507, Train Acc: 0.8906, Val Loss: 0.6049, Val Acc: 0.8202
2025-11-30 12:35:34,673 - experiment_chaotic_mackey_glass_full_chaotic_run_0 - INFO - Train Epoch 85: [0/472 (0.0%)]	Loss: 0.528289
2025-11-30 12:51:26,708 - experiment_chaotic_mackey_glass_full_chaotic_run_0 - INFO - Epoch 85: Train Loss: 0.3334, Train Acc: 0.9018, Val Loss: 0.6105, Val Acc: 0.7978
2025-11-30 12:52:22,846 - experiment_chaotic_mackey_glass_full_chaotic_run_0 - INFO - Train Epoch 86: [0/472 (0.0%)]	Loss: 0.128010
2025-11-30 13:08:13,847 - experiment_chaotic_mackey_glass_full_chaotic_run_0 - INFO - Epoch 86: Train Loss: 0.2903, Train Acc: 0.9085, Val Loss: 0.2623, Val Acc: 0.9213
2025-11-30 13:09:09,875 - experiment_chaotic_mackey_glass_full_chaotic_run_0 - INFO - Train Epoch 87: [0/472 (0.0%)]	Loss: 0.166992
2025-11-30 13:25:01,861 - experiment_chaotic_mackey_glass_full_chaotic_run_0 - INFO - Epoch 87: Train Loss: 0.2910, Train Acc: 0.8973, Val Loss: 0.2769, Val Acc: 0.9101
2025-11-30 13:25:58,370 - experiment_chaotic_mackey_glass_full_chaotic_run_0 - INFO - Train Epoch 88: [0/472 (0.0%)]	Loss: 0.201484
2025-11-30 13:41:49,753 - experiment_chaotic_mackey_glass_full_chaotic_run_0 - INFO - Epoch 88: Train Loss: 0.1943, Train Acc: 0.9286, Val Loss: 0.8103, Val Acc: 0.7753
2025-11-30 13:42:45,477 - experiment_chaotic_mackey_glass_full_chaotic_run_0 - INFO - Train Epoch 89: [0/472 (0.0%)]	Loss: 0.192705
2025-11-30 13:58:34,998 - experiment_chaotic_mackey_glass_full_chaotic_run_0 - INFO - Epoch 89: Train Loss: 0.2507, Train Acc: 0.9219, Val Loss: 0.9653, Val Acc: 0.8202
2025-11-30 13:59:31,155 - experiment_chaotic_mackey_glass_full_chaotic_run_0 - INFO - Train Epoch 90: [0/472 (0.0%)]	Loss: 0.370458
2025-11-30 14:15:22,100 - experiment_chaotic_mackey_glass_full_chaotic_run_0 - INFO - Epoch 90: Train Loss: 0.2743, Train Acc: 0.9107, Val Loss: 0.6315, Val Acc: 0.7640
2025-11-30 14:16:18,324 - experiment_chaotic_mackey_glass_full_chaotic_run_0 - INFO - Train Epoch 91: [0/472 (0.0%)]	Loss: 0.141893
2025-11-30 14:32:10,078 - experiment_chaotic_mackey_glass_full_chaotic_run_0 - INFO - Epoch 91: Train Loss: 0.2204, Train Acc: 0.9174, Val Loss: 0.5695, Val Acc: 0.8539
2025-11-30 14:33:06,434 - experiment_chaotic_mackey_glass_full_chaotic_run_0 - INFO - Train Epoch 92: [0/472 (0.0%)]	Loss: 0.214574
2025-11-30 14:48:57,840 - experiment_chaotic_mackey_glass_full_chaotic_run_0 - INFO - Epoch 92: Train Loss: 0.2674, Train Acc: 0.9040, Val Loss: 0.4851, Val Acc: 0.8427
2025-11-30 14:49:53,609 - experiment_chaotic_mackey_glass_full_chaotic_run_0 - INFO - Train Epoch 93: [0/472 (0.0%)]	Loss: 0.055519
2025-11-30 15:05:43,474 - experiment_chaotic_mackey_glass_full_chaotic_run_0 - INFO - Epoch 93: Train Loss: 0.2167, Train Acc: 0.9241, Val Loss: 0.5546, Val Acc: 0.8427
2025-11-30 15:06:39,396 - experiment_chaotic_mackey_glass_full_chaotic_run_0 - INFO - Train Epoch 94: [0/472 (0.0%)]	Loss: 0.208692
2025-11-30 15:22:29,944 - experiment_chaotic_mackey_glass_full_chaotic_run_0 - INFO - Epoch 94: Train Loss: 0.2758, Train Acc: 0.9152, Val Loss: 0.6203, Val Acc: 0.8764
2025-11-30 15:23:25,936 - experiment_chaotic_mackey_glass_full_chaotic_run_0 - INFO - Train Epoch 95: [0/472 (0.0%)]	Loss: 0.417362
2025-11-30 15:39:17,477 - experiment_chaotic_mackey_glass_full_chaotic_run_0 - INFO - Epoch 95: Train Loss: 0.3122, Train Acc: 0.9040, Val Loss: 0.4035, Val Acc: 0.8989
2025-11-30 15:40:14,102 - experiment_chaotic_mackey_glass_full_chaotic_run_0 - INFO - Train Epoch 96: [0/472 (0.0%)]	Loss: 0.336116
2025-11-30 15:56:04,464 - experiment_chaotic_mackey_glass_full_chaotic_run_0 - INFO - Epoch 96: Train Loss: 0.3000, Train Acc: 0.9107, Val Loss: 0.6351, Val Acc: 0.7865
2025-11-30 15:57:00,870 - experiment_chaotic_mackey_glass_full_chaotic_run_0 - INFO - Train Epoch 97: [0/472 (0.0%)]	Loss: 0.285824
2025-11-30 16:12:54,041 - experiment_chaotic_mackey_glass_full_chaotic_run_0 - INFO - Epoch 97: Train Loss: 0.3053, Train Acc: 0.9062, Val Loss: 1.0866, Val Acc: 0.7416
2025-11-30 16:13:50,518 - experiment_chaotic_mackey_glass_full_chaotic_run_0 - INFO - Train Epoch 98: [0/472 (0.0%)]	Loss: 0.643999
2025-11-30 16:29:41,989 - experiment_chaotic_mackey_glass_full_chaotic_run_0 - INFO - Epoch 98: Train Loss: 0.3090, Train Acc: 0.9129, Val Loss: 0.4442, Val Acc: 0.8876
2025-11-30 16:30:38,504 - experiment_chaotic_mackey_glass_full_chaotic_run_0 - INFO - Train Epoch 99: [0/472 (0.0%)]	Loss: 0.106404
2025-11-30 16:46:32,716 - experiment_chaotic_mackey_glass_full_chaotic_run_0 - INFO - Epoch 99: Train Loss: 0.3172, Train Acc: 0.8884, Val Loss: 1.0011, Val Acc: 0.7978
2025-11-30 16:46:32,753 - experiment_chaotic_mackey_glass_full_chaotic_run_0 - INFO - Running final test evaluation...
2025-11-30 16:50:27,910 - experiment_chaotic_mackey_glass_full_chaotic_run_0 - INFO - Test Results:
2025-11-30 16:50:27,911 - experiment_chaotic_mackey_glass_full_chaotic_run_0 - INFO -   loss: 0.9162
2025-11-30 16:50:27,911 - experiment_chaotic_mackey_glass_full_chaotic_run_0 - INFO -   accuracy: 0.7881
2025-11-30 16:50:27,911 - experiment_chaotic_mackey_glass_full_chaotic_run_0 - INFO -   avg_confidence: 0.9323
2025-11-30 16:50:27,911 - experiment_chaotic_mackey_glass_full_chaotic_run_0 - INFO -   embedding_diversity: 0.0381
2025-11-30 16:50:27,911 - experiment_chaotic_mackey_glass_full_chaotic_run_0 - INFO -   embedding_norm_mean: 1.0000
2025-11-30 16:50:27,911 - experiment_chaotic_mackey_glass_full_chaotic_run_0 - INFO -   embedding_norm_std: 0.0000
2025-11-30 16:50:27,917 - experiment_chaotic_mackey_glass_full_chaotic_run_0 - INFO - Training completed
2025-11-30 16:54:22,530 - experiment_chaotic_mackey_glass_full_chaotic_run_0 - INFO - Running comprehensive chaotic network analysis...
2025-11-30 16:54:22,530 - experiment_chaotic_mackey_glass_full_chaotic_run_0 - INFO - Analyzing chaotic features and dynamics...
2025-11-30 16:57:48,192 - experiment_chaotic_mackey_glass_full_chaotic_run_0 - INFO - Chaotic analysis completed
2025-11-30 16:57:48,194 - experiment_chaotic_mackey_glass_full_chaotic_run_0 - INFO - Creating chaotic dynamics visualizations...
2025-11-30 16:58:04,998 - experiment_chaotic_mackey_glass_full_chaotic_run_0 - WARNING - Embedding plotting failed: boolean index did not match indexed array along dimension 0; dimension is 8 but corresponding boolean dimension is 32
2025-11-30 16:58:05,004 - experiment_chaotic_mackey_glass_full_chaotic_run_0 - INFO - Chaotic network analysis completed
