2026-02-27 05:04:37,913 - experiment_chaotic_lorenz_full_chaotic_run_0 - INFO - Initialized experiment: chaotic_lorenz_full_chaotic_run_0
2026-02-27 05:04:37,913 - experiment_chaotic_lorenz_full_chaotic_run_0 - INFO - Device: cuda
2026-02-27 05:04:37,913 - experiment_chaotic_lorenz_full_chaotic_run_0 - INFO - Output directory: /scratch/project_2003370/yueyao/Model/experiments/configs/patience_early_stop/25/experiments/chaotic_lorenz_full_chaotic_run_0
2026-02-27 05:04:37,915 - experiment_chaotic_lorenz_full_chaotic_run_0 - INFO - [SYNC LOSS] Enabled with mode: standard
2026-02-27 05:04:37,915 - experiment_chaotic_lorenz_full_chaotic_run_0 - INFO - [SYNC LOSS] Warmup epochs: 20
2026-02-27 05:04:37,915 - experiment_chaotic_lorenz_full_chaotic_run_0 - INFO - Initialized chaotic network experiment with lorenz system
2026-02-27 05:04:37,915 - experiment_chaotic_lorenz_full_chaotic_run_0 - INFO - Setting up experiment components...
2026-02-27 05:04:37,915 - experiment_chaotic_lorenz_full_chaotic_run_0 - INFO - Creating dataloaders...
2026-02-27 05:04:38,304 - experiment_chaotic_lorenz_full_chaotic_run_0 - INFO - Detected 26 speakers in dataset
2026-02-27 05:04:38,304 - experiment_chaotic_lorenz_full_chaotic_run_0 - INFO - Dataloaders created:
2026-02-27 05:04:38,304 - experiment_chaotic_lorenz_full_chaotic_run_0 - INFO -   Train: 14 batches
2026-02-27 05:04:38,304 - experiment_chaotic_lorenz_full_chaotic_run_0 - INFO -   Val: 3 batches
2026-02-27 05:04:38,304 - experiment_chaotic_lorenz_full_chaotic_run_0 - INFO -   Test: 4 batches
2026-02-27 05:04:38,304 - experiment_chaotic_lorenz_full_chaotic_run_0 - INFO - Creating model...
2026-02-27 05:04:38,304 - experiment_chaotic_lorenz_full_chaotic_run_0 - INFO - Using actual num_speakers from dataset: 26
2026-02-27 05:05:43,023 - experiment_chaotic_lorenz_full_chaotic_run_0 - INFO - Total parameters: 520,511
2026-02-27 05:05:43,023 - experiment_chaotic_lorenz_full_chaotic_run_0 - INFO - Trainable parameters: 520,511
2026-02-27 05:05:43,023 - experiment_chaotic_lorenz_full_chaotic_run_0 - INFO - Creating optimizer...
2026-02-27 05:05:44,139 - experiment_chaotic_lorenz_full_chaotic_run_0 - INFO - Optimizer: AdamW
2026-02-27 05:05:44,139 - experiment_chaotic_lorenz_full_chaotic_run_0 - INFO - Creating scheduler...
2026-02-27 05:05:44,139 - experiment_chaotic_lorenz_full_chaotic_run_0 - INFO - Scheduler: CosineAnnealingLR
2026-02-27 05:05:44,139 - experiment_chaotic_lorenz_full_chaotic_run_0 - INFO - Creating criterion...
2026-02-27 05:05:44,139 - experiment_chaotic_lorenz_full_chaotic_run_0 - INFO - Criterion: CrossEntropyLoss
2026-02-27 05:05:44,208 - experiment_chaotic_lorenz_full_chaotic_run_0 - INFO - Configuration saved to: /scratch/project_2003370/yueyao/Model/experiments/configs/patience_early_stop/25/experiments/chaotic_lorenz_full_chaotic_run_0/config.json
2026-02-27 05:05:44,208 - experiment_chaotic_lorenz_full_chaotic_run_0 - INFO - Experiment setup completed
2026-02-27 05:05:44,208 - experiment_chaotic_lorenz_full_chaotic_run_0 - INFO - Starting training for 100 epochs
2026-02-27 05:05:44,343 - experiment_chaotic_lorenz_full_chaotic_run_0 - INFO - 
================================================================================
2026-02-27 05:05:44,343 - experiment_chaotic_lorenz_full_chaotic_run_0 - INFO - COMPREHENSIVE DEBUG - FIRST BATCH
2026-02-27 05:05:44,343 - experiment_chaotic_lorenz_full_chaotic_run_0 - INFO - ================================================================================
2026-02-27 05:05:44,343 - experiment_chaotic_lorenz_full_chaotic_run_0 - INFO - Batch Info:
2026-02-27 05:05:44,343 - experiment_chaotic_lorenz_full_chaotic_run_0 - INFO -   Audio shape: torch.Size([32, 48000])
2026-02-27 05:05:44,344 - experiment_chaotic_lorenz_full_chaotic_run_0 - INFO -   Targets shape: torch.Size([32])
2026-02-27 05:05:44,348 - experiment_chaotic_lorenz_full_chaotic_run_0 - INFO -   Targets (first 8): tensor([24, 16, 12, 13,  9,  3, 12,  1], device='cuda:0')
2026-02-27 05:05:44,909 - experiment_chaotic_lorenz_full_chaotic_run_0 - INFO - ================================================================================

2026-02-27 05:05:44,910 - experiment_chaotic_lorenz_full_chaotic_run_0 - INFO - [ADVERSARIAL] Initialized AdversarialChaoticAugmentation
2026-02-27 05:05:45,046 - experiment_chaotic_lorenz_full_chaotic_run_0 - INFO - [STABILITY] Initialized LyapunovStabilityLoss
2026-02-27 05:05:45,052 - experiment_chaotic_lorenz_full_chaotic_run_0 - DEBUG - [STABILITY] lyap=0.095, max_norm=48.2, min_std=7.916
2026-02-27 05:05:45,707 - experiment_chaotic_lorenz_full_chaotic_run_0 - INFO - Train Epoch 0: [0/472 (0.0%)]	Loss: 4.583617
2026-02-27 05:05:49,953 - experiment_chaotic_lorenz_full_chaotic_run_0 - INFO - [SYNC DEBUG] Epoch 0: sync_weight=0.01, desync_weight=0.01, loss_sync=0.000000
2026-02-27 05:05:51,097 - experiment_chaotic_lorenz_full_chaotic_run_0 - INFO - Epoch 0: Train Loss: 4.4208, Train Acc: 0.0513, Val Loss: 4.0202, Val Acc: 0.0449
2026-02-27 05:05:51,163 - experiment_chaotic_lorenz_full_chaotic_run_0 - INFO - Saved new best model at epoch 0
2026-02-27 05:05:51,763 - experiment_chaotic_lorenz_full_chaotic_run_0 - INFO - Train Epoch 1: [0/472 (0.0%)]	Loss: 4.155750
2026-02-27 05:05:55,960 - experiment_chaotic_lorenz_full_chaotic_run_0 - INFO - [SYNC DEBUG] Epoch 1: sync_weight=0.01, desync_weight=0.01, loss_sync=0.000000
2026-02-27 05:05:57,110 - experiment_chaotic_lorenz_full_chaotic_run_0 - INFO - Epoch 1: Train Loss: 3.6521, Train Acc: 0.0960, Val Loss: 4.3036, Val Acc: 0.0449
2026-02-27 05:05:57,628 - experiment_chaotic_lorenz_full_chaotic_run_0 - INFO - Train Epoch 2: [0/472 (0.0%)]	Loss: 2.200318
2026-02-27 05:06:01,817 - experiment_chaotic_lorenz_full_chaotic_run_0 - INFO - [SYNC DEBUG] Epoch 2: sync_weight=0.01, desync_weight=0.01, loss_sync=0.000000
2026-02-27 05:06:02,973 - experiment_chaotic_lorenz_full_chaotic_run_0 - INFO - Epoch 2: Train Loss: 2.7359, Train Acc: 0.2455, Val Loss: 4.7843, Val Acc: 0.0787
2026-02-27 05:06:03,047 - experiment_chaotic_lorenz_full_chaotic_run_0 - INFO - Saved new best model at epoch 2
2026-02-27 05:06:03,595 - experiment_chaotic_lorenz_full_chaotic_run_0 - INFO - Train Epoch 3: [0/472 (0.0%)]	Loss: 2.575588
2026-02-27 05:06:07,832 - experiment_chaotic_lorenz_full_chaotic_run_0 - INFO - [SYNC DEBUG] Epoch 3: sync_weight=0.01, desync_weight=0.01, loss_sync=0.000000
2026-02-27 05:06:09,003 - experiment_chaotic_lorenz_full_chaotic_run_0 - INFO - Epoch 3: Train Loss: 2.0882, Train Acc: 0.4129, Val Loss: 5.0839, Val Acc: 0.0899
2026-02-27 05:06:09,067 - experiment_chaotic_lorenz_full_chaotic_run_0 - INFO - Saved new best model at epoch 3
2026-02-27 05:06:09,619 - experiment_chaotic_lorenz_full_chaotic_run_0 - INFO - Train Epoch 4: [0/472 (0.0%)]	Loss: 1.653221
2026-02-27 05:06:13,812 - experiment_chaotic_lorenz_full_chaotic_run_0 - INFO - [SYNC DEBUG] Epoch 4: sync_weight=0.01, desync_weight=0.01, loss_sync=0.000000
2026-02-27 05:06:14,963 - experiment_chaotic_lorenz_full_chaotic_run_0 - INFO - Epoch 4: Train Loss: 1.6448, Train Acc: 0.4978, Val Loss: 5.5361, Val Acc: 0.0449
2026-02-27 05:06:15,528 - experiment_chaotic_lorenz_full_chaotic_run_0 - INFO - Train Epoch 5: [0/472 (0.0%)]	Loss: 2.487092
2026-02-27 05:06:20,253 - experiment_chaotic_lorenz_full_chaotic_run_0 - INFO - [SYNC DEBUG] Epoch 5: sync_weight=0.01, desync_weight=0.01, loss_sync=0.000000
2026-02-27 05:06:21,444 - experiment_chaotic_lorenz_full_chaotic_run_0 - INFO - Epoch 5: Train Loss: 1.8500, Train Acc: 0.5714, Val Loss: 4.3914, Val Acc: 0.0562
2026-02-27 05:06:22,003 - experiment_chaotic_lorenz_full_chaotic_run_0 - INFO - Train Epoch 6: [0/472 (0.0%)]	Loss: 1.420353
2026-02-27 05:06:26,748 - experiment_chaotic_lorenz_full_chaotic_run_0 - INFO - [SYNC DEBUG] Epoch 6: sync_weight=0.01, desync_weight=0.01, loss_sync=0.000000
2026-02-27 05:06:27,934 - experiment_chaotic_lorenz_full_chaotic_run_0 - INFO - Epoch 6: Train Loss: 1.4852, Train Acc: 0.6629, Val Loss: 4.4678, Val Acc: 0.0787
2026-02-27 05:06:28,493 - experiment_chaotic_lorenz_full_chaotic_run_0 - INFO - Train Epoch 7: [0/472 (0.0%)]	Loss: 1.676028
2026-02-27 05:06:28,995 - experiment_chaotic_lorenz_full_chaotic_run_0 - DEBUG - [STABILITY] lyap=0.009, max_norm=48.4, min_std=11.602
2026-02-27 05:06:33,228 - experiment_chaotic_lorenz_full_chaotic_run_0 - INFO - [SYNC DEBUG] Epoch 7: sync_weight=0.01, desync_weight=0.01, loss_sync=0.000000
2026-02-27 05:06:34,401 - experiment_chaotic_lorenz_full_chaotic_run_0 - INFO - Epoch 7: Train Loss: 1.2174, Train Acc: 0.7143, Val Loss: 3.8717, Val Acc: 0.0899
2026-02-27 05:06:34,403 - experiment_chaotic_lorenz_full_chaotic_run_0 - INFO - [SYNC LOSS] Dynamic activation triggered at epoch 8
2026-02-27 05:06:34,403 - experiment_chaotic_lorenz_full_chaotic_run_0 - INFO - [SYNC LOSS] Train accuracy 71.43% >= threshold 70.00%
2026-02-27 05:06:34,958 - experiment_chaotic_lorenz_full_chaotic_run_0 - INFO - Train Epoch 8: [0/472 (0.0%)]	Loss: 0.725263
2026-02-27 05:06:39,643 - experiment_chaotic_lorenz_full_chaotic_run_0 - INFO - [SYNC DEBUG] Epoch 8: sync_weight=0.01, desync_weight=0.01, loss_sync=0.049548
2026-02-27 05:06:40,810 - experiment_chaotic_lorenz_full_chaotic_run_0 - INFO - Epoch 8: Train Loss: 1.1171, Train Acc: 0.7388, Val Loss: 6.1995, Val Acc: 0.0674
2026-02-27 05:06:41,372 - experiment_chaotic_lorenz_full_chaotic_run_0 - INFO - Train Epoch 9: [0/472 (0.0%)]	Loss: 0.964162
2026-02-27 05:06:46,051 - experiment_chaotic_lorenz_full_chaotic_run_0 - INFO - [SYNC DEBUG] Epoch 9: sync_weight=0.01, desync_weight=0.01, loss_sync=0.049865
2026-02-27 05:06:47,223 - experiment_chaotic_lorenz_full_chaotic_run_0 - INFO - Epoch 9: Train Loss: 0.9183, Train Acc: 0.7902, Val Loss: 5.2254, Val Acc: 0.0899
2026-02-27 05:06:47,784 - experiment_chaotic_lorenz_full_chaotic_run_0 - INFO - Train Epoch 10: [0/472 (0.0%)]	Loss: 0.648462
2026-02-27 05:06:52,472 - experiment_chaotic_lorenz_full_chaotic_run_0 - INFO - [SYNC DEBUG] Epoch 10: sync_weight=0.01, desync_weight=0.01, loss_sync=0.049635
2026-02-27 05:06:53,659 - experiment_chaotic_lorenz_full_chaotic_run_0 - INFO - Epoch 10: Train Loss: 0.8884, Train Acc: 0.8147, Val Loss: 5.6304, Val Acc: 0.0449
2026-02-27 05:06:54,295 - experiment_chaotic_lorenz_full_chaotic_run_0 - INFO - Train Epoch 11: [0/472 (0.0%)]	Loss: 0.430344
2026-02-27 05:06:58,995 - experiment_chaotic_lorenz_full_chaotic_run_0 - INFO - [SYNC DEBUG] Epoch 11: sync_weight=0.01, desync_weight=0.01, loss_sync=0.049715
2026-02-27 05:07:00,169 - experiment_chaotic_lorenz_full_chaotic_run_0 - INFO - Epoch 11: Train Loss: 0.6671, Train Acc: 0.8638, Val Loss: 4.6012, Val Acc: 0.0449
2026-02-27 05:07:00,731 - experiment_chaotic_lorenz_full_chaotic_run_0 - INFO - Train Epoch 12: [0/472 (0.0%)]	Loss: 0.627540
2026-02-27 05:07:05,626 - experiment_chaotic_lorenz_full_chaotic_run_0 - INFO - [SYNC DEBUG] Epoch 12: sync_weight=0.01, desync_weight=0.01, loss_sync=0.049530
2026-02-27 05:07:06,795 - experiment_chaotic_lorenz_full_chaotic_run_0 - INFO - Epoch 12: Train Loss: 0.7267, Train Acc: 0.8438, Val Loss: 6.1765, Val Acc: 0.0449
2026-02-27 05:07:07,356 - experiment_chaotic_lorenz_full_chaotic_run_0 - INFO - Train Epoch 13: [0/472 (0.0%)]	Loss: 0.555409
2026-02-27 05:07:12,055 - experiment_chaotic_lorenz_full_chaotic_run_0 - INFO - [SYNC DEBUG] Epoch 13: sync_weight=0.01, desync_weight=0.01, loss_sync=0.049614
2026-02-27 05:07:13,217 - experiment_chaotic_lorenz_full_chaotic_run_0 - INFO - Epoch 13: Train Loss: 0.6056, Train Acc: 0.8728, Val Loss: 5.9381, Val Acc: 0.0899
2026-02-27 05:07:13,781 - experiment_chaotic_lorenz_full_chaotic_run_0 - INFO - Train Epoch 14: [0/472 (0.0%)]	Loss: 0.519194
2026-02-27 05:07:14,976 - experiment_chaotic_lorenz_full_chaotic_run_0 - DEBUG - [STABILITY] lyap=0.015, max_norm=40.5, min_std=9.480
2026-02-27 05:07:18,506 - experiment_chaotic_lorenz_full_chaotic_run_0 - INFO - [SYNC DEBUG] Epoch 14: sync_weight=0.01, desync_weight=0.01, loss_sync=0.049531
2026-02-27 05:07:19,703 - experiment_chaotic_lorenz_full_chaotic_run_0 - INFO - Epoch 14: Train Loss: 0.5266, Train Acc: 0.9085, Val Loss: 4.5332, Val Acc: 0.0449
2026-02-27 05:07:20,274 - experiment_chaotic_lorenz_full_chaotic_run_0 - INFO - Train Epoch 15: [0/472 (0.0%)]	Loss: 0.449072
2026-02-27 05:07:25,004 - experiment_chaotic_lorenz_full_chaotic_run_0 - INFO - [SYNC DEBUG] Epoch 15: sync_weight=0.01, desync_weight=0.01, loss_sync=0.049908
2026-02-27 05:07:26,171 - experiment_chaotic_lorenz_full_chaotic_run_0 - INFO - Epoch 15: Train Loss: 0.5564, Train Acc: 0.8772, Val Loss: 4.9696, Val Acc: 0.0674
2026-02-27 05:07:26,737 - experiment_chaotic_lorenz_full_chaotic_run_0 - INFO - Train Epoch 16: [0/472 (0.0%)]	Loss: 0.477105
2026-02-27 05:07:31,442 - experiment_chaotic_lorenz_full_chaotic_run_0 - INFO - [SYNC DEBUG] Epoch 16: sync_weight=0.01, desync_weight=0.01, loss_sync=0.049671
2026-02-27 05:07:32,638 - experiment_chaotic_lorenz_full_chaotic_run_0 - INFO - Epoch 16: Train Loss: 0.4504, Train Acc: 0.9107, Val Loss: 7.3437, Val Acc: 0.0787
2026-02-27 05:07:33,216 - experiment_chaotic_lorenz_full_chaotic_run_0 - INFO - Train Epoch 17: [0/472 (0.0%)]	Loss: 0.438546
2026-02-27 05:07:38,011 - experiment_chaotic_lorenz_full_chaotic_run_0 - INFO - [SYNC DEBUG] Epoch 17: sync_weight=0.01, desync_weight=0.01, loss_sync=0.049560
2026-02-27 05:07:39,185 - experiment_chaotic_lorenz_full_chaotic_run_0 - INFO - Epoch 17: Train Loss: 0.3747, Train Acc: 0.9442, Val Loss: 6.3699, Val Acc: 0.0899
2026-02-27 05:07:39,746 - experiment_chaotic_lorenz_full_chaotic_run_0 - INFO - Train Epoch 18: [0/472 (0.0%)]	Loss: 0.320038
2026-02-27 05:07:44,446 - experiment_chaotic_lorenz_full_chaotic_run_0 - INFO - [SYNC DEBUG] Epoch 18: sync_weight=0.01, desync_weight=0.01, loss_sync=0.049506
2026-02-27 05:07:45,607 - experiment_chaotic_lorenz_full_chaotic_run_0 - INFO - Epoch 18: Train Loss: 0.3768, Train Acc: 0.9263, Val Loss: 6.7541, Val Acc: 0.0449
2026-02-27 05:07:46,167 - experiment_chaotic_lorenz_full_chaotic_run_0 - INFO - Train Epoch 19: [0/472 (0.0%)]	Loss: 0.401199
2026-02-27 05:07:50,867 - experiment_chaotic_lorenz_full_chaotic_run_0 - INFO - [SYNC DEBUG] Epoch 19: sync_weight=0.01, desync_weight=0.01, loss_sync=0.049839
2026-02-27 05:07:52,031 - experiment_chaotic_lorenz_full_chaotic_run_0 - INFO - Epoch 19: Train Loss: 0.3305, Train Acc: 0.9375, Val Loss: 6.1962, Val Acc: 0.1011
2026-02-27 05:07:52,101 - experiment_chaotic_lorenz_full_chaotic_run_0 - INFO - Saved new best model at epoch 19
2026-02-27 05:07:52,695 - experiment_chaotic_lorenz_full_chaotic_run_0 - INFO - Train Epoch 20: [0/472 (0.0%)]	Loss: 0.512889
2026-02-27 05:07:57,388 - experiment_chaotic_lorenz_full_chaotic_run_0 - INFO - [SYNC DEBUG] Epoch 20: sync_weight=0.01, desync_weight=0.01, loss_sync=0.049850
2026-02-27 05:07:58,556 - experiment_chaotic_lorenz_full_chaotic_run_0 - INFO - Epoch 20: Train Loss: 0.3776, Train Acc: 0.9219, Val Loss: 2.9285, Val Acc: 0.3034
2026-02-27 05:07:58,623 - experiment_chaotic_lorenz_full_chaotic_run_0 - INFO - Saved new best model at epoch 20
2026-02-27 05:07:59,290 - experiment_chaotic_lorenz_full_chaotic_run_0 - INFO - Train Epoch 21: [0/472 (0.0%)]	Loss: 0.284349
2026-02-27 05:08:01,186 - experiment_chaotic_lorenz_full_chaotic_run_0 - DEBUG - [STABILITY] lyap=0.013, max_norm=43.5, min_std=10.274
2026-02-27 05:08:03,987 - experiment_chaotic_lorenz_full_chaotic_run_0 - INFO - [SYNC DEBUG] Epoch 21: sync_weight=0.01, desync_weight=0.01, loss_sync=0.049996
2026-02-27 05:08:05,156 - experiment_chaotic_lorenz_full_chaotic_run_0 - INFO - Epoch 21: Train Loss: 0.3799, Train Acc: 0.9308, Val Loss: 3.2887, Val Acc: 0.3708
2026-02-27 05:08:05,226 - experiment_chaotic_lorenz_full_chaotic_run_0 - INFO - Saved new best model at epoch 21
2026-02-27 05:08:05,811 - experiment_chaotic_lorenz_full_chaotic_run_0 - INFO - Train Epoch 22: [0/472 (0.0%)]	Loss: 0.204551
2026-02-27 05:08:10,502 - experiment_chaotic_lorenz_full_chaotic_run_0 - INFO - [SYNC DEBUG] Epoch 22: sync_weight=0.01, desync_weight=0.01, loss_sync=0.049715
2026-02-27 05:08:11,673 - experiment_chaotic_lorenz_full_chaotic_run_0 - INFO - Epoch 22: Train Loss: 0.3035, Train Acc: 0.9509, Val Loss: 8.3979, Val Acc: 0.0449
2026-02-27 05:08:12,239 - experiment_chaotic_lorenz_full_chaotic_run_0 - INFO - Train Epoch 23: [0/472 (0.0%)]	Loss: 0.669516
2026-02-27 05:08:16,947 - experiment_chaotic_lorenz_full_chaotic_run_0 - INFO - [SYNC DEBUG] Epoch 23: sync_weight=0.01, desync_weight=0.01, loss_sync=0.049792
2026-02-27 05:08:18,126 - experiment_chaotic_lorenz_full_chaotic_run_0 - INFO - Epoch 23: Train Loss: 0.3342, Train Acc: 0.9353, Val Loss: 5.9346, Val Acc: 0.1236
2026-02-27 05:08:18,694 - experiment_chaotic_lorenz_full_chaotic_run_0 - INFO - Train Epoch 24: [0/472 (0.0%)]	Loss: 0.389073
2026-02-27 05:08:23,393 - experiment_chaotic_lorenz_full_chaotic_run_0 - INFO - [SYNC DEBUG] Epoch 24: sync_weight=0.01, desync_weight=0.01, loss_sync=0.049732
2026-02-27 05:08:24,570 - experiment_chaotic_lorenz_full_chaotic_run_0 - INFO - Epoch 24: Train Loss: 0.2838, Train Acc: 0.9531, Val Loss: 9.3913, Val Acc: 0.0449
2026-02-27 05:08:25,140 - experiment_chaotic_lorenz_full_chaotic_run_0 - INFO - Train Epoch 25: [0/472 (0.0%)]	Loss: 0.282253
2026-02-27 05:08:29,831 - experiment_chaotic_lorenz_full_chaotic_run_0 - INFO - [SYNC DEBUG] Epoch 25: sync_weight=0.01, desync_weight=0.01, loss_sync=0.049723
2026-02-27 05:08:31,028 - experiment_chaotic_lorenz_full_chaotic_run_0 - INFO - Epoch 25: Train Loss: 0.2718, Train Acc: 0.9598, Val Loss: 5.8002, Val Acc: 0.1236
2026-02-27 05:08:31,592 - experiment_chaotic_lorenz_full_chaotic_run_0 - INFO - Train Epoch 26: [0/472 (0.0%)]	Loss: 0.322137
2026-02-27 05:08:36,285 - experiment_chaotic_lorenz_full_chaotic_run_0 - INFO - [SYNC DEBUG] Epoch 26: sync_weight=0.01, desync_weight=0.01, loss_sync=0.049611
2026-02-27 05:08:37,472 - experiment_chaotic_lorenz_full_chaotic_run_0 - INFO - Epoch 26: Train Loss: 0.3155, Train Acc: 0.9330, Val Loss: 3.9780, Val Acc: 0.1910
2026-02-27 05:08:38,040 - experiment_chaotic_lorenz_full_chaotic_run_0 - INFO - Train Epoch 27: [0/472 (0.0%)]	Loss: 0.175275
2026-02-27 05:08:42,755 - experiment_chaotic_lorenz_full_chaotic_run_0 - INFO - [SYNC DEBUG] Epoch 27: sync_weight=0.01, desync_weight=0.01, loss_sync=0.049663
2026-02-27 05:08:43,949 - experiment_chaotic_lorenz_full_chaotic_run_0 - INFO - Epoch 27: Train Loss: 0.2558, Train Acc: 0.9598, Val Loss: 6.5379, Val Acc: 0.0449
2026-02-27 05:08:44,528 - experiment_chaotic_lorenz_full_chaotic_run_0 - INFO - Train Epoch 28: [0/472 (0.0%)]	Loss: 0.204546
2026-02-27 05:08:47,146 - experiment_chaotic_lorenz_full_chaotic_run_0 - DEBUG - [STABILITY] lyap=0.014, max_norm=41.3, min_std=9.704
2026-02-27 05:08:49,271 - experiment_chaotic_lorenz_full_chaotic_run_0 - INFO - [SYNC DEBUG] Epoch 28: sync_weight=0.01, desync_weight=0.01, loss_sync=0.049533
2026-02-27 05:08:50,475 - experiment_chaotic_lorenz_full_chaotic_run_0 - INFO - Epoch 28: Train Loss: 0.2621, Train Acc: 0.9554, Val Loss: 5.2416, Val Acc: 0.1798
2026-02-27 05:08:51,046 - experiment_chaotic_lorenz_full_chaotic_run_0 - INFO - Train Epoch 29: [0/472 (0.0%)]	Loss: 0.172490
2026-02-27 05:08:55,738 - experiment_chaotic_lorenz_full_chaotic_run_0 - INFO - [SYNC DEBUG] Epoch 29: sync_weight=0.01, desync_weight=0.01, loss_sync=0.049610
2026-02-27 05:08:56,932 - experiment_chaotic_lorenz_full_chaotic_run_0 - INFO - Epoch 29: Train Loss: 0.1989, Train Acc: 0.9710, Val Loss: 5.9579, Val Acc: 0.1348
2026-02-27 05:08:57,500 - experiment_chaotic_lorenz_full_chaotic_run_0 - INFO - Train Epoch 30: [0/472 (0.0%)]	Loss: 0.141152
2026-02-27 05:09:02,196 - experiment_chaotic_lorenz_full_chaotic_run_0 - INFO - [SYNC DEBUG] Epoch 30: sync_weight=0.01, desync_weight=0.01, loss_sync=0.049837
2026-02-27 05:09:03,385 - experiment_chaotic_lorenz_full_chaotic_run_0 - INFO - Epoch 30: Train Loss: 0.2143, Train Acc: 0.9643, Val Loss: 9.5250, Val Acc: 0.0449
2026-02-27 05:09:04,015 - experiment_chaotic_lorenz_full_chaotic_run_0 - INFO - Train Epoch 31: [0/472 (0.0%)]	Loss: 0.109672
2026-02-27 05:09:08,710 - experiment_chaotic_lorenz_full_chaotic_run_0 - INFO - [SYNC DEBUG] Epoch 31: sync_weight=0.01, desync_weight=0.01, loss_sync=0.049776
2026-02-27 05:09:09,890 - experiment_chaotic_lorenz_full_chaotic_run_0 - INFO - Epoch 31: Train Loss: 0.1976, Train Acc: 0.9799, Val Loss: 4.5222, Val Acc: 0.2360
2026-02-27 05:09:10,450 - experiment_chaotic_lorenz_full_chaotic_run_0 - INFO - Train Epoch 32: [0/472 (0.0%)]	Loss: 0.131359
2026-02-27 05:09:15,143 - experiment_chaotic_lorenz_full_chaotic_run_0 - INFO - [SYNC DEBUG] Epoch 32: sync_weight=0.01, desync_weight=0.01, loss_sync=0.049650
2026-02-27 05:09:16,333 - experiment_chaotic_lorenz_full_chaotic_run_0 - INFO - Epoch 32: Train Loss: 0.2198, Train Acc: 0.9643, Val Loss: 6.5679, Val Acc: 0.1011
2026-02-27 05:09:16,900 - experiment_chaotic_lorenz_full_chaotic_run_0 - INFO - Train Epoch 33: [0/472 (0.0%)]	Loss: 0.197053
2026-02-27 05:09:21,597 - experiment_chaotic_lorenz_full_chaotic_run_0 - INFO - [SYNC DEBUG] Epoch 33: sync_weight=0.01, desync_weight=0.01, loss_sync=0.049740
2026-02-27 05:09:22,789 - experiment_chaotic_lorenz_full_chaotic_run_0 - INFO - Epoch 33: Train Loss: 0.2160, Train Acc: 0.9531, Val Loss: 4.5584, Val Acc: 0.1573
2026-02-27 05:09:23,356 - experiment_chaotic_lorenz_full_chaotic_run_0 - INFO - Train Epoch 34: [0/472 (0.0%)]	Loss: 0.093635
2026-02-27 05:09:28,059 - experiment_chaotic_lorenz_full_chaotic_run_0 - INFO - [SYNC DEBUG] Epoch 34: sync_weight=0.01, desync_weight=0.01, loss_sync=0.049764
2026-02-27 05:09:29,251 - experiment_chaotic_lorenz_full_chaotic_run_0 - INFO - Epoch 34: Train Loss: 0.1808, Train Acc: 0.9665, Val Loss: 3.2245, Val Acc: 0.3483
2026-02-27 05:09:29,823 - experiment_chaotic_lorenz_full_chaotic_run_0 - INFO - Train Epoch 35: [0/472 (0.0%)]	Loss: 0.119947
2026-02-27 05:09:33,106 - experiment_chaotic_lorenz_full_chaotic_run_0 - DEBUG - [STABILITY] lyap=0.017, max_norm=36.2, min_std=8.345
2026-02-27 05:09:34,523 - experiment_chaotic_lorenz_full_chaotic_run_0 - INFO - [SYNC DEBUG] Epoch 35: sync_weight=0.01, desync_weight=0.01, loss_sync=0.049703
2026-02-27 05:09:35,699 - experiment_chaotic_lorenz_full_chaotic_run_0 - INFO - Epoch 35: Train Loss: 0.1960, Train Acc: 0.9688, Val Loss: 3.7423, Val Acc: 0.2809
2026-02-27 05:09:36,264 - experiment_chaotic_lorenz_full_chaotic_run_0 - INFO - Train Epoch 36: [0/472 (0.0%)]	Loss: 0.221388
2026-02-27 05:09:40,952 - experiment_chaotic_lorenz_full_chaotic_run_0 - INFO - [SYNC DEBUG] Epoch 36: sync_weight=0.01, desync_weight=0.01, loss_sync=0.049717
2026-02-27 05:09:42,147 - experiment_chaotic_lorenz_full_chaotic_run_0 - INFO - Epoch 36: Train Loss: 0.2267, Train Acc: 0.9621, Val Loss: 2.6359, Val Acc: 0.3708
2026-02-27 05:09:42,716 - experiment_chaotic_lorenz_full_chaotic_run_0 - INFO - Train Epoch 37: [0/472 (0.0%)]	Loss: 0.226052
2026-02-27 05:09:47,414 - experiment_chaotic_lorenz_full_chaotic_run_0 - INFO - [SYNC DEBUG] Epoch 37: sync_weight=0.01, desync_weight=0.01, loss_sync=0.049565
2026-02-27 05:09:48,598 - experiment_chaotic_lorenz_full_chaotic_run_0 - INFO - Epoch 37: Train Loss: 0.1980, Train Acc: 0.9665, Val Loss: 3.6728, Val Acc: 0.2584
2026-02-27 05:09:49,169 - experiment_chaotic_lorenz_full_chaotic_run_0 - INFO - Train Epoch 38: [0/472 (0.0%)]	Loss: 0.171755
2026-02-27 05:09:53,863 - experiment_chaotic_lorenz_full_chaotic_run_0 - INFO - [SYNC DEBUG] Epoch 38: sync_weight=0.01, desync_weight=0.01, loss_sync=0.049641
2026-02-27 05:09:55,049 - experiment_chaotic_lorenz_full_chaotic_run_0 - INFO - Epoch 38: Train Loss: 0.1575, Train Acc: 0.9754, Val Loss: 3.2726, Val Acc: 0.4494
2026-02-27 05:09:55,131 - experiment_chaotic_lorenz_full_chaotic_run_0 - INFO - Saved new best model at epoch 38
2026-02-27 05:09:55,738 - experiment_chaotic_lorenz_full_chaotic_run_0 - INFO - Train Epoch 39: [0/472 (0.0%)]	Loss: 0.258194
2026-02-27 05:10:00,431 - experiment_chaotic_lorenz_full_chaotic_run_0 - INFO - [SYNC DEBUG] Epoch 39: sync_weight=0.01, desync_weight=0.01, loss_sync=0.049756
2026-02-27 05:10:01,631 - experiment_chaotic_lorenz_full_chaotic_run_0 - INFO - Epoch 39: Train Loss: 0.1683, Train Acc: 0.9754, Val Loss: 6.4751, Val Acc: 0.1011
2026-02-27 05:10:02,199 - experiment_chaotic_lorenz_full_chaotic_run_0 - INFO - Train Epoch 40: [0/472 (0.0%)]	Loss: 0.112415
2026-02-27 05:10:06,896 - experiment_chaotic_lorenz_full_chaotic_run_0 - INFO - [SYNC DEBUG] Epoch 40: sync_weight=0.01, desync_weight=0.01, loss_sync=0.049633
2026-02-27 05:10:08,084 - experiment_chaotic_lorenz_full_chaotic_run_0 - INFO - Epoch 40: Train Loss: 0.1826, Train Acc: 0.9732, Val Loss: 4.1245, Val Acc: 0.3933
2026-02-27 05:10:08,724 - experiment_chaotic_lorenz_full_chaotic_run_0 - INFO - Train Epoch 41: [0/472 (0.0%)]	Loss: 0.097837
2026-02-27 05:10:13,420 - experiment_chaotic_lorenz_full_chaotic_run_0 - INFO - [SYNC DEBUG] Epoch 41: sync_weight=0.01, desync_weight=0.01, loss_sync=0.049548
2026-02-27 05:10:14,617 - experiment_chaotic_lorenz_full_chaotic_run_0 - INFO - Epoch 41: Train Loss: 0.1327, Train Acc: 0.9844, Val Loss: 4.8556, Val Acc: 0.2697
2026-02-27 05:10:15,189 - experiment_chaotic_lorenz_full_chaotic_run_0 - INFO - Train Epoch 42: [0/472 (0.0%)]	Loss: 0.131085
2026-02-27 05:10:19,178 - experiment_chaotic_lorenz_full_chaotic_run_0 - DEBUG - [STABILITY] lyap=0.016, max_norm=37.2, min_std=8.614
2026-02-27 05:10:19,894 - experiment_chaotic_lorenz_full_chaotic_run_0 - INFO - [SYNC DEBUG] Epoch 42: sync_weight=0.01, desync_weight=0.01, loss_sync=0.049652
2026-02-27 05:10:21,097 - experiment_chaotic_lorenz_full_chaotic_run_0 - INFO - Epoch 42: Train Loss: 0.1407, Train Acc: 0.9821, Val Loss: 5.3202, Val Acc: 0.1573
2026-02-27 05:10:21,673 - experiment_chaotic_lorenz_full_chaotic_run_0 - INFO - Train Epoch 43: [0/472 (0.0%)]	Loss: 0.171097
2026-02-27 05:10:26,367 - experiment_chaotic_lorenz_full_chaotic_run_0 - INFO - [SYNC DEBUG] Epoch 43: sync_weight=0.01, desync_weight=0.01, loss_sync=0.049502
2026-02-27 05:10:27,560 - experiment_chaotic_lorenz_full_chaotic_run_0 - INFO - Epoch 43: Train Loss: 0.1358, Train Acc: 0.9866, Val Loss: 7.9781, Val Acc: 0.1011
2026-02-27 05:10:28,131 - experiment_chaotic_lorenz_full_chaotic_run_0 - INFO - Train Epoch 44: [0/472 (0.0%)]	Loss: 0.081551
2026-02-27 05:10:32,826 - experiment_chaotic_lorenz_full_chaotic_run_0 - INFO - [SYNC DEBUG] Epoch 44: sync_weight=0.01, desync_weight=0.01, loss_sync=0.049689
2026-02-27 05:10:34,035 - experiment_chaotic_lorenz_full_chaotic_run_0 - INFO - Epoch 44: Train Loss: 0.1190, Train Acc: 0.9911, Val Loss: 5.5300, Val Acc: 0.2697
2026-02-27 05:10:34,600 - experiment_chaotic_lorenz_full_chaotic_run_0 - INFO - Train Epoch 45: [0/472 (0.0%)]	Loss: 0.074621
2026-02-27 05:10:39,296 - experiment_chaotic_lorenz_full_chaotic_run_0 - INFO - [SYNC DEBUG] Epoch 45: sync_weight=0.01, desync_weight=0.01, loss_sync=0.049830
2026-02-27 05:10:40,500 - experiment_chaotic_lorenz_full_chaotic_run_0 - INFO - Epoch 45: Train Loss: 0.1083, Train Acc: 0.9933, Val Loss: 2.6647, Val Acc: 0.4045
2026-02-27 05:10:41,069 - experiment_chaotic_lorenz_full_chaotic_run_0 - INFO - Train Epoch 46: [0/472 (0.0%)]	Loss: 0.105838
2026-02-27 05:10:45,767 - experiment_chaotic_lorenz_full_chaotic_run_0 - INFO - [SYNC DEBUG] Epoch 46: sync_weight=0.01, desync_weight=0.01, loss_sync=0.049688
2026-02-27 05:10:46,966 - experiment_chaotic_lorenz_full_chaotic_run_0 - INFO - Epoch 46: Train Loss: 0.1237, Train Acc: 0.9844, Val Loss: 3.7754, Val Acc: 0.2584
2026-02-27 05:10:47,535 - experiment_chaotic_lorenz_full_chaotic_run_0 - INFO - Train Epoch 47: [0/472 (0.0%)]	Loss: 0.070646
2026-02-27 05:10:52,421 - experiment_chaotic_lorenz_full_chaotic_run_0 - INFO - [SYNC DEBUG] Epoch 47: sync_weight=0.01, desync_weight=0.01, loss_sync=0.049624
2026-02-27 05:10:53,627 - experiment_chaotic_lorenz_full_chaotic_run_0 - INFO - Epoch 47: Train Loss: 0.0947, Train Acc: 0.9978, Val Loss: 1.9387, Val Acc: 0.5393
2026-02-27 05:10:53,698 - experiment_chaotic_lorenz_full_chaotic_run_0 - INFO - Saved new best model at epoch 47
2026-02-27 05:10:54,295 - experiment_chaotic_lorenz_full_chaotic_run_0 - INFO - Train Epoch 48: [0/472 (0.0%)]	Loss: 0.069575
2026-02-27 05:10:58,984 - experiment_chaotic_lorenz_full_chaotic_run_0 - INFO - [SYNC DEBUG] Epoch 48: sync_weight=0.01, desync_weight=0.01, loss_sync=0.049728
2026-02-27 05:11:00,185 - experiment_chaotic_lorenz_full_chaotic_run_0 - INFO - Epoch 48: Train Loss: 0.1154, Train Acc: 0.9955, Val Loss: 5.0290, Val Acc: 0.1461
2026-02-27 05:11:00,760 - experiment_chaotic_lorenz_full_chaotic_run_0 - INFO - Train Epoch 49: [0/472 (0.0%)]	Loss: 0.093524
2026-02-27 05:11:05,456 - experiment_chaotic_lorenz_full_chaotic_run_0 - INFO - [SYNC DEBUG] Epoch 49: sync_weight=0.01, desync_weight=0.01, loss_sync=0.049871
2026-02-27 05:11:06,651 - experiment_chaotic_lorenz_full_chaotic_run_0 - INFO - Epoch 49: Train Loss: 0.1110, Train Acc: 0.9911, Val Loss: 8.2362, Val Acc: 0.0449
2026-02-27 05:11:07,021 - experiment_chaotic_lorenz_full_chaotic_run_0 - DEBUG - [STABILITY] lyap=0.016, max_norm=37.2, min_std=8.601
2026-02-27 05:11:07,223 - experiment_chaotic_lorenz_full_chaotic_run_0 - INFO - Train Epoch 50: [0/472 (0.0%)]	Loss: 0.080645
2026-02-27 05:11:11,923 - experiment_chaotic_lorenz_full_chaotic_run_0 - INFO - [SYNC DEBUG] Epoch 50: sync_weight=0.01, desync_weight=0.01, loss_sync=0.049674
2026-02-27 05:11:13,120 - experiment_chaotic_lorenz_full_chaotic_run_0 - INFO - Epoch 50: Train Loss: 0.1123, Train Acc: 0.9888, Val Loss: 7.1982, Val Acc: 0.1124
2026-02-27 05:11:13,758 - experiment_chaotic_lorenz_full_chaotic_run_0 - INFO - Train Epoch 51: [0/472 (0.0%)]	Loss: 0.139383
2026-02-27 05:11:18,457 - experiment_chaotic_lorenz_full_chaotic_run_0 - INFO - [SYNC DEBUG] Epoch 51: sync_weight=0.01, desync_weight=0.01, loss_sync=0.049771
2026-02-27 05:11:19,650 - experiment_chaotic_lorenz_full_chaotic_run_0 - INFO - Epoch 51: Train Loss: 0.1291, Train Acc: 0.9777, Val Loss: 7.0788, Val Acc: 0.1011
2026-02-27 05:11:20,222 - experiment_chaotic_lorenz_full_chaotic_run_0 - INFO - Train Epoch 52: [0/472 (0.0%)]	Loss: 0.065089
2026-02-27 05:11:24,920 - experiment_chaotic_lorenz_full_chaotic_run_0 - INFO - [SYNC DEBUG] Epoch 52: sync_weight=0.01, desync_weight=0.01, loss_sync=0.049549
2026-02-27 05:11:26,114 - experiment_chaotic_lorenz_full_chaotic_run_0 - INFO - Epoch 52: Train Loss: 0.1242, Train Acc: 0.9911, Val Loss: 5.4806, Val Acc: 0.1910
2026-02-27 05:11:26,690 - experiment_chaotic_lorenz_full_chaotic_run_0 - INFO - Train Epoch 53: [0/472 (0.0%)]	Loss: 0.065312
2026-02-27 05:11:31,378 - experiment_chaotic_lorenz_full_chaotic_run_0 - INFO - [SYNC DEBUG] Epoch 53: sync_weight=0.01, desync_weight=0.01, loss_sync=0.049845
2026-02-27 05:11:32,582 - experiment_chaotic_lorenz_full_chaotic_run_0 - INFO - Epoch 53: Train Loss: 0.1034, Train Acc: 0.9933, Val Loss: 10.0059, Val Acc: 0.0899
2026-02-27 05:11:33,155 - experiment_chaotic_lorenz_full_chaotic_run_0 - INFO - Train Epoch 54: [0/472 (0.0%)]	Loss: 0.065651
2026-02-27 05:11:37,857 - experiment_chaotic_lorenz_full_chaotic_run_0 - INFO - [SYNC DEBUG] Epoch 54: sync_weight=0.01, desync_weight=0.01, loss_sync=0.049551
2026-02-27 05:11:39,053 - experiment_chaotic_lorenz_full_chaotic_run_0 - INFO - Epoch 54: Train Loss: 0.0871, Train Acc: 0.9978, Val Loss: 6.0112, Val Acc: 0.1798
2026-02-27 05:11:39,622 - experiment_chaotic_lorenz_full_chaotic_run_0 - INFO - Train Epoch 55: [0/472 (0.0%)]	Loss: 0.065765
2026-02-27 05:11:44,330 - experiment_chaotic_lorenz_full_chaotic_run_0 - INFO - [SYNC DEBUG] Epoch 55: sync_weight=0.01, desync_weight=0.01, loss_sync=0.049646
2026-02-27 05:11:45,528 - experiment_chaotic_lorenz_full_chaotic_run_0 - INFO - Epoch 55: Train Loss: 0.0877, Train Acc: 0.9955, Val Loss: 6.3113, Val Acc: 0.1573
2026-02-27 05:11:46,094 - experiment_chaotic_lorenz_full_chaotic_run_0 - INFO - Train Epoch 56: [0/472 (0.0%)]	Loss: 0.077484
2026-02-27 05:11:50,789 - experiment_chaotic_lorenz_full_chaotic_run_0 - INFO - [SYNC DEBUG] Epoch 56: sync_weight=0.01, desync_weight=0.01, loss_sync=0.049587
2026-02-27 05:11:51,990 - experiment_chaotic_lorenz_full_chaotic_run_0 - INFO - Epoch 56: Train Loss: 0.1017, Train Acc: 0.9911, Val Loss: 2.2036, Val Acc: 0.5056
2026-02-27 05:11:52,558 - experiment_chaotic_lorenz_full_chaotic_run_0 - INFO - Train Epoch 57: [0/472 (0.0%)]	Loss: 0.089691
2026-02-27 05:11:53,057 - experiment_chaotic_lorenz_full_chaotic_run_0 - DEBUG - [STABILITY] lyap=0.017, max_norm=36.2, min_std=8.344
2026-02-27 05:11:57,247 - experiment_chaotic_lorenz_full_chaotic_run_0 - INFO - [SYNC DEBUG] Epoch 57: sync_weight=0.01, desync_weight=0.01, loss_sync=0.049738
2026-02-27 05:11:58,446 - experiment_chaotic_lorenz_full_chaotic_run_0 - INFO - Epoch 57: Train Loss: 0.0880, Train Acc: 1.0000, Val Loss: 3.0247, Val Acc: 0.4607
2026-02-27 05:11:59,013 - experiment_chaotic_lorenz_full_chaotic_run_0 - INFO - Train Epoch 58: [0/472 (0.0%)]	Loss: 0.079067
2026-02-27 05:12:03,713 - experiment_chaotic_lorenz_full_chaotic_run_0 - INFO - [SYNC DEBUG] Epoch 58: sync_weight=0.01, desync_weight=0.01, loss_sync=0.049676
2026-02-27 05:12:04,917 - experiment_chaotic_lorenz_full_chaotic_run_0 - INFO - Epoch 58: Train Loss: 0.0922, Train Acc: 0.9955, Val Loss: 6.2040, Val Acc: 0.1685
2026-02-27 05:12:05,495 - experiment_chaotic_lorenz_full_chaotic_run_0 - INFO - Train Epoch 59: [0/472 (0.0%)]	Loss: 0.074063
2026-02-27 05:12:10,187 - experiment_chaotic_lorenz_full_chaotic_run_0 - INFO - [SYNC DEBUG] Epoch 59: sync_weight=0.01, desync_weight=0.01, loss_sync=0.049543
2026-02-27 05:12:11,383 - experiment_chaotic_lorenz_full_chaotic_run_0 - INFO - Epoch 59: Train Loss: 0.0806, Train Acc: 0.9978, Val Loss: 0.9764, Val Acc: 0.7416
2026-02-27 05:12:11,454 - experiment_chaotic_lorenz_full_chaotic_run_0 - INFO - Saved new best model at epoch 59
2026-02-27 05:12:12,056 - experiment_chaotic_lorenz_full_chaotic_run_0 - INFO - Train Epoch 60: [0/472 (0.0%)]	Loss: 0.073507
2026-02-27 05:12:16,758 - experiment_chaotic_lorenz_full_chaotic_run_0 - INFO - [SYNC DEBUG] Epoch 60: sync_weight=0.01, desync_weight=0.01, loss_sync=0.049432
2026-02-27 05:12:17,956 - experiment_chaotic_lorenz_full_chaotic_run_0 - INFO - Epoch 60: Train Loss: 0.0862, Train Acc: 0.9978, Val Loss: 2.8419, Val Acc: 0.4719
2026-02-27 05:12:18,592 - experiment_chaotic_lorenz_full_chaotic_run_0 - INFO - Train Epoch 61: [0/472 (0.0%)]	Loss: 0.070522
2026-02-27 05:12:23,289 - experiment_chaotic_lorenz_full_chaotic_run_0 - INFO - [SYNC DEBUG] Epoch 61: sync_weight=0.01, desync_weight=0.01, loss_sync=0.049767
2026-02-27 05:12:24,494 - experiment_chaotic_lorenz_full_chaotic_run_0 - INFO - Epoch 61: Train Loss: 0.0729, Train Acc: 0.9978, Val Loss: 3.6813, Val Acc: 0.3820
2026-02-27 05:12:25,067 - experiment_chaotic_lorenz_full_chaotic_run_0 - INFO - Train Epoch 62: [0/472 (0.0%)]	Loss: 0.068269
2026-02-27 05:12:29,764 - experiment_chaotic_lorenz_full_chaotic_run_0 - INFO - [SYNC DEBUG] Epoch 62: sync_weight=0.01, desync_weight=0.01, loss_sync=0.049641
2026-02-27 05:12:30,971 - experiment_chaotic_lorenz_full_chaotic_run_0 - INFO - Epoch 62: Train Loss: 0.0747, Train Acc: 1.0000, Val Loss: 3.8707, Val Acc: 0.3708
2026-02-27 05:12:31,545 - experiment_chaotic_lorenz_full_chaotic_run_0 - INFO - Train Epoch 63: [0/472 (0.0%)]	Loss: 0.063182
2026-02-27 05:12:36,245 - experiment_chaotic_lorenz_full_chaotic_run_0 - INFO - [SYNC DEBUG] Epoch 63: sync_weight=0.01, desync_weight=0.01, loss_sync=0.049682
2026-02-27 05:12:37,452 - experiment_chaotic_lorenz_full_chaotic_run_0 - INFO - Epoch 63: Train Loss: 0.0781, Train Acc: 0.9955, Val Loss: 7.1661, Val Acc: 0.1573
2026-02-27 05:12:38,028 - experiment_chaotic_lorenz_full_chaotic_run_0 - INFO - Train Epoch 64: [0/472 (0.0%)]	Loss: 0.108844
2026-02-27 05:12:39,231 - experiment_chaotic_lorenz_full_chaotic_run_0 - DEBUG - [STABILITY] lyap=0.018, max_norm=34.3, min_std=7.827
2026-02-27 05:12:42,735 - experiment_chaotic_lorenz_full_chaotic_run_0 - INFO - [SYNC DEBUG] Epoch 64: sync_weight=0.01, desync_weight=0.01, loss_sync=0.049491
2026-02-27 05:12:43,934 - experiment_chaotic_lorenz_full_chaotic_run_0 - INFO - Epoch 64: Train Loss: 0.0793, Train Acc: 0.9955, Val Loss: 1.1499, Val Acc: 0.7753
2026-02-27 05:12:44,006 - experiment_chaotic_lorenz_full_chaotic_run_0 - INFO - Saved new best model at epoch 64
2026-02-27 05:12:44,616 - experiment_chaotic_lorenz_full_chaotic_run_0 - INFO - Train Epoch 65: [0/472 (0.0%)]	Loss: 0.060905
2026-02-27 05:12:49,313 - experiment_chaotic_lorenz_full_chaotic_run_0 - INFO - [SYNC DEBUG] Epoch 65: sync_weight=0.01, desync_weight=0.01, loss_sync=0.049752
2026-02-27 05:12:50,527 - experiment_chaotic_lorenz_full_chaotic_run_0 - INFO - Epoch 65: Train Loss: 0.0749, Train Acc: 1.0000, Val Loss: 7.4452, Val Acc: 0.1685
2026-02-27 05:12:51,093 - experiment_chaotic_lorenz_full_chaotic_run_0 - INFO - Train Epoch 66: [0/472 (0.0%)]	Loss: 0.088629
2026-02-27 05:12:55,781 - experiment_chaotic_lorenz_full_chaotic_run_0 - INFO - [SYNC DEBUG] Epoch 66: sync_weight=0.01, desync_weight=0.01, loss_sync=0.049725
2026-02-27 05:12:56,984 - experiment_chaotic_lorenz_full_chaotic_run_0 - INFO - Epoch 66: Train Loss: 0.0796, Train Acc: 0.9978, Val Loss: 1.3413, Val Acc: 0.7416
2026-02-27 05:12:57,560 - experiment_chaotic_lorenz_full_chaotic_run_0 - INFO - Train Epoch 67: [0/472 (0.0%)]	Loss: 0.145154
2026-02-27 05:13:02,259 - experiment_chaotic_lorenz_full_chaotic_run_0 - INFO - [SYNC DEBUG] Epoch 67: sync_weight=0.01, desync_weight=0.01, loss_sync=0.049716
2026-02-27 05:13:03,460 - experiment_chaotic_lorenz_full_chaotic_run_0 - INFO - Epoch 67: Train Loss: 0.0903, Train Acc: 0.9933, Val Loss: 4.4704, Val Acc: 0.3258
2026-02-27 05:13:04,032 - experiment_chaotic_lorenz_full_chaotic_run_0 - INFO - Train Epoch 68: [0/472 (0.0%)]	Loss: 0.064578
2026-02-27 05:13:08,747 - experiment_chaotic_lorenz_full_chaotic_run_0 - INFO - [SYNC DEBUG] Epoch 68: sync_weight=0.01, desync_weight=0.01, loss_sync=0.049540
2026-02-27 05:13:09,958 - experiment_chaotic_lorenz_full_chaotic_run_0 - INFO - Epoch 68: Train Loss: 0.0827, Train Acc: 0.9955, Val Loss: 3.5225, Val Acc: 0.4157
2026-02-27 05:13:10,524 - experiment_chaotic_lorenz_full_chaotic_run_0 - INFO - Train Epoch 69: [0/472 (0.0%)]	Loss: 0.079942
2026-02-27 05:13:15,228 - experiment_chaotic_lorenz_full_chaotic_run_0 - INFO - [SYNC DEBUG] Epoch 69: sync_weight=0.01, desync_weight=0.01, loss_sync=0.049630
2026-02-27 05:13:16,429 - experiment_chaotic_lorenz_full_chaotic_run_0 - INFO - Epoch 69: Train Loss: 0.0712, Train Acc: 1.0000, Val Loss: 8.0053, Val Acc: 0.0787
2026-02-27 05:13:17,008 - experiment_chaotic_lorenz_full_chaotic_run_0 - INFO - Train Epoch 70: [0/472 (0.0%)]	Loss: 0.063231
2026-02-27 05:13:21,694 - experiment_chaotic_lorenz_full_chaotic_run_0 - INFO - [SYNC DEBUG] Epoch 70: sync_weight=0.01, desync_weight=0.01, loss_sync=0.049700
2026-02-27 05:13:22,895 - experiment_chaotic_lorenz_full_chaotic_run_0 - INFO - Epoch 70: Train Loss: 0.0721, Train Acc: 0.9978, Val Loss: 3.9669, Val Acc: 0.3483
2026-02-27 05:13:23,538 - experiment_chaotic_lorenz_full_chaotic_run_0 - INFO - Train Epoch 71: [0/472 (0.0%)]	Loss: 0.061581
2026-02-27 05:13:25,438 - experiment_chaotic_lorenz_full_chaotic_run_0 - DEBUG - [STABILITY] lyap=0.019, max_norm=33.1, min_std=7.524
2026-02-27 05:13:28,239 - experiment_chaotic_lorenz_full_chaotic_run_0 - INFO - [SYNC DEBUG] Epoch 71: sync_weight=0.01, desync_weight=0.01, loss_sync=0.049601
2026-02-27 05:13:29,475 - experiment_chaotic_lorenz_full_chaotic_run_0 - INFO - Epoch 71: Train Loss: 0.0747, Train Acc: 0.9955, Val Loss: 0.6258, Val Acc: 0.8539
2026-02-27 05:13:29,546 - experiment_chaotic_lorenz_full_chaotic_run_0 - INFO - Saved new best model at epoch 71
2026-02-27 05:13:30,185 - experiment_chaotic_lorenz_full_chaotic_run_0 - INFO - Train Epoch 72: [0/472 (0.0%)]	Loss: 0.073556
2026-02-27 05:13:34,890 - experiment_chaotic_lorenz_full_chaotic_run_0 - INFO - [SYNC DEBUG] Epoch 72: sync_weight=0.01, desync_weight=0.01, loss_sync=0.049702
2026-02-27 05:13:36,090 - experiment_chaotic_lorenz_full_chaotic_run_0 - INFO - Epoch 72: Train Loss: 0.0866, Train Acc: 0.9955, Val Loss: 0.2829, Val Acc: 0.9213
2026-02-27 05:13:36,158 - experiment_chaotic_lorenz_full_chaotic_run_0 - INFO - Saved new best model at epoch 72
2026-02-27 05:13:36,763 - experiment_chaotic_lorenz_full_chaotic_run_0 - INFO - Train Epoch 73: [0/472 (0.0%)]	Loss: 0.066464
2026-02-27 05:13:41,468 - experiment_chaotic_lorenz_full_chaotic_run_0 - INFO - [SYNC DEBUG] Epoch 73: sync_weight=0.01, desync_weight=0.01, loss_sync=0.049729
2026-02-27 05:13:42,674 - experiment_chaotic_lorenz_full_chaotic_run_0 - INFO - Epoch 73: Train Loss: 0.0757, Train Acc: 0.9933, Val Loss: 0.5273, Val Acc: 0.8989
2026-02-27 05:13:43,255 - experiment_chaotic_lorenz_full_chaotic_run_0 - INFO - Train Epoch 74: [0/472 (0.0%)]	Loss: 0.062343
2026-02-27 05:13:47,966 - experiment_chaotic_lorenz_full_chaotic_run_0 - INFO - [SYNC DEBUG] Epoch 74: sync_weight=0.01, desync_weight=0.01, loss_sync=0.049703
2026-02-27 05:13:49,187 - experiment_chaotic_lorenz_full_chaotic_run_0 - INFO - Epoch 74: Train Loss: 0.0736, Train Acc: 1.0000, Val Loss: 0.1115, Val Acc: 0.9551
2026-02-27 05:13:49,258 - experiment_chaotic_lorenz_full_chaotic_run_0 - INFO - Saved new best model at epoch 74
2026-02-27 05:13:49,865 - experiment_chaotic_lorenz_full_chaotic_run_0 - INFO - Train Epoch 75: [0/472 (0.0%)]	Loss: 0.070714
2026-02-27 05:13:54,570 - experiment_chaotic_lorenz_full_chaotic_run_0 - INFO - [SYNC DEBUG] Epoch 75: sync_weight=0.01, desync_weight=0.01, loss_sync=0.049624
2026-02-27 05:13:55,769 - experiment_chaotic_lorenz_full_chaotic_run_0 - INFO - Epoch 75: Train Loss: 0.0800, Train Acc: 0.9955, Val Loss: 0.9295, Val Acc: 0.7978
2026-02-27 05:13:56,344 - experiment_chaotic_lorenz_full_chaotic_run_0 - INFO - Train Epoch 76: [0/472 (0.0%)]	Loss: 0.065230
2026-02-27 05:14:01,034 - experiment_chaotic_lorenz_full_chaotic_run_0 - INFO - [SYNC DEBUG] Epoch 76: sync_weight=0.01, desync_weight=0.01, loss_sync=0.049882
2026-02-27 05:14:02,267 - experiment_chaotic_lorenz_full_chaotic_run_0 - INFO - Epoch 76: Train Loss: 0.0723, Train Acc: 0.9978, Val Loss: 0.2057, Val Acc: 0.9213
2026-02-27 05:14:02,843 - experiment_chaotic_lorenz_full_chaotic_run_0 - INFO - Train Epoch 77: [0/472 (0.0%)]	Loss: 0.061243
2026-02-27 05:14:07,539 - experiment_chaotic_lorenz_full_chaotic_run_0 - INFO - [SYNC DEBUG] Epoch 77: sync_weight=0.01, desync_weight=0.01, loss_sync=0.049775
2026-02-27 05:14:08,757 - experiment_chaotic_lorenz_full_chaotic_run_0 - INFO - Epoch 77: Train Loss: 0.0852, Train Acc: 0.9911, Val Loss: 0.4390, Val Acc: 0.8989
2026-02-27 05:14:09,335 - experiment_chaotic_lorenz_full_chaotic_run_0 - INFO - Train Epoch 78: [0/472 (0.0%)]	Loss: 0.075205
2026-02-27 05:14:11,920 - experiment_chaotic_lorenz_full_chaotic_run_0 - DEBUG - [STABILITY] lyap=0.019, max_norm=33.3, min_std=7.562
2026-02-27 05:14:14,028 - experiment_chaotic_lorenz_full_chaotic_run_0 - INFO - [SYNC DEBUG] Epoch 78: sync_weight=0.01, desync_weight=0.01, loss_sync=0.049645
2026-02-27 05:14:15,236 - experiment_chaotic_lorenz_full_chaotic_run_0 - INFO - Epoch 78: Train Loss: 0.0711, Train Acc: 1.0000, Val Loss: 0.6508, Val Acc: 0.8427
2026-02-27 05:14:15,816 - experiment_chaotic_lorenz_full_chaotic_run_0 - INFO - Train Epoch 79: [0/472 (0.0%)]	Loss: 0.065464
2026-02-27 05:14:20,507 - experiment_chaotic_lorenz_full_chaotic_run_0 - INFO - [SYNC DEBUG] Epoch 79: sync_weight=0.01, desync_weight=0.01, loss_sync=0.049760
2026-02-27 05:14:21,729 - experiment_chaotic_lorenz_full_chaotic_run_0 - INFO - Epoch 79: Train Loss: 0.0743, Train Acc: 0.9978, Val Loss: 0.9737, Val Acc: 0.7865
2026-02-27 05:14:22,307 - experiment_chaotic_lorenz_full_chaotic_run_0 - INFO - Train Epoch 80: [0/472 (0.0%)]	Loss: 0.063372
2026-02-27 05:14:27,001 - experiment_chaotic_lorenz_full_chaotic_run_0 - INFO - [SYNC DEBUG] Epoch 80: sync_weight=0.01, desync_weight=0.01, loss_sync=0.049706
2026-02-27 05:14:28,216 - experiment_chaotic_lorenz_full_chaotic_run_0 - INFO - Epoch 80: Train Loss: 0.0747, Train Acc: 0.9933, Val Loss: 0.3895, Val Acc: 0.9101
2026-02-27 05:14:28,865 - experiment_chaotic_lorenz_full_chaotic_run_0 - INFO - Train Epoch 81: [0/472 (0.0%)]	Loss: 0.076424
2026-02-27 05:14:33,559 - experiment_chaotic_lorenz_full_chaotic_run_0 - INFO - [SYNC DEBUG] Epoch 81: sync_weight=0.01, desync_weight=0.01, loss_sync=0.049868
2026-02-27 05:14:34,773 - experiment_chaotic_lorenz_full_chaotic_run_0 - INFO - Epoch 81: Train Loss: 0.0712, Train Acc: 0.9978, Val Loss: 0.1023, Val Acc: 0.9663
2026-02-27 05:14:34,844 - experiment_chaotic_lorenz_full_chaotic_run_0 - INFO - Saved new best model at epoch 81
2026-02-27 05:14:35,456 - experiment_chaotic_lorenz_full_chaotic_run_0 - INFO - Train Epoch 82: [0/472 (0.0%)]	Loss: 0.090149
2026-02-27 05:14:40,149 - experiment_chaotic_lorenz_full_chaotic_run_0 - INFO - [SYNC DEBUG] Epoch 82: sync_weight=0.01, desync_weight=0.01, loss_sync=0.049719
2026-02-27 05:14:41,358 - experiment_chaotic_lorenz_full_chaotic_run_0 - INFO - Epoch 82: Train Loss: 0.0759, Train Acc: 0.9978, Val Loss: 0.0881, Val Acc: 0.9551
2026-02-27 05:14:41,935 - experiment_chaotic_lorenz_full_chaotic_run_0 - INFO - Train Epoch 83: [0/472 (0.0%)]	Loss: 0.087174
2026-02-27 05:14:46,819 - experiment_chaotic_lorenz_full_chaotic_run_0 - INFO - [SYNC DEBUG] Epoch 83: sync_weight=0.01, desync_weight=0.01, loss_sync=0.049675
2026-02-27 05:14:48,035 - experiment_chaotic_lorenz_full_chaotic_run_0 - INFO - Epoch 83: Train Loss: 0.0735, Train Acc: 1.0000, Val Loss: 0.0861, Val Acc: 0.9663
2026-02-27 05:14:48,607 - experiment_chaotic_lorenz_full_chaotic_run_0 - INFO - Train Epoch 84: [0/472 (0.0%)]	Loss: 0.061095
2026-02-27 05:14:53,309 - experiment_chaotic_lorenz_full_chaotic_run_0 - INFO - [SYNC DEBUG] Epoch 84: sync_weight=0.01, desync_weight=0.01, loss_sync=0.049679
2026-02-27 05:14:54,534 - experiment_chaotic_lorenz_full_chaotic_run_0 - INFO - Epoch 84: Train Loss: 0.0640, Train Acc: 1.0000, Val Loss: 0.1424, Val Acc: 0.9551
2026-02-27 05:14:55,119 - experiment_chaotic_lorenz_full_chaotic_run_0 - INFO - Train Epoch 85: [0/472 (0.0%)]	Loss: 0.084990
2026-02-27 05:14:58,417 - experiment_chaotic_lorenz_full_chaotic_run_0 - DEBUG - [STABILITY] lyap=0.019, max_norm=33.1, min_std=7.505
2026-02-27 05:14:59,830 - experiment_chaotic_lorenz_full_chaotic_run_0 - INFO - [SYNC DEBUG] Epoch 85: sync_weight=0.01, desync_weight=0.01, loss_sync=0.049720
2026-02-27 05:15:01,056 - experiment_chaotic_lorenz_full_chaotic_run_0 - INFO - Epoch 85: Train Loss: 0.0697, Train Acc: 1.0000, Val Loss: 0.0818, Val Acc: 0.9663
2026-02-27 05:15:01,628 - experiment_chaotic_lorenz_full_chaotic_run_0 - INFO - Train Epoch 86: [0/472 (0.0%)]	Loss: 0.061175
2026-02-27 05:15:06,332 - experiment_chaotic_lorenz_full_chaotic_run_0 - INFO - [SYNC DEBUG] Epoch 86: sync_weight=0.01, desync_weight=0.01, loss_sync=0.049665
2026-02-27 05:15:07,548 - experiment_chaotic_lorenz_full_chaotic_run_0 - INFO - Epoch 86: Train Loss: 0.0684, Train Acc: 0.9978, Val Loss: 0.1039, Val Acc: 0.9663
2026-02-27 05:15:08,128 - experiment_chaotic_lorenz_full_chaotic_run_0 - INFO - Train Epoch 87: [0/472 (0.0%)]	Loss: 0.079636
2026-02-27 05:15:12,831 - experiment_chaotic_lorenz_full_chaotic_run_0 - INFO - [SYNC DEBUG] Epoch 87: sync_weight=0.01, desync_weight=0.01, loss_sync=0.049786
2026-02-27 05:15:14,042 - experiment_chaotic_lorenz_full_chaotic_run_0 - INFO - Epoch 87: Train Loss: 0.0648, Train Acc: 1.0000, Val Loss: 0.0482, Val Acc: 0.9775
2026-02-27 05:15:14,109 - experiment_chaotic_lorenz_full_chaotic_run_0 - INFO - Saved new best model at epoch 87
2026-02-27 05:15:14,715 - experiment_chaotic_lorenz_full_chaotic_run_0 - INFO - Train Epoch 88: [0/472 (0.0%)]	Loss: 0.064915
2026-02-27 05:15:19,419 - experiment_chaotic_lorenz_full_chaotic_run_0 - INFO - [SYNC DEBUG] Epoch 88: sync_weight=0.01, desync_weight=0.01, loss_sync=0.049922
2026-02-27 05:15:20,631 - experiment_chaotic_lorenz_full_chaotic_run_0 - INFO - Epoch 88: Train Loss: 0.0738, Train Acc: 0.9933, Val Loss: 0.0496, Val Acc: 0.9888
2026-02-27 05:15:20,701 - experiment_chaotic_lorenz_full_chaotic_run_0 - INFO - Saved new best model at epoch 88
2026-02-27 05:15:21,308 - experiment_chaotic_lorenz_full_chaotic_run_0 - INFO - Train Epoch 89: [0/472 (0.0%)]	Loss: 0.061384
2026-02-27 05:15:26,005 - experiment_chaotic_lorenz_full_chaotic_run_0 - INFO - [SYNC DEBUG] Epoch 89: sync_weight=0.01, desync_weight=0.01, loss_sync=0.049505
2026-02-27 05:15:27,210 - experiment_chaotic_lorenz_full_chaotic_run_0 - INFO - Epoch 89: Train Loss: 0.0670, Train Acc: 1.0000, Val Loss: 0.0602, Val Acc: 0.9775
2026-02-27 05:15:27,783 - experiment_chaotic_lorenz_full_chaotic_run_0 - INFO - Train Epoch 90: [0/472 (0.0%)]	Loss: 0.068285
2026-02-27 05:15:32,491 - experiment_chaotic_lorenz_full_chaotic_run_0 - INFO - [SYNC DEBUG] Epoch 90: sync_weight=0.01, desync_weight=0.01, loss_sync=0.049518
2026-02-27 05:15:33,711 - experiment_chaotic_lorenz_full_chaotic_run_0 - INFO - Epoch 90: Train Loss: 0.0702, Train Acc: 1.0000, Val Loss: 0.0151, Val Acc: 1.0000
2026-02-27 05:15:33,780 - experiment_chaotic_lorenz_full_chaotic_run_0 - INFO - Saved new best model at epoch 90
2026-02-27 05:15:34,467 - experiment_chaotic_lorenz_full_chaotic_run_0 - INFO - Train Epoch 91: [0/472 (0.0%)]	Loss: 0.059797
2026-02-27 05:15:39,165 - experiment_chaotic_lorenz_full_chaotic_run_0 - INFO - [SYNC DEBUG] Epoch 91: sync_weight=0.01, desync_weight=0.01, loss_sync=0.049677
2026-02-27 05:15:40,373 - experiment_chaotic_lorenz_full_chaotic_run_0 - INFO - Epoch 91: Train Loss: 0.0698, Train Acc: 1.0000, Val Loss: 0.0629, Val Acc: 0.9775
2026-02-27 05:15:40,943 - experiment_chaotic_lorenz_full_chaotic_run_0 - INFO - Train Epoch 92: [0/472 (0.0%)]	Loss: 0.068956
2026-02-27 05:15:44,918 - experiment_chaotic_lorenz_full_chaotic_run_0 - DEBUG - [STABILITY] lyap=0.019, max_norm=33.2, min_std=7.528
2026-02-27 05:15:45,634 - experiment_chaotic_lorenz_full_chaotic_run_0 - INFO - [SYNC DEBUG] Epoch 92: sync_weight=0.01, desync_weight=0.01, loss_sync=0.049670
2026-02-27 05:15:46,852 - experiment_chaotic_lorenz_full_chaotic_run_0 - INFO - Epoch 92: Train Loss: 0.0645, Train Acc: 1.0000, Val Loss: 0.0334, Val Acc: 0.9888
2026-02-27 05:15:47,428 - experiment_chaotic_lorenz_full_chaotic_run_0 - INFO - Train Epoch 93: [0/472 (0.0%)]	Loss: 0.059312
2026-02-27 05:15:52,129 - experiment_chaotic_lorenz_full_chaotic_run_0 - INFO - [SYNC DEBUG] Epoch 93: sync_weight=0.01, desync_weight=0.01, loss_sync=0.049911
2026-02-27 05:15:53,349 - experiment_chaotic_lorenz_full_chaotic_run_0 - INFO - Epoch 93: Train Loss: 0.0744, Train Acc: 0.9955, Val Loss: 0.0190, Val Acc: 0.9888
2026-02-27 05:15:53,930 - experiment_chaotic_lorenz_full_chaotic_run_0 - INFO - Train Epoch 94: [0/472 (0.0%)]	Loss: 0.069294
2026-02-27 05:15:58,640 - experiment_chaotic_lorenz_full_chaotic_run_0 - INFO - [SYNC DEBUG] Epoch 94: sync_weight=0.01, desync_weight=0.01, loss_sync=0.049810
2026-02-27 05:15:59,861 - experiment_chaotic_lorenz_full_chaotic_run_0 - INFO - Epoch 94: Train Loss: 0.0690, Train Acc: 0.9978, Val Loss: 0.0171, Val Acc: 0.9888
2026-02-27 05:16:00,438 - experiment_chaotic_lorenz_full_chaotic_run_0 - INFO - Train Epoch 95: [0/472 (0.0%)]	Loss: 0.061456
2026-02-27 05:16:05,146 - experiment_chaotic_lorenz_full_chaotic_run_0 - INFO - [SYNC DEBUG] Epoch 95: sync_weight=0.01, desync_weight=0.01, loss_sync=0.049577
2026-02-27 05:16:06,371 - experiment_chaotic_lorenz_full_chaotic_run_0 - INFO - Epoch 95: Train Loss: 0.0706, Train Acc: 1.0000, Val Loss: 0.0146, Val Acc: 1.0000
2026-02-27 05:16:06,946 - experiment_chaotic_lorenz_full_chaotic_run_0 - INFO - Train Epoch 96: [0/472 (0.0%)]	Loss: 0.103288
2026-02-27 05:16:11,641 - experiment_chaotic_lorenz_full_chaotic_run_0 - INFO - [SYNC DEBUG] Epoch 96: sync_weight=0.01, desync_weight=0.01, loss_sync=0.049837
2026-02-27 05:16:12,866 - experiment_chaotic_lorenz_full_chaotic_run_0 - INFO - Epoch 96: Train Loss: 0.0693, Train Acc: 0.9955, Val Loss: 0.0103, Val Acc: 1.0000
2026-02-27 05:16:13,446 - experiment_chaotic_lorenz_full_chaotic_run_0 - INFO - Train Epoch 97: [0/472 (0.0%)]	Loss: 0.086442
2026-02-27 05:16:18,154 - experiment_chaotic_lorenz_full_chaotic_run_0 - INFO - [SYNC DEBUG] Epoch 97: sync_weight=0.01, desync_weight=0.01, loss_sync=0.049762
2026-02-27 05:16:19,385 - experiment_chaotic_lorenz_full_chaotic_run_0 - INFO - Epoch 97: Train Loss: 0.0798, Train Acc: 0.9978, Val Loss: 0.0108, Val Acc: 1.0000
2026-02-27 05:16:19,964 - experiment_chaotic_lorenz_full_chaotic_run_0 - INFO - Train Epoch 98: [0/472 (0.0%)]	Loss: 0.062179
2026-02-27 05:16:24,667 - experiment_chaotic_lorenz_full_chaotic_run_0 - INFO - [SYNC DEBUG] Epoch 98: sync_weight=0.01, desync_weight=0.01, loss_sync=0.049677
2026-02-27 05:16:25,895 - experiment_chaotic_lorenz_full_chaotic_run_0 - INFO - Epoch 98: Train Loss: 0.0662, Train Acc: 1.0000, Val Loss: 0.0078, Val Acc: 1.0000
2026-02-27 05:16:26,475 - experiment_chaotic_lorenz_full_chaotic_run_0 - INFO - Train Epoch 99: [0/472 (0.0%)]	Loss: 0.071251
2026-02-27 05:16:31,183 - experiment_chaotic_lorenz_full_chaotic_run_0 - INFO - [SYNC DEBUG] Epoch 99: sync_weight=0.01, desync_weight=0.01, loss_sync=0.049738
2026-02-27 05:16:32,413 - experiment_chaotic_lorenz_full_chaotic_run_0 - INFO - Epoch 99: Train Loss: 0.0755, Train Acc: 0.9955, Val Loss: 0.0134, Val Acc: 1.0000
2026-02-27 05:16:32,418 - experiment_chaotic_lorenz_full_chaotic_run_0 - INFO - Running final test evaluation...
2026-02-27 05:16:33,306 - experiment_chaotic_lorenz_full_chaotic_run_0 - INFO - Test Results:
2026-02-27 05:16:33,306 - experiment_chaotic_lorenz_full_chaotic_run_0 - INFO -   loss: 0.1882
2026-02-27 05:16:33,306 - experiment_chaotic_lorenz_full_chaotic_run_0 - INFO -   accuracy: 0.9661
2026-02-27 05:16:33,306 - experiment_chaotic_lorenz_full_chaotic_run_0 - INFO -   avg_confidence: 1.0000
2026-02-27 05:16:33,306 - experiment_chaotic_lorenz_full_chaotic_run_0 - INFO -   embedding_diversity: 0.1896
2026-02-27 05:16:33,306 - experiment_chaotic_lorenz_full_chaotic_run_0 - INFO -   embedding_norm_mean: 1.0000
2026-02-27 05:16:33,306 - experiment_chaotic_lorenz_full_chaotic_run_0 - INFO -   embedding_norm_std: 0.0000
2026-02-27 05:16:33,308 - experiment_chaotic_lorenz_full_chaotic_run_0 - INFO - Training completed
2026-02-27 05:16:34,077 - experiment_chaotic_lorenz_full_chaotic_run_0 - INFO - Running comprehensive chaotic network analysis...
2026-02-27 05:16:34,078 - experiment_chaotic_lorenz_full_chaotic_run_0 - INFO - Analyzing chaotic features and dynamics...
2026-02-27 05:16:34,739 - experiment_chaotic_lorenz_full_chaotic_run_0 - INFO - Chaotic analysis completed
2026-02-27 05:16:34,740 - experiment_chaotic_lorenz_full_chaotic_run_0 - INFO - Creating chaotic dynamics visualizations...
2026-02-27 05:16:36,969 - experiment_chaotic_lorenz_full_chaotic_run_0 - WARNING - Embedding plotting failed: boolean index did not match indexed array along dimension 0; dimension is 8 but corresponding boolean dimension is 32
2026-02-27 05:16:36,976 - experiment_chaotic_lorenz_full_chaotic_run_0 - INFO - Chaotic network analysis completed
