2025-12-24 10:36:59,046 - experiment_chaotic_lorenz_full_chaotic_run_0 - INFO - Initialized experiment: chaotic_lorenz_full_chaotic_run_0
2025-12-24 10:36:59,047 - experiment_chaotic_lorenz_full_chaotic_run_0 - INFO - Device: cuda
2025-12-24 10:36:59,047 - experiment_chaotic_lorenz_full_chaotic_run_0 - INFO - Output directory: /scratch/project_2003370/yueyao/Model/experiments/configs/4.2_chapter_experiments/experiments/chaotic_lorenz_full_chaotic_run_0
2025-12-24 10:36:59,047 - experiment_chaotic_lorenz_full_chaotic_run_0 - INFO - Initialized chaotic network experiment with lorenz system
2025-12-24 10:36:59,047 - experiment_chaotic_lorenz_full_chaotic_run_0 - INFO - Setting up experiment components...
2025-12-24 10:36:59,047 - experiment_chaotic_lorenz_full_chaotic_run_0 - INFO - Creating dataloaders...
2025-12-24 10:37:16,273 - experiment_chaotic_lorenz_full_chaotic_run_0 - INFO - Detected 26 speakers in dataset
2025-12-24 10:37:16,273 - experiment_chaotic_lorenz_full_chaotic_run_0 - INFO - Dataloaders created:
2025-12-24 10:37:16,273 - experiment_chaotic_lorenz_full_chaotic_run_0 - INFO -   Train: 14 batches
2025-12-24 10:37:16,273 - experiment_chaotic_lorenz_full_chaotic_run_0 - INFO -   Val: 3 batches
2025-12-24 10:37:16,273 - experiment_chaotic_lorenz_full_chaotic_run_0 - INFO -   Test: 4 batches
2025-12-24 10:37:16,273 - experiment_chaotic_lorenz_full_chaotic_run_0 - INFO - Creating model...
2025-12-24 10:37:16,273 - experiment_chaotic_lorenz_full_chaotic_run_0 - INFO - Using actual num_speakers from dataset: 26
2025-12-24 10:37:47,368 - experiment_chaotic_lorenz_full_chaotic_run_0 - INFO - [PLDA] Replaced classifier with PLDAClassifier (latent_dim=128)
2025-12-24 10:37:47,372 - experiment_chaotic_lorenz_full_chaotic_run_0 - INFO - Total parameters: 520,647
2025-12-24 10:37:47,372 - experiment_chaotic_lorenz_full_chaotic_run_0 - INFO - Trainable parameters: 520,647
2025-12-24 10:37:47,372 - experiment_chaotic_lorenz_full_chaotic_run_0 - INFO - Creating optimizer...
2025-12-24 10:37:50,765 - experiment_chaotic_lorenz_full_chaotic_run_0 - INFO - Optimizer: AdamW
2025-12-24 10:37:50,765 - experiment_chaotic_lorenz_full_chaotic_run_0 - INFO - Creating scheduler...
2025-12-24 10:37:50,765 - experiment_chaotic_lorenz_full_chaotic_run_0 - INFO - Scheduler: CosineAnnealingLR
2025-12-24 10:37:50,765 - experiment_chaotic_lorenz_full_chaotic_run_0 - INFO - Creating criterion...
2025-12-24 10:37:50,765 - experiment_chaotic_lorenz_full_chaotic_run_0 - INFO - Criterion: CrossEntropyLoss
2025-12-24 10:37:50,809 - experiment_chaotic_lorenz_full_chaotic_run_0 - INFO - Configuration saved to: /scratch/project_2003370/yueyao/Model/experiments/configs/4.2_chapter_experiments/experiments/chaotic_lorenz_full_chaotic_run_0/config.json
2025-12-24 10:37:50,809 - experiment_chaotic_lorenz_full_chaotic_run_0 - INFO - Experiment setup completed
2025-12-24 10:40:11,523 - experiment_chaotic_lorenz_full_chaotic_run_0 - INFO - Initialized experiment: chaotic_lorenz_full_chaotic_run_0
2025-12-24 10:40:11,524 - experiment_chaotic_lorenz_full_chaotic_run_0 - INFO - Device: cuda
2025-12-24 10:40:11,524 - experiment_chaotic_lorenz_full_chaotic_run_0 - INFO - Output directory: /scratch/project_2003370/yueyao/Model/experiments/configs/4.2_chapter_experiments/experiments/chaotic_lorenz_full_chaotic_run_0
2025-12-24 10:40:11,524 - experiment_chaotic_lorenz_full_chaotic_run_0 - INFO - Initialized chaotic network experiment with lorenz system
2025-12-24 10:40:11,524 - experiment_chaotic_lorenz_full_chaotic_run_0 - INFO - Setting up experiment components...
2025-12-24 10:40:11,524 - experiment_chaotic_lorenz_full_chaotic_run_0 - INFO - Creating dataloaders...
2025-12-24 10:40:11,908 - experiment_chaotic_lorenz_full_chaotic_run_0 - INFO - Detected 26 speakers in dataset
2025-12-24 10:40:11,908 - experiment_chaotic_lorenz_full_chaotic_run_0 - INFO - Dataloaders created:
2025-12-24 10:40:11,908 - experiment_chaotic_lorenz_full_chaotic_run_0 - INFO -   Train: 14 batches
2025-12-24 10:40:11,908 - experiment_chaotic_lorenz_full_chaotic_run_0 - INFO -   Val: 3 batches
2025-12-24 10:40:11,908 - experiment_chaotic_lorenz_full_chaotic_run_0 - INFO -   Test: 4 batches
2025-12-24 10:40:11,908 - experiment_chaotic_lorenz_full_chaotic_run_0 - INFO - Creating model...
2025-12-24 10:40:11,909 - experiment_chaotic_lorenz_full_chaotic_run_0 - INFO - Using actual num_speakers from dataset: 26
2025-12-24 10:40:42,298 - experiment_chaotic_lorenz_full_chaotic_run_0 - INFO - [PLDA] Replaced classifier with PLDAClassifier (latent_dim=128)
2025-12-24 10:40:42,302 - experiment_chaotic_lorenz_full_chaotic_run_0 - INFO - Total parameters: 520,647
2025-12-24 10:40:42,302 - experiment_chaotic_lorenz_full_chaotic_run_0 - INFO - Trainable parameters: 520,647
2025-12-24 10:40:42,302 - experiment_chaotic_lorenz_full_chaotic_run_0 - INFO - Creating optimizer...
2025-12-24 10:40:43,415 - experiment_chaotic_lorenz_full_chaotic_run_0 - INFO - Optimizer: AdamW
2025-12-24 10:40:43,415 - experiment_chaotic_lorenz_full_chaotic_run_0 - INFO - Creating scheduler...
2025-12-24 10:40:43,415 - experiment_chaotic_lorenz_full_chaotic_run_0 - INFO - Scheduler: CosineAnnealingLR
2025-12-24 10:40:43,415 - experiment_chaotic_lorenz_full_chaotic_run_0 - INFO - Creating criterion...
2025-12-24 10:40:43,416 - experiment_chaotic_lorenz_full_chaotic_run_0 - INFO - Criterion: CrossEntropyLoss
2025-12-24 10:40:43,460 - experiment_chaotic_lorenz_full_chaotic_run_0 - INFO - Configuration saved to: /scratch/project_2003370/yueyao/Model/experiments/configs/4.2_chapter_experiments/experiments/chaotic_lorenz_full_chaotic_run_0/config.json
2025-12-24 10:40:43,460 - experiment_chaotic_lorenz_full_chaotic_run_0 - INFO - Experiment setup completed
2025-12-24 10:40:43,460 - experiment_chaotic_lorenz_full_chaotic_run_0 - INFO - Starting training for 100 epochs
2025-12-24 10:40:51,511 - experiment_chaotic_lorenz_full_chaotic_run_0 - INFO - 
================================================================================
2025-12-24 10:40:51,512 - experiment_chaotic_lorenz_full_chaotic_run_0 - INFO - COMPREHENSIVE DEBUG - FIRST BATCH
2025-12-24 10:40:51,512 - experiment_chaotic_lorenz_full_chaotic_run_0 - INFO - ================================================================================
2025-12-24 10:40:51,512 - experiment_chaotic_lorenz_full_chaotic_run_0 - INFO - Batch Info:
2025-12-24 10:40:51,512 - experiment_chaotic_lorenz_full_chaotic_run_0 - INFO -   Audio shape: torch.Size([32, 48000])
2025-12-24 10:40:51,512 - experiment_chaotic_lorenz_full_chaotic_run_0 - INFO -   Targets shape: torch.Size([32])
2025-12-24 10:40:51,539 - experiment_chaotic_lorenz_full_chaotic_run_0 - INFO -   Targets (first 8): tensor([13, 10,  3,  8,  6, 17, 24,  4], device='cuda:0')
2025-12-24 10:40:55,308 - experiment_chaotic_lorenz_full_chaotic_run_0 - INFO - ================================================================================

2025-12-24 10:40:55,310 - experiment_chaotic_lorenz_full_chaotic_run_0 - INFO - [ADVERSARIAL] Initialized AdversarialChaoticAugmentation
2025-12-24 10:40:55,500 - experiment_chaotic_lorenz_full_chaotic_run_0 - INFO - [SYNC LOSS] Initialized PhaseSynchronizationLoss
2025-12-24 10:40:55,678 - experiment_chaotic_lorenz_full_chaotic_run_0 - INFO - [STABILITY] Initialized LyapunovStabilityLoss
2025-12-24 10:40:57,267 - experiment_chaotic_lorenz_full_chaotic_run_0 - INFO - Train Epoch 0: [0/472 (0.0%)]	Loss: 3.525881
2025-12-24 10:41:08,057 - experiment_chaotic_lorenz_full_chaotic_run_0 - INFO - [ADVERSARIAL] Warmup: epoch 1/5
2025-12-24 10:41:09,066 - experiment_chaotic_lorenz_full_chaotic_run_0 - INFO - Epoch 0: Train Loss: 3.3485, Train Acc: 0.0513, Val Loss: 3.2857, Val Acc: 0.0449
2025-12-24 10:41:09,154 - experiment_chaotic_lorenz_full_chaotic_run_0 - INFO - Saved new best model at epoch 0
2025-12-24 10:41:11,518 - experiment_chaotic_lorenz_full_chaotic_run_0 - INFO - Train Epoch 1: [0/472 (0.0%)]	Loss: 3.203885
2025-12-24 10:41:20,745 - experiment_chaotic_lorenz_full_chaotic_run_0 - INFO - [ADVERSARIAL] Warmup: epoch 2/5
2025-12-24 10:41:21,708 - experiment_chaotic_lorenz_full_chaotic_run_0 - INFO - Epoch 1: Train Loss: 3.2282, Train Acc: 0.1272, Val Loss: 3.2454, Val Acc: 0.0449
2025-12-24 10:41:22,613 - experiment_chaotic_lorenz_full_chaotic_run_0 - INFO - Train Epoch 2: [0/472 (0.0%)]	Loss: 3.209415
2025-12-24 10:41:31,873 - experiment_chaotic_lorenz_full_chaotic_run_0 - INFO - [ADVERSARIAL] Warmup: epoch 3/5
2025-12-24 10:41:32,849 - experiment_chaotic_lorenz_full_chaotic_run_0 - INFO - Epoch 2: Train Loss: 3.1250, Train Acc: 0.1830, Val Loss: 3.3086, Val Acc: 0.0449
2025-12-24 10:41:33,762 - experiment_chaotic_lorenz_full_chaotic_run_0 - INFO - Train Epoch 3: [0/472 (0.0%)]	Loss: 2.944953
2025-12-24 10:41:43,201 - experiment_chaotic_lorenz_full_chaotic_run_0 - INFO - [ADVERSARIAL] Warmup: epoch 4/5
2025-12-24 10:41:44,166 - experiment_chaotic_lorenz_full_chaotic_run_0 - INFO - Epoch 3: Train Loss: 2.9307, Train Acc: 0.2545, Val Loss: 3.3779, Val Acc: 0.0674
2025-12-24 10:41:44,257 - experiment_chaotic_lorenz_full_chaotic_run_0 - INFO - Saved new best model at epoch 3
2025-12-24 10:41:45,207 - experiment_chaotic_lorenz_full_chaotic_run_0 - INFO - Train Epoch 4: [0/472 (0.0%)]	Loss: 2.830264
2025-12-24 10:41:54,431 - experiment_chaotic_lorenz_full_chaotic_run_0 - INFO - [ADVERSARIAL] Warmup: epoch 5/5
2025-12-24 10:41:55,388 - experiment_chaotic_lorenz_full_chaotic_run_0 - INFO - Epoch 4: Train Loss: 2.7200, Train Acc: 0.3103, Val Loss: 3.4727, Val Acc: 0.0449
2025-12-24 10:41:56,110 - experiment_chaotic_lorenz_full_chaotic_run_0 - INFO - Train Epoch 5: [0/472 (0.0%)]	Loss: 3.387953
2025-12-24 10:42:01,907 - experiment_chaotic_lorenz_full_chaotic_run_0 - INFO - [ADVERSARIAL] Warmup complete, adversarial training activated!
2025-12-24 10:42:02,880 - experiment_chaotic_lorenz_full_chaotic_run_0 - INFO - Epoch 5: Train Loss: 3.2400, Train Acc: 0.3393, Val Loss: 3.6613, Val Acc: 0.0449
2025-12-24 10:42:03,527 - experiment_chaotic_lorenz_full_chaotic_run_0 - INFO - Train Epoch 6: [0/472 (0.0%)]	Loss: 3.112820
2025-12-24 10:42:10,322 - experiment_chaotic_lorenz_full_chaotic_run_0 - INFO - Epoch 6: Train Loss: 2.9443, Train Acc: 0.4263, Val Loss: 3.6471, Val Acc: 0.0787
2025-12-24 10:42:10,411 - experiment_chaotic_lorenz_full_chaotic_run_0 - INFO - Saved new best model at epoch 6
2025-12-24 10:42:11,094 - experiment_chaotic_lorenz_full_chaotic_run_0 - INFO - Train Epoch 7: [0/472 (0.0%)]	Loss: 2.558301
2025-12-24 10:42:17,906 - experiment_chaotic_lorenz_full_chaotic_run_0 - INFO - Epoch 7: Train Loss: 2.6795, Train Acc: 0.4665, Val Loss: 3.3537, Val Acc: 0.0674
2025-12-24 10:42:18,543 - experiment_chaotic_lorenz_full_chaotic_run_0 - INFO - Train Epoch 8: [0/472 (0.0%)]	Loss: 2.427491
2025-12-24 10:42:25,298 - experiment_chaotic_lorenz_full_chaotic_run_0 - INFO - Epoch 8: Train Loss: 2.3898, Train Acc: 0.5402, Val Loss: 4.0623, Val Acc: 0.0787
2025-12-24 10:42:25,936 - experiment_chaotic_lorenz_full_chaotic_run_0 - INFO - Train Epoch 9: [0/472 (0.0%)]	Loss: 2.277359
2025-12-24 10:42:32,799 - experiment_chaotic_lorenz_full_chaotic_run_0 - INFO - Epoch 9: Train Loss: 2.1857, Train Acc: 0.5692, Val Loss: 4.2357, Val Acc: 0.0449
2025-12-24 10:42:33,432 - experiment_chaotic_lorenz_full_chaotic_run_0 - INFO - Train Epoch 10: [0/472 (0.0%)]	Loss: 2.126003
2025-12-24 10:42:40,315 - experiment_chaotic_lorenz_full_chaotic_run_0 - INFO - Epoch 10: Train Loss: 1.9393, Train Acc: 0.6585, Val Loss: 4.2737, Val Acc: 0.0449
2025-12-24 10:42:41,049 - experiment_chaotic_lorenz_full_chaotic_run_0 - INFO - Train Epoch 11: [0/472 (0.0%)]	Loss: 1.854894
2025-12-24 10:42:47,940 - experiment_chaotic_lorenz_full_chaotic_run_0 - INFO - Epoch 11: Train Loss: 1.7443, Train Acc: 0.6830, Val Loss: 4.2863, Val Acc: 0.1461
2025-12-24 10:42:48,031 - experiment_chaotic_lorenz_full_chaotic_run_0 - INFO - Saved new best model at epoch 11
2025-12-24 10:42:48,702 - experiment_chaotic_lorenz_full_chaotic_run_0 - INFO - Train Epoch 12: [0/472 (0.0%)]	Loss: 1.713477
2025-12-24 10:42:55,486 - experiment_chaotic_lorenz_full_chaotic_run_0 - INFO - Epoch 12: Train Loss: 1.5160, Train Acc: 0.7478, Val Loss: 4.2161, Val Acc: 0.0449
2025-12-24 10:42:56,125 - experiment_chaotic_lorenz_full_chaotic_run_0 - INFO - Train Epoch 13: [0/472 (0.0%)]	Loss: 1.625345
2025-12-24 10:43:02,892 - experiment_chaotic_lorenz_full_chaotic_run_0 - INFO - Epoch 13: Train Loss: 1.3592, Train Acc: 0.7723, Val Loss: 4.8017, Val Acc: 0.0899
2025-12-24 10:43:03,543 - experiment_chaotic_lorenz_full_chaotic_run_0 - INFO - Train Epoch 14: [0/472 (0.0%)]	Loss: 1.124051
2025-12-24 10:43:10,249 - experiment_chaotic_lorenz_full_chaotic_run_0 - INFO - Epoch 14: Train Loss: 1.2293, Train Acc: 0.7790, Val Loss: 5.1779, Val Acc: 0.0449
2025-12-24 10:43:10,891 - experiment_chaotic_lorenz_full_chaotic_run_0 - INFO - Train Epoch 15: [0/472 (0.0%)]	Loss: 1.212774
2025-12-24 10:43:17,669 - experiment_chaotic_lorenz_full_chaotic_run_0 - INFO - Epoch 15: Train Loss: 1.0680, Train Acc: 0.8527, Val Loss: 5.0025, Val Acc: 0.0562
2025-12-24 10:43:18,316 - experiment_chaotic_lorenz_full_chaotic_run_0 - INFO - Train Epoch 16: [0/472 (0.0%)]	Loss: 0.953629
2025-12-24 10:43:25,091 - experiment_chaotic_lorenz_full_chaotic_run_0 - INFO - Epoch 16: Train Loss: 1.0153, Train Acc: 0.8438, Val Loss: 5.1794, Val Acc: 0.0449
2025-12-24 10:43:25,745 - experiment_chaotic_lorenz_full_chaotic_run_0 - INFO - Train Epoch 17: [0/472 (0.0%)]	Loss: 1.116779
2025-12-24 10:43:32,479 - experiment_chaotic_lorenz_full_chaotic_run_0 - INFO - Epoch 17: Train Loss: 0.9103, Train Acc: 0.8415, Val Loss: 5.7862, Val Acc: 0.0449
2025-12-24 10:43:33,121 - experiment_chaotic_lorenz_full_chaotic_run_0 - INFO - Train Epoch 18: [0/472 (0.0%)]	Loss: 0.996759
2025-12-24 10:43:39,878 - experiment_chaotic_lorenz_full_chaotic_run_0 - INFO - Epoch 18: Train Loss: 0.8370, Train Acc: 0.8906, Val Loss: 5.7585, Val Acc: 0.0449
2025-12-24 10:43:40,518 - experiment_chaotic_lorenz_full_chaotic_run_0 - INFO - Train Epoch 19: [0/472 (0.0%)]	Loss: 0.643805
2025-12-24 10:43:47,336 - experiment_chaotic_lorenz_full_chaotic_run_0 - INFO - Epoch 19: Train Loss: 0.7666, Train Acc: 0.8862, Val Loss: 6.1971, Val Acc: 0.0449
2025-12-24 10:43:47,977 - experiment_chaotic_lorenz_full_chaotic_run_0 - INFO - Train Epoch 20: [0/472 (0.0%)]	Loss: 0.642053
2025-12-24 10:43:54,727 - experiment_chaotic_lorenz_full_chaotic_run_0 - INFO - Epoch 20: Train Loss: 0.6813, Train Acc: 0.9018, Val Loss: 5.4083, Val Acc: 0.0449
2025-12-24 10:43:55,462 - experiment_chaotic_lorenz_full_chaotic_run_0 - INFO - Train Epoch 21: [0/472 (0.0%)]	Loss: 0.567085
2025-12-24 10:44:02,208 - experiment_chaotic_lorenz_full_chaotic_run_0 - INFO - Epoch 21: Train Loss: 0.6427, Train Acc: 0.9040, Val Loss: 0.8012, Val Acc: 0.7640
2025-12-24 10:44:02,303 - experiment_chaotic_lorenz_full_chaotic_run_0 - INFO - Saved new best model at epoch 21
2025-12-24 10:44:02,986 - experiment_chaotic_lorenz_full_chaotic_run_0 - INFO - Train Epoch 22: [0/472 (0.0%)]	Loss: 0.671996
2025-12-24 10:44:09,740 - experiment_chaotic_lorenz_full_chaotic_run_0 - INFO - Epoch 22: Train Loss: 0.6243, Train Acc: 0.9196, Val Loss: 3.7392, Val Acc: 0.2135
2025-12-24 10:44:10,377 - experiment_chaotic_lorenz_full_chaotic_run_0 - INFO - Train Epoch 23: [0/472 (0.0%)]	Loss: 0.524634
2025-12-24 10:44:17,145 - experiment_chaotic_lorenz_full_chaotic_run_0 - INFO - Epoch 23: Train Loss: 0.5874, Train Acc: 0.9085, Val Loss: 6.3432, Val Acc: 0.0562
2025-12-24 10:44:17,787 - experiment_chaotic_lorenz_full_chaotic_run_0 - INFO - Train Epoch 24: [0/472 (0.0%)]	Loss: 0.614629
2025-12-24 10:44:24,598 - experiment_chaotic_lorenz_full_chaotic_run_0 - INFO - Epoch 24: Train Loss: 0.5515, Train Acc: 0.9219, Val Loss: 3.0341, Val Acc: 0.3034
2025-12-24 10:44:25,246 - experiment_chaotic_lorenz_full_chaotic_run_0 - INFO - Train Epoch 25: [0/472 (0.0%)]	Loss: 0.444252
2025-12-24 10:44:32,013 - experiment_chaotic_lorenz_full_chaotic_run_0 - INFO - Epoch 25: Train Loss: 0.5044, Train Acc: 0.9219, Val Loss: 6.1371, Val Acc: 0.0449
2025-12-24 10:44:32,658 - experiment_chaotic_lorenz_full_chaotic_run_0 - INFO - Train Epoch 26: [0/472 (0.0%)]	Loss: 0.347098
2025-12-24 10:44:39,463 - experiment_chaotic_lorenz_full_chaotic_run_0 - INFO - Epoch 26: Train Loss: 0.4935, Train Acc: 0.9263, Val Loss: 7.9717, Val Acc: 0.0449
2025-12-24 10:44:40,113 - experiment_chaotic_lorenz_full_chaotic_run_0 - INFO - Train Epoch 27: [0/472 (0.0%)]	Loss: 0.391858
2025-12-24 10:44:46,892 - experiment_chaotic_lorenz_full_chaotic_run_0 - INFO - Epoch 27: Train Loss: 0.4103, Train Acc: 0.9487, Val Loss: 5.6736, Val Acc: 0.1011
2025-12-24 10:44:47,528 - experiment_chaotic_lorenz_full_chaotic_run_0 - INFO - Train Epoch 28: [0/472 (0.0%)]	Loss: 0.376675
2025-12-24 10:44:54,349 - experiment_chaotic_lorenz_full_chaotic_run_0 - INFO - Epoch 28: Train Loss: 0.4123, Train Acc: 0.9375, Val Loss: 1.8801, Val Acc: 0.5169
2025-12-24 10:44:54,998 - experiment_chaotic_lorenz_full_chaotic_run_0 - INFO - Train Epoch 29: [0/472 (0.0%)]	Loss: 0.366346
2025-12-24 10:45:01,760 - experiment_chaotic_lorenz_full_chaotic_run_0 - INFO - Epoch 29: Train Loss: 0.4260, Train Acc: 0.9353, Val Loss: 0.4051, Val Acc: 0.8539
2025-12-24 10:45:01,850 - experiment_chaotic_lorenz_full_chaotic_run_0 - INFO - Saved new best model at epoch 29
2025-12-24 10:45:02,538 - experiment_chaotic_lorenz_full_chaotic_run_0 - INFO - Train Epoch 30: [0/472 (0.0%)]	Loss: 0.242437
2025-12-24 10:45:09,362 - experiment_chaotic_lorenz_full_chaotic_run_0 - INFO - Epoch 30: Train Loss: 0.3135, Train Acc: 0.9844, Val Loss: 7.9896, Val Acc: 0.0449
2025-12-24 10:45:10,101 - experiment_chaotic_lorenz_full_chaotic_run_0 - INFO - Train Epoch 31: [0/472 (0.0%)]	Loss: 0.272811
2025-12-24 10:45:16,894 - experiment_chaotic_lorenz_full_chaotic_run_0 - INFO - Epoch 31: Train Loss: 0.3244, Train Acc: 0.9665, Val Loss: 4.9695, Val Acc: 0.1910
2025-12-24 10:45:17,522 - experiment_chaotic_lorenz_full_chaotic_run_0 - INFO - Train Epoch 32: [0/472 (0.0%)]	Loss: 0.320766
2025-12-24 10:45:24,319 - experiment_chaotic_lorenz_full_chaotic_run_0 - INFO - Epoch 32: Train Loss: 0.3018, Train Acc: 0.9643, Val Loss: 2.4396, Val Acc: 0.4719
2025-12-24 10:45:24,976 - experiment_chaotic_lorenz_full_chaotic_run_0 - INFO - Train Epoch 33: [0/472 (0.0%)]	Loss: 0.469485
2025-12-24 10:45:32,021 - experiment_chaotic_lorenz_full_chaotic_run_0 - INFO - Epoch 33: Train Loss: 0.2744, Train Acc: 0.9710, Val Loss: 2.6561, Val Acc: 0.5056
2025-12-24 10:45:32,664 - experiment_chaotic_lorenz_full_chaotic_run_0 - INFO - Train Epoch 34: [0/472 (0.0%)]	Loss: 0.196603
2025-12-24 10:45:39,452 - experiment_chaotic_lorenz_full_chaotic_run_0 - INFO - Epoch 34: Train Loss: 0.2736, Train Acc: 0.9710, Val Loss: 5.8445, Val Acc: 0.1236
2025-12-24 10:45:40,092 - experiment_chaotic_lorenz_full_chaotic_run_0 - INFO - Train Epoch 35: [0/472 (0.0%)]	Loss: 0.227710
2025-12-24 10:45:46,937 - experiment_chaotic_lorenz_full_chaotic_run_0 - INFO - Epoch 35: Train Loss: 0.2665, Train Acc: 0.9509, Val Loss: 8.8498, Val Acc: 0.0449
2025-12-24 10:45:47,579 - experiment_chaotic_lorenz_full_chaotic_run_0 - INFO - Train Epoch 36: [0/472 (0.0%)]	Loss: 0.219548
2025-12-24 10:45:54,428 - experiment_chaotic_lorenz_full_chaotic_run_0 - INFO - Epoch 36: Train Loss: 0.2368, Train Acc: 0.9754, Val Loss: 5.3577, Val Acc: 0.1236
2025-12-24 10:45:55,075 - experiment_chaotic_lorenz_full_chaotic_run_0 - INFO - Train Epoch 37: [0/472 (0.0%)]	Loss: 0.196746
2025-12-24 10:46:01,865 - experiment_chaotic_lorenz_full_chaotic_run_0 - INFO - Epoch 37: Train Loss: 0.2102, Train Acc: 0.9866, Val Loss: 0.7747, Val Acc: 0.8090
2025-12-24 10:46:02,503 - experiment_chaotic_lorenz_full_chaotic_run_0 - INFO - Train Epoch 38: [0/472 (0.0%)]	Loss: 0.177304
2025-12-24 10:46:09,322 - experiment_chaotic_lorenz_full_chaotic_run_0 - INFO - Epoch 38: Train Loss: 0.2301, Train Acc: 0.9821, Val Loss: 3.1637, Val Acc: 0.3258
2025-12-24 10:46:09,970 - experiment_chaotic_lorenz_full_chaotic_run_0 - INFO - Train Epoch 39: [0/472 (0.0%)]	Loss: 0.190158
2025-12-24 10:46:16,790 - experiment_chaotic_lorenz_full_chaotic_run_0 - INFO - Epoch 39: Train Loss: 0.2344, Train Acc: 0.9754, Val Loss: 10.2388, Val Acc: 0.0449
2025-12-24 10:46:17,436 - experiment_chaotic_lorenz_full_chaotic_run_0 - INFO - Train Epoch 40: [0/472 (0.0%)]	Loss: 0.308915
2025-12-24 10:46:24,182 - experiment_chaotic_lorenz_full_chaotic_run_0 - INFO - Epoch 40: Train Loss: 0.2163, Train Acc: 0.9844, Val Loss: 6.7024, Val Acc: 0.0899
2025-12-24 10:46:24,925 - experiment_chaotic_lorenz_full_chaotic_run_0 - INFO - Train Epoch 41: [0/472 (0.0%)]	Loss: 0.135822
2025-12-24 10:46:31,721 - experiment_chaotic_lorenz_full_chaotic_run_0 - INFO - Epoch 41: Train Loss: 0.2554, Train Acc: 0.9688, Val Loss: 7.5540, Val Acc: 0.0562
2025-12-24 10:46:32,370 - experiment_chaotic_lorenz_full_chaotic_run_0 - INFO - Train Epoch 42: [0/472 (0.0%)]	Loss: 0.187173
2025-12-24 10:46:39,244 - experiment_chaotic_lorenz_full_chaotic_run_0 - INFO - Epoch 42: Train Loss: 0.2421, Train Acc: 0.9799, Val Loss: 9.4154, Val Acc: 0.0562
2025-12-24 10:46:39,886 - experiment_chaotic_lorenz_full_chaotic_run_0 - INFO - Train Epoch 43: [0/472 (0.0%)]	Loss: 0.186915
2025-12-24 10:46:46,698 - experiment_chaotic_lorenz_full_chaotic_run_0 - INFO - Epoch 43: Train Loss: 0.2058, Train Acc: 0.9799, Val Loss: 1.5385, Val Acc: 0.6180
2025-12-24 10:46:47,346 - experiment_chaotic_lorenz_full_chaotic_run_0 - INFO - Train Epoch 44: [0/472 (0.0%)]	Loss: 0.283286
2025-12-24 10:46:54,158 - experiment_chaotic_lorenz_full_chaotic_run_0 - INFO - Epoch 44: Train Loss: 0.2390, Train Acc: 0.9754, Val Loss: 0.3898, Val Acc: 0.8427
2025-12-24 10:46:54,815 - experiment_chaotic_lorenz_full_chaotic_run_0 - INFO - Train Epoch 45: [0/472 (0.0%)]	Loss: 0.147130
2025-12-24 10:47:01,661 - experiment_chaotic_lorenz_full_chaotic_run_0 - INFO - Epoch 45: Train Loss: 0.1885, Train Acc: 0.9888, Val Loss: 7.0219, Val Acc: 0.1011
2025-12-24 10:47:02,296 - experiment_chaotic_lorenz_full_chaotic_run_0 - INFO - Train Epoch 46: [0/472 (0.0%)]	Loss: 0.222866
2025-12-24 10:47:09,051 - experiment_chaotic_lorenz_full_chaotic_run_0 - INFO - Epoch 46: Train Loss: 0.1827, Train Acc: 0.9911, Val Loss: 2.6437, Val Acc: 0.4382
2025-12-24 10:47:09,692 - experiment_chaotic_lorenz_full_chaotic_run_0 - INFO - Train Epoch 47: [0/472 (0.0%)]	Loss: 0.148496
2025-12-24 10:47:16,549 - experiment_chaotic_lorenz_full_chaotic_run_0 - INFO - Epoch 47: Train Loss: 0.2061, Train Acc: 0.9732, Val Loss: 4.8870, Val Acc: 0.2022
2025-12-24 10:47:17,182 - experiment_chaotic_lorenz_full_chaotic_run_0 - INFO - Train Epoch 48: [0/472 (0.0%)]	Loss: 0.210237
2025-12-24 10:47:23,963 - experiment_chaotic_lorenz_full_chaotic_run_0 - INFO - Epoch 48: Train Loss: 0.1835, Train Acc: 0.9799, Val Loss: 5.2696, Val Acc: 0.1573
2025-12-24 10:47:24,588 - experiment_chaotic_lorenz_full_chaotic_run_0 - INFO - Train Epoch 49: [0/472 (0.0%)]	Loss: 0.159655
2025-12-24 10:47:31,411 - experiment_chaotic_lorenz_full_chaotic_run_0 - INFO - Epoch 49: Train Loss: 0.1518, Train Acc: 0.9955, Val Loss: 5.3787, Val Acc: 0.1910
2025-12-24 10:47:32,063 - experiment_chaotic_lorenz_full_chaotic_run_0 - INFO - Train Epoch 50: [0/472 (0.0%)]	Loss: 0.198738
2025-12-24 10:47:38,961 - experiment_chaotic_lorenz_full_chaotic_run_0 - INFO - Epoch 50: Train Loss: 0.1727, Train Acc: 0.9821, Val Loss: 5.7069, Val Acc: 0.1011
2025-12-24 10:47:39,675 - experiment_chaotic_lorenz_full_chaotic_run_0 - INFO - Train Epoch 51: [0/472 (0.0%)]	Loss: 0.125613
2025-12-24 10:47:46,465 - experiment_chaotic_lorenz_full_chaotic_run_0 - INFO - Epoch 51: Train Loss: 0.1646, Train Acc: 0.9911, Val Loss: 0.6971, Val Acc: 0.8090
2025-12-24 10:47:47,114 - experiment_chaotic_lorenz_full_chaotic_run_0 - INFO - Train Epoch 52: [0/472 (0.0%)]	Loss: 0.135526
2025-12-24 10:47:53,941 - experiment_chaotic_lorenz_full_chaotic_run_0 - INFO - Epoch 52: Train Loss: 0.1618, Train Acc: 0.9888, Val Loss: 0.1720, Val Acc: 0.9326
2025-12-24 10:47:54,032 - experiment_chaotic_lorenz_full_chaotic_run_0 - INFO - Saved new best model at epoch 52
2025-12-24 10:47:54,710 - experiment_chaotic_lorenz_full_chaotic_run_0 - INFO - Train Epoch 53: [0/472 (0.0%)]	Loss: 0.134744
2025-12-24 10:48:01,517 - experiment_chaotic_lorenz_full_chaotic_run_0 - INFO - Epoch 53: Train Loss: 0.1441, Train Acc: 0.9955, Val Loss: 6.3670, Val Acc: 0.1011
2025-12-24 10:48:02,150 - experiment_chaotic_lorenz_full_chaotic_run_0 - INFO - Train Epoch 54: [0/472 (0.0%)]	Loss: 0.142559
2025-12-24 10:48:08,965 - experiment_chaotic_lorenz_full_chaotic_run_0 - INFO - Epoch 54: Train Loss: 0.1562, Train Acc: 0.9911, Val Loss: 8.9542, Val Acc: 0.0562
2025-12-24 10:48:09,602 - experiment_chaotic_lorenz_full_chaotic_run_0 - INFO - Train Epoch 55: [0/472 (0.0%)]	Loss: 0.113801
2025-12-24 10:48:16,358 - experiment_chaotic_lorenz_full_chaotic_run_0 - INFO - Epoch 55: Train Loss: 0.1595, Train Acc: 0.9933, Val Loss: 0.7541, Val Acc: 0.7753
2025-12-24 10:48:16,996 - experiment_chaotic_lorenz_full_chaotic_run_0 - INFO - Train Epoch 56: [0/472 (0.0%)]	Loss: 0.128309
2025-12-24 10:48:23,811 - experiment_chaotic_lorenz_full_chaotic_run_0 - INFO - Epoch 56: Train Loss: 0.1403, Train Acc: 0.9978, Val Loss: 5.6478, Val Acc: 0.1798
2025-12-24 10:48:24,442 - experiment_chaotic_lorenz_full_chaotic_run_0 - INFO - Train Epoch 57: [0/472 (0.0%)]	Loss: 0.137504
2025-12-24 10:48:31,244 - experiment_chaotic_lorenz_full_chaotic_run_0 - INFO - Epoch 57: Train Loss: 0.1409, Train Acc: 0.9978, Val Loss: 11.6713, Val Acc: 0.0449
2025-12-24 10:48:31,868 - experiment_chaotic_lorenz_full_chaotic_run_0 - INFO - Train Epoch 58: [0/472 (0.0%)]	Loss: 0.116558
2025-12-24 10:48:38,644 - experiment_chaotic_lorenz_full_chaotic_run_0 - INFO - Epoch 58: Train Loss: 0.1555, Train Acc: 0.9888, Val Loss: 4.7054, Val Acc: 0.2697
2025-12-24 10:48:39,282 - experiment_chaotic_lorenz_full_chaotic_run_0 - INFO - Train Epoch 59: [0/472 (0.0%)]	Loss: 0.117652
2025-12-24 10:48:46,098 - experiment_chaotic_lorenz_full_chaotic_run_0 - INFO - Epoch 59: Train Loss: 0.1425, Train Acc: 0.9888, Val Loss: 4.4240, Val Acc: 0.2809
2025-12-24 10:48:46,735 - experiment_chaotic_lorenz_full_chaotic_run_0 - INFO - Train Epoch 60: [0/472 (0.0%)]	Loss: 0.125622
2025-12-24 10:48:53,480 - experiment_chaotic_lorenz_full_chaotic_run_0 - INFO - Epoch 60: Train Loss: 0.1411, Train Acc: 0.9955, Val Loss: 0.2069, Val Acc: 0.9326
2025-12-24 10:48:54,215 - experiment_chaotic_lorenz_full_chaotic_run_0 - INFO - Train Epoch 61: [0/472 (0.0%)]	Loss: 0.126648
2025-12-24 10:49:01,047 - experiment_chaotic_lorenz_full_chaotic_run_0 - INFO - Epoch 61: Train Loss: 0.1605, Train Acc: 0.9933, Val Loss: 6.1966, Val Acc: 0.2022
2025-12-24 10:49:01,686 - experiment_chaotic_lorenz_full_chaotic_run_0 - INFO - Train Epoch 62: [0/472 (0.0%)]	Loss: 0.179614
2025-12-24 10:49:08,498 - experiment_chaotic_lorenz_full_chaotic_run_0 - INFO - Epoch 62: Train Loss: 0.1344, Train Acc: 0.9933, Val Loss: 11.6174, Val Acc: 0.0449
2025-12-24 10:49:09,122 - experiment_chaotic_lorenz_full_chaotic_run_0 - INFO - Train Epoch 63: [0/472 (0.0%)]	Loss: 0.123648
2025-12-24 10:49:15,858 - experiment_chaotic_lorenz_full_chaotic_run_0 - INFO - Epoch 63: Train Loss: 0.1373, Train Acc: 0.9978, Val Loss: 2.9969, Val Acc: 0.4944
2025-12-24 10:49:16,495 - experiment_chaotic_lorenz_full_chaotic_run_0 - INFO - Train Epoch 64: [0/472 (0.0%)]	Loss: 0.144476
2025-12-24 10:49:23,195 - experiment_chaotic_lorenz_full_chaotic_run_0 - INFO - Epoch 64: Train Loss: 0.1297, Train Acc: 0.9955, Val Loss: 6.5584, Val Acc: 0.1236
2025-12-24 10:49:23,827 - experiment_chaotic_lorenz_full_chaotic_run_0 - INFO - Train Epoch 65: [0/472 (0.0%)]	Loss: 0.107459
2025-12-24 10:49:30,571 - experiment_chaotic_lorenz_full_chaotic_run_0 - INFO - Epoch 65: Train Loss: 0.1268, Train Acc: 0.9955, Val Loss: 5.4802, Val Acc: 0.2135
2025-12-24 10:49:31,217 - experiment_chaotic_lorenz_full_chaotic_run_0 - INFO - Train Epoch 66: [0/472 (0.0%)]	Loss: 0.112768
2025-12-24 10:49:37,973 - experiment_chaotic_lorenz_full_chaotic_run_0 - INFO - Epoch 66: Train Loss: 0.1331, Train Acc: 0.9933, Val Loss: 6.1875, Val Acc: 0.1685
2025-12-24 10:49:38,617 - experiment_chaotic_lorenz_full_chaotic_run_0 - INFO - Train Epoch 67: [0/472 (0.0%)]	Loss: 0.109169
2025-12-24 10:49:45,349 - experiment_chaotic_lorenz_full_chaotic_run_0 - INFO - Epoch 67: Train Loss: 0.1175, Train Acc: 1.0000, Val Loss: 0.2237, Val Acc: 0.9326
2025-12-24 10:49:45,990 - experiment_chaotic_lorenz_full_chaotic_run_0 - INFO - Train Epoch 68: [0/472 (0.0%)]	Loss: 0.177153
2025-12-24 10:49:52,781 - experiment_chaotic_lorenz_full_chaotic_run_0 - INFO - Epoch 68: Train Loss: 0.1319, Train Acc: 0.9955, Val Loss: 0.6188, Val Acc: 0.8764
2025-12-24 10:49:53,599 - experiment_chaotic_lorenz_full_chaotic_run_0 - INFO - Train Epoch 69: [0/472 (0.0%)]	Loss: 0.110464
2025-12-24 10:50:00,388 - experiment_chaotic_lorenz_full_chaotic_run_0 - INFO - Epoch 69: Train Loss: 0.1478, Train Acc: 0.9866, Val Loss: 3.7252, Val Acc: 0.3820
2025-12-24 10:50:01,014 - experiment_chaotic_lorenz_full_chaotic_run_0 - INFO - Train Epoch 70: [0/472 (0.0%)]	Loss: 0.122116
2025-12-24 10:50:07,806 - experiment_chaotic_lorenz_full_chaotic_run_0 - INFO - Epoch 70: Train Loss: 0.1318, Train Acc: 0.9955, Val Loss: 1.9305, Val Acc: 0.6404
2025-12-24 10:50:08,522 - experiment_chaotic_lorenz_full_chaotic_run_0 - INFO - Train Epoch 71: [0/472 (0.0%)]	Loss: 0.110420
2025-12-24 10:50:15,320 - experiment_chaotic_lorenz_full_chaotic_run_0 - INFO - Epoch 71: Train Loss: 0.1290, Train Acc: 1.0000, Val Loss: 6.1252, Val Acc: 0.1573
2025-12-24 10:50:15,942 - experiment_chaotic_lorenz_full_chaotic_run_0 - INFO - Train Epoch 72: [0/472 (0.0%)]	Loss: 0.138872
2025-12-24 10:50:22,744 - experiment_chaotic_lorenz_full_chaotic_run_0 - INFO - Epoch 72: Train Loss: 0.1320, Train Acc: 0.9978, Val Loss: 2.2075, Val Acc: 0.5506
2025-12-24 10:50:23,377 - experiment_chaotic_lorenz_full_chaotic_run_0 - INFO - Train Epoch 73: [0/472 (0.0%)]	Loss: 0.163748
2025-12-24 10:50:30,214 - experiment_chaotic_lorenz_full_chaotic_run_0 - INFO - Epoch 73: Train Loss: 0.1243, Train Acc: 0.9978, Val Loss: 5.1960, Val Acc: 0.2921
2025-12-24 10:50:30,850 - experiment_chaotic_lorenz_full_chaotic_run_0 - INFO - Train Epoch 74: [0/472 (0.0%)]	Loss: 0.119087
2025-12-24 10:50:37,652 - experiment_chaotic_lorenz_full_chaotic_run_0 - INFO - Epoch 74: Train Loss: 0.1321, Train Acc: 0.9933, Val Loss: 1.7368, Val Acc: 0.6292
2025-12-24 10:50:38,282 - experiment_chaotic_lorenz_full_chaotic_run_0 - INFO - Train Epoch 75: [0/472 (0.0%)]	Loss: 0.107410
2025-12-24 10:50:45,150 - experiment_chaotic_lorenz_full_chaotic_run_0 - INFO - Epoch 75: Train Loss: 0.1193, Train Acc: 1.0000, Val Loss: 1.9524, Val Acc: 0.5730
2025-12-24 10:50:45,775 - experiment_chaotic_lorenz_full_chaotic_run_0 - INFO - Train Epoch 76: [0/472 (0.0%)]	Loss: 0.108980
2025-12-24 10:50:52,607 - experiment_chaotic_lorenz_full_chaotic_run_0 - INFO - Epoch 76: Train Loss: 0.1167, Train Acc: 0.9978, Val Loss: 0.6328, Val Acc: 0.8764
2025-12-24 10:50:53,239 - experiment_chaotic_lorenz_full_chaotic_run_0 - INFO - Train Epoch 77: [0/472 (0.0%)]	Loss: 0.106397
2025-12-24 10:51:00,030 - experiment_chaotic_lorenz_full_chaotic_run_0 - INFO - Epoch 77: Train Loss: 0.1247, Train Acc: 0.9978, Val Loss: 1.6240, Val Acc: 0.5955
2025-12-24 10:51:00,655 - experiment_chaotic_lorenz_full_chaotic_run_0 - INFO - Train Epoch 78: [0/472 (0.0%)]	Loss: 0.145779
2025-12-24 10:51:07,413 - experiment_chaotic_lorenz_full_chaotic_run_0 - INFO - Epoch 78: Train Loss: 0.1289, Train Acc: 0.9888, Val Loss: 0.2626, Val Acc: 0.9326
2025-12-24 10:51:08,050 - experiment_chaotic_lorenz_full_chaotic_run_0 - INFO - Train Epoch 79: [0/472 (0.0%)]	Loss: 0.125636
2025-12-24 10:51:15,013 - experiment_chaotic_lorenz_full_chaotic_run_0 - INFO - Epoch 79: Train Loss: 0.1184, Train Acc: 1.0000, Val Loss: 2.3845, Val Acc: 0.5281
2025-12-24 10:51:15,650 - experiment_chaotic_lorenz_full_chaotic_run_0 - INFO - Train Epoch 80: [0/472 (0.0%)]	Loss: 0.118243
2025-12-24 10:51:22,418 - experiment_chaotic_lorenz_full_chaotic_run_0 - INFO - Epoch 80: Train Loss: 0.1124, Train Acc: 1.0000, Val Loss: 0.0987, Val Acc: 0.9775
2025-12-24 10:51:22,513 - experiment_chaotic_lorenz_full_chaotic_run_0 - INFO - Saved new best model at epoch 80
2025-12-24 10:51:23,304 - experiment_chaotic_lorenz_full_chaotic_run_0 - INFO - Train Epoch 81: [0/472 (0.0%)]	Loss: 0.106616
2025-12-24 10:51:30,144 - experiment_chaotic_lorenz_full_chaotic_run_0 - INFO - Epoch 81: Train Loss: 0.1226, Train Acc: 0.9978, Val Loss: 0.7194, Val Acc: 0.8315
2025-12-24 10:51:30,785 - experiment_chaotic_lorenz_full_chaotic_run_0 - INFO - Train Epoch 82: [0/472 (0.0%)]	Loss: 0.125369
2025-12-24 10:51:37,574 - experiment_chaotic_lorenz_full_chaotic_run_0 - INFO - Epoch 82: Train Loss: 0.1263, Train Acc: 0.9955, Val Loss: 0.1261, Val Acc: 0.9551
2025-12-24 10:51:38,218 - experiment_chaotic_lorenz_full_chaotic_run_0 - INFO - Train Epoch 83: [0/472 (0.0%)]	Loss: 0.106124
2025-12-24 10:51:45,007 - experiment_chaotic_lorenz_full_chaotic_run_0 - INFO - Epoch 83: Train Loss: 0.1226, Train Acc: 0.9955, Val Loss: 2.7769, Val Acc: 0.5393
2025-12-24 10:51:45,640 - experiment_chaotic_lorenz_full_chaotic_run_0 - INFO - Train Epoch 84: [0/472 (0.0%)]	Loss: 0.131804
2025-12-24 10:51:52,456 - experiment_chaotic_lorenz_full_chaotic_run_0 - INFO - Epoch 84: Train Loss: 0.1148, Train Acc: 1.0000, Val Loss: 0.1413, Val Acc: 0.9663
2025-12-24 10:51:53,098 - experiment_chaotic_lorenz_full_chaotic_run_0 - INFO - Train Epoch 85: [0/472 (0.0%)]	Loss: 0.110204
2025-12-24 10:51:59,866 - experiment_chaotic_lorenz_full_chaotic_run_0 - INFO - Epoch 85: Train Loss: 0.1143, Train Acc: 1.0000, Val Loss: 0.1157, Val Acc: 0.9663
2025-12-24 10:52:00,506 - experiment_chaotic_lorenz_full_chaotic_run_0 - INFO - Train Epoch 86: [0/472 (0.0%)]	Loss: 0.103070
2025-12-24 10:52:07,360 - experiment_chaotic_lorenz_full_chaotic_run_0 - INFO - Epoch 86: Train Loss: 0.1229, Train Acc: 0.9955, Val Loss: 0.1710, Val Acc: 0.9663
2025-12-24 10:52:07,990 - experiment_chaotic_lorenz_full_chaotic_run_0 - INFO - Train Epoch 87: [0/472 (0.0%)]	Loss: 0.110139
2025-12-24 10:52:14,794 - experiment_chaotic_lorenz_full_chaotic_run_0 - INFO - Epoch 87: Train Loss: 0.1177, Train Acc: 0.9978, Val Loss: 0.2083, Val Acc: 0.9551
2025-12-24 10:52:15,431 - experiment_chaotic_lorenz_full_chaotic_run_0 - INFO - Train Epoch 88: [0/472 (0.0%)]	Loss: 0.114061
2025-12-24 10:52:22,174 - experiment_chaotic_lorenz_full_chaotic_run_0 - INFO - Epoch 88: Train Loss: 0.1180, Train Acc: 0.9955, Val Loss: 0.0657, Val Acc: 0.9775
2025-12-24 10:52:22,802 - experiment_chaotic_lorenz_full_chaotic_run_0 - INFO - Train Epoch 89: [0/472 (0.0%)]	Loss: 0.113706
2025-12-24 10:52:29,606 - experiment_chaotic_lorenz_full_chaotic_run_0 - INFO - Epoch 89: Train Loss: 0.1132, Train Acc: 1.0000, Val Loss: 0.4087, Val Acc: 0.8876
2025-12-24 10:52:30,239 - experiment_chaotic_lorenz_full_chaotic_run_0 - INFO - Train Epoch 90: [0/472 (0.0%)]	Loss: 0.121126
2025-12-24 10:52:37,073 - experiment_chaotic_lorenz_full_chaotic_run_0 - INFO - Epoch 90: Train Loss: 0.1115, Train Acc: 1.0000, Val Loss: 0.1984, Val Acc: 0.9438
2025-12-24 10:52:37,797 - experiment_chaotic_lorenz_full_chaotic_run_0 - INFO - Train Epoch 91: [0/472 (0.0%)]	Loss: 0.103930
2025-12-24 10:52:44,562 - experiment_chaotic_lorenz_full_chaotic_run_0 - INFO - Epoch 91: Train Loss: 0.1150, Train Acc: 1.0000, Val Loss: 0.0781, Val Acc: 0.9775
2025-12-24 10:52:45,201 - experiment_chaotic_lorenz_full_chaotic_run_0 - INFO - Train Epoch 92: [0/472 (0.0%)]	Loss: 0.112536
2025-12-24 10:52:52,004 - experiment_chaotic_lorenz_full_chaotic_run_0 - INFO - Epoch 92: Train Loss: 0.1181, Train Acc: 1.0000, Val Loss: 0.0653, Val Acc: 0.9775
2025-12-24 10:52:52,642 - experiment_chaotic_lorenz_full_chaotic_run_0 - INFO - Train Epoch 93: [0/472 (0.0%)]	Loss: 0.113442
2025-12-24 10:52:59,450 - experiment_chaotic_lorenz_full_chaotic_run_0 - INFO - Epoch 93: Train Loss: 0.1187, Train Acc: 0.9978, Val Loss: 0.0756, Val Acc: 0.9663
2025-12-24 10:53:00,081 - experiment_chaotic_lorenz_full_chaotic_run_0 - INFO - Train Epoch 94: [0/472 (0.0%)]	Loss: 0.120200
2025-12-24 10:53:06,879 - experiment_chaotic_lorenz_full_chaotic_run_0 - INFO - Epoch 94: Train Loss: 0.1137, Train Acc: 1.0000, Val Loss: 0.0689, Val Acc: 0.9663
2025-12-24 10:53:07,520 - experiment_chaotic_lorenz_full_chaotic_run_0 - INFO - Train Epoch 95: [0/472 (0.0%)]	Loss: 0.107109
2025-12-24 10:53:14,332 - experiment_chaotic_lorenz_full_chaotic_run_0 - INFO - Epoch 95: Train Loss: 0.1120, Train Acc: 0.9978, Val Loss: 0.0763, Val Acc: 0.9775
2025-12-24 10:53:14,969 - experiment_chaotic_lorenz_full_chaotic_run_0 - INFO - Train Epoch 96: [0/472 (0.0%)]	Loss: 0.104835
2025-12-24 10:53:21,742 - experiment_chaotic_lorenz_full_chaotic_run_0 - INFO - Epoch 96: Train Loss: 0.1148, Train Acc: 0.9955, Val Loss: 0.0738, Val Acc: 0.9775
2025-12-24 10:53:22,376 - experiment_chaotic_lorenz_full_chaotic_run_0 - INFO - Train Epoch 97: [0/472 (0.0%)]	Loss: 0.122694
2025-12-24 10:53:29,170 - experiment_chaotic_lorenz_full_chaotic_run_0 - INFO - Epoch 97: Train Loss: 0.1219, Train Acc: 0.9978, Val Loss: 0.0678, Val Acc: 0.9663
2025-12-24 10:53:29,803 - experiment_chaotic_lorenz_full_chaotic_run_0 - INFO - Train Epoch 98: [0/472 (0.0%)]	Loss: 0.129624
2025-12-24 10:53:36,581 - experiment_chaotic_lorenz_full_chaotic_run_0 - INFO - Epoch 98: Train Loss: 0.1194, Train Acc: 0.9978, Val Loss: 0.0715, Val Acc: 0.9775
2025-12-24 10:53:37,214 - experiment_chaotic_lorenz_full_chaotic_run_0 - INFO - Train Epoch 99: [0/472 (0.0%)]	Loss: 0.112004
2025-12-24 10:53:43,951 - experiment_chaotic_lorenz_full_chaotic_run_0 - INFO - Epoch 99: Train Loss: 0.1155, Train Acc: 0.9978, Val Loss: 0.0706, Val Acc: 0.9663
2025-12-24 10:53:43,956 - experiment_chaotic_lorenz_full_chaotic_run_0 - INFO - Running final test evaluation...
2025-12-24 10:53:46,191 - experiment_chaotic_lorenz_full_chaotic_run_0 - INFO - Test Results:
2025-12-24 10:53:46,192 - experiment_chaotic_lorenz_full_chaotic_run_0 - INFO -   loss: 0.2495
2025-12-24 10:53:46,192 - experiment_chaotic_lorenz_full_chaotic_run_0 - INFO -   accuracy: 0.9407
2025-12-24 10:53:46,192 - experiment_chaotic_lorenz_full_chaotic_run_0 - INFO -   avg_confidence: 0.5469
2025-12-24 10:53:46,192 - experiment_chaotic_lorenz_full_chaotic_run_0 - INFO -   embedding_diversity: 0.1117
2025-12-24 10:53:46,192 - experiment_chaotic_lorenz_full_chaotic_run_0 - INFO -   embedding_norm_mean: 1.0000
2025-12-24 10:53:46,192 - experiment_chaotic_lorenz_full_chaotic_run_0 - INFO -   embedding_norm_std: 0.0000
2025-12-24 10:53:46,194 - experiment_chaotic_lorenz_full_chaotic_run_0 - INFO - Training completed
2025-12-24 10:53:47,009 - experiment_chaotic_lorenz_full_chaotic_run_0 - INFO - Running comprehensive chaotic network analysis...
2025-12-24 10:53:47,010 - experiment_chaotic_lorenz_full_chaotic_run_0 - INFO - Analyzing chaotic features and dynamics...
2025-12-24 10:53:48,096 - experiment_chaotic_lorenz_full_chaotic_run_0 - INFO - Chaotic analysis completed
2025-12-24 10:53:48,098 - experiment_chaotic_lorenz_full_chaotic_run_0 - INFO - Creating chaotic dynamics visualizations...
2025-12-24 10:53:50,661 - experiment_chaotic_lorenz_full_chaotic_run_0 - WARNING - Embedding plotting failed: boolean index did not match indexed array along dimension 0; dimension is 8 but corresponding boolean dimension is 32
2025-12-24 10:53:50,668 - experiment_chaotic_lorenz_full_chaotic_run_0 - INFO - Chaotic network analysis completed
2025-12-25 09:29:20,962 - experiment_chaotic_lorenz_full_chaotic_run_0 - INFO - Initialized experiment: chaotic_lorenz_full_chaotic_run_0
2025-12-25 09:29:20,972 - experiment_chaotic_lorenz_full_chaotic_run_0 - INFO - Device: cuda
2025-12-25 09:29:20,972 - experiment_chaotic_lorenz_full_chaotic_run_0 - INFO - Output directory: /scratch/project_2003370/yueyao/Model/experiments/configs/4.2_chapter_experiments/experiments/chaotic_lorenz_full_chaotic_run_0
2025-12-25 09:29:20,972 - experiment_chaotic_lorenz_full_chaotic_run_0 - INFO - Initialized chaotic network experiment with lorenz system
2025-12-25 09:29:20,973 - experiment_chaotic_lorenz_full_chaotic_run_0 - INFO - Setting up experiment components...
2025-12-25 09:29:20,973 - experiment_chaotic_lorenz_full_chaotic_run_0 - INFO - Creating dataloaders...
2025-12-25 09:29:21,350 - experiment_chaotic_lorenz_full_chaotic_run_0 - INFO - Detected 26 speakers in dataset
2025-12-25 09:29:21,350 - experiment_chaotic_lorenz_full_chaotic_run_0 - INFO - Dataloaders created:
2025-12-25 09:29:21,350 - experiment_chaotic_lorenz_full_chaotic_run_0 - INFO -   Train: 14 batches
2025-12-25 09:29:21,350 - experiment_chaotic_lorenz_full_chaotic_run_0 - INFO -   Val: 3 batches
2025-12-25 09:29:21,350 - experiment_chaotic_lorenz_full_chaotic_run_0 - INFO -   Test: 4 batches
2025-12-25 09:29:21,350 - experiment_chaotic_lorenz_full_chaotic_run_0 - INFO - Creating model...
2025-12-25 09:29:21,350 - experiment_chaotic_lorenz_full_chaotic_run_0 - INFO - Using actual num_speakers from dataset: 26
2025-12-25 09:36:03,092 - experiment_chaotic_lorenz_full_chaotic_run_0 - INFO - Initialized experiment: chaotic_lorenz_full_chaotic_run_0
2025-12-25 09:36:03,092 - experiment_chaotic_lorenz_full_chaotic_run_0 - INFO - Device: cuda
2025-12-25 09:36:03,092 - experiment_chaotic_lorenz_full_chaotic_run_0 - INFO - Output directory: /scratch/project_2003370/yueyao/Model/experiments/configs/4.2_chapter_experiments/experiments/chaotic_lorenz_full_chaotic_run_0
2025-12-25 09:36:03,093 - experiment_chaotic_lorenz_full_chaotic_run_0 - INFO - Initialized chaotic network experiment with lorenz system
2025-12-25 09:36:03,093 - experiment_chaotic_lorenz_full_chaotic_run_0 - INFO - Setting up experiment components...
2025-12-25 09:36:03,093 - experiment_chaotic_lorenz_full_chaotic_run_0 - INFO - Creating dataloaders...
2025-12-25 09:36:03,469 - experiment_chaotic_lorenz_full_chaotic_run_0 - INFO - Detected 26 speakers in dataset
2025-12-25 09:36:03,469 - experiment_chaotic_lorenz_full_chaotic_run_0 - INFO - Dataloaders created:
2025-12-25 09:36:03,469 - experiment_chaotic_lorenz_full_chaotic_run_0 - INFO -   Train: 14 batches
2025-12-25 09:36:03,469 - experiment_chaotic_lorenz_full_chaotic_run_0 - INFO -   Val: 3 batches
2025-12-25 09:36:03,469 - experiment_chaotic_lorenz_full_chaotic_run_0 - INFO -   Test: 4 batches
2025-12-25 09:36:03,469 - experiment_chaotic_lorenz_full_chaotic_run_0 - INFO - Creating model...
2025-12-25 09:36:03,469 - experiment_chaotic_lorenz_full_chaotic_run_0 - INFO - Using actual num_speakers from dataset: 26
2025-12-25 09:36:34,711 - experiment_chaotic_lorenz_full_chaotic_run_0 - INFO - [PLDA] Replaced classifier with PLDAClassifier (latent_dim=128)
2025-12-25 09:36:34,715 - experiment_chaotic_lorenz_full_chaotic_run_0 - INFO - Total parameters: 520,647
2025-12-25 09:36:34,715 - experiment_chaotic_lorenz_full_chaotic_run_0 - INFO - Trainable parameters: 520,647
2025-12-25 09:36:34,715 - experiment_chaotic_lorenz_full_chaotic_run_0 - INFO - Creating optimizer...
2025-12-25 09:36:35,837 - experiment_chaotic_lorenz_full_chaotic_run_0 - INFO - Optimizer: AdamW
2025-12-25 09:36:35,838 - experiment_chaotic_lorenz_full_chaotic_run_0 - INFO - Creating scheduler...
2025-12-25 09:36:35,838 - experiment_chaotic_lorenz_full_chaotic_run_0 - INFO - Scheduler: CosineAnnealingLR
2025-12-25 09:36:35,838 - experiment_chaotic_lorenz_full_chaotic_run_0 - INFO - Creating criterion...
2025-12-25 09:36:35,838 - experiment_chaotic_lorenz_full_chaotic_run_0 - INFO - Criterion: CrossEntropyLoss
2025-12-25 09:36:35,882 - experiment_chaotic_lorenz_full_chaotic_run_0 - INFO - Configuration saved to: /scratch/project_2003370/yueyao/Model/experiments/configs/4.2_chapter_experiments/experiments/chaotic_lorenz_full_chaotic_run_0/config.json
2025-12-25 09:36:35,882 - experiment_chaotic_lorenz_full_chaotic_run_0 - INFO - Experiment setup completed
2025-12-25 09:36:35,882 - experiment_chaotic_lorenz_full_chaotic_run_0 - INFO - Starting training for 100 epochs
2025-12-25 09:36:36,005 - experiment_chaotic_lorenz_full_chaotic_run_0 - INFO - 
================================================================================
2025-12-25 09:36:36,005 - experiment_chaotic_lorenz_full_chaotic_run_0 - INFO - COMPREHENSIVE DEBUG - FIRST BATCH
2025-12-25 09:36:36,005 - experiment_chaotic_lorenz_full_chaotic_run_0 - INFO - ================================================================================
2025-12-25 09:36:36,006 - experiment_chaotic_lorenz_full_chaotic_run_0 - INFO - Batch Info:
2025-12-25 09:36:36,006 - experiment_chaotic_lorenz_full_chaotic_run_0 - INFO -   Audio shape: torch.Size([32, 48000])
2025-12-25 09:36:36,006 - experiment_chaotic_lorenz_full_chaotic_run_0 - INFO -   Targets shape: torch.Size([32])
2025-12-25 09:36:36,010 - experiment_chaotic_lorenz_full_chaotic_run_0 - INFO -   Targets (first 8): tensor([13, 10,  3,  8,  6, 17, 24,  4], device='cuda:0')
2025-12-25 09:36:51,263 - experiment_chaotic_lorenz_full_chaotic_run_0 - ERROR - Training failed with error: Given groups=1, weight of size [32, 10, 5], expected input[32, 2, 200] to have 10 channels, but got 2 channels instead
2025-12-25 09:48:14,981 - experiment_chaotic_lorenz_full_chaotic_run_0 - INFO - Initialized experiment: chaotic_lorenz_full_chaotic_run_0
2025-12-25 09:48:14,981 - experiment_chaotic_lorenz_full_chaotic_run_0 - INFO - Device: cuda
2025-12-25 09:48:14,981 - experiment_chaotic_lorenz_full_chaotic_run_0 - INFO - Output directory: /scratch/project_2003370/yueyao/Model/experiments/configs/4.2_chapter_experiments/experiments/chaotic_lorenz_full_chaotic_run_0
2025-12-25 09:48:14,981 - experiment_chaotic_lorenz_full_chaotic_run_0 - INFO - Initialized chaotic network experiment with lorenz system
2025-12-25 09:48:14,981 - experiment_chaotic_lorenz_full_chaotic_run_0 - INFO - Setting up experiment components...
2025-12-25 09:48:14,982 - experiment_chaotic_lorenz_full_chaotic_run_0 - INFO - Creating dataloaders...
2025-12-25 09:48:15,357 - experiment_chaotic_lorenz_full_chaotic_run_0 - INFO - Detected 26 speakers in dataset
2025-12-25 09:48:15,358 - experiment_chaotic_lorenz_full_chaotic_run_0 - INFO - Dataloaders created:
2025-12-25 09:48:15,358 - experiment_chaotic_lorenz_full_chaotic_run_0 - INFO -   Train: 14 batches
2025-12-25 09:48:15,358 - experiment_chaotic_lorenz_full_chaotic_run_0 - INFO -   Val: 3 batches
2025-12-25 09:48:15,358 - experiment_chaotic_lorenz_full_chaotic_run_0 - INFO -   Test: 4 batches
2025-12-25 09:48:15,358 - experiment_chaotic_lorenz_full_chaotic_run_0 - INFO - Creating model...
2025-12-25 09:48:15,358 - experiment_chaotic_lorenz_full_chaotic_run_0 - INFO - Using actual num_speakers from dataset: 26
2025-12-25 09:48:46,113 - experiment_chaotic_lorenz_full_chaotic_run_0 - INFO - [PLDA] Replaced classifier with PLDAClassifier (latent_dim=128)
2025-12-25 09:48:46,117 - experiment_chaotic_lorenz_full_chaotic_run_0 - INFO - Total parameters: 520,647
2025-12-25 09:48:46,117 - experiment_chaotic_lorenz_full_chaotic_run_0 - INFO - Trainable parameters: 520,647
2025-12-25 09:48:46,117 - experiment_chaotic_lorenz_full_chaotic_run_0 - INFO - Creating optimizer...
2025-12-25 09:48:47,246 - experiment_chaotic_lorenz_full_chaotic_run_0 - INFO - Optimizer: AdamW
2025-12-25 09:48:47,246 - experiment_chaotic_lorenz_full_chaotic_run_0 - INFO - Creating scheduler...
2025-12-25 09:48:47,246 - experiment_chaotic_lorenz_full_chaotic_run_0 - INFO - Scheduler: CosineAnnealingLR
2025-12-25 09:48:47,247 - experiment_chaotic_lorenz_full_chaotic_run_0 - INFO - Creating criterion...
2025-12-25 09:48:47,247 - experiment_chaotic_lorenz_full_chaotic_run_0 - INFO - Criterion: CrossEntropyLoss
2025-12-25 09:48:47,291 - experiment_chaotic_lorenz_full_chaotic_run_0 - INFO - Configuration saved to: /scratch/project_2003370/yueyao/Model/experiments/configs/4.2_chapter_experiments/experiments/chaotic_lorenz_full_chaotic_run_0/config.json
2025-12-25 09:48:47,291 - experiment_chaotic_lorenz_full_chaotic_run_0 - INFO - Experiment setup completed
2025-12-25 09:48:47,292 - experiment_chaotic_lorenz_full_chaotic_run_0 - INFO - Starting training for 100 epochs
2025-12-25 09:48:47,421 - experiment_chaotic_lorenz_full_chaotic_run_0 - INFO - 
================================================================================
2025-12-25 09:48:47,421 - experiment_chaotic_lorenz_full_chaotic_run_0 - INFO - COMPREHENSIVE DEBUG - FIRST BATCH
2025-12-25 09:48:47,421 - experiment_chaotic_lorenz_full_chaotic_run_0 - INFO - ================================================================================
2025-12-25 09:48:47,421 - experiment_chaotic_lorenz_full_chaotic_run_0 - INFO - Batch Info:
2025-12-25 09:48:47,421 - experiment_chaotic_lorenz_full_chaotic_run_0 - INFO -   Audio shape: torch.Size([32, 48000])
2025-12-25 09:48:47,421 - experiment_chaotic_lorenz_full_chaotic_run_0 - INFO -   Targets shape: torch.Size([32])
2025-12-25 09:48:47,426 - experiment_chaotic_lorenz_full_chaotic_run_0 - INFO -   Targets (first 8): tensor([13, 10,  3,  8,  6, 17, 24,  4], device='cuda:0')
2025-12-25 09:54:18,789 - experiment_chaotic_lorenz_full_chaotic_run_0 - INFO - Initialized experiment: chaotic_lorenz_full_chaotic_run_0
2025-12-25 09:54:18,789 - experiment_chaotic_lorenz_full_chaotic_run_0 - INFO - Device: cuda
2025-12-25 09:54:18,789 - experiment_chaotic_lorenz_full_chaotic_run_0 - INFO - Output directory: /scratch/project_2003370/yueyao/Model/experiments/configs/4.2_chapter_experiments/experiments/chaotic_lorenz_full_chaotic_run_0
2025-12-25 09:54:18,789 - experiment_chaotic_lorenz_full_chaotic_run_0 - INFO - Initialized chaotic network experiment with lorenz system
2025-12-25 09:54:18,789 - experiment_chaotic_lorenz_full_chaotic_run_0 - INFO - Setting up experiment components...
2025-12-25 09:54:18,789 - experiment_chaotic_lorenz_full_chaotic_run_0 - INFO - Creating dataloaders...
2025-12-25 09:54:19,166 - experiment_chaotic_lorenz_full_chaotic_run_0 - INFO - Detected 26 speakers in dataset
2025-12-25 09:54:19,166 - experiment_chaotic_lorenz_full_chaotic_run_0 - INFO - Dataloaders created:
2025-12-25 09:54:19,166 - experiment_chaotic_lorenz_full_chaotic_run_0 - INFO -   Train: 14 batches
2025-12-25 09:54:19,166 - experiment_chaotic_lorenz_full_chaotic_run_0 - INFO -   Val: 3 batches
2025-12-25 09:54:19,166 - experiment_chaotic_lorenz_full_chaotic_run_0 - INFO -   Test: 4 batches
2025-12-25 09:54:19,166 - experiment_chaotic_lorenz_full_chaotic_run_0 - INFO - Creating model...
2025-12-25 09:54:19,166 - experiment_chaotic_lorenz_full_chaotic_run_0 - INFO - Using actual num_speakers from dataset: 26
2025-12-25 09:54:50,371 - experiment_chaotic_lorenz_full_chaotic_run_0 - INFO - [PLDA] Replaced classifier with PLDAClassifier (latent_dim=128)
2025-12-25 09:54:50,374 - experiment_chaotic_lorenz_full_chaotic_run_0 - INFO - Total parameters: 520,647
2025-12-25 09:54:50,374 - experiment_chaotic_lorenz_full_chaotic_run_0 - INFO - Trainable parameters: 520,647
2025-12-25 09:54:50,374 - experiment_chaotic_lorenz_full_chaotic_run_0 - INFO - Creating optimizer...
2025-12-25 09:54:51,497 - experiment_chaotic_lorenz_full_chaotic_run_0 - INFO - Optimizer: AdamW
2025-12-25 09:54:51,497 - experiment_chaotic_lorenz_full_chaotic_run_0 - INFO - Creating scheduler...
2025-12-25 09:54:51,497 - experiment_chaotic_lorenz_full_chaotic_run_0 - INFO - Scheduler: CosineAnnealingLR
2025-12-25 09:54:51,497 - experiment_chaotic_lorenz_full_chaotic_run_0 - INFO - Creating criterion...
2025-12-25 09:54:51,497 - experiment_chaotic_lorenz_full_chaotic_run_0 - INFO - Criterion: CrossEntropyLoss
2025-12-25 09:54:51,541 - experiment_chaotic_lorenz_full_chaotic_run_0 - INFO - Configuration saved to: /scratch/project_2003370/yueyao/Model/experiments/configs/4.2_chapter_experiments/experiments/chaotic_lorenz_full_chaotic_run_0/config.json
2025-12-25 09:54:51,541 - experiment_chaotic_lorenz_full_chaotic_run_0 - INFO - Experiment setup completed
2025-12-25 09:54:51,542 - experiment_chaotic_lorenz_full_chaotic_run_0 - INFO - Starting training for 100 epochs
2025-12-25 09:54:51,670 - experiment_chaotic_lorenz_full_chaotic_run_0 - INFO - 
================================================================================
2025-12-25 09:54:51,670 - experiment_chaotic_lorenz_full_chaotic_run_0 - INFO - COMPREHENSIVE DEBUG - FIRST BATCH
2025-12-25 09:54:51,670 - experiment_chaotic_lorenz_full_chaotic_run_0 - INFO - ================================================================================
2025-12-25 09:54:51,670 - experiment_chaotic_lorenz_full_chaotic_run_0 - INFO - Batch Info:
2025-12-25 09:54:51,671 - experiment_chaotic_lorenz_full_chaotic_run_0 - INFO -   Audio shape: torch.Size([32, 48000])
2025-12-25 09:54:51,671 - experiment_chaotic_lorenz_full_chaotic_run_0 - INFO -   Targets shape: torch.Size([32])
2025-12-25 09:54:51,675 - experiment_chaotic_lorenz_full_chaotic_run_0 - INFO -   Targets (first 8): tensor([13, 10,  3,  8,  6, 17, 24,  4], device='cuda:0')
2025-12-25 12:06:59,964 - experiment_chaotic_lorenz_full_chaotic_run_0 - INFO - Initialized experiment: chaotic_lorenz_full_chaotic_run_0
2025-12-25 12:06:59,972 - experiment_chaotic_lorenz_full_chaotic_run_0 - INFO - Device: cuda
2025-12-25 12:06:59,972 - experiment_chaotic_lorenz_full_chaotic_run_0 - INFO - Output directory: /scratch/project_2003370/yueyao/Model/experiments/configs/4.2_chapter_experiments/experiments/chaotic_lorenz_full_chaotic_run_0
2025-12-25 12:06:59,972 - experiment_chaotic_lorenz_full_chaotic_run_0 - INFO - Initialized chaotic network experiment with lorenz system
2025-12-25 12:06:59,972 - experiment_chaotic_lorenz_full_chaotic_run_0 - INFO - Setting up experiment components...
2025-12-25 12:06:59,972 - experiment_chaotic_lorenz_full_chaotic_run_0 - INFO - Creating dataloaders...
2025-12-25 12:07:17,242 - experiment_chaotic_lorenz_full_chaotic_run_0 - INFO - Detected 26 speakers in dataset
2025-12-25 12:07:17,242 - experiment_chaotic_lorenz_full_chaotic_run_0 - INFO - Dataloaders created:
2025-12-25 12:07:17,242 - experiment_chaotic_lorenz_full_chaotic_run_0 - INFO -   Train: 14 batches
2025-12-25 12:07:17,242 - experiment_chaotic_lorenz_full_chaotic_run_0 - INFO -   Val: 3 batches
2025-12-25 12:07:17,242 - experiment_chaotic_lorenz_full_chaotic_run_0 - INFO -   Test: 4 batches
2025-12-25 12:07:17,242 - experiment_chaotic_lorenz_full_chaotic_run_0 - INFO - Creating model...
2025-12-25 12:07:17,242 - experiment_chaotic_lorenz_full_chaotic_run_0 - INFO - Using actual num_speakers from dataset: 26
2025-12-25 12:07:48,635 - experiment_chaotic_lorenz_full_chaotic_run_0 - INFO - [PLDA] Replaced classifier with PLDAClassifier (latent_dim=128)
2025-12-25 12:07:48,639 - experiment_chaotic_lorenz_full_chaotic_run_0 - INFO - Total parameters: 520,647
2025-12-25 12:07:48,639 - experiment_chaotic_lorenz_full_chaotic_run_0 - INFO - Trainable parameters: 520,647
2025-12-25 12:07:48,639 - experiment_chaotic_lorenz_full_chaotic_run_0 - INFO - Creating optimizer...
2025-12-25 12:07:51,262 - experiment_chaotic_lorenz_full_chaotic_run_0 - INFO - Optimizer: AdamW
2025-12-25 12:07:51,263 - experiment_chaotic_lorenz_full_chaotic_run_0 - INFO - Creating scheduler...
2025-12-25 12:07:51,263 - experiment_chaotic_lorenz_full_chaotic_run_0 - INFO - Scheduler: CosineAnnealingLR
2025-12-25 12:07:51,263 - experiment_chaotic_lorenz_full_chaotic_run_0 - INFO - Creating criterion...
2025-12-25 12:07:51,263 - experiment_chaotic_lorenz_full_chaotic_run_0 - INFO - Criterion: CrossEntropyLoss
2025-12-25 12:07:51,306 - experiment_chaotic_lorenz_full_chaotic_run_0 - INFO - Configuration saved to: /scratch/project_2003370/yueyao/Model/experiments/configs/4.2_chapter_experiments/experiments/chaotic_lorenz_full_chaotic_run_0/config.json
2025-12-25 12:07:51,306 - experiment_chaotic_lorenz_full_chaotic_run_0 - INFO - Experiment setup completed
2025-12-25 12:07:51,307 - experiment_chaotic_lorenz_full_chaotic_run_0 - INFO - Starting training for 100 epochs
2025-12-25 12:07:51,998 - experiment_chaotic_lorenz_full_chaotic_run_0 - INFO - 
================================================================================
2025-12-25 12:07:51,998 - experiment_chaotic_lorenz_full_chaotic_run_0 - INFO - COMPREHENSIVE DEBUG - FIRST BATCH
2025-12-25 12:07:51,998 - experiment_chaotic_lorenz_full_chaotic_run_0 - INFO - ================================================================================
2025-12-25 12:07:51,998 - experiment_chaotic_lorenz_full_chaotic_run_0 - INFO - Batch Info:
2025-12-25 12:07:51,998 - experiment_chaotic_lorenz_full_chaotic_run_0 - INFO -   Audio shape: torch.Size([32, 48000])
2025-12-25 12:07:51,999 - experiment_chaotic_lorenz_full_chaotic_run_0 - INFO -   Targets shape: torch.Size([32])
2025-12-25 12:07:52,005 - experiment_chaotic_lorenz_full_chaotic_run_0 - INFO -   Targets (first 8): tensor([13, 10,  3,  8,  6, 17, 24,  4], device='cuda:0')
2025-12-25 14:57:21,151 - experiment_chaotic_lorenz_full_chaotic_run_0 - INFO - Initialized experiment: chaotic_lorenz_full_chaotic_run_0
2025-12-25 14:57:21,159 - experiment_chaotic_lorenz_full_chaotic_run_0 - INFO - Device: cuda
2025-12-25 14:57:21,159 - experiment_chaotic_lorenz_full_chaotic_run_0 - INFO - Output directory: /scratch/project_2003370/yueyao/Model/experiments/configs/4.2_chapter_experiments/experiments/chaotic_lorenz_full_chaotic_run_0
2025-12-25 14:57:21,159 - experiment_chaotic_lorenz_full_chaotic_run_0 - INFO - Initialized chaotic network experiment with lorenz system
2025-12-25 14:57:21,159 - experiment_chaotic_lorenz_full_chaotic_run_0 - INFO - Setting up experiment components...
2025-12-25 14:57:21,159 - experiment_chaotic_lorenz_full_chaotic_run_0 - INFO - Creating dataloaders...
2025-12-25 14:57:38,490 - experiment_chaotic_lorenz_full_chaotic_run_0 - INFO - Detected 26 speakers in dataset
2025-12-25 14:57:38,490 - experiment_chaotic_lorenz_full_chaotic_run_0 - INFO - Dataloaders created:
2025-12-25 14:57:38,490 - experiment_chaotic_lorenz_full_chaotic_run_0 - INFO -   Train: 14 batches
2025-12-25 14:57:38,490 - experiment_chaotic_lorenz_full_chaotic_run_0 - INFO -   Val: 3 batches
2025-12-25 14:57:38,490 - experiment_chaotic_lorenz_full_chaotic_run_0 - INFO -   Test: 4 batches
2025-12-25 14:57:38,490 - experiment_chaotic_lorenz_full_chaotic_run_0 - INFO - Creating model...
2025-12-25 14:57:38,490 - experiment_chaotic_lorenz_full_chaotic_run_0 - INFO - Using actual num_speakers from dataset: 26
2025-12-25 14:58:08,949 - experiment_chaotic_lorenz_full_chaotic_run_0 - INFO - [PLDA] Replaced classifier with PLDAClassifier (latent_dim=128)
2025-12-25 14:58:08,953 - experiment_chaotic_lorenz_full_chaotic_run_0 - INFO - Total parameters: 520,647
2025-12-25 14:58:08,953 - experiment_chaotic_lorenz_full_chaotic_run_0 - INFO - Trainable parameters: 520,647
2025-12-25 14:58:08,953 - experiment_chaotic_lorenz_full_chaotic_run_0 - INFO - Creating optimizer...
2025-12-25 14:58:11,660 - experiment_chaotic_lorenz_full_chaotic_run_0 - INFO - Optimizer: AdamW
2025-12-25 14:58:11,660 - experiment_chaotic_lorenz_full_chaotic_run_0 - INFO - Creating scheduler...
2025-12-25 14:58:11,660 - experiment_chaotic_lorenz_full_chaotic_run_0 - INFO - Scheduler: CosineAnnealingLR
2025-12-25 14:58:11,660 - experiment_chaotic_lorenz_full_chaotic_run_0 - INFO - Creating criterion...
2025-12-25 14:58:11,661 - experiment_chaotic_lorenz_full_chaotic_run_0 - INFO - Criterion: CrossEntropyLoss
2025-12-25 14:58:11,704 - experiment_chaotic_lorenz_full_chaotic_run_0 - INFO - Configuration saved to: /scratch/project_2003370/yueyao/Model/experiments/configs/4.2_chapter_experiments/experiments/chaotic_lorenz_full_chaotic_run_0/config.json
2025-12-25 14:58:11,704 - experiment_chaotic_lorenz_full_chaotic_run_0 - INFO - Experiment setup completed
2025-12-25 14:58:11,705 - experiment_chaotic_lorenz_full_chaotic_run_0 - INFO - Starting training for 100 epochs
2025-12-25 14:58:12,515 - experiment_chaotic_lorenz_full_chaotic_run_0 - INFO - 
================================================================================
2025-12-25 14:58:12,515 - experiment_chaotic_lorenz_full_chaotic_run_0 - INFO - COMPREHENSIVE DEBUG - FIRST BATCH
2025-12-25 14:58:12,515 - experiment_chaotic_lorenz_full_chaotic_run_0 - INFO - ================================================================================
2025-12-25 14:58:12,515 - experiment_chaotic_lorenz_full_chaotic_run_0 - INFO - Batch Info:
2025-12-25 14:58:12,515 - experiment_chaotic_lorenz_full_chaotic_run_0 - INFO -   Audio shape: torch.Size([32, 48000])
2025-12-25 14:58:12,516 - experiment_chaotic_lorenz_full_chaotic_run_0 - INFO -   Targets shape: torch.Size([32])
2025-12-25 14:58:12,522 - experiment_chaotic_lorenz_full_chaotic_run_0 - INFO -   Targets (first 8): tensor([13, 10,  3,  8,  6, 17, 24,  4], device='cuda:0')
2025-12-26 14:50:15,080 - experiment_chaotic_lorenz_full_chaotic_run_0 - INFO - Initialized experiment: chaotic_lorenz_full_chaotic_run_0
2025-12-26 14:50:15,088 - experiment_chaotic_lorenz_full_chaotic_run_0 - INFO - Device: cuda
2025-12-26 14:50:15,088 - experiment_chaotic_lorenz_full_chaotic_run_0 - INFO - Output directory: /scratch/project_2003370/yueyao/Model/experiments/configs/4.2_chapter_experiments/experiments/chaotic_lorenz_full_chaotic_run_0
2025-12-26 14:50:15,088 - experiment_chaotic_lorenz_full_chaotic_run_0 - INFO - Initialized chaotic network experiment with lorenz system
2025-12-26 14:50:15,088 - experiment_chaotic_lorenz_full_chaotic_run_0 - INFO - Setting up experiment components...
2025-12-26 14:50:15,088 - experiment_chaotic_lorenz_full_chaotic_run_0 - INFO - Creating dataloaders...
2025-12-26 14:50:31,385 - experiment_chaotic_lorenz_full_chaotic_run_0 - INFO - Detected 26 speakers in dataset
2025-12-26 14:50:31,385 - experiment_chaotic_lorenz_full_chaotic_run_0 - INFO - Dataloaders created:
2025-12-26 14:50:31,385 - experiment_chaotic_lorenz_full_chaotic_run_0 - INFO -   Train: 14 batches
2025-12-26 14:50:31,385 - experiment_chaotic_lorenz_full_chaotic_run_0 - INFO -   Val: 3 batches
2025-12-26 14:50:31,385 - experiment_chaotic_lorenz_full_chaotic_run_0 - INFO -   Test: 4 batches
2025-12-26 14:50:31,385 - experiment_chaotic_lorenz_full_chaotic_run_0 - INFO - Creating model...
2025-12-26 14:50:31,385 - experiment_chaotic_lorenz_full_chaotic_run_0 - INFO - Using actual num_speakers from dataset: 26
2025-12-26 14:51:02,368 - experiment_chaotic_lorenz_full_chaotic_run_0 - INFO - [PLDA] Replaced classifier with PLDAClassifier (latent_dim=128)
2025-12-26 14:51:02,371 - experiment_chaotic_lorenz_full_chaotic_run_0 - INFO - Total parameters: 462,279
2025-12-26 14:51:02,371 - experiment_chaotic_lorenz_full_chaotic_run_0 - INFO - Trainable parameters: 462,279
2025-12-26 14:51:02,371 - experiment_chaotic_lorenz_full_chaotic_run_0 - INFO - Creating optimizer...
2025-12-26 14:51:04,225 - experiment_chaotic_lorenz_full_chaotic_run_0 - INFO - Optimizer: AdamW
2025-12-26 14:51:04,225 - experiment_chaotic_lorenz_full_chaotic_run_0 - INFO - Creating scheduler...
2025-12-26 14:51:04,225 - experiment_chaotic_lorenz_full_chaotic_run_0 - INFO - Scheduler: CosineAnnealingLR
2025-12-26 14:51:04,225 - experiment_chaotic_lorenz_full_chaotic_run_0 - INFO - Creating criterion...
2025-12-26 14:51:04,225 - experiment_chaotic_lorenz_full_chaotic_run_0 - INFO - Criterion: CrossEntropyLoss
2025-12-26 14:51:04,270 - experiment_chaotic_lorenz_full_chaotic_run_0 - INFO - Configuration saved to: /scratch/project_2003370/yueyao/Model/experiments/configs/4.2_chapter_experiments/experiments/chaotic_lorenz_full_chaotic_run_0/config.json
2025-12-26 14:51:04,270 - experiment_chaotic_lorenz_full_chaotic_run_0 - INFO - Experiment setup completed
2025-12-26 14:51:04,270 - experiment_chaotic_lorenz_full_chaotic_run_0 - INFO - Starting training for 100 epochs
2025-12-26 14:51:04,904 - experiment_chaotic_lorenz_full_chaotic_run_0 - INFO - 
================================================================================
2025-12-26 14:51:04,904 - experiment_chaotic_lorenz_full_chaotic_run_0 - INFO - COMPREHENSIVE DEBUG - FIRST BATCH
2025-12-26 14:51:04,904 - experiment_chaotic_lorenz_full_chaotic_run_0 - INFO - ================================================================================
2025-12-26 14:51:04,905 - experiment_chaotic_lorenz_full_chaotic_run_0 - INFO - Batch Info:
2025-12-26 14:51:04,905 - experiment_chaotic_lorenz_full_chaotic_run_0 - INFO -   Audio shape: torch.Size([32, 48000])
2025-12-26 14:51:04,905 - experiment_chaotic_lorenz_full_chaotic_run_0 - INFO -   Targets shape: torch.Size([32])
2025-12-26 14:51:04,911 - experiment_chaotic_lorenz_full_chaotic_run_0 - INFO -   Targets (first 8): tensor([12, 13,  2, 11, 14, 12,  6, 10], device='cuda:0')
2025-12-26 14:51:07,284 - experiment_chaotic_lorenz_full_chaotic_run_0 - INFO - ================================================================================

2025-12-26 14:51:07,286 - experiment_chaotic_lorenz_full_chaotic_run_0 - INFO - [ADVERSARIAL] Initialized AdversarialChaoticAugmentation
2025-12-26 14:51:07,450 - experiment_chaotic_lorenz_full_chaotic_run_0 - INFO - [SYNC LOSS] Initialized PhaseSynchronizationLoss
2025-12-26 14:51:07,593 - experiment_chaotic_lorenz_full_chaotic_run_0 - INFO - [STABILITY] Initialized LyapunovStabilityLoss
2025-12-26 14:51:08,729 - experiment_chaotic_lorenz_full_chaotic_run_0 - INFO - Train Epoch 0: [0/472 (0.0%)]	Loss: 3.316920
2025-12-26 14:51:16,128 - experiment_chaotic_lorenz_full_chaotic_run_0 - INFO - [ADVERSARIAL] Warmup: epoch 1/5
2025-12-26 14:51:17,011 - experiment_chaotic_lorenz_full_chaotic_run_0 - INFO - Epoch 0: Train Loss: 3.3644, Train Acc: 0.0513, Val Loss: 3.2385, Val Acc: 0.0449
2025-12-26 14:51:17,097 - experiment_chaotic_lorenz_full_chaotic_run_0 - INFO - Saved new best model at epoch 0
2025-12-26 14:51:17,940 - experiment_chaotic_lorenz_full_chaotic_run_0 - INFO - Train Epoch 1: [0/472 (0.0%)]	Loss: 3.209613
2025-12-26 14:51:24,604 - experiment_chaotic_lorenz_full_chaotic_run_0 - INFO - [ADVERSARIAL] Warmup: epoch 2/5
2025-12-26 14:51:25,475 - experiment_chaotic_lorenz_full_chaotic_run_0 - INFO - Epoch 1: Train Loss: 3.2045, Train Acc: 0.1228, Val Loss: 3.2214, Val Acc: 0.0562
2025-12-26 14:51:25,563 - experiment_chaotic_lorenz_full_chaotic_run_0 - INFO - Saved new best model at epoch 1
2025-12-26 14:51:26,260 - experiment_chaotic_lorenz_full_chaotic_run_0 - INFO - Train Epoch 2: [0/472 (0.0%)]	Loss: 3.111315
2025-12-26 14:51:33,001 - experiment_chaotic_lorenz_full_chaotic_run_0 - INFO - [ADVERSARIAL] Warmup: epoch 3/5
2025-12-26 14:51:33,859 - experiment_chaotic_lorenz_full_chaotic_run_0 - INFO - Epoch 2: Train Loss: 3.0336, Train Acc: 0.1875, Val Loss: 2.9269, Val Acc: 0.1236
2025-12-26 14:51:33,944 - experiment_chaotic_lorenz_full_chaotic_run_0 - INFO - Saved new best model at epoch 2
2025-12-26 14:51:34,656 - experiment_chaotic_lorenz_full_chaotic_run_0 - INFO - Train Epoch 3: [0/472 (0.0%)]	Loss: 2.963777
2025-12-26 14:51:41,393 - experiment_chaotic_lorenz_full_chaotic_run_0 - INFO - [ADVERSARIAL] Warmup: epoch 4/5
2025-12-26 14:51:42,245 - experiment_chaotic_lorenz_full_chaotic_run_0 - INFO - Epoch 3: Train Loss: 2.7878, Train Acc: 0.2835, Val Loss: 2.6778, Val Acc: 0.2135
2025-12-26 14:51:42,347 - experiment_chaotic_lorenz_full_chaotic_run_0 - INFO - Saved new best model at epoch 3
2025-12-26 14:51:43,055 - experiment_chaotic_lorenz_full_chaotic_run_0 - INFO - Train Epoch 4: [0/472 (0.0%)]	Loss: 2.646993
2025-12-26 14:51:49,812 - experiment_chaotic_lorenz_full_chaotic_run_0 - INFO - [ADVERSARIAL] Warmup: epoch 5/5
2025-12-26 14:51:50,658 - experiment_chaotic_lorenz_full_chaotic_run_0 - INFO - Epoch 4: Train Loss: 2.5242, Train Acc: 0.3259, Val Loss: 2.4799, Val Acc: 0.2584
2025-12-26 14:51:50,744 - experiment_chaotic_lorenz_full_chaotic_run_0 - INFO - Saved new best model at epoch 4
2025-12-26 14:51:51,413 - experiment_chaotic_lorenz_full_chaotic_run_0 - INFO - Train Epoch 5: [0/472 (0.0%)]	Loss: 2.998670
2025-12-26 14:51:57,003 - experiment_chaotic_lorenz_full_chaotic_run_0 - INFO - [ADVERSARIAL] Warmup complete, adversarial training activated!
2025-12-26 14:51:57,864 - experiment_chaotic_lorenz_full_chaotic_run_0 - INFO - Epoch 5: Train Loss: 2.9779, Train Acc: 0.3839, Val Loss: 2.0366, Val Acc: 0.3933
2025-12-26 14:51:57,949 - experiment_chaotic_lorenz_full_chaotic_run_0 - INFO - Saved new best model at epoch 5
2025-12-26 14:51:58,574 - experiment_chaotic_lorenz_full_chaotic_run_0 - INFO - Train Epoch 6: [0/472 (0.0%)]	Loss: 2.830479
2025-12-26 14:52:04,859 - experiment_chaotic_lorenz_full_chaotic_run_0 - INFO - Epoch 6: Train Loss: 2.6832, Train Acc: 0.4263, Val Loss: 2.0046, Val Acc: 0.3258
2025-12-26 14:52:05,445 - experiment_chaotic_lorenz_full_chaotic_run_0 - INFO - Train Epoch 7: [0/472 (0.0%)]	Loss: 2.595821
2025-12-26 14:52:11,735 - experiment_chaotic_lorenz_full_chaotic_run_0 - INFO - Epoch 7: Train Loss: 2.5691, Train Acc: 0.4576, Val Loss: 1.8616, Val Acc: 0.4382
2025-12-26 14:52:11,823 - experiment_chaotic_lorenz_full_chaotic_run_0 - INFO - Saved new best model at epoch 7
2025-12-26 14:52:12,434 - experiment_chaotic_lorenz_full_chaotic_run_0 - INFO - Train Epoch 8: [0/472 (0.0%)]	Loss: 2.277870
2025-12-26 14:52:18,734 - experiment_chaotic_lorenz_full_chaotic_run_0 - INFO - Epoch 8: Train Loss: 2.4019, Train Acc: 0.4643, Val Loss: 2.3497, Val Acc: 0.2921
2025-12-26 14:52:19,311 - experiment_chaotic_lorenz_full_chaotic_run_0 - INFO - Train Epoch 9: [0/472 (0.0%)]	Loss: 2.302263
2025-12-26 14:52:25,599 - experiment_chaotic_lorenz_full_chaotic_run_0 - INFO - Epoch 9: Train Loss: 2.2661, Train Acc: 0.5067, Val Loss: 1.7458, Val Acc: 0.3820
2025-12-26 14:52:26,180 - experiment_chaotic_lorenz_full_chaotic_run_0 - INFO - Train Epoch 10: [0/472 (0.0%)]	Loss: 2.065019
2025-12-26 14:52:32,441 - experiment_chaotic_lorenz_full_chaotic_run_0 - INFO - Epoch 10: Train Loss: 2.2402, Train Acc: 0.4955, Val Loss: 2.1995, Val Acc: 0.2921
2025-12-26 14:52:33,096 - experiment_chaotic_lorenz_full_chaotic_run_0 - INFO - Train Epoch 11: [0/472 (0.0%)]	Loss: 1.895274
2025-12-26 14:52:39,279 - experiment_chaotic_lorenz_full_chaotic_run_0 - INFO - Epoch 11: Train Loss: 2.0359, Train Acc: 0.5580, Val Loss: 2.8451, Val Acc: 0.2247
2025-12-26 14:52:39,860 - experiment_chaotic_lorenz_full_chaotic_run_0 - INFO - Train Epoch 12: [0/472 (0.0%)]	Loss: 1.831234
2025-12-26 14:52:46,090 - experiment_chaotic_lorenz_full_chaotic_run_0 - INFO - Epoch 12: Train Loss: 2.0330, Train Acc: 0.5491, Val Loss: 1.8678, Val Acc: 0.3933
2025-12-26 14:52:46,662 - experiment_chaotic_lorenz_full_chaotic_run_0 - INFO - Train Epoch 13: [0/472 (0.0%)]	Loss: 1.875383
2025-12-26 14:52:52,945 - experiment_chaotic_lorenz_full_chaotic_run_0 - INFO - Epoch 13: Train Loss: 1.9797, Train Acc: 0.5424, Val Loss: 1.4999, Val Acc: 0.5056
2025-12-26 14:52:53,033 - experiment_chaotic_lorenz_full_chaotic_run_0 - INFO - Saved new best model at epoch 13
2025-12-26 14:52:53,650 - experiment_chaotic_lorenz_full_chaotic_run_0 - INFO - Train Epoch 14: [0/472 (0.0%)]	Loss: 1.804589
2025-12-26 14:52:59,948 - experiment_chaotic_lorenz_full_chaotic_run_0 - INFO - Epoch 14: Train Loss: 1.8228, Train Acc: 0.5826, Val Loss: 1.4945, Val Acc: 0.4494
2025-12-26 14:53:00,514 - experiment_chaotic_lorenz_full_chaotic_run_0 - INFO - Train Epoch 15: [0/472 (0.0%)]	Loss: 1.794928
2025-12-26 14:53:06,744 - experiment_chaotic_lorenz_full_chaotic_run_0 - INFO - Epoch 15: Train Loss: 1.7745, Train Acc: 0.5938, Val Loss: 2.1480, Val Acc: 0.3034
2025-12-26 14:53:07,330 - experiment_chaotic_lorenz_full_chaotic_run_0 - INFO - Train Epoch 16: [0/472 (0.0%)]	Loss: 1.637714
2025-12-26 14:53:13,605 - experiment_chaotic_lorenz_full_chaotic_run_0 - INFO - Epoch 16: Train Loss: 1.7568, Train Acc: 0.5982, Val Loss: 1.1619, Val Acc: 0.6067
2025-12-26 14:53:13,693 - experiment_chaotic_lorenz_full_chaotic_run_0 - INFO - Saved new best model at epoch 16
2025-12-26 14:53:14,333 - experiment_chaotic_lorenz_full_chaotic_run_0 - INFO - Train Epoch 17: [0/472 (0.0%)]	Loss: 1.619982
2025-12-26 14:53:20,584 - experiment_chaotic_lorenz_full_chaotic_run_0 - INFO - Epoch 17: Train Loss: 1.6317, Train Acc: 0.6518, Val Loss: 1.5062, Val Acc: 0.5056
2025-12-26 14:53:21,153 - experiment_chaotic_lorenz_full_chaotic_run_0 - INFO - Train Epoch 18: [0/472 (0.0%)]	Loss: 1.487568
2025-12-26 14:53:27,490 - experiment_chaotic_lorenz_full_chaotic_run_0 - INFO - Epoch 18: Train Loss: 1.6301, Train Acc: 0.6317, Val Loss: 1.8500, Val Acc: 0.4157
2025-12-26 14:53:28,061 - experiment_chaotic_lorenz_full_chaotic_run_0 - INFO - Train Epoch 19: [0/472 (0.0%)]	Loss: 1.538982
2025-12-26 14:53:34,347 - experiment_chaotic_lorenz_full_chaotic_run_0 - INFO - Epoch 19: Train Loss: 1.5543, Train Acc: 0.6473, Val Loss: 1.6107, Val Acc: 0.4831
2025-12-26 14:53:34,929 - experiment_chaotic_lorenz_full_chaotic_run_0 - INFO - Train Epoch 20: [0/472 (0.0%)]	Loss: 1.386996
2025-12-26 14:53:41,210 - experiment_chaotic_lorenz_full_chaotic_run_0 - INFO - Epoch 20: Train Loss: 1.4916, Train Acc: 0.6496, Val Loss: 1.2008, Val Acc: 0.4944
2025-12-26 14:53:41,879 - experiment_chaotic_lorenz_full_chaotic_run_0 - INFO - Train Epoch 21: [0/472 (0.0%)]	Loss: 1.515548
2025-12-26 14:53:48,113 - experiment_chaotic_lorenz_full_chaotic_run_0 - INFO - Epoch 21: Train Loss: 1.3724, Train Acc: 0.6920, Val Loss: 2.4984, Val Acc: 0.3596
2025-12-26 14:53:48,693 - experiment_chaotic_lorenz_full_chaotic_run_0 - INFO - Train Epoch 22: [0/472 (0.0%)]	Loss: 1.573469
2025-12-26 14:53:54,914 - experiment_chaotic_lorenz_full_chaotic_run_0 - INFO - Epoch 22: Train Loss: 1.3252, Train Acc: 0.7344, Val Loss: 1.5926, Val Acc: 0.5169
2025-12-26 14:53:55,493 - experiment_chaotic_lorenz_full_chaotic_run_0 - INFO - Train Epoch 23: [0/472 (0.0%)]	Loss: 1.255270
2025-12-26 14:54:01,764 - experiment_chaotic_lorenz_full_chaotic_run_0 - INFO - Epoch 23: Train Loss: 1.4573, Train Acc: 0.6853, Val Loss: 0.9598, Val Acc: 0.7303
2025-12-26 14:54:01,853 - experiment_chaotic_lorenz_full_chaotic_run_0 - INFO - Saved new best model at epoch 23
2025-12-26 14:54:02,473 - experiment_chaotic_lorenz_full_chaotic_run_0 - INFO - Train Epoch 24: [0/472 (0.0%)]	Loss: 1.225609
2025-12-26 14:54:08,733 - experiment_chaotic_lorenz_full_chaotic_run_0 - INFO - Epoch 24: Train Loss: 1.3295, Train Acc: 0.7031, Val Loss: 1.5154, Val Acc: 0.5056
2025-12-26 14:54:09,311 - experiment_chaotic_lorenz_full_chaotic_run_0 - INFO - Train Epoch 25: [0/472 (0.0%)]	Loss: 1.448792
2025-12-26 14:54:15,586 - experiment_chaotic_lorenz_full_chaotic_run_0 - INFO - Epoch 25: Train Loss: 1.3148, Train Acc: 0.7054, Val Loss: 1.2180, Val Acc: 0.5506
2025-12-26 14:54:16,166 - experiment_chaotic_lorenz_full_chaotic_run_0 - INFO - Train Epoch 26: [0/472 (0.0%)]	Loss: 1.249403
2025-12-26 14:54:22,441 - experiment_chaotic_lorenz_full_chaotic_run_0 - INFO - Epoch 26: Train Loss: 1.2849, Train Acc: 0.7344, Val Loss: 2.2247, Val Acc: 0.3371
2025-12-26 14:54:23,014 - experiment_chaotic_lorenz_full_chaotic_run_0 - INFO - Train Epoch 27: [0/472 (0.0%)]	Loss: 1.522871
2025-12-26 14:54:29,259 - experiment_chaotic_lorenz_full_chaotic_run_0 - INFO - Epoch 27: Train Loss: 1.3423, Train Acc: 0.6830, Val Loss: 1.6741, Val Acc: 0.5169
2025-12-26 14:54:29,833 - experiment_chaotic_lorenz_full_chaotic_run_0 - INFO - Train Epoch 28: [0/472 (0.0%)]	Loss: 1.272574
2025-12-26 14:54:36,033 - experiment_chaotic_lorenz_full_chaotic_run_0 - INFO - Epoch 28: Train Loss: 1.2252, Train Acc: 0.7165, Val Loss: 3.5458, Val Acc: 0.2472
2025-12-26 14:54:36,602 - experiment_chaotic_lorenz_full_chaotic_run_0 - INFO - Train Epoch 29: [0/472 (0.0%)]	Loss: 1.249829
2025-12-26 14:54:42,944 - experiment_chaotic_lorenz_full_chaotic_run_0 - INFO - Epoch 29: Train Loss: 1.2140, Train Acc: 0.7098, Val Loss: 1.2596, Val Acc: 0.5843
2025-12-26 14:54:43,526 - experiment_chaotic_lorenz_full_chaotic_run_0 - INFO - Train Epoch 30: [0/472 (0.0%)]	Loss: 0.809513
2025-12-26 14:54:49,791 - experiment_chaotic_lorenz_full_chaotic_run_0 - INFO - Epoch 30: Train Loss: 1.1493, Train Acc: 0.7500, Val Loss: 3.8597, Val Acc: 0.1573
2025-12-26 14:54:50,453 - experiment_chaotic_lorenz_full_chaotic_run_0 - INFO - Train Epoch 31: [0/472 (0.0%)]	Loss: 1.004816
2025-12-26 14:54:56,788 - experiment_chaotic_lorenz_full_chaotic_run_0 - INFO - Epoch 31: Train Loss: 1.0482, Train Acc: 0.7679, Val Loss: 3.6458, Val Acc: 0.2472
2025-12-26 14:54:57,363 - experiment_chaotic_lorenz_full_chaotic_run_0 - INFO - Train Epoch 32: [0/472 (0.0%)]	Loss: 0.824017
2025-12-26 14:55:03,640 - experiment_chaotic_lorenz_full_chaotic_run_0 - INFO - Epoch 32: Train Loss: 1.0877, Train Acc: 0.7500, Val Loss: 2.4408, Val Acc: 0.3596
2025-12-26 14:55:04,211 - experiment_chaotic_lorenz_full_chaotic_run_0 - INFO - Train Epoch 33: [0/472 (0.0%)]	Loss: 1.156113
2025-12-26 14:55:10,554 - experiment_chaotic_lorenz_full_chaotic_run_0 - INFO - Epoch 33: Train Loss: 1.1844, Train Acc: 0.7455, Val Loss: 3.1217, Val Acc: 0.2584
2025-12-26 14:55:11,126 - experiment_chaotic_lorenz_full_chaotic_run_0 - INFO - Train Epoch 34: [0/472 (0.0%)]	Loss: 0.790515
2025-12-26 14:55:17,444 - experiment_chaotic_lorenz_full_chaotic_run_0 - INFO - Epoch 34: Train Loss: 0.9709, Train Acc: 0.8058, Val Loss: 2.2613, Val Acc: 0.4045
2025-12-26 14:55:18,015 - experiment_chaotic_lorenz_full_chaotic_run_0 - INFO - Train Epoch 35: [0/472 (0.0%)]	Loss: 0.831637
2025-12-26 14:55:24,362 - experiment_chaotic_lorenz_full_chaotic_run_0 - INFO - Epoch 35: Train Loss: 0.9964, Train Acc: 0.7902, Val Loss: 1.5332, Val Acc: 0.4719
2025-12-26 14:55:24,930 - experiment_chaotic_lorenz_full_chaotic_run_0 - INFO - Train Epoch 36: [0/472 (0.0%)]	Loss: 0.984709
2025-12-26 14:55:31,228 - experiment_chaotic_lorenz_full_chaotic_run_0 - INFO - Epoch 36: Train Loss: 0.9602, Train Acc: 0.8080, Val Loss: 1.4035, Val Acc: 0.5618
2025-12-26 14:55:31,809 - experiment_chaotic_lorenz_full_chaotic_run_0 - INFO - Train Epoch 37: [0/472 (0.0%)]	Loss: 0.913299
2025-12-26 14:55:38,094 - experiment_chaotic_lorenz_full_chaotic_run_0 - INFO - Epoch 37: Train Loss: 0.8304, Train Acc: 0.8371, Val Loss: 1.1607, Val Acc: 0.6292
2025-12-26 14:55:38,663 - experiment_chaotic_lorenz_full_chaotic_run_0 - INFO - Train Epoch 38: [0/472 (0.0%)]	Loss: 0.954790
2025-12-26 14:55:45,214 - experiment_chaotic_lorenz_full_chaotic_run_0 - INFO - Epoch 38: Train Loss: 0.9304, Train Acc: 0.8304, Val Loss: 1.4492, Val Acc: 0.5056
2025-12-26 14:55:45,798 - experiment_chaotic_lorenz_full_chaotic_run_0 - INFO - Train Epoch 39: [0/472 (0.0%)]	Loss: 0.552932
2025-12-26 14:55:52,121 - experiment_chaotic_lorenz_full_chaotic_run_0 - INFO - Epoch 39: Train Loss: 0.8671, Train Acc: 0.8326, Val Loss: 1.1046, Val Acc: 0.5955
2025-12-26 14:55:52,700 - experiment_chaotic_lorenz_full_chaotic_run_0 - INFO - Train Epoch 40: [0/472 (0.0%)]	Loss: 0.921425
2025-12-26 14:55:58,973 - experiment_chaotic_lorenz_full_chaotic_run_0 - INFO - Epoch 40: Train Loss: 0.8972, Train Acc: 0.8170, Val Loss: 3.3278, Val Acc: 0.2360
2025-12-26 14:55:59,632 - experiment_chaotic_lorenz_full_chaotic_run_0 - INFO - Train Epoch 41: [0/472 (0.0%)]	Loss: 0.725358
2025-12-26 14:56:05,928 - experiment_chaotic_lorenz_full_chaotic_run_0 - INFO - Epoch 41: Train Loss: 0.8047, Train Acc: 0.8438, Val Loss: 1.3277, Val Acc: 0.5955
2025-12-26 14:56:06,501 - experiment_chaotic_lorenz_full_chaotic_run_0 - INFO - Train Epoch 42: [0/472 (0.0%)]	Loss: 0.779909
2025-12-26 14:56:12,819 - experiment_chaotic_lorenz_full_chaotic_run_0 - INFO - Epoch 42: Train Loss: 0.9040, Train Acc: 0.8192, Val Loss: 1.6669, Val Acc: 0.5281
2025-12-26 14:56:13,397 - experiment_chaotic_lorenz_full_chaotic_run_0 - INFO - Train Epoch 43: [0/472 (0.0%)]	Loss: 0.848951
2025-12-26 14:56:19,691 - experiment_chaotic_lorenz_full_chaotic_run_0 - INFO - Epoch 43: Train Loss: 0.9739, Train Acc: 0.7812, Val Loss: 2.7989, Val Acc: 0.3034
2025-12-26 14:56:20,272 - experiment_chaotic_lorenz_full_chaotic_run_0 - INFO - Train Epoch 44: [0/472 (0.0%)]	Loss: 0.913030
2025-12-26 14:56:26,618 - experiment_chaotic_lorenz_full_chaotic_run_0 - INFO - Epoch 44: Train Loss: 0.7314, Train Acc: 0.8705, Val Loss: 1.2033, Val Acc: 0.6180
2025-12-26 14:56:27,201 - experiment_chaotic_lorenz_full_chaotic_run_0 - INFO - Train Epoch 45: [0/472 (0.0%)]	Loss: 0.665684
2025-12-26 14:56:33,524 - experiment_chaotic_lorenz_full_chaotic_run_0 - INFO - Epoch 45: Train Loss: 0.8180, Train Acc: 0.8304, Val Loss: 1.5599, Val Acc: 0.4831
2025-12-26 14:56:34,098 - experiment_chaotic_lorenz_full_chaotic_run_0 - INFO - Train Epoch 46: [0/472 (0.0%)]	Loss: 0.535660
2025-12-26 14:56:40,362 - experiment_chaotic_lorenz_full_chaotic_run_0 - INFO - Epoch 46: Train Loss: 0.7629, Train Acc: 0.8438, Val Loss: 1.6315, Val Acc: 0.4607
2025-12-26 14:56:40,947 - experiment_chaotic_lorenz_full_chaotic_run_0 - INFO - Train Epoch 47: [0/472 (0.0%)]	Loss: 0.529098
2025-12-26 14:56:47,276 - experiment_chaotic_lorenz_full_chaotic_run_0 - INFO - Epoch 47: Train Loss: 0.7033, Train Acc: 0.8683, Val Loss: 1.3315, Val Acc: 0.5281
2025-12-26 14:56:47,856 - experiment_chaotic_lorenz_full_chaotic_run_0 - INFO - Train Epoch 48: [0/472 (0.0%)]	Loss: 0.759428
2025-12-26 14:56:54,160 - experiment_chaotic_lorenz_full_chaotic_run_0 - INFO - Epoch 48: Train Loss: 0.9260, Train Acc: 0.7946, Val Loss: 1.6043, Val Acc: 0.5393
2025-12-26 14:56:54,729 - experiment_chaotic_lorenz_full_chaotic_run_0 - INFO - Train Epoch 49: [0/472 (0.0%)]	Loss: 0.663343
2025-12-26 14:57:01,003 - experiment_chaotic_lorenz_full_chaotic_run_0 - INFO - Epoch 49: Train Loss: 0.7497, Train Acc: 0.8616, Val Loss: 0.9792, Val Acc: 0.6629
2025-12-26 14:57:01,596 - experiment_chaotic_lorenz_full_chaotic_run_0 - INFO - Train Epoch 50: [0/472 (0.0%)]	Loss: 0.625257
2025-12-26 14:57:07,958 - experiment_chaotic_lorenz_full_chaotic_run_0 - INFO - Epoch 50: Train Loss: 0.6990, Train Acc: 0.8504, Val Loss: 2.9573, Val Acc: 0.3371
2025-12-26 14:57:08,615 - experiment_chaotic_lorenz_full_chaotic_run_0 - INFO - Train Epoch 51: [0/472 (0.0%)]	Loss: 1.055208
2025-12-26 14:57:14,895 - experiment_chaotic_lorenz_full_chaotic_run_0 - INFO - Epoch 51: Train Loss: 0.7765, Train Acc: 0.8304, Val Loss: 1.2624, Val Acc: 0.5843
2025-12-26 14:57:15,462 - experiment_chaotic_lorenz_full_chaotic_run_0 - INFO - Train Epoch 52: [0/472 (0.0%)]	Loss: 0.480372
2025-12-26 14:57:21,804 - experiment_chaotic_lorenz_full_chaotic_run_0 - INFO - Epoch 52: Train Loss: 0.6944, Train Acc: 0.8616, Val Loss: 1.3003, Val Acc: 0.5618
2025-12-26 14:57:22,381 - experiment_chaotic_lorenz_full_chaotic_run_0 - INFO - Train Epoch 53: [0/472 (0.0%)]	Loss: 0.441334
2025-12-26 14:57:28,680 - experiment_chaotic_lorenz_full_chaotic_run_0 - INFO - Epoch 53: Train Loss: 0.6217, Train Acc: 0.8996, Val Loss: 0.8439, Val Acc: 0.7303
2025-12-26 14:57:28,682 - experiment_chaotic_lorenz_full_chaotic_run_0 - INFO - Early stopping triggered at epoch 53
2025-12-26 14:57:28,685 - experiment_chaotic_lorenz_full_chaotic_run_0 - INFO - Running final test evaluation...
2025-12-26 14:57:29,942 - experiment_chaotic_lorenz_full_chaotic_run_0 - INFO - Test Results:
2025-12-26 14:57:29,942 - experiment_chaotic_lorenz_full_chaotic_run_0 - INFO -   loss: 1.0229
2025-12-26 14:57:29,942 - experiment_chaotic_lorenz_full_chaotic_run_0 - INFO -   accuracy: 0.7458
2025-12-26 14:57:29,942 - experiment_chaotic_lorenz_full_chaotic_run_0 - INFO -   avg_confidence: 0.4748
2025-12-26 14:57:29,942 - experiment_chaotic_lorenz_full_chaotic_run_0 - INFO -   embedding_diversity: 0.1907
2025-12-26 14:57:29,942 - experiment_chaotic_lorenz_full_chaotic_run_0 - INFO -   embedding_norm_mean: 1.0000
2025-12-26 14:57:29,942 - experiment_chaotic_lorenz_full_chaotic_run_0 - INFO -   embedding_norm_std: 0.0000
2025-12-26 14:57:29,944 - experiment_chaotic_lorenz_full_chaotic_run_0 - INFO - Training completed
2025-12-26 14:57:30,673 - experiment_chaotic_lorenz_full_chaotic_run_0 - INFO - Running comprehensive chaotic network analysis...
2025-12-26 14:57:30,674 - experiment_chaotic_lorenz_full_chaotic_run_0 - INFO - Analyzing chaotic features and dynamics...
2025-12-26 14:57:31,717 - experiment_chaotic_lorenz_full_chaotic_run_0 - INFO - Chaotic analysis completed
2025-12-26 14:57:31,719 - experiment_chaotic_lorenz_full_chaotic_run_0 - INFO - Creating chaotic dynamics visualizations...
2025-12-26 14:57:33,560 - experiment_chaotic_lorenz_full_chaotic_run_0 - WARNING - Embedding plotting failed: boolean index did not match indexed array along dimension 0; dimension is 8 but corresponding boolean dimension is 32
2025-12-26 14:57:33,567 - experiment_chaotic_lorenz_full_chaotic_run_0 - INFO - Chaotic network analysis completed
