2025-12-01 18:28:58 - experiment3 - INFO - ======================================================================
2025-12-01 18:28:58 - experiment3 - INFO - EXPERIMENT 3: FEW-SHOT LEARNING EVALUATION
2025-12-01 18:28:58 - experiment3 - INFO - ======================================================================
2025-12-01 18:28:58 - experiment3 - INFO - Device: cuda
2025-12-01 18:28:58 - experiment3 - INFO - Samples per speaker: [1, 2, 3, 5, 10, 15, -1]
2025-12-01 18:28:58 - experiment3 - INFO - Runs per condition: 3
2025-12-01 18:28:58 - experiment3 - INFO - ======================================================================
2025-12-01 18:28:58 - experiment3 - INFO - Loading dataset...
2025-12-01 18:28:58 - experiment3 - INFO - Data dir: /scratch/project_2003370/yueyao/dataset/mini_librispeech/LibriSpeech/dev-clean-2
2025-12-01 18:28:58 - experiment3 - INFO - ======================================================================
2025-12-01 18:29:21 - experiment3 - INFO - Full train samples: 472
2025-12-01 18:29:21 - experiment3 - INFO - Val samples: 89
2025-12-01 18:29:21 - experiment3 - INFO - Test samples: 118
2025-12-01 18:29:21 - experiment3 - INFO - Number of speakers: 26
2025-12-01 18:29:21 - experiment3 - INFO - 
======================================================================
2025-12-01 18:29:21 - experiment3 - INFO - Model: MEL_MLP
2025-12-01 18:29:21 - experiment3 - INFO - ======================================================================
2025-12-01 18:29:21 - experiment3 - INFO - 
Samples per speaker: 1
2025-12-01 18:29:31 - experiment3 - INFO -   Run 1: 1 samples/speaker, total=26 samples
2025-12-01 18:30:16 - experiment3 - INFO -     Val: 50.56%, Test: 50.85%
2025-12-01 18:30:16 - experiment3 - INFO -   Run 2: 1 samples/speaker, total=26 samples
2025-12-01 18:30:47 - experiment3 - INFO -     Val: 50.56%, Test: 50.85%
2025-12-01 18:30:47 - experiment3 - INFO -   Run 3: 1 samples/speaker, total=26 samples
2025-12-01 18:31:17 - experiment3 - INFO -     Val: 59.55%, Test: 54.24%
2025-12-01 18:31:17 - experiment3 - INFO -   → Mean Test Acc: 51.98% ± 1.60%
2025-12-01 18:31:17 - experiment3 - INFO - 
Samples per speaker: 2
2025-12-01 18:31:17 - experiment3 - INFO -   Run 1: 2 samples/speaker, total=52 samples
2025-12-01 18:31:53 - experiment3 - INFO -     Val: 77.53%, Test: 73.73%
2025-12-01 18:31:54 - experiment3 - INFO -   Run 2: 2 samples/speaker, total=52 samples
2025-12-01 18:32:31 - experiment3 - INFO -     Val: 78.65%, Test: 73.73%
2025-12-01 18:32:31 - experiment3 - INFO -   Run 3: 2 samples/speaker, total=52 samples
2025-12-01 18:33:07 - experiment3 - INFO -     Val: 75.28%, Test: 73.73%
2025-12-01 18:33:07 - experiment3 - INFO -   → Mean Test Acc: 73.73% ± 0.00%
2025-12-01 18:33:07 - experiment3 - INFO - 
Samples per speaker: 3
2025-12-01 18:33:08 - experiment3 - INFO -   Run 1: 3 samples/speaker, total=78 samples
2025-12-01 18:33:51 - experiment3 - INFO -     Val: 91.01%, Test: 88.98%
2025-12-01 18:33:51 - experiment3 - INFO -   Run 2: 3 samples/speaker, total=78 samples
2025-12-01 18:34:35 - experiment3 - INFO -     Val: 91.01%, Test: 84.75%
2025-12-01 18:34:35 - experiment3 - INFO -   Run 3: 3 samples/speaker, total=78 samples
2025-12-01 18:35:19 - experiment3 - INFO -     Val: 85.39%, Test: 85.59%
2025-12-01 18:35:19 - experiment3 - INFO -   → Mean Test Acc: 86.44% ± 1.83%
2025-12-01 18:35:19 - experiment3 - INFO - 
Samples per speaker: 5
2025-12-01 18:35:19 - experiment3 - INFO -   Run 1: 5 samples/speaker, total=130 samples
2025-12-01 18:36:17 - experiment3 - INFO -     Val: 97.75%, Test: 97.46%
2025-12-01 18:36:17 - experiment3 - INFO -   Run 2: 5 samples/speaker, total=130 samples
2025-12-01 18:37:14 - experiment3 - INFO -     Val: 92.13%, Test: 96.61%
2025-12-01 18:37:14 - experiment3 - INFO -   Run 3: 5 samples/speaker, total=130 samples
2025-12-01 18:38:10 - experiment3 - INFO -     Val: 94.38%, Test: 92.37%
2025-12-01 18:38:10 - experiment3 - INFO -   → Mean Test Acc: 95.48% ± 2.22%
2025-12-01 18:38:10 - experiment3 - INFO - 
Samples per speaker: 10
2025-12-01 18:38:11 - experiment3 - INFO -   Run 1: 10 samples/speaker, total=254 samples
2025-12-01 18:39:32 - experiment3 - INFO -     Val: 97.75%, Test: 98.31%
2025-12-01 18:39:32 - experiment3 - INFO -   Run 2: 10 samples/speaker, total=254 samples
2025-12-01 18:41:00 - experiment3 - INFO -     Val: 98.88%, Test: 97.46%
2025-12-01 18:41:01 - experiment3 - INFO -   Run 3: 10 samples/speaker, total=254 samples
2025-12-01 18:42:27 - experiment3 - INFO -     Val: 98.88%, Test: 99.15%
2025-12-01 18:42:27 - experiment3 - INFO -   → Mean Test Acc: 98.31% ± 0.69%
2025-12-01 18:42:27 - experiment3 - INFO - 
Samples per speaker: 15
2025-12-01 18:42:27 - experiment3 - INFO -   Run 1: 15 samples/speaker, total=360 samples
2025-12-01 18:44:16 - experiment3 - INFO -     Val: 98.88%, Test: 100.00%
2025-12-01 18:44:16 - experiment3 - INFO -   Run 2: 15 samples/speaker, total=360 samples
2025-12-01 18:45:27 - experiment3 - INFO -     Val: 98.88%, Test: 94.92%
2025-12-01 18:45:27 - experiment3 - INFO -   Run 3: 15 samples/speaker, total=360 samples
2025-12-01 18:46:42 - experiment3 - INFO -     Val: 97.75%, Test: 97.46%
2025-12-01 18:46:42 - experiment3 - INFO -   → Mean Test Acc: 97.46% ± 2.08%
2025-12-01 18:46:42 - experiment3 - INFO - 
Samples per speaker: all
2025-12-01 18:46:42 - experiment3 - INFO -   Run 1: all samples/speaker, total=472 samples
2025-12-01 18:48:30 - experiment3 - INFO -     Val: 100.00%, Test: 98.31%
2025-12-01 18:48:30 - experiment3 - INFO -   Run 2: all samples/speaker, total=472 samples
2025-12-01 18:50:36 - experiment3 - INFO -     Val: 100.00%, Test: 97.46%
2025-12-01 18:50:36 - experiment3 - INFO -   Run 3: all samples/speaker, total=472 samples
2025-12-01 18:52:28 - experiment3 - INFO -     Val: 100.00%, Test: 98.31%
2025-12-01 18:52:28 - experiment3 - INFO -   → Mean Test Acc: 98.02% ± 0.40%
2025-12-01 18:52:28 - experiment3 - INFO - 
======================================================================
2025-12-01 18:52:28 - experiment3 - INFO - Model: MFCC_MLP
2025-12-01 18:52:28 - experiment3 - INFO - ======================================================================
2025-12-01 18:52:28 - experiment3 - INFO - 
Samples per speaker: 1
2025-12-01 18:52:28 - experiment3 - INFO -   Run 1: 1 samples/speaker, total=26 samples
2025-12-01 18:52:57 - experiment3 - INFO -     Val: 51.69%, Test: 44.07%
2025-12-01 18:52:57 - experiment3 - INFO -   Run 2: 1 samples/speaker, total=26 samples
2025-12-01 18:53:26 - experiment3 - INFO -     Val: 50.56%, Test: 50.85%
2025-12-01 18:53:26 - experiment3 - INFO -   Run 3: 1 samples/speaker, total=26 samples
2025-12-01 18:53:56 - experiment3 - INFO -     Val: 59.55%, Test: 54.24%
2025-12-01 18:53:56 - experiment3 - INFO -   → Mean Test Acc: 49.72% ± 4.23%
2025-12-01 18:53:56 - experiment3 - INFO - 
Samples per speaker: 2
2025-12-01 18:53:56 - experiment3 - INFO -   Run 1: 2 samples/speaker, total=52 samples
2025-12-01 18:54:33 - experiment3 - INFO -     Val: 77.53%, Test: 73.73%
2025-12-01 18:54:33 - experiment3 - INFO -   Run 2: 2 samples/speaker, total=52 samples
2025-12-01 18:55:09 - experiment3 - INFO -     Val: 78.65%, Test: 73.73%
2025-12-01 18:55:10 - experiment3 - INFO -   Run 3: 2 samples/speaker, total=52 samples
2025-12-01 18:55:46 - experiment3 - INFO -     Val: 75.28%, Test: 73.73%
2025-12-01 18:55:46 - experiment3 - INFO -   → Mean Test Acc: 73.73% ± 0.00%
2025-12-01 18:55:46 - experiment3 - INFO - 
Samples per speaker: 3
2025-12-01 18:55:46 - experiment3 - INFO -   Run 1: 3 samples/speaker, total=78 samples
2025-12-01 18:56:29 - experiment3 - INFO -     Val: 91.01%, Test: 88.98%
2025-12-01 18:56:30 - experiment3 - INFO -   Run 2: 3 samples/speaker, total=78 samples
2025-12-01 18:57:12 - experiment3 - INFO -     Val: 91.01%, Test: 84.75%
2025-12-01 18:57:12 - experiment3 - INFO -   Run 3: 3 samples/speaker, total=78 samples
2025-12-01 18:57:55 - experiment3 - INFO -     Val: 85.39%, Test: 85.59%
2025-12-01 18:57:55 - experiment3 - INFO -   → Mean Test Acc: 86.44% ± 1.83%
2025-12-01 18:57:55 - experiment3 - INFO - 
Samples per speaker: 5
2025-12-01 18:57:55 - experiment3 - INFO -   Run 1: 5 samples/speaker, total=130 samples
2025-12-01 18:58:50 - experiment3 - INFO -     Val: 97.75%, Test: 97.46%
2025-12-01 18:58:51 - experiment3 - INFO -   Run 2: 5 samples/speaker, total=130 samples
2025-12-01 18:59:46 - experiment3 - INFO -     Val: 92.13%, Test: 96.61%
2025-12-01 18:59:47 - experiment3 - INFO -   Run 3: 5 samples/speaker, total=130 samples
2025-12-01 19:00:43 - experiment3 - INFO -     Val: 94.38%, Test: 92.37%
2025-12-01 19:00:43 - experiment3 - INFO -   → Mean Test Acc: 95.48% ± 2.22%
2025-12-01 19:00:43 - experiment3 - INFO - 
Samples per speaker: 10
2025-12-01 19:00:44 - experiment3 - INFO -   Run 1: 10 samples/speaker, total=254 samples
2025-12-01 19:02:05 - experiment3 - INFO -     Val: 97.75%, Test: 98.31%
2025-12-01 19:02:05 - experiment3 - INFO -   Run 2: 10 samples/speaker, total=254 samples
2025-12-01 19:03:34 - experiment3 - INFO -     Val: 98.88%, Test: 97.46%
2025-12-01 19:03:34 - experiment3 - INFO -   Run 3: 10 samples/speaker, total=254 samples
2025-12-01 19:04:59 - experiment3 - INFO -     Val: 98.88%, Test: 99.15%
2025-12-01 19:04:59 - experiment3 - INFO -   → Mean Test Acc: 98.31% ± 0.69%
2025-12-01 19:04:59 - experiment3 - INFO - 
Samples per speaker: 15
2025-12-01 19:05:00 - experiment3 - INFO -   Run 1: 15 samples/speaker, total=360 samples
2025-12-01 19:06:48 - experiment3 - INFO -     Val: 98.88%, Test: 100.00%
2025-12-01 19:06:48 - experiment3 - INFO -   Run 2: 15 samples/speaker, total=360 samples
2025-12-01 19:07:58 - experiment3 - INFO -     Val: 98.88%, Test: 94.92%
2025-12-01 19:07:58 - experiment3 - INFO -   Run 3: 15 samples/speaker, total=360 samples
2025-12-01 19:09:01 - experiment3 - INFO -     Val: 97.75%, Test: 97.46%
2025-12-01 19:09:01 - experiment3 - INFO -   → Mean Test Acc: 97.46% ± 2.08%
2025-12-01 19:09:01 - experiment3 - INFO - 
Samples per speaker: all
2025-12-01 19:09:02 - experiment3 - INFO -   Run 1: all samples/speaker, total=472 samples
2025-12-01 19:10:49 - experiment3 - INFO -     Val: 100.00%, Test: 98.31%
2025-12-01 19:10:50 - experiment3 - INFO -   Run 2: all samples/speaker, total=472 samples
2025-12-01 19:12:53 - experiment3 - INFO -     Val: 100.00%, Test: 97.46%
2025-12-01 19:12:53 - experiment3 - INFO -   Run 3: all samples/speaker, total=472 samples
2025-12-01 19:14:44 - experiment3 - INFO -     Val: 100.00%, Test: 98.31%
2025-12-01 19:14:44 - experiment3 - INFO -   → Mean Test Acc: 98.02% ± 0.40%
2025-12-01 19:14:44 - experiment3 - INFO - 
==========================================================================================
2025-12-01 19:14:44 - experiment3 - INFO - FEW-SHOT LEARNING SUMMARY
2025-12-01 19:14:44 - experiment3 - INFO - ==========================================================================================
2025-12-01 19:14:44 - experiment3 - INFO - Model                 1          2          3          5         10         15        all
2025-12-01 19:14:44 - experiment3 - INFO - ------------------------------------------------------------------------------------------
2025-12-01 19:14:44 - experiment3 - INFO - mel_mlp       52.0±1.6   73.7±0.0   86.4±1.8   95.5±2.2   98.3±0.7   97.5±2.1   98.0±0.4 
2025-12-01 19:14:44 - experiment3 - INFO - mfcc_mlp      49.7±4.2   73.7±0.0   86.4±1.8   95.5±2.2   98.3±0.7   97.5±2.1   98.0±0.4 
2025-12-01 19:14:44 - experiment3 - INFO - ==========================================================================================
2025-12-01 19:14:44 - experiment3 - INFO - (Values show Test Accuracy % ± std)
2025-12-01 19:14:44 - experiment3 - INFO - 
Results saved to: outputs/experiment3_fewshot/fewshot_results.json
