2025-12-25 19:11:37,797 - experiment_chaotic_lorenz_full_chaotic_run_0 - INFO - Initialized experiment: chaotic_lorenz_full_chaotic_run_0
2025-12-25 19:11:37,798 - experiment_chaotic_lorenz_full_chaotic_run_0 - INFO - Device: cuda
2025-12-25 19:11:37,798 - experiment_chaotic_lorenz_full_chaotic_run_0 - INFO - Output directory: /scratch/project_2003370/yueyao/Model/experiments/configs/4.2_cao_experiments/experiments/chaotic_lorenz_full_chaotic_run_0
2025-12-25 19:11:37,798 - experiment_chaotic_lorenz_full_chaotic_run_0 - INFO - Initialized chaotic network experiment with lorenz system
2025-12-25 19:11:37,798 - experiment_chaotic_lorenz_full_chaotic_run_0 - INFO - Setting up experiment components...
2025-12-25 19:11:37,798 - experiment_chaotic_lorenz_full_chaotic_run_0 - INFO - Creating dataloaders...
2025-12-25 19:11:54,053 - experiment_chaotic_lorenz_full_chaotic_run_0 - INFO - Detected 26 speakers in dataset
2025-12-25 19:11:54,054 - experiment_chaotic_lorenz_full_chaotic_run_0 - INFO - Dataloaders created:
2025-12-25 19:11:54,054 - experiment_chaotic_lorenz_full_chaotic_run_0 - INFO -   Train: 14 batches
2025-12-25 19:11:54,054 - experiment_chaotic_lorenz_full_chaotic_run_0 - INFO -   Val: 3 batches
2025-12-25 19:11:54,054 - experiment_chaotic_lorenz_full_chaotic_run_0 - INFO -   Test: 4 batches
2025-12-25 19:11:54,054 - experiment_chaotic_lorenz_full_chaotic_run_0 - INFO - Creating model...
2025-12-25 19:11:54,054 - experiment_chaotic_lorenz_full_chaotic_run_0 - INFO - Using actual num_speakers from dataset: 26
2025-12-25 19:12:25,665 - experiment_chaotic_lorenz_full_chaotic_run_0 - INFO - [PLDA] Replaced classifier with PLDAClassifier (latent_dim=128)
2025-12-25 19:12:25,669 - experiment_chaotic_lorenz_full_chaotic_run_0 - INFO - Total parameters: 520,647
2025-12-25 19:12:25,669 - experiment_chaotic_lorenz_full_chaotic_run_0 - INFO - Trainable parameters: 520,647
2025-12-25 19:12:25,669 - experiment_chaotic_lorenz_full_chaotic_run_0 - INFO - Creating optimizer...
2025-12-25 19:12:28,136 - experiment_chaotic_lorenz_full_chaotic_run_0 - INFO - Optimizer: AdamW
2025-12-25 19:12:28,136 - experiment_chaotic_lorenz_full_chaotic_run_0 - INFO - Creating scheduler...
2025-12-25 19:12:28,136 - experiment_chaotic_lorenz_full_chaotic_run_0 - INFO - Scheduler: CosineAnnealingLR
2025-12-25 19:12:28,136 - experiment_chaotic_lorenz_full_chaotic_run_0 - INFO - Creating criterion...
2025-12-25 19:12:28,137 - experiment_chaotic_lorenz_full_chaotic_run_0 - INFO - Criterion: CrossEntropyLoss
2025-12-25 19:12:28,180 - experiment_chaotic_lorenz_full_chaotic_run_0 - INFO - Configuration saved to: /scratch/project_2003370/yueyao/Model/experiments/configs/4.2_cao_experiments/experiments/chaotic_lorenz_full_chaotic_run_0/config.json
2025-12-25 19:12:28,181 - experiment_chaotic_lorenz_full_chaotic_run_0 - INFO - Experiment setup completed
2025-12-25 19:12:28,181 - experiment_chaotic_lorenz_full_chaotic_run_0 - INFO - Starting training for 100 epochs
2025-12-25 19:12:28,914 - experiment_chaotic_lorenz_full_chaotic_run_0 - INFO - 
================================================================================
2025-12-25 19:12:28,914 - experiment_chaotic_lorenz_full_chaotic_run_0 - INFO - COMPREHENSIVE DEBUG - FIRST BATCH
2025-12-25 19:12:28,914 - experiment_chaotic_lorenz_full_chaotic_run_0 - INFO - ================================================================================
2025-12-25 19:12:28,914 - experiment_chaotic_lorenz_full_chaotic_run_0 - INFO - Batch Info:
2025-12-25 19:12:28,914 - experiment_chaotic_lorenz_full_chaotic_run_0 - INFO -   Audio shape: torch.Size([32, 48000])
2025-12-25 19:12:28,914 - experiment_chaotic_lorenz_full_chaotic_run_0 - INFO -   Targets shape: torch.Size([32])
2025-12-25 19:12:28,920 - experiment_chaotic_lorenz_full_chaotic_run_0 - INFO -   Targets (first 8): tensor([13, 10,  3,  8,  6, 17, 24,  4], device='cuda:0')
2025-12-25 19:20:04,916 - experiment_chaotic_lorenz_full_chaotic_run_0 - INFO - Initialized experiment: chaotic_lorenz_full_chaotic_run_0
2025-12-25 19:20:04,916 - experiment_chaotic_lorenz_full_chaotic_run_0 - INFO - Device: cuda
2025-12-25 19:20:04,916 - experiment_chaotic_lorenz_full_chaotic_run_0 - INFO - Output directory: /scratch/project_2003370/yueyao/Model/experiments/configs/4.2_cao_experiments/experiments/chaotic_lorenz_full_chaotic_run_0
2025-12-25 19:20:04,916 - experiment_chaotic_lorenz_full_chaotic_run_0 - INFO - Initialized chaotic network experiment with lorenz system
2025-12-25 19:20:04,916 - experiment_chaotic_lorenz_full_chaotic_run_0 - INFO - Setting up experiment components...
2025-12-25 19:20:04,916 - experiment_chaotic_lorenz_full_chaotic_run_0 - INFO - Creating dataloaders...
2025-12-25 19:20:05,305 - experiment_chaotic_lorenz_full_chaotic_run_0 - INFO - Detected 26 speakers in dataset
2025-12-25 19:20:05,305 - experiment_chaotic_lorenz_full_chaotic_run_0 - INFO - Dataloaders created:
2025-12-25 19:20:05,305 - experiment_chaotic_lorenz_full_chaotic_run_0 - INFO -   Train: 14 batches
2025-12-25 19:20:05,305 - experiment_chaotic_lorenz_full_chaotic_run_0 - INFO -   Val: 3 batches
2025-12-25 19:20:05,305 - experiment_chaotic_lorenz_full_chaotic_run_0 - INFO -   Test: 4 batches
2025-12-25 19:20:05,305 - experiment_chaotic_lorenz_full_chaotic_run_0 - INFO - Creating model...
2025-12-25 19:20:05,306 - experiment_chaotic_lorenz_full_chaotic_run_0 - INFO - Using actual num_speakers from dataset: 26
2025-12-25 19:36:09,786 - experiment_chaotic_lorenz_full_chaotic_run_0 - INFO - Initialized experiment: chaotic_lorenz_full_chaotic_run_0
2025-12-25 19:36:09,786 - experiment_chaotic_lorenz_full_chaotic_run_0 - INFO - Device: cuda
2025-12-25 19:36:09,786 - experiment_chaotic_lorenz_full_chaotic_run_0 - INFO - Output directory: /scratch/project_2003370/yueyao/Model/experiments/configs/4.2_cao_experiments/experiments/chaotic_lorenz_full_chaotic_run_0
2025-12-25 19:36:09,787 - experiment_chaotic_lorenz_full_chaotic_run_0 - INFO - Initialized chaotic network experiment with lorenz system
2025-12-25 19:36:09,787 - experiment_chaotic_lorenz_full_chaotic_run_0 - INFO - Setting up experiment components...
2025-12-25 19:36:09,787 - experiment_chaotic_lorenz_full_chaotic_run_0 - INFO - Creating dataloaders...
2025-12-25 19:36:10,177 - experiment_chaotic_lorenz_full_chaotic_run_0 - INFO - Detected 26 speakers in dataset
2025-12-25 19:36:10,177 - experiment_chaotic_lorenz_full_chaotic_run_0 - INFO - Dataloaders created:
2025-12-25 19:36:10,178 - experiment_chaotic_lorenz_full_chaotic_run_0 - INFO -   Train: 14 batches
2025-12-25 19:36:10,178 - experiment_chaotic_lorenz_full_chaotic_run_0 - INFO -   Val: 3 batches
2025-12-25 19:36:10,178 - experiment_chaotic_lorenz_full_chaotic_run_0 - INFO -   Test: 4 batches
2025-12-25 19:36:10,178 - experiment_chaotic_lorenz_full_chaotic_run_0 - INFO - Creating model...
2025-12-25 19:36:10,178 - experiment_chaotic_lorenz_full_chaotic_run_0 - INFO - Using actual num_speakers from dataset: 26
2025-12-25 19:36:41,358 - experiment_chaotic_lorenz_full_chaotic_run_0 - INFO - [PLDA] Replaced classifier with PLDAClassifier (latent_dim=128)
2025-12-25 19:36:41,361 - experiment_chaotic_lorenz_full_chaotic_run_0 - INFO - Total parameters: 520,647
2025-12-25 19:36:41,361 - experiment_chaotic_lorenz_full_chaotic_run_0 - INFO - Trainable parameters: 520,647
2025-12-25 19:36:41,361 - experiment_chaotic_lorenz_full_chaotic_run_0 - INFO - Creating optimizer...
2025-12-25 19:36:42,482 - experiment_chaotic_lorenz_full_chaotic_run_0 - INFO - Optimizer: AdamW
2025-12-25 19:36:42,482 - experiment_chaotic_lorenz_full_chaotic_run_0 - INFO - Creating scheduler...
2025-12-25 19:36:42,482 - experiment_chaotic_lorenz_full_chaotic_run_0 - INFO - Scheduler: CosineAnnealingLR
2025-12-25 19:36:42,483 - experiment_chaotic_lorenz_full_chaotic_run_0 - INFO - Creating criterion...
2025-12-25 19:36:42,483 - experiment_chaotic_lorenz_full_chaotic_run_0 - INFO - Criterion: CrossEntropyLoss
2025-12-25 19:36:42,527 - experiment_chaotic_lorenz_full_chaotic_run_0 - INFO - Configuration saved to: /scratch/project_2003370/yueyao/Model/experiments/configs/4.2_cao_experiments/experiments/chaotic_lorenz_full_chaotic_run_0/config.json
2025-12-25 19:36:42,527 - experiment_chaotic_lorenz_full_chaotic_run_0 - INFO - Experiment setup completed
2025-12-25 19:36:42,528 - experiment_chaotic_lorenz_full_chaotic_run_0 - INFO - Starting training for 100 epochs
2025-12-25 19:36:42,697 - experiment_chaotic_lorenz_full_chaotic_run_0 - INFO - 
================================================================================
2025-12-25 19:36:42,697 - experiment_chaotic_lorenz_full_chaotic_run_0 - INFO - COMPREHENSIVE DEBUG - FIRST BATCH
2025-12-25 19:36:42,697 - experiment_chaotic_lorenz_full_chaotic_run_0 - INFO - ================================================================================
2025-12-25 19:36:42,697 - experiment_chaotic_lorenz_full_chaotic_run_0 - INFO - Batch Info:
2025-12-25 19:36:42,697 - experiment_chaotic_lorenz_full_chaotic_run_0 - INFO -   Audio shape: torch.Size([32, 48000])
2025-12-25 19:36:42,697 - experiment_chaotic_lorenz_full_chaotic_run_0 - INFO -   Targets shape: torch.Size([32])
2025-12-25 19:36:42,701 - experiment_chaotic_lorenz_full_chaotic_run_0 - INFO -   Targets (first 8): tensor([13, 10,  3,  8,  6, 17, 24,  4], device='cuda:0')
2025-12-25 19:36:44,794 - experiment_chaotic_lorenz_full_chaotic_run_0 - INFO - ================================================================================

2025-12-25 19:36:44,796 - experiment_chaotic_lorenz_full_chaotic_run_0 - INFO - [ADVERSARIAL] Initialized AdversarialChaoticAugmentation
2025-12-25 19:36:44,957 - experiment_chaotic_lorenz_full_chaotic_run_0 - INFO - [SYNC LOSS] Initialized PhaseSynchronizationLoss
2025-12-25 19:36:45,103 - experiment_chaotic_lorenz_full_chaotic_run_0 - INFO - [STABILITY] Initialized LyapunovStabilityLoss
2025-12-25 19:36:46,577 - experiment_chaotic_lorenz_full_chaotic_run_0 - INFO - Train Epoch 0: [0/472 (0.0%)]	Loss: 3.525881
2025-12-25 19:36:56,501 - experiment_chaotic_lorenz_full_chaotic_run_0 - INFO - [ADVERSARIAL] Warmup: epoch 1/5
2025-12-25 19:36:57,398 - experiment_chaotic_lorenz_full_chaotic_run_0 - INFO - Epoch 0: Train Loss: 3.3485, Train Acc: 0.0513, Val Loss: 3.2857, Val Acc: 0.0449
2025-12-25 19:36:57,486 - experiment_chaotic_lorenz_full_chaotic_run_0 - INFO - Saved new best model at epoch 0
2025-12-25 19:36:58,496 - experiment_chaotic_lorenz_full_chaotic_run_0 - INFO - Train Epoch 1: [0/472 (0.0%)]	Loss: 3.203885
2025-12-25 19:37:07,566 - experiment_chaotic_lorenz_full_chaotic_run_0 - INFO - [ADVERSARIAL] Warmup: epoch 2/5
2025-12-25 19:37:08,452 - experiment_chaotic_lorenz_full_chaotic_run_0 - INFO - Epoch 1: Train Loss: 3.2282, Train Acc: 0.1272, Val Loss: 3.2454, Val Acc: 0.0449
2025-12-25 19:37:09,317 - experiment_chaotic_lorenz_full_chaotic_run_0 - INFO - Train Epoch 2: [0/472 (0.0%)]	Loss: 3.209415
2025-12-25 19:37:18,355 - experiment_chaotic_lorenz_full_chaotic_run_0 - INFO - [ADVERSARIAL] Warmup: epoch 3/5
2025-12-25 19:37:19,245 - experiment_chaotic_lorenz_full_chaotic_run_0 - INFO - Epoch 2: Train Loss: 3.1250, Train Acc: 0.1830, Val Loss: 3.3086, Val Acc: 0.0449
2025-12-25 19:37:20,111 - experiment_chaotic_lorenz_full_chaotic_run_0 - INFO - Train Epoch 3: [0/472 (0.0%)]	Loss: 2.944953
2025-12-25 19:37:29,410 - experiment_chaotic_lorenz_full_chaotic_run_0 - INFO - [ADVERSARIAL] Warmup: epoch 4/5
2025-12-25 19:37:30,317 - experiment_chaotic_lorenz_full_chaotic_run_0 - INFO - Epoch 3: Train Loss: 2.9307, Train Acc: 0.2545, Val Loss: 3.3779, Val Acc: 0.0674
2025-12-25 19:37:30,408 - experiment_chaotic_lorenz_full_chaotic_run_0 - INFO - Saved new best model at epoch 3
2025-12-25 19:37:31,319 - experiment_chaotic_lorenz_full_chaotic_run_0 - INFO - Train Epoch 4: [0/472 (0.0%)]	Loss: 2.830264
2025-12-25 19:37:40,444 - experiment_chaotic_lorenz_full_chaotic_run_0 - INFO - [ADVERSARIAL] Warmup: epoch 5/5
2025-12-25 19:37:41,323 - experiment_chaotic_lorenz_full_chaotic_run_0 - INFO - Epoch 4: Train Loss: 2.7200, Train Acc: 0.3103, Val Loss: 3.4727, Val Acc: 0.0449
2025-12-25 19:37:41,992 - experiment_chaotic_lorenz_full_chaotic_run_0 - INFO - Train Epoch 5: [0/472 (0.0%)]	Loss: 3.387953
2025-12-25 19:37:47,731 - experiment_chaotic_lorenz_full_chaotic_run_0 - INFO - [ADVERSARIAL] Warmup complete, adversarial training activated!
2025-12-25 19:37:48,644 - experiment_chaotic_lorenz_full_chaotic_run_0 - INFO - Epoch 5: Train Loss: 3.2400, Train Acc: 0.3393, Val Loss: 3.6613, Val Acc: 0.0449
2025-12-25 19:37:49,273 - experiment_chaotic_lorenz_full_chaotic_run_0 - INFO - Train Epoch 6: [0/472 (0.0%)]	Loss: 3.112820
2025-12-25 19:37:55,938 - experiment_chaotic_lorenz_full_chaotic_run_0 - INFO - Epoch 6: Train Loss: 2.9443, Train Acc: 0.4263, Val Loss: 3.6471, Val Acc: 0.0787
2025-12-25 19:37:56,026 - experiment_chaotic_lorenz_full_chaotic_run_0 - INFO - Saved new best model at epoch 6
2025-12-25 19:37:56,668 - experiment_chaotic_lorenz_full_chaotic_run_0 - INFO - Train Epoch 7: [0/472 (0.0%)]	Loss: 2.558301
2025-12-25 19:38:03,365 - experiment_chaotic_lorenz_full_chaotic_run_0 - INFO - Epoch 7: Train Loss: 2.6795, Train Acc: 0.4665, Val Loss: 3.3537, Val Acc: 0.0674
2025-12-25 19:38:03,983 - experiment_chaotic_lorenz_full_chaotic_run_0 - INFO - Train Epoch 8: [0/472 (0.0%)]	Loss: 2.427491
2025-12-25 19:38:10,566 - experiment_chaotic_lorenz_full_chaotic_run_0 - INFO - Epoch 8: Train Loss: 2.3898, Train Acc: 0.5402, Val Loss: 4.0623, Val Acc: 0.0787
2025-12-25 19:38:11,185 - experiment_chaotic_lorenz_full_chaotic_run_0 - INFO - Train Epoch 9: [0/472 (0.0%)]	Loss: 2.277359
2025-12-25 19:38:17,786 - experiment_chaotic_lorenz_full_chaotic_run_0 - INFO - Epoch 9: Train Loss: 2.1857, Train Acc: 0.5692, Val Loss: 4.2357, Val Acc: 0.0449
2025-12-25 19:38:18,401 - experiment_chaotic_lorenz_full_chaotic_run_0 - INFO - Train Epoch 10: [0/472 (0.0%)]	Loss: 2.126003
2025-12-25 19:38:25,006 - experiment_chaotic_lorenz_full_chaotic_run_0 - INFO - Epoch 10: Train Loss: 1.9393, Train Acc: 0.6585, Val Loss: 4.2737, Val Acc: 0.0449
2025-12-25 19:38:25,701 - experiment_chaotic_lorenz_full_chaotic_run_0 - INFO - Train Epoch 11: [0/472 (0.0%)]	Loss: 1.854894
2025-12-25 19:38:32,345 - experiment_chaotic_lorenz_full_chaotic_run_0 - INFO - Epoch 11: Train Loss: 1.7443, Train Acc: 0.6830, Val Loss: 4.2863, Val Acc: 0.1461
2025-12-25 19:38:32,435 - experiment_chaotic_lorenz_full_chaotic_run_0 - INFO - Saved new best model at epoch 11
2025-12-25 19:38:33,096 - experiment_chaotic_lorenz_full_chaotic_run_0 - INFO - Train Epoch 12: [0/472 (0.0%)]	Loss: 1.713477
2025-12-25 19:38:39,703 - experiment_chaotic_lorenz_full_chaotic_run_0 - INFO - Epoch 12: Train Loss: 1.5160, Train Acc: 0.7478, Val Loss: 4.2161, Val Acc: 0.0449
2025-12-25 19:38:40,322 - experiment_chaotic_lorenz_full_chaotic_run_0 - INFO - Train Epoch 13: [0/472 (0.0%)]	Loss: 1.625345
2025-12-25 19:38:46,932 - experiment_chaotic_lorenz_full_chaotic_run_0 - INFO - Epoch 13: Train Loss: 1.3592, Train Acc: 0.7723, Val Loss: 4.8017, Val Acc: 0.0899
2025-12-25 19:38:47,558 - experiment_chaotic_lorenz_full_chaotic_run_0 - INFO - Train Epoch 14: [0/472 (0.0%)]	Loss: 1.124051
2025-12-25 19:38:54,199 - experiment_chaotic_lorenz_full_chaotic_run_0 - INFO - Epoch 14: Train Loss: 1.2293, Train Acc: 0.7790, Val Loss: 5.1779, Val Acc: 0.0449
2025-12-25 19:38:54,795 - experiment_chaotic_lorenz_full_chaotic_run_0 - INFO - Train Epoch 15: [0/472 (0.0%)]	Loss: 1.212774
2025-12-25 19:39:01,331 - experiment_chaotic_lorenz_full_chaotic_run_0 - INFO - Epoch 15: Train Loss: 1.0680, Train Acc: 0.8527, Val Loss: 5.0025, Val Acc: 0.0562
2025-12-25 19:39:01,950 - experiment_chaotic_lorenz_full_chaotic_run_0 - INFO - Train Epoch 16: [0/472 (0.0%)]	Loss: 0.953629
2025-12-25 19:39:08,575 - experiment_chaotic_lorenz_full_chaotic_run_0 - INFO - Epoch 16: Train Loss: 1.0153, Train Acc: 0.8438, Val Loss: 5.1794, Val Acc: 0.0449
2025-12-25 19:39:09,186 - experiment_chaotic_lorenz_full_chaotic_run_0 - INFO - Train Epoch 17: [0/472 (0.0%)]	Loss: 1.116779
2025-12-25 19:39:15,743 - experiment_chaotic_lorenz_full_chaotic_run_0 - INFO - Epoch 17: Train Loss: 0.9103, Train Acc: 0.8415, Val Loss: 5.7862, Val Acc: 0.0449
2025-12-25 19:39:16,348 - experiment_chaotic_lorenz_full_chaotic_run_0 - INFO - Train Epoch 18: [0/472 (0.0%)]	Loss: 0.996759
2025-12-25 19:39:23,005 - experiment_chaotic_lorenz_full_chaotic_run_0 - INFO - Epoch 18: Train Loss: 0.8370, Train Acc: 0.8906, Val Loss: 5.7585, Val Acc: 0.0449
2025-12-25 19:39:23,625 - experiment_chaotic_lorenz_full_chaotic_run_0 - INFO - Train Epoch 19: [0/472 (0.0%)]	Loss: 0.643805
2025-12-25 19:39:30,248 - experiment_chaotic_lorenz_full_chaotic_run_0 - INFO - Epoch 19: Train Loss: 0.7666, Train Acc: 0.8862, Val Loss: 6.1971, Val Acc: 0.0449
2025-12-25 19:39:30,873 - experiment_chaotic_lorenz_full_chaotic_run_0 - INFO - Train Epoch 20: [0/472 (0.0%)]	Loss: 0.642053
2025-12-25 19:39:37,529 - experiment_chaotic_lorenz_full_chaotic_run_0 - INFO - Epoch 20: Train Loss: 0.6813, Train Acc: 0.9018, Val Loss: 5.4083, Val Acc: 0.0449
2025-12-25 19:39:38,235 - experiment_chaotic_lorenz_full_chaotic_run_0 - INFO - Train Epoch 21: [0/472 (0.0%)]	Loss: 0.567085
2025-12-25 19:39:44,837 - experiment_chaotic_lorenz_full_chaotic_run_0 - INFO - Epoch 21: Train Loss: 0.6427, Train Acc: 0.9040, Val Loss: 0.8012, Val Acc: 0.7640
2025-12-25 19:39:44,926 - experiment_chaotic_lorenz_full_chaotic_run_0 - INFO - Saved new best model at epoch 21
2025-12-25 19:39:45,575 - experiment_chaotic_lorenz_full_chaotic_run_0 - INFO - Train Epoch 22: [0/472 (0.0%)]	Loss: 0.671996
2025-12-25 19:39:52,217 - experiment_chaotic_lorenz_full_chaotic_run_0 - INFO - Epoch 22: Train Loss: 0.6243, Train Acc: 0.9196, Val Loss: 3.7392, Val Acc: 0.2135
2025-12-25 19:39:52,860 - experiment_chaotic_lorenz_full_chaotic_run_0 - INFO - Train Epoch 23: [0/472 (0.0%)]	Loss: 0.524634
2025-12-25 19:39:59,526 - experiment_chaotic_lorenz_full_chaotic_run_0 - INFO - Epoch 23: Train Loss: 0.5874, Train Acc: 0.9085, Val Loss: 6.3432, Val Acc: 0.0562
2025-12-25 19:40:00,159 - experiment_chaotic_lorenz_full_chaotic_run_0 - INFO - Train Epoch 24: [0/472 (0.0%)]	Loss: 0.614629
2025-12-25 19:40:06,813 - experiment_chaotic_lorenz_full_chaotic_run_0 - INFO - Epoch 24: Train Loss: 0.5515, Train Acc: 0.9219, Val Loss: 3.0341, Val Acc: 0.3034
2025-12-25 19:40:07,428 - experiment_chaotic_lorenz_full_chaotic_run_0 - INFO - Train Epoch 25: [0/472 (0.0%)]	Loss: 0.444252
2025-12-25 19:40:14,048 - experiment_chaotic_lorenz_full_chaotic_run_0 - INFO - Epoch 25: Train Loss: 0.5044, Train Acc: 0.9219, Val Loss: 6.1371, Val Acc: 0.0449
2025-12-25 19:40:14,692 - experiment_chaotic_lorenz_full_chaotic_run_0 - INFO - Train Epoch 26: [0/472 (0.0%)]	Loss: 0.347098
2025-12-25 19:40:21,334 - experiment_chaotic_lorenz_full_chaotic_run_0 - INFO - Epoch 26: Train Loss: 0.4935, Train Acc: 0.9263, Val Loss: 7.9717, Val Acc: 0.0449
2025-12-25 19:40:21,944 - experiment_chaotic_lorenz_full_chaotic_run_0 - INFO - Train Epoch 27: [0/472 (0.0%)]	Loss: 0.391858
2025-12-25 19:40:28,587 - experiment_chaotic_lorenz_full_chaotic_run_0 - INFO - Epoch 27: Train Loss: 0.4103, Train Acc: 0.9487, Val Loss: 5.6736, Val Acc: 0.1011
2025-12-25 19:40:29,204 - experiment_chaotic_lorenz_full_chaotic_run_0 - INFO - Train Epoch 28: [0/472 (0.0%)]	Loss: 0.376675
2025-12-25 19:40:35,810 - experiment_chaotic_lorenz_full_chaotic_run_0 - INFO - Epoch 28: Train Loss: 0.4123, Train Acc: 0.9375, Val Loss: 1.8801, Val Acc: 0.5169
2025-12-25 19:40:36,429 - experiment_chaotic_lorenz_full_chaotic_run_0 - INFO - Train Epoch 29: [0/472 (0.0%)]	Loss: 0.366346
2025-12-25 19:40:43,056 - experiment_chaotic_lorenz_full_chaotic_run_0 - INFO - Epoch 29: Train Loss: 0.4260, Train Acc: 0.9353, Val Loss: 0.4051, Val Acc: 0.8539
2025-12-25 19:40:43,146 - experiment_chaotic_lorenz_full_chaotic_run_0 - INFO - Saved new best model at epoch 29
2025-12-25 19:40:43,803 - experiment_chaotic_lorenz_full_chaotic_run_0 - INFO - Train Epoch 30: [0/472 (0.0%)]	Loss: 0.242437
2025-12-25 19:40:50,457 - experiment_chaotic_lorenz_full_chaotic_run_0 - INFO - Epoch 30: Train Loss: 0.3135, Train Acc: 0.9844, Val Loss: 7.9896, Val Acc: 0.0449
2025-12-25 19:40:51,156 - experiment_chaotic_lorenz_full_chaotic_run_0 - INFO - Train Epoch 31: [0/472 (0.0%)]	Loss: 0.272811
2025-12-25 19:40:57,886 - experiment_chaotic_lorenz_full_chaotic_run_0 - INFO - Epoch 31: Train Loss: 0.3244, Train Acc: 0.9665, Val Loss: 4.9695, Val Acc: 0.1910
2025-12-25 19:40:58,509 - experiment_chaotic_lorenz_full_chaotic_run_0 - INFO - Train Epoch 32: [0/472 (0.0%)]	Loss: 0.320766
2025-12-25 19:41:05,200 - experiment_chaotic_lorenz_full_chaotic_run_0 - INFO - Epoch 32: Train Loss: 0.3018, Train Acc: 0.9643, Val Loss: 2.4396, Val Acc: 0.4719
2025-12-25 19:41:05,817 - experiment_chaotic_lorenz_full_chaotic_run_0 - INFO - Train Epoch 33: [0/472 (0.0%)]	Loss: 0.469485
2025-12-25 19:41:12,701 - experiment_chaotic_lorenz_full_chaotic_run_0 - INFO - Epoch 33: Train Loss: 0.2744, Train Acc: 0.9710, Val Loss: 2.6561, Val Acc: 0.5056
2025-12-25 19:41:13,331 - experiment_chaotic_lorenz_full_chaotic_run_0 - INFO - Train Epoch 34: [0/472 (0.0%)]	Loss: 0.196603
2025-12-25 19:41:20,043 - experiment_chaotic_lorenz_full_chaotic_run_0 - INFO - Epoch 34: Train Loss: 0.2736, Train Acc: 0.9710, Val Loss: 5.8445, Val Acc: 0.1236
2025-12-25 19:41:20,660 - experiment_chaotic_lorenz_full_chaotic_run_0 - INFO - Train Epoch 35: [0/472 (0.0%)]	Loss: 0.227710
2025-12-25 19:41:27,335 - experiment_chaotic_lorenz_full_chaotic_run_0 - INFO - Epoch 35: Train Loss: 0.2665, Train Acc: 0.9509, Val Loss: 8.8498, Val Acc: 0.0449
2025-12-25 19:41:27,958 - experiment_chaotic_lorenz_full_chaotic_run_0 - INFO - Train Epoch 36: [0/472 (0.0%)]	Loss: 0.219548
2025-12-25 19:41:34,625 - experiment_chaotic_lorenz_full_chaotic_run_0 - INFO - Epoch 36: Train Loss: 0.2368, Train Acc: 0.9754, Val Loss: 5.3577, Val Acc: 0.1236
2025-12-25 19:41:35,250 - experiment_chaotic_lorenz_full_chaotic_run_0 - INFO - Train Epoch 37: [0/472 (0.0%)]	Loss: 0.196746
2025-12-25 19:41:41,895 - experiment_chaotic_lorenz_full_chaotic_run_0 - INFO - Epoch 37: Train Loss: 0.2102, Train Acc: 0.9866, Val Loss: 0.7747, Val Acc: 0.8090
2025-12-25 19:41:42,504 - experiment_chaotic_lorenz_full_chaotic_run_0 - INFO - Train Epoch 38: [0/472 (0.0%)]	Loss: 0.177304
2025-12-25 19:41:49,159 - experiment_chaotic_lorenz_full_chaotic_run_0 - INFO - Epoch 38: Train Loss: 0.2301, Train Acc: 0.9821, Val Loss: 3.1637, Val Acc: 0.3258
2025-12-25 19:41:49,782 - experiment_chaotic_lorenz_full_chaotic_run_0 - INFO - Train Epoch 39: [0/472 (0.0%)]	Loss: 0.190158
2025-12-25 19:41:56,497 - experiment_chaotic_lorenz_full_chaotic_run_0 - INFO - Epoch 39: Train Loss: 0.2344, Train Acc: 0.9754, Val Loss: 10.2388, Val Acc: 0.0449
2025-12-25 19:41:57,119 - experiment_chaotic_lorenz_full_chaotic_run_0 - INFO - Train Epoch 40: [0/472 (0.0%)]	Loss: 0.308915
2025-12-25 19:42:03,731 - experiment_chaotic_lorenz_full_chaotic_run_0 - INFO - Epoch 40: Train Loss: 0.2163, Train Acc: 0.9844, Val Loss: 6.7024, Val Acc: 0.0899
2025-12-25 19:42:04,439 - experiment_chaotic_lorenz_full_chaotic_run_0 - INFO - Train Epoch 41: [0/472 (0.0%)]	Loss: 0.135822
2025-12-25 19:42:11,115 - experiment_chaotic_lorenz_full_chaotic_run_0 - INFO - Epoch 41: Train Loss: 0.2554, Train Acc: 0.9688, Val Loss: 7.5540, Val Acc: 0.0562
2025-12-25 19:42:11,742 - experiment_chaotic_lorenz_full_chaotic_run_0 - INFO - Train Epoch 42: [0/472 (0.0%)]	Loss: 0.187173
2025-12-25 19:42:18,411 - experiment_chaotic_lorenz_full_chaotic_run_0 - INFO - Epoch 42: Train Loss: 0.2421, Train Acc: 0.9799, Val Loss: 9.4154, Val Acc: 0.0562
2025-12-25 19:42:19,042 - experiment_chaotic_lorenz_full_chaotic_run_0 - INFO - Train Epoch 43: [0/472 (0.0%)]	Loss: 0.186915
2025-12-25 19:42:25,724 - experiment_chaotic_lorenz_full_chaotic_run_0 - INFO - Epoch 43: Train Loss: 0.2058, Train Acc: 0.9799, Val Loss: 1.5385, Val Acc: 0.6180
2025-12-25 19:42:26,355 - experiment_chaotic_lorenz_full_chaotic_run_0 - INFO - Train Epoch 44: [0/472 (0.0%)]	Loss: 0.283286
2025-12-25 19:42:32,970 - experiment_chaotic_lorenz_full_chaotic_run_0 - INFO - Epoch 44: Train Loss: 0.2390, Train Acc: 0.9754, Val Loss: 0.3898, Val Acc: 0.8427
2025-12-25 19:42:33,597 - experiment_chaotic_lorenz_full_chaotic_run_0 - INFO - Train Epoch 45: [0/472 (0.0%)]	Loss: 0.147130
2025-12-25 19:42:40,199 - experiment_chaotic_lorenz_full_chaotic_run_0 - INFO - Epoch 45: Train Loss: 0.1885, Train Acc: 0.9888, Val Loss: 7.0219, Val Acc: 0.1011
2025-12-25 19:42:40,819 - experiment_chaotic_lorenz_full_chaotic_run_0 - INFO - Train Epoch 46: [0/472 (0.0%)]	Loss: 0.222866
2025-12-25 19:42:47,477 - experiment_chaotic_lorenz_full_chaotic_run_0 - INFO - Epoch 46: Train Loss: 0.1827, Train Acc: 0.9911, Val Loss: 2.6437, Val Acc: 0.4382
2025-12-25 19:42:48,085 - experiment_chaotic_lorenz_full_chaotic_run_0 - INFO - Train Epoch 47: [0/472 (0.0%)]	Loss: 0.148496
2025-12-25 19:42:54,752 - experiment_chaotic_lorenz_full_chaotic_run_0 - INFO - Epoch 47: Train Loss: 0.2061, Train Acc: 0.9732, Val Loss: 4.8870, Val Acc: 0.2022
2025-12-25 19:42:55,373 - experiment_chaotic_lorenz_full_chaotic_run_0 - INFO - Train Epoch 48: [0/472 (0.0%)]	Loss: 0.210237
2025-12-25 19:43:02,023 - experiment_chaotic_lorenz_full_chaotic_run_0 - INFO - Epoch 48: Train Loss: 0.1835, Train Acc: 0.9799, Val Loss: 5.2696, Val Acc: 0.1573
2025-12-25 19:43:02,645 - experiment_chaotic_lorenz_full_chaotic_run_0 - INFO - Train Epoch 49: [0/472 (0.0%)]	Loss: 0.159655
2025-12-25 19:43:09,237 - experiment_chaotic_lorenz_full_chaotic_run_0 - INFO - Epoch 49: Train Loss: 0.1518, Train Acc: 0.9955, Val Loss: 5.3787, Val Acc: 0.1910
2025-12-25 19:43:09,855 - experiment_chaotic_lorenz_full_chaotic_run_0 - INFO - Train Epoch 50: [0/472 (0.0%)]	Loss: 0.198738
2025-12-25 19:43:16,486 - experiment_chaotic_lorenz_full_chaotic_run_0 - INFO - Epoch 50: Train Loss: 0.1727, Train Acc: 0.9821, Val Loss: 5.7069, Val Acc: 0.1011
2025-12-25 19:43:17,195 - experiment_chaotic_lorenz_full_chaotic_run_0 - INFO - Train Epoch 51: [0/472 (0.0%)]	Loss: 0.125613
2025-12-25 19:43:23,826 - experiment_chaotic_lorenz_full_chaotic_run_0 - INFO - Epoch 51: Train Loss: 0.1646, Train Acc: 0.9911, Val Loss: 0.6971, Val Acc: 0.8090
2025-12-25 19:43:24,445 - experiment_chaotic_lorenz_full_chaotic_run_0 - INFO - Train Epoch 52: [0/472 (0.0%)]	Loss: 0.135526
2025-12-25 19:43:31,120 - experiment_chaotic_lorenz_full_chaotic_run_0 - INFO - Epoch 52: Train Loss: 0.1618, Train Acc: 0.9888, Val Loss: 0.1720, Val Acc: 0.9326
2025-12-25 19:43:31,209 - experiment_chaotic_lorenz_full_chaotic_run_0 - INFO - Saved new best model at epoch 52
2025-12-25 19:43:31,871 - experiment_chaotic_lorenz_full_chaotic_run_0 - INFO - Train Epoch 53: [0/472 (0.0%)]	Loss: 0.134744
2025-12-25 19:43:38,514 - experiment_chaotic_lorenz_full_chaotic_run_0 - INFO - Epoch 53: Train Loss: 0.1441, Train Acc: 0.9955, Val Loss: 6.3670, Val Acc: 0.1011
2025-12-25 19:43:39,138 - experiment_chaotic_lorenz_full_chaotic_run_0 - INFO - Train Epoch 54: [0/472 (0.0%)]	Loss: 0.142559
2025-12-25 19:43:45,877 - experiment_chaotic_lorenz_full_chaotic_run_0 - INFO - Epoch 54: Train Loss: 0.1562, Train Acc: 0.9911, Val Loss: 8.9542, Val Acc: 0.0562
2025-12-25 19:43:46,491 - experiment_chaotic_lorenz_full_chaotic_run_0 - INFO - Train Epoch 55: [0/472 (0.0%)]	Loss: 0.113801
2025-12-25 19:43:53,192 - experiment_chaotic_lorenz_full_chaotic_run_0 - INFO - Epoch 55: Train Loss: 0.1595, Train Acc: 0.9933, Val Loss: 0.7541, Val Acc: 0.7753
2025-12-25 19:43:53,795 - experiment_chaotic_lorenz_full_chaotic_run_0 - INFO - Train Epoch 56: [0/472 (0.0%)]	Loss: 0.128309
2025-12-25 19:44:00,551 - experiment_chaotic_lorenz_full_chaotic_run_0 - INFO - Epoch 56: Train Loss: 0.1403, Train Acc: 0.9978, Val Loss: 5.6478, Val Acc: 0.1798
2025-12-25 19:44:01,160 - experiment_chaotic_lorenz_full_chaotic_run_0 - INFO - Train Epoch 57: [0/472 (0.0%)]	Loss: 0.137504
2025-12-25 19:44:07,820 - experiment_chaotic_lorenz_full_chaotic_run_0 - INFO - Epoch 57: Train Loss: 0.1409, Train Acc: 0.9978, Val Loss: 11.6713, Val Acc: 0.0449
2025-12-25 19:44:08,432 - experiment_chaotic_lorenz_full_chaotic_run_0 - INFO - Train Epoch 58: [0/472 (0.0%)]	Loss: 0.116558
2025-12-25 19:44:15,161 - experiment_chaotic_lorenz_full_chaotic_run_0 - INFO - Epoch 58: Train Loss: 0.1555, Train Acc: 0.9888, Val Loss: 4.7054, Val Acc: 0.2697
2025-12-25 19:44:15,775 - experiment_chaotic_lorenz_full_chaotic_run_0 - INFO - Train Epoch 59: [0/472 (0.0%)]	Loss: 0.117652
2025-12-25 19:44:22,428 - experiment_chaotic_lorenz_full_chaotic_run_0 - INFO - Epoch 59: Train Loss: 0.1425, Train Acc: 0.9888, Val Loss: 4.4240, Val Acc: 0.2809
2025-12-25 19:44:23,041 - experiment_chaotic_lorenz_full_chaotic_run_0 - INFO - Train Epoch 60: [0/472 (0.0%)]	Loss: 0.125622
2025-12-25 19:44:29,638 - experiment_chaotic_lorenz_full_chaotic_run_0 - INFO - Epoch 60: Train Loss: 0.1411, Train Acc: 0.9955, Val Loss: 0.2069, Val Acc: 0.9326
2025-12-25 19:44:30,347 - experiment_chaotic_lorenz_full_chaotic_run_0 - INFO - Train Epoch 61: [0/472 (0.0%)]	Loss: 0.126648
2025-12-25 19:44:36,969 - experiment_chaotic_lorenz_full_chaotic_run_0 - INFO - Epoch 61: Train Loss: 0.1605, Train Acc: 0.9933, Val Loss: 6.1966, Val Acc: 0.2022
2025-12-25 19:44:37,580 - experiment_chaotic_lorenz_full_chaotic_run_0 - INFO - Train Epoch 62: [0/472 (0.0%)]	Loss: 0.179614
2025-12-25 19:44:44,206 - experiment_chaotic_lorenz_full_chaotic_run_0 - INFO - Epoch 62: Train Loss: 0.1344, Train Acc: 0.9933, Val Loss: 11.6174, Val Acc: 0.0449
2025-12-25 19:44:44,819 - experiment_chaotic_lorenz_full_chaotic_run_0 - INFO - Train Epoch 63: [0/472 (0.0%)]	Loss: 0.123648
2025-12-25 19:44:51,478 - experiment_chaotic_lorenz_full_chaotic_run_0 - INFO - Epoch 63: Train Loss: 0.1373, Train Acc: 0.9978, Val Loss: 2.9969, Val Acc: 0.4944
2025-12-25 19:44:52,106 - experiment_chaotic_lorenz_full_chaotic_run_0 - INFO - Train Epoch 64: [0/472 (0.0%)]	Loss: 0.144476
2025-12-25 19:44:58,782 - experiment_chaotic_lorenz_full_chaotic_run_0 - INFO - Epoch 64: Train Loss: 0.1297, Train Acc: 0.9955, Val Loss: 6.5584, Val Acc: 0.1236
2025-12-25 19:44:59,386 - experiment_chaotic_lorenz_full_chaotic_run_0 - INFO - Train Epoch 65: [0/472 (0.0%)]	Loss: 0.107459
2025-12-25 19:45:06,046 - experiment_chaotic_lorenz_full_chaotic_run_0 - INFO - Epoch 65: Train Loss: 0.1268, Train Acc: 0.9955, Val Loss: 5.4802, Val Acc: 0.2135
2025-12-25 19:45:06,662 - experiment_chaotic_lorenz_full_chaotic_run_0 - INFO - Train Epoch 66: [0/472 (0.0%)]	Loss: 0.112768
2025-12-25 19:45:13,241 - experiment_chaotic_lorenz_full_chaotic_run_0 - INFO - Epoch 66: Train Loss: 0.1331, Train Acc: 0.9933, Val Loss: 6.1875, Val Acc: 0.1685
2025-12-25 19:45:13,856 - experiment_chaotic_lorenz_full_chaotic_run_0 - INFO - Train Epoch 67: [0/472 (0.0%)]	Loss: 0.109169
2025-12-25 19:45:20,483 - experiment_chaotic_lorenz_full_chaotic_run_0 - INFO - Epoch 67: Train Loss: 0.1175, Train Acc: 1.0000, Val Loss: 0.2237, Val Acc: 0.9326
2025-12-25 19:45:21,109 - experiment_chaotic_lorenz_full_chaotic_run_0 - INFO - Train Epoch 68: [0/472 (0.0%)]	Loss: 0.177153
2025-12-25 19:45:27,810 - experiment_chaotic_lorenz_full_chaotic_run_0 - INFO - Epoch 68: Train Loss: 0.1319, Train Acc: 0.9955, Val Loss: 0.6188, Val Acc: 0.8764
2025-12-25 19:45:28,611 - experiment_chaotic_lorenz_full_chaotic_run_0 - INFO - Train Epoch 69: [0/472 (0.0%)]	Loss: 0.110464
2025-12-25 19:45:35,282 - experiment_chaotic_lorenz_full_chaotic_run_0 - INFO - Epoch 69: Train Loss: 0.1478, Train Acc: 0.9866, Val Loss: 3.7252, Val Acc: 0.3820
2025-12-25 19:45:35,898 - experiment_chaotic_lorenz_full_chaotic_run_0 - INFO - Train Epoch 70: [0/472 (0.0%)]	Loss: 0.122116
2025-12-25 19:45:42,663 - experiment_chaotic_lorenz_full_chaotic_run_0 - INFO - Epoch 70: Train Loss: 0.1318, Train Acc: 0.9955, Val Loss: 1.9305, Val Acc: 0.6404
2025-12-25 19:45:43,357 - experiment_chaotic_lorenz_full_chaotic_run_0 - INFO - Train Epoch 71: [0/472 (0.0%)]	Loss: 0.110420
2025-12-25 19:45:49,996 - experiment_chaotic_lorenz_full_chaotic_run_0 - INFO - Epoch 71: Train Loss: 0.1290, Train Acc: 1.0000, Val Loss: 6.1252, Val Acc: 0.1573
2025-12-25 19:45:50,607 - experiment_chaotic_lorenz_full_chaotic_run_0 - INFO - Train Epoch 72: [0/472 (0.0%)]	Loss: 0.138872
2025-12-25 19:45:57,186 - experiment_chaotic_lorenz_full_chaotic_run_0 - INFO - Epoch 72: Train Loss: 0.1320, Train Acc: 0.9978, Val Loss: 2.2075, Val Acc: 0.5506
2025-12-25 19:45:57,801 - experiment_chaotic_lorenz_full_chaotic_run_0 - INFO - Train Epoch 73: [0/472 (0.0%)]	Loss: 0.163748
2025-12-25 19:46:04,425 - experiment_chaotic_lorenz_full_chaotic_run_0 - INFO - Epoch 73: Train Loss: 0.1243, Train Acc: 0.9978, Val Loss: 5.1960, Val Acc: 0.2921
2025-12-25 19:46:05,034 - experiment_chaotic_lorenz_full_chaotic_run_0 - INFO - Train Epoch 74: [0/472 (0.0%)]	Loss: 0.119087
2025-12-25 19:46:11,675 - experiment_chaotic_lorenz_full_chaotic_run_0 - INFO - Epoch 74: Train Loss: 0.1321, Train Acc: 0.9933, Val Loss: 1.7368, Val Acc: 0.6292
2025-12-25 19:46:12,296 - experiment_chaotic_lorenz_full_chaotic_run_0 - INFO - Train Epoch 75: [0/472 (0.0%)]	Loss: 0.107410
2025-12-25 19:46:18,883 - experiment_chaotic_lorenz_full_chaotic_run_0 - INFO - Epoch 75: Train Loss: 0.1193, Train Acc: 1.0000, Val Loss: 1.9524, Val Acc: 0.5730
2025-12-25 19:46:19,495 - experiment_chaotic_lorenz_full_chaotic_run_0 - INFO - Train Epoch 76: [0/472 (0.0%)]	Loss: 0.108980
2025-12-25 19:46:26,080 - experiment_chaotic_lorenz_full_chaotic_run_0 - INFO - Epoch 76: Train Loss: 0.1167, Train Acc: 0.9978, Val Loss: 0.6328, Val Acc: 0.8764
2025-12-25 19:46:26,693 - experiment_chaotic_lorenz_full_chaotic_run_0 - INFO - Train Epoch 77: [0/472 (0.0%)]	Loss: 0.106397
2025-12-25 19:46:33,302 - experiment_chaotic_lorenz_full_chaotic_run_0 - INFO - Epoch 77: Train Loss: 0.1247, Train Acc: 0.9978, Val Loss: 1.6240, Val Acc: 0.5955
2025-12-25 19:46:33,903 - experiment_chaotic_lorenz_full_chaotic_run_0 - INFO - Train Epoch 78: [0/472 (0.0%)]	Loss: 0.145779
2025-12-25 19:46:40,531 - experiment_chaotic_lorenz_full_chaotic_run_0 - INFO - Epoch 78: Train Loss: 0.1289, Train Acc: 0.9888, Val Loss: 0.2626, Val Acc: 0.9326
2025-12-25 19:46:41,154 - experiment_chaotic_lorenz_full_chaotic_run_0 - INFO - Train Epoch 79: [0/472 (0.0%)]	Loss: 0.125636
2025-12-25 19:46:47,763 - experiment_chaotic_lorenz_full_chaotic_run_0 - INFO - Epoch 79: Train Loss: 0.1184, Train Acc: 1.0000, Val Loss: 2.3845, Val Acc: 0.5281
2025-12-25 19:46:48,390 - experiment_chaotic_lorenz_full_chaotic_run_0 - INFO - Train Epoch 80: [0/472 (0.0%)]	Loss: 0.118243
2025-12-25 19:46:54,967 - experiment_chaotic_lorenz_full_chaotic_run_0 - INFO - Epoch 80: Train Loss: 0.1124, Train Acc: 1.0000, Val Loss: 0.0987, Val Acc: 0.9775
2025-12-25 19:46:55,053 - experiment_chaotic_lorenz_full_chaotic_run_0 - INFO - Saved new best model at epoch 80
2025-12-25 19:46:55,797 - experiment_chaotic_lorenz_full_chaotic_run_0 - INFO - Train Epoch 81: [0/472 (0.0%)]	Loss: 0.106616
2025-12-25 19:47:02,429 - experiment_chaotic_lorenz_full_chaotic_run_0 - INFO - Epoch 81: Train Loss: 0.1226, Train Acc: 0.9978, Val Loss: 0.7194, Val Acc: 0.8315
2025-12-25 19:47:03,042 - experiment_chaotic_lorenz_full_chaotic_run_0 - INFO - Train Epoch 82: [0/472 (0.0%)]	Loss: 0.125369
2025-12-25 19:47:09,728 - experiment_chaotic_lorenz_full_chaotic_run_0 - INFO - Epoch 82: Train Loss: 0.1263, Train Acc: 0.9955, Val Loss: 0.1261, Val Acc: 0.9551
2025-12-25 19:47:10,333 - experiment_chaotic_lorenz_full_chaotic_run_0 - INFO - Train Epoch 83: [0/472 (0.0%)]	Loss: 0.106124
2025-12-25 19:47:16,928 - experiment_chaotic_lorenz_full_chaotic_run_0 - INFO - Epoch 83: Train Loss: 0.1226, Train Acc: 0.9955, Val Loss: 2.7769, Val Acc: 0.5393
2025-12-25 19:47:17,530 - experiment_chaotic_lorenz_full_chaotic_run_0 - INFO - Train Epoch 84: [0/472 (0.0%)]	Loss: 0.131804
2025-12-25 19:47:24,148 - experiment_chaotic_lorenz_full_chaotic_run_0 - INFO - Epoch 84: Train Loss: 0.1148, Train Acc: 1.0000, Val Loss: 0.1413, Val Acc: 0.9663
2025-12-25 19:47:24,759 - experiment_chaotic_lorenz_full_chaotic_run_0 - INFO - Train Epoch 85: [0/472 (0.0%)]	Loss: 0.110204
2025-12-25 19:47:31,357 - experiment_chaotic_lorenz_full_chaotic_run_0 - INFO - Epoch 85: Train Loss: 0.1143, Train Acc: 1.0000, Val Loss: 0.1157, Val Acc: 0.9663
2025-12-25 19:47:31,970 - experiment_chaotic_lorenz_full_chaotic_run_0 - INFO - Train Epoch 86: [0/472 (0.0%)]	Loss: 0.103070
2025-12-25 19:47:38,526 - experiment_chaotic_lorenz_full_chaotic_run_0 - INFO - Epoch 86: Train Loss: 0.1229, Train Acc: 0.9955, Val Loss: 0.1710, Val Acc: 0.9663
2025-12-25 19:47:39,136 - experiment_chaotic_lorenz_full_chaotic_run_0 - INFO - Train Epoch 87: [0/472 (0.0%)]	Loss: 0.110139
2025-12-25 19:47:45,760 - experiment_chaotic_lorenz_full_chaotic_run_0 - INFO - Epoch 87: Train Loss: 0.1177, Train Acc: 0.9978, Val Loss: 0.2083, Val Acc: 0.9551
2025-12-25 19:47:46,361 - experiment_chaotic_lorenz_full_chaotic_run_0 - INFO - Train Epoch 88: [0/472 (0.0%)]	Loss: 0.114061
2025-12-25 19:47:52,967 - experiment_chaotic_lorenz_full_chaotic_run_0 - INFO - Epoch 88: Train Loss: 0.1180, Train Acc: 0.9955, Val Loss: 0.0657, Val Acc: 0.9775
2025-12-25 19:47:53,594 - experiment_chaotic_lorenz_full_chaotic_run_0 - INFO - Train Epoch 89: [0/472 (0.0%)]	Loss: 0.113706
2025-12-25 19:48:00,211 - experiment_chaotic_lorenz_full_chaotic_run_0 - INFO - Epoch 89: Train Loss: 0.1132, Train Acc: 1.0000, Val Loss: 0.4087, Val Acc: 0.8876
2025-12-25 19:48:00,830 - experiment_chaotic_lorenz_full_chaotic_run_0 - INFO - Train Epoch 90: [0/472 (0.0%)]	Loss: 0.121126
2025-12-25 19:48:07,416 - experiment_chaotic_lorenz_full_chaotic_run_0 - INFO - Epoch 90: Train Loss: 0.1115, Train Acc: 1.0000, Val Loss: 0.1984, Val Acc: 0.9438
2025-12-25 19:48:08,108 - experiment_chaotic_lorenz_full_chaotic_run_0 - INFO - Train Epoch 91: [0/472 (0.0%)]	Loss: 0.103930
2025-12-25 19:48:14,708 - experiment_chaotic_lorenz_full_chaotic_run_0 - INFO - Epoch 91: Train Loss: 0.1150, Train Acc: 1.0000, Val Loss: 0.0781, Val Acc: 0.9775
2025-12-25 19:48:15,310 - experiment_chaotic_lorenz_full_chaotic_run_0 - INFO - Train Epoch 92: [0/472 (0.0%)]	Loss: 0.112536
2025-12-25 19:48:21,855 - experiment_chaotic_lorenz_full_chaotic_run_0 - INFO - Epoch 92: Train Loss: 0.1181, Train Acc: 1.0000, Val Loss: 0.0653, Val Acc: 0.9775
2025-12-25 19:48:22,466 - experiment_chaotic_lorenz_full_chaotic_run_0 - INFO - Train Epoch 93: [0/472 (0.0%)]	Loss: 0.113442
2025-12-25 19:48:29,093 - experiment_chaotic_lorenz_full_chaotic_run_0 - INFO - Epoch 93: Train Loss: 0.1187, Train Acc: 0.9978, Val Loss: 0.0756, Val Acc: 0.9663
2025-12-25 19:48:29,695 - experiment_chaotic_lorenz_full_chaotic_run_0 - INFO - Train Epoch 94: [0/472 (0.0%)]	Loss: 0.120200
2025-12-25 19:48:36,286 - experiment_chaotic_lorenz_full_chaotic_run_0 - INFO - Epoch 94: Train Loss: 0.1137, Train Acc: 1.0000, Val Loss: 0.0689, Val Acc: 0.9663
2025-12-25 19:48:36,894 - experiment_chaotic_lorenz_full_chaotic_run_0 - INFO - Train Epoch 95: [0/472 (0.0%)]	Loss: 0.107109
2025-12-25 19:48:43,489 - experiment_chaotic_lorenz_full_chaotic_run_0 - INFO - Epoch 95: Train Loss: 0.1120, Train Acc: 0.9978, Val Loss: 0.0763, Val Acc: 0.9775
2025-12-25 19:48:44,094 - experiment_chaotic_lorenz_full_chaotic_run_0 - INFO - Train Epoch 96: [0/472 (0.0%)]	Loss: 0.104835
2025-12-25 19:48:50,662 - experiment_chaotic_lorenz_full_chaotic_run_0 - INFO - Epoch 96: Train Loss: 0.1148, Train Acc: 0.9955, Val Loss: 0.0738, Val Acc: 0.9775
2025-12-25 19:48:51,271 - experiment_chaotic_lorenz_full_chaotic_run_0 - INFO - Train Epoch 97: [0/472 (0.0%)]	Loss: 0.122694
2025-12-25 19:48:57,840 - experiment_chaotic_lorenz_full_chaotic_run_0 - INFO - Epoch 97: Train Loss: 0.1219, Train Acc: 0.9978, Val Loss: 0.0678, Val Acc: 0.9663
2025-12-25 19:48:58,448 - experiment_chaotic_lorenz_full_chaotic_run_0 - INFO - Train Epoch 98: [0/472 (0.0%)]	Loss: 0.129624
2025-12-25 19:49:05,014 - experiment_chaotic_lorenz_full_chaotic_run_0 - INFO - Epoch 98: Train Loss: 0.1194, Train Acc: 0.9978, Val Loss: 0.0715, Val Acc: 0.9775
2025-12-25 19:49:05,627 - experiment_chaotic_lorenz_full_chaotic_run_0 - INFO - Train Epoch 99: [0/472 (0.0%)]	Loss: 0.112004
2025-12-25 19:49:12,250 - experiment_chaotic_lorenz_full_chaotic_run_0 - INFO - Epoch 99: Train Loss: 0.1155, Train Acc: 0.9978, Val Loss: 0.0706, Val Acc: 0.9663
2025-12-25 19:49:12,255 - experiment_chaotic_lorenz_full_chaotic_run_0 - INFO - Running final test evaluation...
2025-12-25 19:49:13,542 - experiment_chaotic_lorenz_full_chaotic_run_0 - INFO - Test Results:
2025-12-25 19:49:13,542 - experiment_chaotic_lorenz_full_chaotic_run_0 - INFO -   loss: 0.2495
2025-12-25 19:49:13,542 - experiment_chaotic_lorenz_full_chaotic_run_0 - INFO -   accuracy: 0.9407
2025-12-25 19:49:13,542 - experiment_chaotic_lorenz_full_chaotic_run_0 - INFO -   avg_confidence: 0.5469
2025-12-25 19:49:13,542 - experiment_chaotic_lorenz_full_chaotic_run_0 - INFO -   embedding_diversity: 0.1117
2025-12-25 19:49:13,542 - experiment_chaotic_lorenz_full_chaotic_run_0 - INFO -   embedding_norm_mean: 1.0000
2025-12-25 19:49:13,542 - experiment_chaotic_lorenz_full_chaotic_run_0 - INFO -   embedding_norm_std: 0.0000
2025-12-25 19:49:13,547 - experiment_chaotic_lorenz_full_chaotic_run_0 - INFO - Training completed
2025-12-25 19:49:14,308 - experiment_chaotic_lorenz_full_chaotic_run_0 - INFO - Running comprehensive chaotic network analysis...
2025-12-25 19:49:14,309 - experiment_chaotic_lorenz_full_chaotic_run_0 - INFO - Analyzing chaotic features and dynamics...
2025-12-25 19:49:15,325 - experiment_chaotic_lorenz_full_chaotic_run_0 - INFO - Chaotic analysis completed
2025-12-25 19:49:15,327 - experiment_chaotic_lorenz_full_chaotic_run_0 - INFO - Creating chaotic dynamics visualizations...
2025-12-25 19:49:17,795 - experiment_chaotic_lorenz_full_chaotic_run_0 - WARNING - Embedding plotting failed: boolean index did not match indexed array along dimension 0; dimension is 8 but corresponding boolean dimension is 32
2025-12-25 19:49:17,801 - experiment_chaotic_lorenz_full_chaotic_run_0 - INFO - Chaotic network analysis completed
