2025-10-01 13:34:54,117 - experiment_baseline_mfcc_mlp_run_0 - INFO - Initialized experiment: baseline_mfcc_mlp_run_0
2025-10-01 13:34:54,118 - experiment_baseline_mfcc_mlp_run_0 - INFO - Device: cuda
2025-10-01 13:34:54,118 - experiment_baseline_mfcc_mlp_run_0 - INFO - Output directory: outputs/baselines/experiments/baseline_mfcc_mlp_run_0
2025-10-01 13:34:54,118 - experiment_baseline_mfcc_mlp_run_0 - INFO - Initialized mfcc_mlp baseline experiment
2025-10-01 13:34:54,118 - experiment_baseline_mfcc_mlp_run_0 - INFO - Setting up experiment components...
2025-10-01 13:34:54,746 - experiment_baseline_mfcc_mlp_run_0 - INFO - 数据路径验证成功: /scratch/project_2003370/yueyao/dataset/train-clean-100/LibriSpeech/train-clean-100
2025-10-01 13:34:54,746 - experiment_baseline_mfcc_mlp_run_0 - INFO - 找到 28539 个FLAC文件
2025-10-01 13:34:55,414 - experiment_baseline_mfcc_mlp_run_0 - ERROR - Model device mismatch: cuda:0 vs cuda
2025-10-01 13:34:55,414 - experiment_baseline_mfcc_mlp_run_0 - INFO - Model created and moved to device: cuda:0
2025-10-01 13:34:55,414 - experiment_baseline_mfcc_mlp_run_0 - INFO - Total parameters: 69,284
2025-10-01 13:34:55,414 - experiment_baseline_mfcc_mlp_run_0 - INFO - Trainable parameters: 69,284
2025-10-01 13:36:33,808 - experiment_baseline_mfcc_mlp_run_0 - INFO - 扫描所有数据以确定真实的标签范围...
2025-10-01 13:36:33,833 - experiment_baseline_mfcc_mlp_run_0 - INFO - 扫描训练集...
2025-10-01 13:36:33,867 - experiment_baseline_mfcc_mlp_run_0 - INFO - 已扫描 1 个训练批次, 当前标签范围: 3-88
2025-10-01 13:36:36,749 - experiment_baseline_mfcc_mlp_run_0 - INFO - 已扫描 51 个训练批次, 当前标签范围: 0-99
2025-10-01 13:36:39,664 - experiment_baseline_mfcc_mlp_run_0 - INFO - 已扫描 101 个训练批次, 当前标签范围: 0-99
2025-10-01 13:36:41,049 - experiment_baseline_mfcc_mlp_run_0 - INFO - 扫描验证集...
2025-10-01 13:36:42,529 - experiment_baseline_mfcc_mlp_run_0 - INFO - 扫描测试集...
2025-10-01 13:36:44,325 - experiment_baseline_mfcc_mlp_run_0 - INFO - === 完整数据集标签分析 ===
2025-10-01 13:36:44,325 - experiment_baseline_mfcc_mlp_run_0 - INFO - 数据批次形状: torch.Size([16, 48000])
2025-10-01 13:36:44,325 - experiment_baseline_mfcc_mlp_run_0 - INFO - 完整标签范围: 0 到 99
2025-10-01 13:36:44,325 - experiment_baseline_mfcc_mlp_run_0 - INFO - 实际需要的类别数: 100
2025-10-01 13:36:44,326 - experiment_baseline_mfcc_mlp_run_0 - INFO - 唯一标签数量: 100
2025-10-01 13:36:44,326 - experiment_baseline_mfcc_mlp_run_0 - INFO - 配置中的说话人数量: 100
2025-10-01 13:36:44,326 - experiment_baseline_mfcc_mlp_run_0 - INFO - 基线类型: mfcc_mlp
2025-10-01 13:36:44,326 - experiment_baseline_mfcc_mlp_run_0 - INFO - ✓ 完整标签范围验证通过: [0, 99] 在 100 个类别内
2025-10-01 13:36:52,125 - experiment_baseline_mfcc_mlp_run_0 - INFO - Dataloaders created:
2025-10-01 13:36:52,125 - experiment_baseline_mfcc_mlp_run_0 - INFO -   Train: 131 batches
2025-10-01 13:36:52,125 - experiment_baseline_mfcc_mlp_run_0 - INFO -   Val: 25 batches
2025-10-01 13:36:52,125 - experiment_baseline_mfcc_mlp_run_0 - INFO -   Test: 32 batches
2025-10-01 13:36:53,292 - experiment_baseline_mfcc_mlp_run_0 - INFO - Optimizer: Adam
2025-10-01 13:36:53,292 - experiment_baseline_mfcc_mlp_run_0 - INFO - Scheduler: StepLR
2025-10-01 13:36:53,293 - experiment_baseline_mfcc_mlp_run_0 - INFO - Criterion: CrossEntropyLoss
2025-10-01 13:36:53,357 - experiment_baseline_mfcc_mlp_run_0 - INFO - Configuration saved to: outputs/baselines/experiments/baseline_mfcc_mlp_run_0/config.json
2025-10-01 13:36:53,357 - experiment_baseline_mfcc_mlp_run_0 - INFO - Experiment setup completed
2025-10-01 13:36:53,357 - experiment_baseline_mfcc_mlp_run_0 - INFO - Starting training for 100 epochs
2025-10-01 13:36:53,933 - experiment_baseline_mfcc_mlp_run_0 - INFO - Train Epoch 0: [0/2100 (0.0%)]	Loss: 4.615554
2025-10-01 13:37:02,526 - experiment_baseline_mfcc_mlp_run_0 - INFO - Train Epoch 0: [1600/2100 (76.3%)]	Loss: 4.444119
2025-10-01 13:37:07,586 - experiment_baseline_mfcc_mlp_run_0 - INFO - Epoch 0: Train Loss: 4.3977, Train Acc: 0.0549, Val Loss: 3.9018, Val Acc: 0.2675
2025-10-01 13:37:07,967 - experiment_baseline_mfcc_mlp_run_0 - INFO - Saved new best model at epoch 0
2025-10-01 13:37:08,087 - experiment_baseline_mfcc_mlp_run_0 - INFO - Train Epoch 1: [0/2100 (0.0%)]	Loss: 3.923729
2025-10-01 13:37:17,074 - experiment_baseline_mfcc_mlp_run_0 - INFO - Train Epoch 1: [1600/2100 (76.3%)]	Loss: 3.856738
2025-10-01 13:37:21,946 - experiment_baseline_mfcc_mlp_run_0 - INFO - Epoch 1: Train Loss: 3.7858, Train Acc: 0.1574, Val Loss: 3.3342, Val Acc: 0.3850
2025-10-01 13:37:22,313 - experiment_baseline_mfcc_mlp_run_0 - INFO - Saved new best model at epoch 1
2025-10-01 13:37:22,412 - experiment_baseline_mfcc_mlp_run_0 - INFO - Train Epoch 2: [0/2100 (0.0%)]	Loss: 3.357704
2025-10-01 13:37:31,246 - experiment_baseline_mfcc_mlp_run_0 - INFO - Train Epoch 2: [1600/2100 (76.3%)]	Loss: 3.310526
2025-10-01 13:37:36,027 - experiment_baseline_mfcc_mlp_run_0 - INFO - Epoch 2: Train Loss: 3.2866, Train Acc: 0.2548, Val Loss: 2.7647, Val Acc: 0.5175
2025-10-01 13:37:36,402 - experiment_baseline_mfcc_mlp_run_0 - INFO - Saved new best model at epoch 2
2025-10-01 13:37:36,498 - experiment_baseline_mfcc_mlp_run_0 - INFO - Train Epoch 3: [0/2100 (0.0%)]	Loss: 2.842389
2025-10-01 13:37:45,334 - experiment_baseline_mfcc_mlp_run_0 - INFO - Train Epoch 3: [1600/2100 (76.3%)]	Loss: 2.667642
2025-10-01 13:37:50,079 - experiment_baseline_mfcc_mlp_run_0 - INFO - Epoch 3: Train Loss: 2.8862, Train Acc: 0.3240, Val Loss: 2.3486, Val Acc: 0.5950
2025-10-01 13:37:50,456 - experiment_baseline_mfcc_mlp_run_0 - INFO - Saved new best model at epoch 3
2025-10-01 13:37:50,558 - experiment_baseline_mfcc_mlp_run_0 - INFO - Train Epoch 4: [0/2100 (0.0%)]	Loss: 2.850845
2025-10-01 13:37:59,351 - experiment_baseline_mfcc_mlp_run_0 - INFO - Train Epoch 4: [1600/2100 (76.3%)]	Loss: 2.406132
2025-10-01 13:38:04,217 - experiment_baseline_mfcc_mlp_run_0 - INFO - Epoch 4: Train Loss: 2.5296, Train Acc: 0.3989, Val Loss: 1.9616, Val Acc: 0.6525
2025-10-01 13:38:04,606 - experiment_baseline_mfcc_mlp_run_0 - INFO - Saved new best model at epoch 4
2025-10-01 13:38:04,703 - experiment_baseline_mfcc_mlp_run_0 - INFO - Train Epoch 5: [0/2100 (0.0%)]	Loss: 2.451034
2025-10-01 13:38:13,253 - experiment_baseline_mfcc_mlp_run_0 - INFO - Train Epoch 5: [1600/2100 (76.3%)]	Loss: 2.443219
2025-10-01 13:38:18,139 - experiment_baseline_mfcc_mlp_run_0 - INFO - Epoch 5: Train Loss: 2.2922, Train Acc: 0.4318, Val Loss: 1.6735, Val Acc: 0.6750
2025-10-01 13:38:18,526 - experiment_baseline_mfcc_mlp_run_0 - INFO - Saved new best model at epoch 5
2025-10-01 13:38:18,624 - experiment_baseline_mfcc_mlp_run_0 - INFO - Train Epoch 6: [0/2100 (0.0%)]	Loss: 2.386589
2025-10-01 13:38:27,141 - experiment_baseline_mfcc_mlp_run_0 - INFO - Train Epoch 6: [1600/2100 (76.3%)]	Loss: 2.024347
2025-10-01 13:38:31,906 - experiment_baseline_mfcc_mlp_run_0 - INFO - Epoch 6: Train Loss: 2.0910, Train Acc: 0.4804, Val Loss: 1.4275, Val Acc: 0.7975
2025-10-01 13:38:32,315 - experiment_baseline_mfcc_mlp_run_0 - INFO - Saved new best model at epoch 6
2025-10-01 13:38:32,419 - experiment_baseline_mfcc_mlp_run_0 - INFO - Train Epoch 7: [0/2100 (0.0%)]	Loss: 1.610583
2025-10-01 13:38:41,050 - experiment_baseline_mfcc_mlp_run_0 - INFO - Train Epoch 7: [1600/2100 (76.3%)]	Loss: 2.035472
2025-10-01 13:38:45,723 - experiment_baseline_mfcc_mlp_run_0 - INFO - Epoch 7: Train Loss: 1.8729, Train Acc: 0.5291, Val Loss: 1.2601, Val Acc: 0.8075
2025-10-01 13:38:46,125 - experiment_baseline_mfcc_mlp_run_0 - INFO - Saved new best model at epoch 7
2025-10-01 13:38:46,224 - experiment_baseline_mfcc_mlp_run_0 - INFO - Train Epoch 8: [0/2100 (0.0%)]	Loss: 1.606848
2025-10-01 13:38:54,718 - experiment_baseline_mfcc_mlp_run_0 - INFO - Train Epoch 8: [1600/2100 (76.3%)]	Loss: 1.457958
2025-10-01 13:38:59,380 - experiment_baseline_mfcc_mlp_run_0 - INFO - Epoch 8: Train Loss: 1.7350, Train Acc: 0.5520, Val Loss: 1.0403, Val Acc: 0.8300
2025-10-01 13:38:59,764 - experiment_baseline_mfcc_mlp_run_0 - INFO - Saved new best model at epoch 8
2025-10-01 13:38:59,862 - experiment_baseline_mfcc_mlp_run_0 - INFO - Train Epoch 9: [0/2100 (0.0%)]	Loss: 1.747493
2025-10-01 13:39:08,599 - experiment_baseline_mfcc_mlp_run_0 - INFO - Train Epoch 9: [1600/2100 (76.3%)]	Loss: 1.555852
2025-10-01 13:39:13,427 - experiment_baseline_mfcc_mlp_run_0 - INFO - Epoch 9: Train Loss: 1.6424, Train Acc: 0.5601, Val Loss: 0.9229, Val Acc: 0.8300
2025-10-01 13:39:13,871 - experiment_baseline_mfcc_mlp_run_0 - INFO - Train Epoch 10: [0/2100 (0.0%)]	Loss: 1.283161
2025-10-01 13:39:22,348 - experiment_baseline_mfcc_mlp_run_0 - INFO - Train Epoch 10: [1600/2100 (76.3%)]	Loss: 1.772916
2025-10-01 13:39:27,012 - experiment_baseline_mfcc_mlp_run_0 - INFO - Epoch 10: Train Loss: 1.4916, Train Acc: 0.5964, Val Loss: 0.8619, Val Acc: 0.8525
2025-10-01 13:39:27,393 - experiment_baseline_mfcc_mlp_run_0 - INFO - Saved new best model at epoch 10
2025-10-01 13:39:27,525 - experiment_baseline_mfcc_mlp_run_0 - INFO - Train Epoch 11: [0/2100 (0.0%)]	Loss: 1.829292
2025-10-01 13:39:36,266 - experiment_baseline_mfcc_mlp_run_0 - INFO - Train Epoch 11: [1600/2100 (76.3%)]	Loss: 1.414658
2025-10-01 13:39:41,032 - experiment_baseline_mfcc_mlp_run_0 - INFO - Epoch 11: Train Loss: 1.4807, Train Acc: 0.6031, Val Loss: 0.7746, Val Acc: 0.8650
2025-10-01 13:39:41,418 - experiment_baseline_mfcc_mlp_run_0 - INFO - Saved new best model at epoch 11
2025-10-01 13:39:41,517 - experiment_baseline_mfcc_mlp_run_0 - INFO - Train Epoch 12: [0/2100 (0.0%)]	Loss: 1.439020
2025-10-01 13:39:49,992 - experiment_baseline_mfcc_mlp_run_0 - INFO - Train Epoch 12: [1600/2100 (76.3%)]	Loss: 1.908327
2025-10-01 13:39:54,667 - experiment_baseline_mfcc_mlp_run_0 - INFO - Epoch 12: Train Loss: 1.3681, Train Acc: 0.6102, Val Loss: 0.6941, Val Acc: 0.8800
2025-10-01 13:39:55,079 - experiment_baseline_mfcc_mlp_run_0 - INFO - Saved new best model at epoch 12
2025-10-01 13:39:55,185 - experiment_baseline_mfcc_mlp_run_0 - INFO - Train Epoch 13: [0/2100 (0.0%)]	Loss: 1.397365
2025-10-01 13:40:03,681 - experiment_baseline_mfcc_mlp_run_0 - INFO - Train Epoch 13: [1600/2100 (76.3%)]	Loss: 1.511056
2025-10-01 13:40:08,345 - experiment_baseline_mfcc_mlp_run_0 - INFO - Epoch 13: Train Loss: 1.3518, Train Acc: 0.6312, Val Loss: 0.6444, Val Acc: 0.8825
2025-10-01 13:40:08,735 - experiment_baseline_mfcc_mlp_run_0 - INFO - Saved new best model at epoch 13
2025-10-01 13:40:08,836 - experiment_baseline_mfcc_mlp_run_0 - INFO - Train Epoch 14: [0/2100 (0.0%)]	Loss: 0.946583
2025-10-01 13:40:17,308 - experiment_baseline_mfcc_mlp_run_0 - INFO - Train Epoch 14: [1600/2100 (76.3%)]	Loss: 1.238779
2025-10-01 13:40:21,967 - experiment_baseline_mfcc_mlp_run_0 - INFO - Epoch 14: Train Loss: 1.2847, Train Acc: 0.6446, Val Loss: 0.6163, Val Acc: 0.8775
2025-10-01 13:40:22,401 - experiment_baseline_mfcc_mlp_run_0 - INFO - Train Epoch 15: [0/2100 (0.0%)]	Loss: 0.870890
2025-10-01 13:40:30,918 - experiment_baseline_mfcc_mlp_run_0 - INFO - Train Epoch 15: [1600/2100 (76.3%)]	Loss: 1.147244
2025-10-01 13:40:35,624 - experiment_baseline_mfcc_mlp_run_0 - INFO - Epoch 15: Train Loss: 1.1903, Train Acc: 0.6746, Val Loss: 0.5659, Val Acc: 0.8975
2025-10-01 13:40:36,015 - experiment_baseline_mfcc_mlp_run_0 - INFO - Saved new best model at epoch 15
2025-10-01 13:40:36,120 - experiment_baseline_mfcc_mlp_run_0 - INFO - Train Epoch 16: [0/2100 (0.0%)]	Loss: 1.125807
2025-10-01 13:40:44,627 - experiment_baseline_mfcc_mlp_run_0 - INFO - Train Epoch 16: [1600/2100 (76.3%)]	Loss: 1.052003
2025-10-01 13:40:49,297 - experiment_baseline_mfcc_mlp_run_0 - INFO - Epoch 16: Train Loss: 1.1492, Train Acc: 0.6722, Val Loss: 0.5790, Val Acc: 0.8725
2025-10-01 13:40:49,743 - experiment_baseline_mfcc_mlp_run_0 - INFO - Train Epoch 17: [0/2100 (0.0%)]	Loss: 1.594301
2025-10-01 13:40:58,315 - experiment_baseline_mfcc_mlp_run_0 - INFO - Train Epoch 17: [1600/2100 (76.3%)]	Loss: 1.499718
2025-10-01 13:41:03,060 - experiment_baseline_mfcc_mlp_run_0 - INFO - Epoch 17: Train Loss: 1.1753, Train Acc: 0.6703, Val Loss: 0.4721, Val Acc: 0.9200
2025-10-01 13:41:03,464 - experiment_baseline_mfcc_mlp_run_0 - INFO - Saved new best model at epoch 17
2025-10-01 13:41:03,568 - experiment_baseline_mfcc_mlp_run_0 - INFO - Train Epoch 18: [0/2100 (0.0%)]	Loss: 0.910760
2025-10-01 13:41:12,097 - experiment_baseline_mfcc_mlp_run_0 - INFO - Train Epoch 18: [1600/2100 (76.3%)]	Loss: 0.995364
2025-10-01 13:41:16,794 - experiment_baseline_mfcc_mlp_run_0 - INFO - Epoch 18: Train Loss: 1.1480, Train Acc: 0.6689, Val Loss: 0.4869, Val Acc: 0.9025
2025-10-01 13:41:17,245 - experiment_baseline_mfcc_mlp_run_0 - INFO - Train Epoch 19: [0/2100 (0.0%)]	Loss: 0.871914
2025-10-01 13:41:25,770 - experiment_baseline_mfcc_mlp_run_0 - INFO - Train Epoch 19: [1600/2100 (76.3%)]	Loss: 1.822587
2025-10-01 13:41:30,456 - experiment_baseline_mfcc_mlp_run_0 - INFO - Epoch 19: Train Loss: 1.0739, Train Acc: 0.7004, Val Loss: 0.4314, Val Acc: 0.9050
2025-10-01 13:41:30,898 - experiment_baseline_mfcc_mlp_run_0 - INFO - Train Epoch 20: [0/2100 (0.0%)]	Loss: 1.498795
2025-10-01 13:41:39,411 - experiment_baseline_mfcc_mlp_run_0 - INFO - Train Epoch 20: [1600/2100 (76.3%)]	Loss: 1.363794
2025-10-01 13:41:44,105 - experiment_baseline_mfcc_mlp_run_0 - INFO - Epoch 20: Train Loss: 1.0196, Train Acc: 0.7094, Val Loss: 0.3970, Val Acc: 0.9250
2025-10-01 13:41:44,502 - experiment_baseline_mfcc_mlp_run_0 - INFO - Saved new best model at epoch 20
2025-10-01 13:41:44,651 - experiment_baseline_mfcc_mlp_run_0 - INFO - Train Epoch 21: [0/2100 (0.0%)]	Loss: 1.141582
2025-10-01 13:41:53,135 - experiment_baseline_mfcc_mlp_run_0 - INFO - Train Epoch 21: [1600/2100 (76.3%)]	Loss: 1.171686
2025-10-01 13:41:57,799 - experiment_baseline_mfcc_mlp_run_0 - INFO - Epoch 21: Train Loss: 1.0343, Train Acc: 0.7075, Val Loss: 0.3952, Val Acc: 0.9125
2025-10-01 13:41:58,230 - experiment_baseline_mfcc_mlp_run_0 - INFO - Train Epoch 22: [0/2100 (0.0%)]	Loss: 0.888338
2025-10-01 13:42:06,717 - experiment_baseline_mfcc_mlp_run_0 - INFO - Train Epoch 22: [1600/2100 (76.3%)]	Loss: 0.769949
2025-10-01 13:42:11,403 - experiment_baseline_mfcc_mlp_run_0 - INFO - Epoch 22: Train Loss: 1.0196, Train Acc: 0.7061, Val Loss: 0.4012, Val Acc: 0.9275
2025-10-01 13:42:11,808 - experiment_baseline_mfcc_mlp_run_0 - INFO - Saved new best model at epoch 22
2025-10-01 13:42:11,920 - experiment_baseline_mfcc_mlp_run_0 - INFO - Train Epoch 23: [0/2100 (0.0%)]	Loss: 0.815082
2025-10-01 13:42:21,907 - experiment_baseline_mfcc_mlp_run_0 - INFO - Train Epoch 23: [1600/2100 (76.3%)]	Loss: 1.189296
2025-10-01 13:42:27,165 - experiment_baseline_mfcc_mlp_run_0 - INFO - Epoch 23: Train Loss: 0.9771, Train Acc: 0.7128, Val Loss: 0.3967, Val Acc: 0.9100
2025-10-01 13:42:27,603 - experiment_baseline_mfcc_mlp_run_0 - INFO - Train Epoch 24: [0/2100 (0.0%)]	Loss: 0.773762
2025-10-01 13:42:36,115 - experiment_baseline_mfcc_mlp_run_0 - INFO - Train Epoch 24: [1600/2100 (76.3%)]	Loss: 1.199790
2025-10-01 13:42:40,804 - experiment_baseline_mfcc_mlp_run_0 - INFO - Epoch 24: Train Loss: 0.9082, Train Acc: 0.7266, Val Loss: 0.3617, Val Acc: 0.9225
2025-10-01 13:42:41,238 - experiment_baseline_mfcc_mlp_run_0 - INFO - Train Epoch 25: [0/2100 (0.0%)]	Loss: 1.025768
2025-10-01 13:42:49,730 - experiment_baseline_mfcc_mlp_run_0 - INFO - Train Epoch 25: [1600/2100 (76.3%)]	Loss: 0.766464
2025-10-01 13:42:54,424 - experiment_baseline_mfcc_mlp_run_0 - INFO - Epoch 25: Train Loss: 0.9533, Train Acc: 0.7156, Val Loss: 0.3417, Val Acc: 0.9175
2025-10-01 13:42:54,883 - experiment_baseline_mfcc_mlp_run_0 - INFO - Train Epoch 26: [0/2100 (0.0%)]	Loss: 0.973423
2025-10-01 13:43:03,413 - experiment_baseline_mfcc_mlp_run_0 - INFO - Train Epoch 26: [1600/2100 (76.3%)]	Loss: 0.806924
2025-10-01 13:43:08,092 - experiment_baseline_mfcc_mlp_run_0 - INFO - Epoch 26: Train Loss: 0.9500, Train Acc: 0.7161, Val Loss: 0.3333, Val Acc: 0.9325
2025-10-01 13:43:08,494 - experiment_baseline_mfcc_mlp_run_0 - INFO - Saved new best model at epoch 26
2025-10-01 13:43:08,603 - experiment_baseline_mfcc_mlp_run_0 - INFO - Train Epoch 27: [0/2100 (0.0%)]	Loss: 1.363129
2025-10-01 13:43:17,103 - experiment_baseline_mfcc_mlp_run_0 - INFO - Train Epoch 27: [1600/2100 (76.3%)]	Loss: 1.277988
2025-10-01 13:43:21,776 - experiment_baseline_mfcc_mlp_run_0 - INFO - Epoch 27: Train Loss: 0.9230, Train Acc: 0.7333, Val Loss: 0.3046, Val Acc: 0.9500
2025-10-01 13:43:22,197 - experiment_baseline_mfcc_mlp_run_0 - INFO - Saved new best model at epoch 27
2025-10-01 13:43:22,309 - experiment_baseline_mfcc_mlp_run_0 - INFO - Train Epoch 28: [0/2100 (0.0%)]	Loss: 0.724174
2025-10-01 13:43:30,828 - experiment_baseline_mfcc_mlp_run_0 - INFO - Train Epoch 28: [1600/2100 (76.3%)]	Loss: 1.003423
2025-10-01 13:43:35,512 - experiment_baseline_mfcc_mlp_run_0 - INFO - Epoch 28: Train Loss: 0.8843, Train Acc: 0.7481, Val Loss: 0.3182, Val Acc: 0.9375
2025-10-01 13:43:35,943 - experiment_baseline_mfcc_mlp_run_0 - INFO - Train Epoch 29: [0/2100 (0.0%)]	Loss: 1.186135
2025-10-01 13:43:44,469 - experiment_baseline_mfcc_mlp_run_0 - INFO - Train Epoch 29: [1600/2100 (76.3%)]	Loss: 0.900310
2025-10-01 13:43:49,150 - experiment_baseline_mfcc_mlp_run_0 - INFO - Epoch 29: Train Loss: 0.8676, Train Acc: 0.7433, Val Loss: 0.2985, Val Acc: 0.9375
2025-10-01 13:43:49,606 - experiment_baseline_mfcc_mlp_run_0 - INFO - Train Epoch 30: [0/2100 (0.0%)]	Loss: 0.577378
2025-10-01 13:43:58,062 - experiment_baseline_mfcc_mlp_run_0 - INFO - Train Epoch 30: [1600/2100 (76.3%)]	Loss: 0.574500
2025-10-01 13:44:02,779 - experiment_baseline_mfcc_mlp_run_0 - INFO - Epoch 30: Train Loss: 0.8583, Train Acc: 0.7462, Val Loss: 0.2759, Val Acc: 0.9350
2025-10-01 13:44:03,291 - experiment_baseline_mfcc_mlp_run_0 - INFO - Train Epoch 31: [0/2100 (0.0%)]	Loss: 1.204962
2025-10-01 13:44:11,830 - experiment_baseline_mfcc_mlp_run_0 - INFO - Train Epoch 31: [1600/2100 (76.3%)]	Loss: 0.721278
2025-10-01 13:44:16,491 - experiment_baseline_mfcc_mlp_run_0 - INFO - Epoch 31: Train Loss: 0.7846, Train Acc: 0.7677, Val Loss: 0.2794, Val Acc: 0.9400
2025-10-01 13:44:16,937 - experiment_baseline_mfcc_mlp_run_0 - INFO - Train Epoch 32: [0/2100 (0.0%)]	Loss: 0.448393
2025-10-01 13:44:25,410 - experiment_baseline_mfcc_mlp_run_0 - INFO - Train Epoch 32: [1600/2100 (76.3%)]	Loss: 0.409961
2025-10-01 13:44:30,076 - experiment_baseline_mfcc_mlp_run_0 - INFO - Epoch 32: Train Loss: 0.7225, Train Acc: 0.7820, Val Loss: 0.2504, Val Acc: 0.9450
2025-10-01 13:44:30,517 - experiment_baseline_mfcc_mlp_run_0 - INFO - Train Epoch 33: [0/2100 (0.0%)]	Loss: 0.466850
2025-10-01 13:44:38,981 - experiment_baseline_mfcc_mlp_run_0 - INFO - Train Epoch 33: [1600/2100 (76.3%)]	Loss: 0.482868
2025-10-01 13:44:43,653 - experiment_baseline_mfcc_mlp_run_0 - INFO - Epoch 33: Train Loss: 0.7277, Train Acc: 0.7839, Val Loss: 0.2533, Val Acc: 0.9400
2025-10-01 13:44:44,096 - experiment_baseline_mfcc_mlp_run_0 - INFO - Train Epoch 34: [0/2100 (0.0%)]	Loss: 0.648320
2025-10-01 13:44:52,548 - experiment_baseline_mfcc_mlp_run_0 - INFO - Train Epoch 34: [1600/2100 (76.3%)]	Loss: 0.540828
2025-10-01 13:44:57,192 - experiment_baseline_mfcc_mlp_run_0 - INFO - Epoch 34: Train Loss: 0.7106, Train Acc: 0.8001, Val Loss: 0.2415, Val Acc: 0.9500
2025-10-01 13:44:57,630 - experiment_baseline_mfcc_mlp_run_0 - INFO - Train Epoch 35: [0/2100 (0.0%)]	Loss: 0.502096
2025-10-01 13:45:06,125 - experiment_baseline_mfcc_mlp_run_0 - INFO - Train Epoch 35: [1600/2100 (76.3%)]	Loss: 0.926120
2025-10-01 13:45:10,832 - experiment_baseline_mfcc_mlp_run_0 - INFO - Epoch 35: Train Loss: 0.6912, Train Acc: 0.7944, Val Loss: 0.2552, Val Acc: 0.9450
2025-10-01 13:45:11,283 - experiment_baseline_mfcc_mlp_run_0 - INFO - Train Epoch 36: [0/2100 (0.0%)]	Loss: 0.565035
2025-10-01 13:45:19,810 - experiment_baseline_mfcc_mlp_run_0 - INFO - Train Epoch 36: [1600/2100 (76.3%)]	Loss: 0.826901
2025-10-01 13:45:24,525 - experiment_baseline_mfcc_mlp_run_0 - INFO - Epoch 36: Train Loss: 0.7430, Train Acc: 0.7729, Val Loss: 0.2221, Val Acc: 0.9550
2025-10-01 13:45:24,937 - experiment_baseline_mfcc_mlp_run_0 - INFO - Saved new best model at epoch 36
2025-10-01 13:45:25,051 - experiment_baseline_mfcc_mlp_run_0 - INFO - Train Epoch 37: [0/2100 (0.0%)]	Loss: 0.588610
2025-10-01 13:45:33,548 - experiment_baseline_mfcc_mlp_run_0 - INFO - Train Epoch 37: [1600/2100 (76.3%)]	Loss: 0.458067
2025-10-01 13:45:38,224 - experiment_baseline_mfcc_mlp_run_0 - INFO - Epoch 37: Train Loss: 0.7017, Train Acc: 0.8025, Val Loss: 0.2312, Val Acc: 0.9475
2025-10-01 13:45:38,670 - experiment_baseline_mfcc_mlp_run_0 - INFO - Train Epoch 38: [0/2100 (0.0%)]	Loss: 0.436497
2025-10-01 13:45:47,178 - experiment_baseline_mfcc_mlp_run_0 - INFO - Train Epoch 38: [1600/2100 (76.3%)]	Loss: 0.980769
2025-10-01 13:45:51,863 - experiment_baseline_mfcc_mlp_run_0 - INFO - Epoch 38: Train Loss: 0.6851, Train Acc: 0.7996, Val Loss: 0.2449, Val Acc: 0.9500
2025-10-01 13:45:52,309 - experiment_baseline_mfcc_mlp_run_0 - INFO - Train Epoch 39: [0/2100 (0.0%)]	Loss: 0.732708
2025-10-01 13:46:00,839 - experiment_baseline_mfcc_mlp_run_0 - INFO - Train Epoch 39: [1600/2100 (76.3%)]	Loss: 0.983606
2025-10-01 13:46:05,521 - experiment_baseline_mfcc_mlp_run_0 - INFO - Epoch 39: Train Loss: 0.6515, Train Acc: 0.8049, Val Loss: 0.2055, Val Acc: 0.9600
2025-10-01 13:46:05,946 - experiment_baseline_mfcc_mlp_run_0 - INFO - Saved new best model at epoch 39
2025-10-01 13:46:06,063 - experiment_baseline_mfcc_mlp_run_0 - INFO - Train Epoch 40: [0/2100 (0.0%)]	Loss: 0.799784
2025-10-01 13:46:14,524 - experiment_baseline_mfcc_mlp_run_0 - INFO - Train Epoch 40: [1600/2100 (76.3%)]	Loss: 0.774624
2025-10-01 13:46:19,193 - experiment_baseline_mfcc_mlp_run_0 - INFO - Epoch 40: Train Loss: 0.7290, Train Acc: 0.7772, Val Loss: 0.2371, Val Acc: 0.9500
2025-10-01 13:46:19,694 - experiment_baseline_mfcc_mlp_run_0 - INFO - Train Epoch 41: [0/2100 (0.0%)]	Loss: 0.594029
2025-10-01 13:46:28,253 - experiment_baseline_mfcc_mlp_run_0 - INFO - Train Epoch 41: [1600/2100 (76.3%)]	Loss: 0.358838
2025-10-01 13:46:32,966 - experiment_baseline_mfcc_mlp_run_0 - INFO - Epoch 41: Train Loss: 0.6688, Train Acc: 0.8073, Val Loss: 0.2065, Val Acc: 0.9550
2025-10-01 13:46:33,402 - experiment_baseline_mfcc_mlp_run_0 - INFO - Train Epoch 42: [0/2100 (0.0%)]	Loss: 0.823600
2025-10-01 13:46:41,928 - experiment_baseline_mfcc_mlp_run_0 - INFO - Train Epoch 42: [1600/2100 (76.3%)]	Loss: 0.322769
2025-10-01 13:46:46,620 - experiment_baseline_mfcc_mlp_run_0 - INFO - Epoch 42: Train Loss: 0.6518, Train Acc: 0.8106, Val Loss: 0.2250, Val Acc: 0.9500
2025-10-01 13:46:47,061 - experiment_baseline_mfcc_mlp_run_0 - INFO - Train Epoch 43: [0/2100 (0.0%)]	Loss: 0.549376
2025-10-01 13:46:55,575 - experiment_baseline_mfcc_mlp_run_0 - INFO - Train Epoch 43: [1600/2100 (76.3%)]	Loss: 0.533340
2025-10-01 13:47:00,274 - experiment_baseline_mfcc_mlp_run_0 - INFO - Epoch 43: Train Loss: 0.6276, Train Acc: 0.8025, Val Loss: 0.2122, Val Acc: 0.9550
2025-10-01 13:47:00,711 - experiment_baseline_mfcc_mlp_run_0 - INFO - Train Epoch 44: [0/2100 (0.0%)]	Loss: 0.395920
2025-10-01 13:47:09,250 - experiment_baseline_mfcc_mlp_run_0 - INFO - Train Epoch 44: [1600/2100 (76.3%)]	Loss: 0.650056
2025-10-01 13:47:13,963 - experiment_baseline_mfcc_mlp_run_0 - INFO - Epoch 44: Train Loss: 0.6922, Train Acc: 0.8034, Val Loss: 0.2104, Val Acc: 0.9625
2025-10-01 13:47:14,394 - experiment_baseline_mfcc_mlp_run_0 - INFO - Saved new best model at epoch 44
2025-10-01 13:47:14,514 - experiment_baseline_mfcc_mlp_run_0 - INFO - Train Epoch 45: [0/2100 (0.0%)]	Loss: 0.670095
2025-10-01 13:47:23,021 - experiment_baseline_mfcc_mlp_run_0 - INFO - Train Epoch 45: [1600/2100 (76.3%)]	Loss: 0.482391
2025-10-01 13:47:27,699 - experiment_baseline_mfcc_mlp_run_0 - INFO - Epoch 45: Train Loss: 0.6979, Train Acc: 0.7948, Val Loss: 0.1982, Val Acc: 0.9550
2025-10-01 13:47:28,156 - experiment_baseline_mfcc_mlp_run_0 - INFO - Train Epoch 46: [0/2100 (0.0%)]	Loss: 0.559520
2025-10-01 13:47:36,662 - experiment_baseline_mfcc_mlp_run_0 - INFO - Train Epoch 46: [1600/2100 (76.3%)]	Loss: 0.318875
2025-10-01 13:47:41,338 - experiment_baseline_mfcc_mlp_run_0 - INFO - Epoch 46: Train Loss: 0.6443, Train Acc: 0.8120, Val Loss: 0.2135, Val Acc: 0.9500
2025-10-01 13:47:41,790 - experiment_baseline_mfcc_mlp_run_0 - INFO - Train Epoch 47: [0/2100 (0.0%)]	Loss: 0.574413
2025-10-01 13:47:50,292 - experiment_baseline_mfcc_mlp_run_0 - INFO - Train Epoch 47: [1600/2100 (76.3%)]	Loss: 1.106962
2025-10-01 13:47:54,961 - experiment_baseline_mfcc_mlp_run_0 - INFO - Epoch 47: Train Loss: 0.6594, Train Acc: 0.8068, Val Loss: 0.1883, Val Acc: 0.9625
2025-10-01 13:47:55,397 - experiment_baseline_mfcc_mlp_run_0 - INFO - Train Epoch 48: [0/2100 (0.0%)]	Loss: 0.612885
2025-10-01 13:48:03,891 - experiment_baseline_mfcc_mlp_run_0 - INFO - Train Epoch 48: [1600/2100 (76.3%)]	Loss: 0.547990
2025-10-01 13:48:08,568 - experiment_baseline_mfcc_mlp_run_0 - INFO - Epoch 48: Train Loss: 0.6321, Train Acc: 0.8101, Val Loss: 0.1918, Val Acc: 0.9575
2025-10-01 13:48:09,010 - experiment_baseline_mfcc_mlp_run_0 - INFO - Train Epoch 49: [0/2100 (0.0%)]	Loss: 0.868379
2025-10-01 13:48:17,508 - experiment_baseline_mfcc_mlp_run_0 - INFO - Train Epoch 49: [1600/2100 (76.3%)]	Loss: 0.583845
2025-10-01 13:48:22,209 - experiment_baseline_mfcc_mlp_run_0 - INFO - Epoch 49: Train Loss: 0.7021, Train Acc: 0.7991, Val Loss: 0.1923, Val Acc: 0.9525
2025-10-01 13:48:22,641 - experiment_baseline_mfcc_mlp_run_0 - INFO - Train Epoch 50: [0/2100 (0.0%)]	Loss: 0.497525
2025-10-01 13:48:31,125 - experiment_baseline_mfcc_mlp_run_0 - INFO - Train Epoch 50: [1600/2100 (76.3%)]	Loss: 0.321227
2025-10-01 13:48:35,793 - experiment_baseline_mfcc_mlp_run_0 - INFO - Epoch 50: Train Loss: 0.5981, Train Acc: 0.8335, Val Loss: 0.2042, Val Acc: 0.9500
2025-10-01 13:48:36,311 - experiment_baseline_mfcc_mlp_run_0 - INFO - Train Epoch 51: [0/2100 (0.0%)]	Loss: 0.389407
2025-10-01 13:48:44,839 - experiment_baseline_mfcc_mlp_run_0 - INFO - Train Epoch 51: [1600/2100 (76.3%)]	Loss: 0.837412
2025-10-01 13:48:49,527 - experiment_baseline_mfcc_mlp_run_0 - INFO - Epoch 51: Train Loss: 0.6067, Train Acc: 0.8192, Val Loss: 0.1892, Val Acc: 0.9625
2025-10-01 13:48:49,967 - experiment_baseline_mfcc_mlp_run_0 - INFO - Train Epoch 52: [0/2100 (0.0%)]	Loss: 0.489377
2025-10-01 13:48:58,516 - experiment_baseline_mfcc_mlp_run_0 - INFO - Train Epoch 52: [1600/2100 (76.3%)]	Loss: 1.201814
2025-10-01 13:49:03,218 - experiment_baseline_mfcc_mlp_run_0 - INFO - Epoch 52: Train Loss: 0.6144, Train Acc: 0.8201, Val Loss: 0.1901, Val Acc: 0.9500
2025-10-01 13:49:03,647 - experiment_baseline_mfcc_mlp_run_0 - INFO - Train Epoch 53: [0/2100 (0.0%)]	Loss: 0.959390
2025-10-01 13:49:12,172 - experiment_baseline_mfcc_mlp_run_0 - INFO - Train Epoch 53: [1600/2100 (76.3%)]	Loss: 0.509408
2025-10-01 13:49:16,862 - experiment_baseline_mfcc_mlp_run_0 - INFO - Epoch 53: Train Loss: 0.5729, Train Acc: 0.8330, Val Loss: 0.1865, Val Acc: 0.9650
2025-10-01 13:49:17,301 - experiment_baseline_mfcc_mlp_run_0 - INFO - Saved new best model at epoch 53
2025-10-01 13:49:17,427 - experiment_baseline_mfcc_mlp_run_0 - INFO - Train Epoch 54: [0/2100 (0.0%)]	Loss: 0.290275
2025-10-01 13:49:25,953 - experiment_baseline_mfcc_mlp_run_0 - INFO - Train Epoch 54: [1600/2100 (76.3%)]	Loss: 0.377660
2025-10-01 13:49:30,653 - experiment_baseline_mfcc_mlp_run_0 - INFO - Epoch 54: Train Loss: 0.5874, Train Acc: 0.8302, Val Loss: 0.1964, Val Acc: 0.9525
2025-10-01 13:49:31,108 - experiment_baseline_mfcc_mlp_run_0 - INFO - Train Epoch 55: [0/2100 (0.0%)]	Loss: 0.602463
2025-10-01 13:49:39,646 - experiment_baseline_mfcc_mlp_run_0 - INFO - Train Epoch 55: [1600/2100 (76.3%)]	Loss: 0.385178
2025-10-01 13:49:44,351 - experiment_baseline_mfcc_mlp_run_0 - INFO - Epoch 55: Train Loss: 0.5832, Train Acc: 0.8321, Val Loss: 0.1893, Val Acc: 0.9575
2025-10-01 13:49:44,788 - experiment_baseline_mfcc_mlp_run_0 - INFO - Train Epoch 56: [0/2100 (0.0%)]	Loss: 0.702646
2025-10-01 13:49:53,329 - experiment_baseline_mfcc_mlp_run_0 - INFO - Train Epoch 56: [1600/2100 (76.3%)]	Loss: 0.684876
2025-10-01 13:49:58,024 - experiment_baseline_mfcc_mlp_run_0 - INFO - Epoch 56: Train Loss: 0.5973, Train Acc: 0.8187, Val Loss: 0.2104, Val Acc: 0.9600
2025-10-01 13:49:58,457 - experiment_baseline_mfcc_mlp_run_0 - INFO - Train Epoch 57: [0/2100 (0.0%)]	Loss: 0.748381
2025-10-01 13:50:06,996 - experiment_baseline_mfcc_mlp_run_0 - INFO - Train Epoch 57: [1600/2100 (76.3%)]	Loss: 0.130674
2025-10-01 13:50:11,698 - experiment_baseline_mfcc_mlp_run_0 - INFO - Epoch 57: Train Loss: 0.5862, Train Acc: 0.8216, Val Loss: 0.1970, Val Acc: 0.9600
2025-10-01 13:50:12,127 - experiment_baseline_mfcc_mlp_run_0 - INFO - Train Epoch 58: [0/2100 (0.0%)]	Loss: 0.752800
2025-10-01 13:50:20,748 - experiment_baseline_mfcc_mlp_run_0 - INFO - Train Epoch 58: [1600/2100 (76.3%)]	Loss: 0.231898
2025-10-01 13:50:25,498 - experiment_baseline_mfcc_mlp_run_0 - INFO - Epoch 58: Train Loss: 0.5948, Train Acc: 0.8206, Val Loss: 0.1804, Val Acc: 0.9600
2025-10-01 13:50:25,947 - experiment_baseline_mfcc_mlp_run_0 - INFO - Train Epoch 59: [0/2100 (0.0%)]	Loss: 0.180058
2025-10-01 13:50:34,457 - experiment_baseline_mfcc_mlp_run_0 - INFO - Train Epoch 59: [1600/2100 (76.3%)]	Loss: 0.718629
2025-10-01 13:50:39,143 - experiment_baseline_mfcc_mlp_run_0 - INFO - Epoch 59: Train Loss: 0.6132, Train Acc: 0.8149, Val Loss: 0.1915, Val Acc: 0.9500
2025-10-01 13:50:39,573 - experiment_baseline_mfcc_mlp_run_0 - INFO - Train Epoch 60: [0/2100 (0.0%)]	Loss: 0.293528
2025-10-01 13:50:48,087 - experiment_baseline_mfcc_mlp_run_0 - INFO - Train Epoch 60: [1600/2100 (76.3%)]	Loss: 0.306992
2025-10-01 13:50:52,770 - experiment_baseline_mfcc_mlp_run_0 - INFO - Epoch 60: Train Loss: 0.5508, Train Acc: 0.8359, Val Loss: 0.1832, Val Acc: 0.9500
2025-10-01 13:50:53,294 - experiment_baseline_mfcc_mlp_run_0 - INFO - Train Epoch 61: [0/2100 (0.0%)]	Loss: 0.151325
2025-10-01 13:51:01,810 - experiment_baseline_mfcc_mlp_run_0 - INFO - Train Epoch 61: [1600/2100 (76.3%)]	Loss: 0.288443
2025-10-01 13:51:06,488 - experiment_baseline_mfcc_mlp_run_0 - INFO - Epoch 61: Train Loss: 0.5620, Train Acc: 0.8335, Val Loss: 0.1692, Val Acc: 0.9525
2025-10-01 13:51:06,933 - experiment_baseline_mfcc_mlp_run_0 - INFO - Train Epoch 62: [0/2100 (0.0%)]	Loss: 0.375629
2025-10-01 13:51:15,489 - experiment_baseline_mfcc_mlp_run_0 - INFO - Train Epoch 62: [1600/2100 (76.3%)]	Loss: 0.631703
2025-10-01 13:51:20,228 - experiment_baseline_mfcc_mlp_run_0 - INFO - Epoch 62: Train Loss: 0.5453, Train Acc: 0.8406, Val Loss: 0.1642, Val Acc: 0.9550
2025-10-01 13:51:20,660 - experiment_baseline_mfcc_mlp_run_0 - INFO - Train Epoch 63: [0/2100 (0.0%)]	Loss: 0.476896
2025-10-01 13:51:29,159 - experiment_baseline_mfcc_mlp_run_0 - INFO - Train Epoch 63: [1600/2100 (76.3%)]	Loss: 0.880664
2025-10-01 13:51:33,850 - experiment_baseline_mfcc_mlp_run_0 - INFO - Epoch 63: Train Loss: 0.5738, Train Acc: 0.8287, Val Loss: 0.1643, Val Acc: 0.9575
2025-10-01 13:51:34,291 - experiment_baseline_mfcc_mlp_run_0 - INFO - Train Epoch 64: [0/2100 (0.0%)]	Loss: 0.286390
2025-10-01 13:51:42,819 - experiment_baseline_mfcc_mlp_run_0 - INFO - Train Epoch 64: [1600/2100 (76.3%)]	Loss: 0.779760
2025-10-01 13:51:47,506 - experiment_baseline_mfcc_mlp_run_0 - INFO - Epoch 64: Train Loss: 0.5540, Train Acc: 0.8282, Val Loss: 0.1688, Val Acc: 0.9525
2025-10-01 13:51:47,954 - experiment_baseline_mfcc_mlp_run_0 - INFO - Train Epoch 65: [0/2100 (0.0%)]	Loss: 0.164193
2025-10-01 13:51:56,487 - experiment_baseline_mfcc_mlp_run_0 - INFO - Train Epoch 65: [1600/2100 (76.3%)]	Loss: 0.277040
2025-10-01 13:52:01,172 - experiment_baseline_mfcc_mlp_run_0 - INFO - Epoch 65: Train Loss: 0.5227, Train Acc: 0.8397, Val Loss: 0.1593, Val Acc: 0.9525
2025-10-01 13:52:01,603 - experiment_baseline_mfcc_mlp_run_0 - INFO - Train Epoch 66: [0/2100 (0.0%)]	Loss: 0.473866
2025-10-01 13:52:10,138 - experiment_baseline_mfcc_mlp_run_0 - INFO - Train Epoch 66: [1600/2100 (76.3%)]	Loss: 0.958922
2025-10-01 13:52:14,825 - experiment_baseline_mfcc_mlp_run_0 - INFO - Epoch 66: Train Loss: 0.5232, Train Acc: 0.8426, Val Loss: 0.1604, Val Acc: 0.9700
2025-10-01 13:52:15,279 - experiment_baseline_mfcc_mlp_run_0 - INFO - Saved new best model at epoch 66
2025-10-01 13:52:15,412 - experiment_baseline_mfcc_mlp_run_0 - INFO - Train Epoch 67: [0/2100 (0.0%)]	Loss: 0.428446
2025-10-01 13:52:24,011 - experiment_baseline_mfcc_mlp_run_0 - INFO - Train Epoch 67: [1600/2100 (76.3%)]	Loss: 0.871674
2025-10-01 13:52:28,707 - experiment_baseline_mfcc_mlp_run_0 - INFO - Epoch 67: Train Loss: 0.4973, Train Acc: 0.8531, Val Loss: 0.1517, Val Acc: 0.9650
2025-10-01 13:52:29,150 - experiment_baseline_mfcc_mlp_run_0 - INFO - Train Epoch 68: [0/2100 (0.0%)]	Loss: 0.471684
2025-10-01 13:52:37,701 - experiment_baseline_mfcc_mlp_run_0 - INFO - Train Epoch 68: [1600/2100 (76.3%)]	Loss: 0.348624
2025-10-01 13:52:42,403 - experiment_baseline_mfcc_mlp_run_0 - INFO - Epoch 68: Train Loss: 0.5121, Train Acc: 0.8440, Val Loss: 0.1761, Val Acc: 0.9675
2025-10-01 13:52:42,841 - experiment_baseline_mfcc_mlp_run_0 - INFO - Train Epoch 69: [0/2100 (0.0%)]	Loss: 0.262342
2025-10-01 13:52:51,381 - experiment_baseline_mfcc_mlp_run_0 - INFO - Train Epoch 69: [1600/2100 (76.3%)]	Loss: 0.582565
2025-10-01 13:52:56,094 - experiment_baseline_mfcc_mlp_run_0 - INFO - Epoch 69: Train Loss: 0.5138, Train Acc: 0.8507, Val Loss: 0.1583, Val Acc: 0.9575
2025-10-01 13:52:56,550 - experiment_baseline_mfcc_mlp_run_0 - INFO - Train Epoch 70: [0/2100 (0.0%)]	Loss: 0.497793
2025-10-01 13:53:05,114 - experiment_baseline_mfcc_mlp_run_0 - INFO - Train Epoch 70: [1600/2100 (76.3%)]	Loss: 0.348567
2025-10-01 13:53:09,840 - experiment_baseline_mfcc_mlp_run_0 - INFO - Epoch 70: Train Loss: 0.5196, Train Acc: 0.8483, Val Loss: 0.1607, Val Acc: 0.9575
2025-10-01 13:53:10,413 - experiment_baseline_mfcc_mlp_run_0 - INFO - Train Epoch 71: [0/2100 (0.0%)]	Loss: 0.303860
2025-10-01 13:53:18,965 - experiment_baseline_mfcc_mlp_run_0 - INFO - Train Epoch 71: [1600/2100 (76.3%)]	Loss: 0.565096
2025-10-01 13:53:23,660 - experiment_baseline_mfcc_mlp_run_0 - INFO - Epoch 71: Train Loss: 0.5303, Train Acc: 0.8383, Val Loss: 0.1391, Val Acc: 0.9650
2025-10-01 13:53:24,118 - experiment_baseline_mfcc_mlp_run_0 - INFO - Train Epoch 72: [0/2100 (0.0%)]	Loss: 0.572554
2025-10-01 13:53:32,611 - experiment_baseline_mfcc_mlp_run_0 - INFO - Train Epoch 72: [1600/2100 (76.3%)]	Loss: 0.288963
2025-10-01 13:53:37,290 - experiment_baseline_mfcc_mlp_run_0 - INFO - Epoch 72: Train Loss: 0.4813, Train Acc: 0.8511, Val Loss: 0.1471, Val Acc: 0.9675
2025-10-01 13:53:37,736 - experiment_baseline_mfcc_mlp_run_0 - INFO - Train Epoch 73: [0/2100 (0.0%)]	Loss: 0.493119
2025-10-01 13:53:46,226 - experiment_baseline_mfcc_mlp_run_0 - INFO - Train Epoch 73: [1600/2100 (76.3%)]	Loss: 0.348502
2025-10-01 13:53:50,899 - experiment_baseline_mfcc_mlp_run_0 - INFO - Epoch 73: Train Loss: 0.4994, Train Acc: 0.8435, Val Loss: 0.1444, Val Acc: 0.9675
2025-10-01 13:53:51,345 - experiment_baseline_mfcc_mlp_run_0 - INFO - Train Epoch 74: [0/2100 (0.0%)]	Loss: 0.967209
2025-10-01 13:53:59,917 - experiment_baseline_mfcc_mlp_run_0 - INFO - Train Epoch 74: [1600/2100 (76.3%)]	Loss: 0.294471
2025-10-01 13:54:04,629 - experiment_baseline_mfcc_mlp_run_0 - INFO - Epoch 74: Train Loss: 0.5247, Train Acc: 0.8488, Val Loss: 0.1543, Val Acc: 0.9575
2025-10-01 13:54:05,076 - experiment_baseline_mfcc_mlp_run_0 - INFO - Train Epoch 75: [0/2100 (0.0%)]	Loss: 0.644773
2025-10-01 13:54:13,553 - experiment_baseline_mfcc_mlp_run_0 - INFO - Train Epoch 75: [1600/2100 (76.3%)]	Loss: 0.259434
2025-10-01 13:54:18,228 - experiment_baseline_mfcc_mlp_run_0 - INFO - Epoch 75: Train Loss: 0.4879, Train Acc: 0.8602, Val Loss: 0.1478, Val Acc: 0.9625
2025-10-01 13:54:18,670 - experiment_baseline_mfcc_mlp_run_0 - INFO - Train Epoch 76: [0/2100 (0.0%)]	Loss: 0.414817
2025-10-01 13:54:27,157 - experiment_baseline_mfcc_mlp_run_0 - INFO - Train Epoch 76: [1600/2100 (76.3%)]	Loss: 0.492016
2025-10-01 13:54:31,823 - experiment_baseline_mfcc_mlp_run_0 - INFO - Epoch 76: Train Loss: 0.4992, Train Acc: 0.8578, Val Loss: 0.1453, Val Acc: 0.9650
2025-10-01 13:54:32,285 - experiment_baseline_mfcc_mlp_run_0 - INFO - Train Epoch 77: [0/2100 (0.0%)]	Loss: 0.581517
2025-10-01 13:54:40,733 - experiment_baseline_mfcc_mlp_run_0 - INFO - Train Epoch 77: [1600/2100 (76.3%)]	Loss: 0.417500
2025-10-01 13:54:45,389 - experiment_baseline_mfcc_mlp_run_0 - INFO - Epoch 77: Train Loss: 0.4964, Train Acc: 0.8373, Val Loss: 0.1435, Val Acc: 0.9550
2025-10-01 13:54:45,845 - experiment_baseline_mfcc_mlp_run_0 - INFO - Train Epoch 78: [0/2100 (0.0%)]	Loss: 0.412382
2025-10-01 13:54:54,304 - experiment_baseline_mfcc_mlp_run_0 - INFO - Train Epoch 78: [1600/2100 (76.3%)]	Loss: 0.284824
2025-10-01 13:54:58,963 - experiment_baseline_mfcc_mlp_run_0 - INFO - Epoch 78: Train Loss: 0.5000, Train Acc: 0.8507, Val Loss: 0.1497, Val Acc: 0.9600
2025-10-01 13:54:59,409 - experiment_baseline_mfcc_mlp_run_0 - INFO - Train Epoch 79: [0/2100 (0.0%)]	Loss: 0.486352
2025-10-01 13:55:07,861 - experiment_baseline_mfcc_mlp_run_0 - INFO - Train Epoch 79: [1600/2100 (76.3%)]	Loss: 0.524719
2025-10-01 13:55:12,523 - experiment_baseline_mfcc_mlp_run_0 - INFO - Epoch 79: Train Loss: 0.5069, Train Acc: 0.8478, Val Loss: 0.1561, Val Acc: 0.9600
2025-10-01 13:55:12,957 - experiment_baseline_mfcc_mlp_run_0 - INFO - Train Epoch 80: [0/2100 (0.0%)]	Loss: 0.481622
2025-10-01 13:55:21,419 - experiment_baseline_mfcc_mlp_run_0 - INFO - Train Epoch 80: [1600/2100 (76.3%)]	Loss: 0.219868
2025-10-01 13:55:26,072 - experiment_baseline_mfcc_mlp_run_0 - INFO - Epoch 80: Train Loss: 0.4910, Train Acc: 0.8602, Val Loss: 0.1501, Val Acc: 0.9650
2025-10-01 13:55:26,648 - experiment_baseline_mfcc_mlp_run_0 - INFO - Train Epoch 81: [0/2100 (0.0%)]	Loss: 0.747413
2025-10-01 13:55:35,183 - experiment_baseline_mfcc_mlp_run_0 - INFO - Train Epoch 81: [1600/2100 (76.3%)]	Loss: 0.550799
2025-10-01 13:55:39,960 - experiment_baseline_mfcc_mlp_run_0 - INFO - Epoch 81: Train Loss: 0.4776, Train Acc: 0.8516, Val Loss: 0.1401, Val Acc: 0.9675
2025-10-01 13:55:40,342 - experiment_baseline_mfcc_mlp_run_0 - INFO - Early stopping triggered at epoch 81
2025-10-01 13:55:40,377 - experiment_baseline_mfcc_mlp_run_0 - INFO - Running final test evaluation...
2025-10-01 13:55:43,509 - experiment_baseline_mfcc_mlp_run_0 - INFO - Test Results:
2025-10-01 13:55:43,509 - experiment_baseline_mfcc_mlp_run_0 - INFO -   loss: 0.1475
2025-10-01 13:55:43,509 - experiment_baseline_mfcc_mlp_run_0 - INFO -   accuracy: 0.9680
2025-10-01 13:55:43,510 - experiment_baseline_mfcc_mlp_run_0 - INFO -   precision_macro: 0.9736
2025-10-01 13:55:43,510 - experiment_baseline_mfcc_mlp_run_0 - INFO -   recall_macro: 0.9680
2025-10-01 13:55:43,510 - experiment_baseline_mfcc_mlp_run_0 - INFO -   f1_macro: 0.9673
2025-10-01 13:55:43,510 - experiment_baseline_mfcc_mlp_run_0 - INFO -   precision_weighted: 0.9736
2025-10-01 13:55:43,510 - experiment_baseline_mfcc_mlp_run_0 - INFO -   recall_weighted: 0.9680
2025-10-01 13:55:43,510 - experiment_baseline_mfcc_mlp_run_0 - INFO -   f1_weighted: 0.9673
2025-10-01 13:55:43,510 - experiment_baseline_mfcc_mlp_run_0 - INFO -   precision_class_0: 1.0000
2025-10-01 13:55:43,510 - experiment_baseline_mfcc_mlp_run_0 - INFO -   recall_class_0: 1.0000
2025-10-01 13:55:43,510 - experiment_baseline_mfcc_mlp_run_0 - INFO -   f1_class_0: 1.0000
2025-10-01 13:55:43,510 - experiment_baseline_mfcc_mlp_run_0 - INFO -   precision_class_1: 1.0000
2025-10-01 13:55:43,510 - experiment_baseline_mfcc_mlp_run_0 - INFO -   recall_class_1: 1.0000
2025-10-01 13:55:43,510 - experiment_baseline_mfcc_mlp_run_0 - INFO -   f1_class_1: 1.0000
2025-10-01 13:55:43,510 - experiment_baseline_mfcc_mlp_run_0 - INFO -   precision_class_2: 1.0000
2025-10-01 13:55:43,510 - experiment_baseline_mfcc_mlp_run_0 - INFO -   recall_class_2: 1.0000
2025-10-01 13:55:43,510 - experiment_baseline_mfcc_mlp_run_0 - INFO -   f1_class_2: 1.0000
2025-10-01 13:55:43,511 - experiment_baseline_mfcc_mlp_run_0 - INFO -   precision_class_3: 1.0000
2025-10-01 13:55:43,511 - experiment_baseline_mfcc_mlp_run_0 - INFO -   recall_class_3: 1.0000
2025-10-01 13:55:43,511 - experiment_baseline_mfcc_mlp_run_0 - INFO -   f1_class_3: 1.0000
2025-10-01 13:55:43,511 - experiment_baseline_mfcc_mlp_run_0 - INFO -   precision_class_4: 1.0000
2025-10-01 13:55:43,511 - experiment_baseline_mfcc_mlp_run_0 - INFO -   recall_class_4: 1.0000
2025-10-01 13:55:43,511 - experiment_baseline_mfcc_mlp_run_0 - INFO -   f1_class_4: 1.0000
2025-10-01 13:55:43,511 - experiment_baseline_mfcc_mlp_run_0 - INFO -   precision_class_5: 0.8333
2025-10-01 13:55:43,511 - experiment_baseline_mfcc_mlp_run_0 - INFO -   recall_class_5: 1.0000
2025-10-01 13:55:43,511 - experiment_baseline_mfcc_mlp_run_0 - INFO -   f1_class_5: 0.9091
2025-10-01 13:55:43,511 - experiment_baseline_mfcc_mlp_run_0 - INFO -   precision_class_6: 1.0000
2025-10-01 13:55:43,511 - experiment_baseline_mfcc_mlp_run_0 - INFO -   recall_class_6: 1.0000
2025-10-01 13:55:43,511 - experiment_baseline_mfcc_mlp_run_0 - INFO -   f1_class_6: 1.0000
2025-10-01 13:55:43,511 - experiment_baseline_mfcc_mlp_run_0 - INFO -   precision_class_7: 1.0000
2025-10-01 13:55:43,511 - experiment_baseline_mfcc_mlp_run_0 - INFO -   recall_class_7: 1.0000
2025-10-01 13:55:43,511 - experiment_baseline_mfcc_mlp_run_0 - INFO -   f1_class_7: 1.0000
2025-10-01 13:55:43,512 - experiment_baseline_mfcc_mlp_run_0 - INFO -   precision_class_8: 1.0000
2025-10-01 13:55:43,512 - experiment_baseline_mfcc_mlp_run_0 - INFO -   recall_class_8: 0.8000
2025-10-01 13:55:43,512 - experiment_baseline_mfcc_mlp_run_0 - INFO -   f1_class_8: 0.8889
2025-10-01 13:55:43,512 - experiment_baseline_mfcc_mlp_run_0 - INFO -   precision_class_9: 0.8333
2025-10-01 13:55:43,512 - experiment_baseline_mfcc_mlp_run_0 - INFO -   recall_class_9: 1.0000
2025-10-01 13:55:43,512 - experiment_baseline_mfcc_mlp_run_0 - INFO -   f1_class_9: 0.9091
2025-10-01 13:55:43,512 - experiment_baseline_mfcc_mlp_run_0 - INFO -   precision_class_10: 1.0000
2025-10-01 13:55:43,512 - experiment_baseline_mfcc_mlp_run_0 - INFO -   recall_class_10: 1.0000
2025-10-01 13:55:43,512 - experiment_baseline_mfcc_mlp_run_0 - INFO -   f1_class_10: 1.0000
2025-10-01 13:55:43,512 - experiment_baseline_mfcc_mlp_run_0 - INFO -   precision_class_11: 1.0000
2025-10-01 13:55:43,512 - experiment_baseline_mfcc_mlp_run_0 - INFO -   recall_class_11: 1.0000
2025-10-01 13:55:43,512 - experiment_baseline_mfcc_mlp_run_0 - INFO -   f1_class_11: 1.0000
2025-10-01 13:55:43,512 - experiment_baseline_mfcc_mlp_run_0 - INFO -   precision_class_12: 0.6250
2025-10-01 13:55:43,512 - experiment_baseline_mfcc_mlp_run_0 - INFO -   recall_class_12: 1.0000
2025-10-01 13:55:43,512 - experiment_baseline_mfcc_mlp_run_0 - INFO -   f1_class_12: 0.7692
2025-10-01 13:55:43,513 - experiment_baseline_mfcc_mlp_run_0 - INFO -   precision_class_13: 0.8333
2025-10-01 13:55:43,513 - experiment_baseline_mfcc_mlp_run_0 - INFO -   recall_class_13: 1.0000
2025-10-01 13:55:43,513 - experiment_baseline_mfcc_mlp_run_0 - INFO -   f1_class_13: 0.9091
2025-10-01 13:55:43,513 - experiment_baseline_mfcc_mlp_run_0 - INFO -   precision_class_14: 1.0000
2025-10-01 13:55:43,513 - experiment_baseline_mfcc_mlp_run_0 - INFO -   recall_class_14: 1.0000
2025-10-01 13:55:43,513 - experiment_baseline_mfcc_mlp_run_0 - INFO -   f1_class_14: 1.0000
2025-10-01 13:55:43,513 - experiment_baseline_mfcc_mlp_run_0 - INFO -   precision_class_15: 1.0000
2025-10-01 13:55:43,513 - experiment_baseline_mfcc_mlp_run_0 - INFO -   recall_class_15: 1.0000
2025-10-01 13:55:43,513 - experiment_baseline_mfcc_mlp_run_0 - INFO -   f1_class_15: 1.0000
2025-10-01 13:55:43,513 - experiment_baseline_mfcc_mlp_run_0 - INFO -   precision_class_16: 1.0000
2025-10-01 13:55:43,513 - experiment_baseline_mfcc_mlp_run_0 - INFO -   recall_class_16: 1.0000
2025-10-01 13:55:43,513 - experiment_baseline_mfcc_mlp_run_0 - INFO -   f1_class_16: 1.0000
2025-10-01 13:55:43,513 - experiment_baseline_mfcc_mlp_run_0 - INFO -   precision_class_17: 1.0000
2025-10-01 13:55:43,513 - experiment_baseline_mfcc_mlp_run_0 - INFO -   recall_class_17: 1.0000
2025-10-01 13:55:43,513 - experiment_baseline_mfcc_mlp_run_0 - INFO -   f1_class_17: 1.0000
2025-10-01 13:55:43,514 - experiment_baseline_mfcc_mlp_run_0 - INFO -   precision_class_18: 1.0000
2025-10-01 13:55:43,514 - experiment_baseline_mfcc_mlp_run_0 - INFO -   recall_class_18: 1.0000
2025-10-01 13:55:43,514 - experiment_baseline_mfcc_mlp_run_0 - INFO -   f1_class_18: 1.0000
2025-10-01 13:55:43,514 - experiment_baseline_mfcc_mlp_run_0 - INFO -   precision_class_19: 1.0000
2025-10-01 13:55:43,514 - experiment_baseline_mfcc_mlp_run_0 - INFO -   recall_class_19: 0.8000
2025-10-01 13:55:43,514 - experiment_baseline_mfcc_mlp_run_0 - INFO -   f1_class_19: 0.8889
2025-10-01 13:55:43,514 - experiment_baseline_mfcc_mlp_run_0 - INFO -   precision_class_20: 1.0000
2025-10-01 13:55:43,514 - experiment_baseline_mfcc_mlp_run_0 - INFO -   recall_class_20: 1.0000
2025-10-01 13:55:43,514 - experiment_baseline_mfcc_mlp_run_0 - INFO -   f1_class_20: 1.0000
2025-10-01 13:55:43,514 - experiment_baseline_mfcc_mlp_run_0 - INFO -   precision_class_21: 1.0000
2025-10-01 13:55:43,514 - experiment_baseline_mfcc_mlp_run_0 - INFO -   recall_class_21: 1.0000
2025-10-01 13:55:43,514 - experiment_baseline_mfcc_mlp_run_0 - INFO -   f1_class_21: 1.0000
2025-10-01 13:55:43,514 - experiment_baseline_mfcc_mlp_run_0 - INFO -   precision_class_22: 1.0000
2025-10-01 13:55:43,514 - experiment_baseline_mfcc_mlp_run_0 - INFO -   recall_class_22: 1.0000
2025-10-01 13:55:43,514 - experiment_baseline_mfcc_mlp_run_0 - INFO -   f1_class_22: 1.0000
2025-10-01 13:55:43,515 - experiment_baseline_mfcc_mlp_run_0 - INFO -   precision_class_23: 1.0000
2025-10-01 13:55:43,515 - experiment_baseline_mfcc_mlp_run_0 - INFO -   recall_class_23: 1.0000
2025-10-01 13:55:43,515 - experiment_baseline_mfcc_mlp_run_0 - INFO -   f1_class_23: 1.0000
2025-10-01 13:55:43,515 - experiment_baseline_mfcc_mlp_run_0 - INFO -   precision_class_24: 1.0000
2025-10-01 13:55:43,515 - experiment_baseline_mfcc_mlp_run_0 - INFO -   recall_class_24: 1.0000
2025-10-01 13:55:43,515 - experiment_baseline_mfcc_mlp_run_0 - INFO -   f1_class_24: 1.0000
2025-10-01 13:55:43,515 - experiment_baseline_mfcc_mlp_run_0 - INFO -   precision_class_25: 1.0000
2025-10-01 13:55:43,515 - experiment_baseline_mfcc_mlp_run_0 - INFO -   recall_class_25: 1.0000
2025-10-01 13:55:43,515 - experiment_baseline_mfcc_mlp_run_0 - INFO -   f1_class_25: 1.0000
2025-10-01 13:55:43,515 - experiment_baseline_mfcc_mlp_run_0 - INFO -   precision_class_26: 1.0000
2025-10-01 13:55:43,515 - experiment_baseline_mfcc_mlp_run_0 - INFO -   recall_class_26: 1.0000
2025-10-01 13:55:43,515 - experiment_baseline_mfcc_mlp_run_0 - INFO -   f1_class_26: 1.0000
2025-10-01 13:55:43,515 - experiment_baseline_mfcc_mlp_run_0 - INFO -   precision_class_27: 1.0000
2025-10-01 13:55:43,515 - experiment_baseline_mfcc_mlp_run_0 - INFO -   recall_class_27: 0.6000
2025-10-01 13:55:43,515 - experiment_baseline_mfcc_mlp_run_0 - INFO -   f1_class_27: 0.7500
2025-10-01 13:55:43,515 - experiment_baseline_mfcc_mlp_run_0 - INFO -   precision_class_28: 1.0000
2025-10-01 13:55:43,516 - experiment_baseline_mfcc_mlp_run_0 - INFO -   recall_class_28: 1.0000
2025-10-01 13:55:43,516 - experiment_baseline_mfcc_mlp_run_0 - INFO -   f1_class_28: 1.0000
2025-10-01 13:55:43,516 - experiment_baseline_mfcc_mlp_run_0 - INFO -   precision_class_29: 1.0000
2025-10-01 13:55:43,516 - experiment_baseline_mfcc_mlp_run_0 - INFO -   recall_class_29: 1.0000
2025-10-01 13:55:43,516 - experiment_baseline_mfcc_mlp_run_0 - INFO -   f1_class_29: 1.0000
2025-10-01 13:55:43,516 - experiment_baseline_mfcc_mlp_run_0 - INFO -   precision_class_30: 1.0000
2025-10-01 13:55:43,516 - experiment_baseline_mfcc_mlp_run_0 - INFO -   recall_class_30: 1.0000
2025-10-01 13:55:43,516 - experiment_baseline_mfcc_mlp_run_0 - INFO -   f1_class_30: 1.0000
2025-10-01 13:55:43,516 - experiment_baseline_mfcc_mlp_run_0 - INFO -   precision_class_31: 0.8333
2025-10-01 13:55:43,516 - experiment_baseline_mfcc_mlp_run_0 - INFO -   recall_class_31: 1.0000
2025-10-01 13:55:43,516 - experiment_baseline_mfcc_mlp_run_0 - INFO -   f1_class_31: 0.9091
2025-10-01 13:55:43,516 - experiment_baseline_mfcc_mlp_run_0 - INFO -   precision_class_32: 1.0000
2025-10-01 13:55:43,516 - experiment_baseline_mfcc_mlp_run_0 - INFO -   recall_class_32: 1.0000
2025-10-01 13:55:43,516 - experiment_baseline_mfcc_mlp_run_0 - INFO -   f1_class_32: 1.0000
2025-10-01 13:55:43,516 - experiment_baseline_mfcc_mlp_run_0 - INFO -   precision_class_33: 1.0000
2025-10-01 13:55:43,517 - experiment_baseline_mfcc_mlp_run_0 - INFO -   recall_class_33: 1.0000
2025-10-01 13:55:43,517 - experiment_baseline_mfcc_mlp_run_0 - INFO -   f1_class_33: 1.0000
2025-10-01 13:55:43,517 - experiment_baseline_mfcc_mlp_run_0 - INFO -   precision_class_34: 1.0000
2025-10-01 13:55:43,517 - experiment_baseline_mfcc_mlp_run_0 - INFO -   recall_class_34: 1.0000
2025-10-01 13:55:43,517 - experiment_baseline_mfcc_mlp_run_0 - INFO -   f1_class_34: 1.0000
2025-10-01 13:55:43,517 - experiment_baseline_mfcc_mlp_run_0 - INFO -   precision_class_35: 1.0000
2025-10-01 13:55:43,517 - experiment_baseline_mfcc_mlp_run_0 - INFO -   recall_class_35: 0.6000
2025-10-01 13:55:43,517 - experiment_baseline_mfcc_mlp_run_0 - INFO -   f1_class_35: 0.7500
2025-10-01 13:55:43,517 - experiment_baseline_mfcc_mlp_run_0 - INFO -   precision_class_36: 1.0000
2025-10-01 13:55:43,517 - experiment_baseline_mfcc_mlp_run_0 - INFO -   recall_class_36: 1.0000
2025-10-01 13:55:43,517 - experiment_baseline_mfcc_mlp_run_0 - INFO -   f1_class_36: 1.0000
2025-10-01 13:55:43,517 - experiment_baseline_mfcc_mlp_run_0 - INFO -   precision_class_37: 1.0000
2025-10-01 13:55:43,517 - experiment_baseline_mfcc_mlp_run_0 - INFO -   recall_class_37: 0.8000
2025-10-01 13:55:43,517 - experiment_baseline_mfcc_mlp_run_0 - INFO -   f1_class_37: 0.8889
2025-10-01 13:55:43,517 - experiment_baseline_mfcc_mlp_run_0 - INFO -   precision_class_38: 1.0000
2025-10-01 13:55:43,517 - experiment_baseline_mfcc_mlp_run_0 - INFO -   recall_class_38: 1.0000
2025-10-01 13:55:43,518 - experiment_baseline_mfcc_mlp_run_0 - INFO -   f1_class_38: 1.0000
2025-10-01 13:55:43,518 - experiment_baseline_mfcc_mlp_run_0 - INFO -   precision_class_39: 1.0000
2025-10-01 13:55:43,518 - experiment_baseline_mfcc_mlp_run_0 - INFO -   recall_class_39: 1.0000
2025-10-01 13:55:43,518 - experiment_baseline_mfcc_mlp_run_0 - INFO -   f1_class_39: 1.0000
2025-10-01 13:55:43,518 - experiment_baseline_mfcc_mlp_run_0 - INFO -   precision_class_40: 1.0000
2025-10-01 13:55:43,518 - experiment_baseline_mfcc_mlp_run_0 - INFO -   recall_class_40: 1.0000
2025-10-01 13:55:43,518 - experiment_baseline_mfcc_mlp_run_0 - INFO -   f1_class_40: 1.0000
2025-10-01 13:55:43,518 - experiment_baseline_mfcc_mlp_run_0 - INFO -   precision_class_41: 0.8333
2025-10-01 13:55:43,518 - experiment_baseline_mfcc_mlp_run_0 - INFO -   recall_class_41: 1.0000
2025-10-01 13:55:43,518 - experiment_baseline_mfcc_mlp_run_0 - INFO -   f1_class_41: 0.9091
2025-10-01 13:55:43,518 - experiment_baseline_mfcc_mlp_run_0 - INFO -   precision_class_42: 0.8000
2025-10-01 13:55:43,518 - experiment_baseline_mfcc_mlp_run_0 - INFO -   recall_class_42: 0.8000
2025-10-01 13:55:43,518 - experiment_baseline_mfcc_mlp_run_0 - INFO -   f1_class_42: 0.8000
2025-10-01 13:55:43,518 - experiment_baseline_mfcc_mlp_run_0 - INFO -   precision_class_43: 1.0000
2025-10-01 13:55:43,518 - experiment_baseline_mfcc_mlp_run_0 - INFO -   recall_class_43: 1.0000
2025-10-01 13:55:43,518 - experiment_baseline_mfcc_mlp_run_0 - INFO -   f1_class_43: 1.0000
2025-10-01 13:55:43,519 - experiment_baseline_mfcc_mlp_run_0 - INFO -   precision_class_44: 1.0000
2025-10-01 13:55:43,519 - experiment_baseline_mfcc_mlp_run_0 - INFO -   recall_class_44: 1.0000
2025-10-01 13:55:43,519 - experiment_baseline_mfcc_mlp_run_0 - INFO -   f1_class_44: 1.0000
2025-10-01 13:55:43,519 - experiment_baseline_mfcc_mlp_run_0 - INFO -   precision_class_45: 1.0000
2025-10-01 13:55:43,519 - experiment_baseline_mfcc_mlp_run_0 - INFO -   recall_class_45: 1.0000
2025-10-01 13:55:43,519 - experiment_baseline_mfcc_mlp_run_0 - INFO -   f1_class_45: 1.0000
2025-10-01 13:55:43,519 - experiment_baseline_mfcc_mlp_run_0 - INFO -   precision_class_46: 1.0000
2025-10-01 13:55:43,519 - experiment_baseline_mfcc_mlp_run_0 - INFO -   recall_class_46: 1.0000
2025-10-01 13:55:43,519 - experiment_baseline_mfcc_mlp_run_0 - INFO -   f1_class_46: 1.0000
2025-10-01 13:55:43,519 - experiment_baseline_mfcc_mlp_run_0 - INFO -   precision_class_47: 1.0000
2025-10-01 13:55:43,519 - experiment_baseline_mfcc_mlp_run_0 - INFO -   recall_class_47: 1.0000
2025-10-01 13:55:43,519 - experiment_baseline_mfcc_mlp_run_0 - INFO -   f1_class_47: 1.0000
2025-10-01 13:55:43,519 - experiment_baseline_mfcc_mlp_run_0 - INFO -   precision_class_48: 1.0000
2025-10-01 13:55:43,519 - experiment_baseline_mfcc_mlp_run_0 - INFO -   recall_class_48: 1.0000
2025-10-01 13:55:43,519 - experiment_baseline_mfcc_mlp_run_0 - INFO -   f1_class_48: 1.0000
2025-10-01 13:55:43,520 - experiment_baseline_mfcc_mlp_run_0 - INFO -   precision_class_49: 1.0000
2025-10-01 13:55:43,520 - experiment_baseline_mfcc_mlp_run_0 - INFO -   recall_class_49: 1.0000
2025-10-01 13:55:43,520 - experiment_baseline_mfcc_mlp_run_0 - INFO -   f1_class_49: 1.0000
2025-10-01 13:55:43,520 - experiment_baseline_mfcc_mlp_run_0 - INFO -   precision_class_50: 1.0000
2025-10-01 13:55:43,520 - experiment_baseline_mfcc_mlp_run_0 - INFO -   recall_class_50: 1.0000
2025-10-01 13:55:43,520 - experiment_baseline_mfcc_mlp_run_0 - INFO -   f1_class_50: 1.0000
2025-10-01 13:55:43,520 - experiment_baseline_mfcc_mlp_run_0 - INFO -   precision_class_51: 0.8333
2025-10-01 13:55:43,520 - experiment_baseline_mfcc_mlp_run_0 - INFO -   recall_class_51: 1.0000
2025-10-01 13:55:43,520 - experiment_baseline_mfcc_mlp_run_0 - INFO -   f1_class_51: 0.9091
2025-10-01 13:55:43,520 - experiment_baseline_mfcc_mlp_run_0 - INFO -   precision_class_52: 1.0000
2025-10-01 13:55:43,520 - experiment_baseline_mfcc_mlp_run_0 - INFO -   recall_class_52: 1.0000
2025-10-01 13:55:43,520 - experiment_baseline_mfcc_mlp_run_0 - INFO -   f1_class_52: 1.0000
2025-10-01 13:55:43,520 - experiment_baseline_mfcc_mlp_run_0 - INFO -   precision_class_53: 1.0000
2025-10-01 13:55:43,520 - experiment_baseline_mfcc_mlp_run_0 - INFO -   recall_class_53: 1.0000
2025-10-01 13:55:43,520 - experiment_baseline_mfcc_mlp_run_0 - INFO -   f1_class_53: 1.0000
2025-10-01 13:55:43,521 - experiment_baseline_mfcc_mlp_run_0 - INFO -   precision_class_54: 1.0000
2025-10-01 13:55:43,521 - experiment_baseline_mfcc_mlp_run_0 - INFO -   recall_class_54: 1.0000
2025-10-01 13:55:43,521 - experiment_baseline_mfcc_mlp_run_0 - INFO -   f1_class_54: 1.0000
2025-10-01 13:55:43,521 - experiment_baseline_mfcc_mlp_run_0 - INFO -   precision_class_55: 1.0000
2025-10-01 13:55:43,521 - experiment_baseline_mfcc_mlp_run_0 - INFO -   recall_class_55: 1.0000
2025-10-01 13:55:43,521 - experiment_baseline_mfcc_mlp_run_0 - INFO -   f1_class_55: 1.0000
2025-10-01 13:55:43,521 - experiment_baseline_mfcc_mlp_run_0 - INFO -   precision_class_56: 1.0000
2025-10-01 13:55:43,521 - experiment_baseline_mfcc_mlp_run_0 - INFO -   recall_class_56: 1.0000
2025-10-01 13:55:43,521 - experiment_baseline_mfcc_mlp_run_0 - INFO -   f1_class_56: 1.0000
2025-10-01 13:55:43,521 - experiment_baseline_mfcc_mlp_run_0 - INFO -   precision_class_57: 1.0000
2025-10-01 13:55:43,521 - experiment_baseline_mfcc_mlp_run_0 - INFO -   recall_class_57: 1.0000
2025-10-01 13:55:43,521 - experiment_baseline_mfcc_mlp_run_0 - INFO -   f1_class_57: 1.0000
2025-10-01 13:55:43,521 - experiment_baseline_mfcc_mlp_run_0 - INFO -   precision_class_58: 1.0000
2025-10-01 13:55:43,521 - experiment_baseline_mfcc_mlp_run_0 - INFO -   recall_class_58: 1.0000
2025-10-01 13:55:43,521 - experiment_baseline_mfcc_mlp_run_0 - INFO -   f1_class_58: 1.0000
2025-10-01 13:55:43,521 - experiment_baseline_mfcc_mlp_run_0 - INFO -   precision_class_59: 1.0000
2025-10-01 13:55:43,522 - experiment_baseline_mfcc_mlp_run_0 - INFO -   recall_class_59: 1.0000
2025-10-01 13:55:43,522 - experiment_baseline_mfcc_mlp_run_0 - INFO -   f1_class_59: 1.0000
2025-10-01 13:55:43,522 - experiment_baseline_mfcc_mlp_run_0 - INFO -   precision_class_60: 1.0000
2025-10-01 13:55:43,522 - experiment_baseline_mfcc_mlp_run_0 - INFO -   recall_class_60: 1.0000
2025-10-01 13:55:43,522 - experiment_baseline_mfcc_mlp_run_0 - INFO -   f1_class_60: 1.0000
2025-10-01 13:55:43,522 - experiment_baseline_mfcc_mlp_run_0 - INFO -   precision_class_61: 1.0000
2025-10-01 13:55:43,522 - experiment_baseline_mfcc_mlp_run_0 - INFO -   recall_class_61: 1.0000
2025-10-01 13:55:43,522 - experiment_baseline_mfcc_mlp_run_0 - INFO -   f1_class_61: 1.0000
2025-10-01 13:55:43,522 - experiment_baseline_mfcc_mlp_run_0 - INFO -   precision_class_62: 1.0000
2025-10-01 13:55:43,522 - experiment_baseline_mfcc_mlp_run_0 - INFO -   recall_class_62: 1.0000
2025-10-01 13:55:43,522 - experiment_baseline_mfcc_mlp_run_0 - INFO -   f1_class_62: 1.0000
2025-10-01 13:55:43,522 - experiment_baseline_mfcc_mlp_run_0 - INFO -   precision_class_63: 1.0000
2025-10-01 13:55:43,522 - experiment_baseline_mfcc_mlp_run_0 - INFO -   recall_class_63: 1.0000
2025-10-01 13:55:43,522 - experiment_baseline_mfcc_mlp_run_0 - INFO -   f1_class_63: 1.0000
2025-10-01 13:55:43,522 - experiment_baseline_mfcc_mlp_run_0 - INFO -   precision_class_64: 1.0000
2025-10-01 13:55:43,523 - experiment_baseline_mfcc_mlp_run_0 - INFO -   recall_class_64: 0.8000
2025-10-01 13:55:43,523 - experiment_baseline_mfcc_mlp_run_0 - INFO -   f1_class_64: 0.8889
2025-10-01 13:55:43,523 - experiment_baseline_mfcc_mlp_run_0 - INFO -   precision_class_65: 1.0000
2025-10-01 13:55:43,523 - experiment_baseline_mfcc_mlp_run_0 - INFO -   recall_class_65: 1.0000
2025-10-01 13:55:43,523 - experiment_baseline_mfcc_mlp_run_0 - INFO -   f1_class_65: 1.0000
2025-10-01 13:55:43,523 - experiment_baseline_mfcc_mlp_run_0 - INFO -   precision_class_66: 1.0000
2025-10-01 13:55:43,523 - experiment_baseline_mfcc_mlp_run_0 - INFO -   recall_class_66: 1.0000
2025-10-01 13:55:43,523 - experiment_baseline_mfcc_mlp_run_0 - INFO -   f1_class_66: 1.0000
2025-10-01 13:55:43,523 - experiment_baseline_mfcc_mlp_run_0 - INFO -   precision_class_67: 1.0000
2025-10-01 13:55:43,523 - experiment_baseline_mfcc_mlp_run_0 - INFO -   recall_class_67: 1.0000
2025-10-01 13:55:43,523 - experiment_baseline_mfcc_mlp_run_0 - INFO -   f1_class_67: 1.0000
2025-10-01 13:55:43,523 - experiment_baseline_mfcc_mlp_run_0 - INFO -   precision_class_68: 1.0000
2025-10-01 13:55:43,523 - experiment_baseline_mfcc_mlp_run_0 - INFO -   recall_class_68: 1.0000
2025-10-01 13:55:43,523 - experiment_baseline_mfcc_mlp_run_0 - INFO -   f1_class_68: 1.0000
2025-10-01 13:55:43,523 - experiment_baseline_mfcc_mlp_run_0 - INFO -   precision_class_69: 1.0000
2025-10-01 13:55:43,523 - experiment_baseline_mfcc_mlp_run_0 - INFO -   recall_class_69: 1.0000
2025-10-01 13:55:43,524 - experiment_baseline_mfcc_mlp_run_0 - INFO -   f1_class_69: 1.0000
2025-10-01 13:55:43,524 - experiment_baseline_mfcc_mlp_run_0 - INFO -   precision_class_70: 0.7143
2025-10-01 13:55:43,524 - experiment_baseline_mfcc_mlp_run_0 - INFO -   recall_class_70: 1.0000
2025-10-01 13:55:43,524 - experiment_baseline_mfcc_mlp_run_0 - INFO -   f1_class_70: 0.8333
2025-10-01 13:55:43,524 - experiment_baseline_mfcc_mlp_run_0 - INFO -   precision_class_71: 1.0000
2025-10-01 13:55:43,524 - experiment_baseline_mfcc_mlp_run_0 - INFO -   recall_class_71: 1.0000
2025-10-01 13:55:43,524 - experiment_baseline_mfcc_mlp_run_0 - INFO -   f1_class_71: 1.0000
2025-10-01 13:55:43,524 - experiment_baseline_mfcc_mlp_run_0 - INFO -   precision_class_72: 1.0000
2025-10-01 13:55:43,524 - experiment_baseline_mfcc_mlp_run_0 - INFO -   recall_class_72: 1.0000
2025-10-01 13:55:43,524 - experiment_baseline_mfcc_mlp_run_0 - INFO -   f1_class_72: 1.0000
2025-10-01 13:55:43,524 - experiment_baseline_mfcc_mlp_run_0 - INFO -   precision_class_73: 1.0000
2025-10-01 13:55:43,524 - experiment_baseline_mfcc_mlp_run_0 - INFO -   recall_class_73: 1.0000
2025-10-01 13:55:43,524 - experiment_baseline_mfcc_mlp_run_0 - INFO -   f1_class_73: 1.0000
2025-10-01 13:55:43,524 - experiment_baseline_mfcc_mlp_run_0 - INFO -   precision_class_74: 1.0000
2025-10-01 13:55:43,524 - experiment_baseline_mfcc_mlp_run_0 - INFO -   recall_class_74: 1.0000
2025-10-01 13:55:43,524 - experiment_baseline_mfcc_mlp_run_0 - INFO -   f1_class_74: 1.0000
2025-10-01 13:55:43,525 - experiment_baseline_mfcc_mlp_run_0 - INFO -   precision_class_75: 1.0000
2025-10-01 13:55:43,525 - experiment_baseline_mfcc_mlp_run_0 - INFO -   recall_class_75: 1.0000
2025-10-01 13:55:43,525 - experiment_baseline_mfcc_mlp_run_0 - INFO -   f1_class_75: 1.0000
2025-10-01 13:55:43,525 - experiment_baseline_mfcc_mlp_run_0 - INFO -   precision_class_76: 1.0000
2025-10-01 13:55:43,525 - experiment_baseline_mfcc_mlp_run_0 - INFO -   recall_class_76: 1.0000
2025-10-01 13:55:43,525 - experiment_baseline_mfcc_mlp_run_0 - INFO -   f1_class_76: 1.0000
2025-10-01 13:55:43,525 - experiment_baseline_mfcc_mlp_run_0 - INFO -   precision_class_77: 1.0000
2025-10-01 13:55:43,525 - experiment_baseline_mfcc_mlp_run_0 - INFO -   recall_class_77: 0.8000
2025-10-01 13:55:43,525 - experiment_baseline_mfcc_mlp_run_0 - INFO -   f1_class_77: 0.8889
2025-10-01 13:55:43,525 - experiment_baseline_mfcc_mlp_run_0 - INFO -   precision_class_78: 1.0000
2025-10-01 13:55:43,525 - experiment_baseline_mfcc_mlp_run_0 - INFO -   recall_class_78: 1.0000
2025-10-01 13:55:43,525 - experiment_baseline_mfcc_mlp_run_0 - INFO -   f1_class_78: 1.0000
2025-10-01 13:55:43,525 - experiment_baseline_mfcc_mlp_run_0 - INFO -   precision_class_79: 1.0000
2025-10-01 13:55:43,525 - experiment_baseline_mfcc_mlp_run_0 - INFO -   recall_class_79: 1.0000
2025-10-01 13:55:43,525 - experiment_baseline_mfcc_mlp_run_0 - INFO -   f1_class_79: 1.0000
2025-10-01 13:55:43,526 - experiment_baseline_mfcc_mlp_run_0 - INFO -   precision_class_80: 1.0000
2025-10-01 13:55:43,526 - experiment_baseline_mfcc_mlp_run_0 - INFO -   recall_class_80: 1.0000
2025-10-01 13:55:43,526 - experiment_baseline_mfcc_mlp_run_0 - INFO -   f1_class_80: 1.0000
2025-10-01 13:55:43,526 - experiment_baseline_mfcc_mlp_run_0 - INFO -   precision_class_81: 1.0000
2025-10-01 13:55:43,526 - experiment_baseline_mfcc_mlp_run_0 - INFO -   recall_class_81: 1.0000
2025-10-01 13:55:43,526 - experiment_baseline_mfcc_mlp_run_0 - INFO -   f1_class_81: 1.0000
2025-10-01 13:55:43,526 - experiment_baseline_mfcc_mlp_run_0 - INFO -   precision_class_82: 1.0000
2025-10-01 13:55:43,526 - experiment_baseline_mfcc_mlp_run_0 - INFO -   recall_class_82: 1.0000
2025-10-01 13:55:43,526 - experiment_baseline_mfcc_mlp_run_0 - INFO -   f1_class_82: 1.0000
2025-10-01 13:55:43,526 - experiment_baseline_mfcc_mlp_run_0 - INFO -   precision_class_83: 0.8333
2025-10-01 13:55:43,526 - experiment_baseline_mfcc_mlp_run_0 - INFO -   recall_class_83: 1.0000
2025-10-01 13:55:43,526 - experiment_baseline_mfcc_mlp_run_0 - INFO -   f1_class_83: 0.9091
2025-10-01 13:55:43,526 - experiment_baseline_mfcc_mlp_run_0 - INFO -   precision_class_84: 1.0000
2025-10-01 13:55:43,526 - experiment_baseline_mfcc_mlp_run_0 - INFO -   recall_class_84: 1.0000
2025-10-01 13:55:43,526 - experiment_baseline_mfcc_mlp_run_0 - INFO -   f1_class_84: 1.0000
2025-10-01 13:55:43,526 - experiment_baseline_mfcc_mlp_run_0 - INFO -   precision_class_85: 1.0000
2025-10-01 13:55:43,527 - experiment_baseline_mfcc_mlp_run_0 - INFO -   recall_class_85: 1.0000
2025-10-01 13:55:43,527 - experiment_baseline_mfcc_mlp_run_0 - INFO -   f1_class_85: 1.0000
2025-10-01 13:55:43,527 - experiment_baseline_mfcc_mlp_run_0 - INFO -   precision_class_86: 1.0000
2025-10-01 13:55:43,527 - experiment_baseline_mfcc_mlp_run_0 - INFO -   recall_class_86: 0.8000
2025-10-01 13:55:43,527 - experiment_baseline_mfcc_mlp_run_0 - INFO -   f1_class_86: 0.8889
2025-10-01 13:55:43,527 - experiment_baseline_mfcc_mlp_run_0 - INFO -   precision_class_87: 0.7500
2025-10-01 13:55:43,527 - experiment_baseline_mfcc_mlp_run_0 - INFO -   recall_class_87: 0.6000
2025-10-01 13:55:43,527 - experiment_baseline_mfcc_mlp_run_0 - INFO -   f1_class_87: 0.6667
2025-10-01 13:55:43,527 - experiment_baseline_mfcc_mlp_run_0 - INFO -   precision_class_88: 1.0000
2025-10-01 13:55:43,527 - experiment_baseline_mfcc_mlp_run_0 - INFO -   recall_class_88: 1.0000
2025-10-01 13:55:43,527 - experiment_baseline_mfcc_mlp_run_0 - INFO -   f1_class_88: 1.0000
2025-10-01 13:55:43,527 - experiment_baseline_mfcc_mlp_run_0 - INFO -   precision_class_89: 1.0000
2025-10-01 13:55:43,527 - experiment_baseline_mfcc_mlp_run_0 - INFO -   recall_class_89: 1.0000
2025-10-01 13:55:43,527 - experiment_baseline_mfcc_mlp_run_0 - INFO -   f1_class_89: 1.0000
2025-10-01 13:55:43,527 - experiment_baseline_mfcc_mlp_run_0 - INFO -   precision_class_90: 1.0000
2025-10-01 13:55:43,528 - experiment_baseline_mfcc_mlp_run_0 - INFO -   recall_class_90: 1.0000
2025-10-01 13:55:43,528 - experiment_baseline_mfcc_mlp_run_0 - INFO -   f1_class_90: 1.0000
2025-10-01 13:55:43,528 - experiment_baseline_mfcc_mlp_run_0 - INFO -   precision_class_91: 1.0000
2025-10-01 13:55:43,528 - experiment_baseline_mfcc_mlp_run_0 - INFO -   recall_class_91: 0.6000
2025-10-01 13:55:43,528 - experiment_baseline_mfcc_mlp_run_0 - INFO -   f1_class_91: 0.7500
2025-10-01 13:55:43,528 - experiment_baseline_mfcc_mlp_run_0 - INFO -   precision_class_92: 0.8333
2025-10-01 13:55:43,528 - experiment_baseline_mfcc_mlp_run_0 - INFO -   recall_class_92: 1.0000
2025-10-01 13:55:43,528 - experiment_baseline_mfcc_mlp_run_0 - INFO -   f1_class_92: 0.9091
2025-10-01 13:55:43,528 - experiment_baseline_mfcc_mlp_run_0 - INFO -   precision_class_93: 1.0000
2025-10-01 13:55:43,528 - experiment_baseline_mfcc_mlp_run_0 - INFO -   recall_class_93: 1.0000
2025-10-01 13:55:43,528 - experiment_baseline_mfcc_mlp_run_0 - INFO -   f1_class_93: 1.0000
2025-10-01 13:55:43,528 - experiment_baseline_mfcc_mlp_run_0 - INFO -   precision_class_94: 1.0000
2025-10-01 13:55:43,528 - experiment_baseline_mfcc_mlp_run_0 - INFO -   recall_class_94: 1.0000
2025-10-01 13:55:43,528 - experiment_baseline_mfcc_mlp_run_0 - INFO -   f1_class_94: 1.0000
2025-10-01 13:55:43,528 - experiment_baseline_mfcc_mlp_run_0 - INFO -   precision_class_95: 1.0000
2025-10-01 13:55:43,528 - experiment_baseline_mfcc_mlp_run_0 - INFO -   recall_class_95: 1.0000
2025-10-01 13:55:43,529 - experiment_baseline_mfcc_mlp_run_0 - INFO -   f1_class_95: 1.0000
2025-10-01 13:55:43,529 - experiment_baseline_mfcc_mlp_run_0 - INFO -   precision_class_96: 1.0000
2025-10-01 13:55:43,529 - experiment_baseline_mfcc_mlp_run_0 - INFO -   recall_class_96: 1.0000
2025-10-01 13:55:43,529 - experiment_baseline_mfcc_mlp_run_0 - INFO -   f1_class_96: 1.0000
2025-10-01 13:55:43,529 - experiment_baseline_mfcc_mlp_run_0 - INFO -   precision_class_97: 1.0000
2025-10-01 13:55:43,529 - experiment_baseline_mfcc_mlp_run_0 - INFO -   recall_class_97: 1.0000
2025-10-01 13:55:43,529 - experiment_baseline_mfcc_mlp_run_0 - INFO -   f1_class_97: 1.0000
2025-10-01 13:55:43,529 - experiment_baseline_mfcc_mlp_run_0 - INFO -   precision_class_98: 1.0000
2025-10-01 13:55:43,529 - experiment_baseline_mfcc_mlp_run_0 - INFO -   recall_class_98: 1.0000
2025-10-01 13:55:43,529 - experiment_baseline_mfcc_mlp_run_0 - INFO -   f1_class_98: 1.0000
2025-10-01 13:55:43,529 - experiment_baseline_mfcc_mlp_run_0 - INFO -   precision_class_99: 0.8000
2025-10-01 13:55:43,529 - experiment_baseline_mfcc_mlp_run_0 - INFO -   recall_class_99: 0.8000
2025-10-01 13:55:43,529 - experiment_baseline_mfcc_mlp_run_0 - INFO -   f1_class_99: 0.8000
2025-10-01 13:55:43,529 - experiment_baseline_mfcc_mlp_run_0 - INFO -   balanced_accuracy: 0.9680
2025-10-01 13:55:43,542 - experiment_baseline_mfcc_mlp_run_0 - INFO - Training completed
2025-10-01 13:55:46,171 - experiment_baseline_mfcc_mlp_run_0 - INFO - Running baseline analysis...
2025-10-01 13:55:46,186 - experiment_baseline_mfcc_mlp_run_0 - INFO - Baseline analysis completed
