2025-12-03 19:09:39 - chaotic_exp - INFO - ======================================================================
INFO:chaotic_exp:======================================================================
2025-12-03 19:09:39 - chaotic_exp - INFO - CHAOTIC MODEL EXPERIMENTS
INFO:chaotic_exp:CHAOTIC MODEL EXPERIMENTS
2025-12-03 19:09:39 - chaotic_exp - INFO - ======================================================================
INFO:chaotic_exp:======================================================================
2025-12-03 19:09:39 - chaotic_exp - INFO - Device: cuda
INFO:chaotic_exp:Device: cuda
2025-12-03 19:09:39 - chaotic_exp - INFO - Experiments: [3]
INFO:chaotic_exp:Experiments: [3]
2025-12-03 19:09:39 - chaotic_exp - INFO - Checkpoint: outputs/experiment1_comparison/chaotic_hybrid/exp1_chaotic_hybrid/checkpoints/exp_20251130_185504/checkpoint_epoch_0000_20251201_195739.pkl
INFO:chaotic_exp:Checkpoint: outputs/experiment1_comparison/chaotic_hybrid/exp1_chaotic_hybrid/checkpoints/exp_20251130_185504/checkpoint_epoch_0000_20251201_195739.pkl
2025-12-03 19:09:39 - chaotic_exp - INFO - 
Loading dataset...
INFO:chaotic_exp:
Loading dataset...
2025-12-03 19:09:56 - chaotic_exp - INFO - Test samples: 118
INFO:chaotic_exp:Test samples: 118
2025-12-03 19:09:56 - chaotic_exp - INFO - 
======================================================================
INFO:chaotic_exp:
======================================================================
2025-12-03 19:09:56 - chaotic_exp - INFO - EXPERIMENT 3: FEW-SHOT LEARNING (Chaotic Model)
INFO:chaotic_exp:EXPERIMENT 3: FEW-SHOT LEARNING (Chaotic Model)
2025-12-03 19:09:56 - chaotic_exp - INFO - ======================================================================
INFO:chaotic_exp:======================================================================
2025-12-03 19:09:57 - chaotic_exp - INFO - 
Samples per speaker: 10
INFO:chaotic_exp:
Samples per speaker: 10
2025-12-03 19:10:06 - chaotic_exp - INFO -   Run 1: 254 samples
INFO:chaotic_exp:  Run 1: 254 samples
2025-12-03 22:58:12 - chaotic_exp - INFO -     Val: 13.48%, Test: 13.56%
INFO:chaotic_exp:    Val: 13.48%, Test: 13.56%
2025-12-03 22:58:17 - chaotic_exp - INFO -   Run 2: 254 samples
INFO:chaotic_exp:  Run 2: 254 samples
2025-12-04 07:09:25 - chaotic_exp - INFO -     Val: 42.70%, Test: 41.53%
INFO:chaotic_exp:    Val: 42.70%, Test: 41.53%
2025-12-04 07:09:29 - chaotic_exp - INFO -   Run 3: 254 samples
INFO:chaotic_exp:  Run 3: 254 samples
2025-12-04 15:19:59 - chaotic_exp - INFO -     Val: 83.15%, Test: 78.81%
INFO:chaotic_exp:    Val: 83.15%, Test: 78.81%
2025-12-04 15:19:59 - chaotic_exp - INFO -   → Mean Test Acc: 44.63% ± 26.73%
INFO:chaotic_exp:  → Mean Test Acc: 44.63% ± 26.73%
2025-12-04 15:19:59 - chaotic_exp - INFO - 
Samples per speaker: 15
INFO:chaotic_exp:
Samples per speaker: 15
2025-12-04 15:20:04 - chaotic_exp - INFO -   Run 1: 360 samples
INFO:chaotic_exp:  Run 1: 360 samples
2025-12-04 22:23:43 - chaotic_exp - INFO -     Val: 38.20%, Test: 34.75%
INFO:chaotic_exp:    Val: 38.20%, Test: 34.75%
2025-12-04 22:23:45 - chaotic_exp - INFO -   Run 2: 360 samples
INFO:chaotic_exp:  Run 2: 360 samples
slurmstepd: error: *** JOB 5528600 ON g6301 CANCELLED AT 2025-12-05T07:09:50 DUE TO TIME LIMIT ***
