2026-01-24 10:16:09,484 - experiment_chaotic_lorenz_full_chaotic_run_0 - INFO - Initialized experiment: chaotic_lorenz_full_chaotic_run_0
2026-01-24 10:16:09,485 - experiment_chaotic_lorenz_full_chaotic_run_0 - INFO - Device: cuda
2026-01-24 10:16:09,485 - experiment_chaotic_lorenz_full_chaotic_run_0 - INFO - Output directory: /scratch/project_2003370/yueyao/Model/experiments/configs/Lyapunov_loss/weight_0.1/experiments/chaotic_lorenz_full_chaotic_run_0
2026-01-24 10:16:09,486 - experiment_chaotic_lorenz_full_chaotic_run_0 - INFO - [SYNC LOSS] Enabled with mode: standard
2026-01-24 10:16:09,486 - experiment_chaotic_lorenz_full_chaotic_run_0 - INFO - Initialized chaotic network experiment with lorenz system
2026-01-24 10:16:09,486 - experiment_chaotic_lorenz_full_chaotic_run_0 - INFO - Setting up experiment components...
2026-01-24 10:16:09,486 - experiment_chaotic_lorenz_full_chaotic_run_0 - INFO - Creating dataloaders...
2026-01-24 10:16:09,874 - experiment_chaotic_lorenz_full_chaotic_run_0 - INFO - Detected 26 speakers in dataset
2026-01-24 10:16:09,874 - experiment_chaotic_lorenz_full_chaotic_run_0 - INFO - Dataloaders created:
2026-01-24 10:16:09,874 - experiment_chaotic_lorenz_full_chaotic_run_0 - INFO -   Train: 14 batches
2026-01-24 10:16:09,874 - experiment_chaotic_lorenz_full_chaotic_run_0 - INFO -   Val: 3 batches
2026-01-24 10:16:09,874 - experiment_chaotic_lorenz_full_chaotic_run_0 - INFO -   Test: 4 batches
2026-01-24 10:16:09,874 - experiment_chaotic_lorenz_full_chaotic_run_0 - INFO - Creating model...
2026-01-24 10:16:09,874 - experiment_chaotic_lorenz_full_chaotic_run_0 - INFO - Using actual num_speakers from dataset: 26
2026-01-24 10:17:07,168 - experiment_chaotic_lorenz_full_chaotic_run_0 - INFO - Initialized experiment: chaotic_lorenz_full_chaotic_run_0
2026-01-24 10:17:07,169 - experiment_chaotic_lorenz_full_chaotic_run_0 - INFO - Device: cuda
2026-01-24 10:17:07,169 - experiment_chaotic_lorenz_full_chaotic_run_0 - INFO - Output directory: /scratch/project_2003370/yueyao/Model/experiments/configs/Lyapunov_loss/weight_0.01/experiments/chaotic_lorenz_full_chaotic_run_0
2026-01-24 10:17:07,170 - experiment_chaotic_lorenz_full_chaotic_run_0 - INFO - [SYNC LOSS] Enabled with mode: standard
2026-01-24 10:17:07,170 - experiment_chaotic_lorenz_full_chaotic_run_0 - INFO - Initialized chaotic network experiment with lorenz system
2026-01-24 10:17:07,170 - experiment_chaotic_lorenz_full_chaotic_run_0 - INFO - Setting up experiment components...
2026-01-24 10:17:07,170 - experiment_chaotic_lorenz_full_chaotic_run_0 - INFO - Creating dataloaders...
2026-01-24 10:17:07,557 - experiment_chaotic_lorenz_full_chaotic_run_0 - INFO - Detected 26 speakers in dataset
2026-01-24 10:17:07,557 - experiment_chaotic_lorenz_full_chaotic_run_0 - INFO - Dataloaders created:
2026-01-24 10:17:07,557 - experiment_chaotic_lorenz_full_chaotic_run_0 - INFO -   Train: 14 batches
2026-01-24 10:17:07,557 - experiment_chaotic_lorenz_full_chaotic_run_0 - INFO -   Val: 3 batches
2026-01-24 10:17:07,557 - experiment_chaotic_lorenz_full_chaotic_run_0 - INFO -   Test: 4 batches
2026-01-24 10:17:07,557 - experiment_chaotic_lorenz_full_chaotic_run_0 - INFO - Creating model...
2026-01-24 10:17:07,557 - experiment_chaotic_lorenz_full_chaotic_run_0 - INFO - Using actual num_speakers from dataset: 26
2026-01-24 10:18:13,896 - experiment_chaotic_lorenz_full_chaotic_run_0 - INFO - Total parameters: 520,511
2026-01-24 10:18:13,896 - experiment_chaotic_lorenz_full_chaotic_run_0 - INFO - Trainable parameters: 520,511
2026-01-24 10:18:13,896 - experiment_chaotic_lorenz_full_chaotic_run_0 - INFO - Creating optimizer...
2026-01-24 10:18:15,023 - experiment_chaotic_lorenz_full_chaotic_run_0 - INFO - Optimizer: AdamW
2026-01-24 10:18:15,023 - experiment_chaotic_lorenz_full_chaotic_run_0 - INFO - Creating scheduler...
2026-01-24 10:18:15,023 - experiment_chaotic_lorenz_full_chaotic_run_0 - INFO - Scheduler: CosineAnnealingLR
2026-01-24 10:18:15,023 - experiment_chaotic_lorenz_full_chaotic_run_0 - INFO - Creating criterion...
2026-01-24 10:18:15,024 - experiment_chaotic_lorenz_full_chaotic_run_0 - INFO - Criterion: CrossEntropyLoss
2026-01-24 10:18:15,072 - experiment_chaotic_lorenz_full_chaotic_run_0 - INFO - Configuration saved to: /scratch/project_2003370/yueyao/Model/experiments/configs/Lyapunov_loss/weight_0.01/experiments/chaotic_lorenz_full_chaotic_run_0/config.json
2026-01-24 10:18:15,072 - experiment_chaotic_lorenz_full_chaotic_run_0 - INFO - Experiment setup completed
2026-01-24 10:18:15,073 - experiment_chaotic_lorenz_full_chaotic_run_0 - INFO - Starting training for 100 epochs
2026-01-24 10:18:15,073 - experiment_chaotic_lorenz_full_chaotic_run_0 - INFO - [SYNC LOSS] Warmup complete, synchronization loss activated!
2026-01-24 10:18:15,212 - experiment_chaotic_lorenz_full_chaotic_run_0 - INFO - 
================================================================================
2026-01-24 10:18:15,212 - experiment_chaotic_lorenz_full_chaotic_run_0 - INFO - COMPREHENSIVE DEBUG - FIRST BATCH
2026-01-24 10:18:15,213 - experiment_chaotic_lorenz_full_chaotic_run_0 - INFO - ================================================================================
2026-01-24 10:18:15,213 - experiment_chaotic_lorenz_full_chaotic_run_0 - INFO - Batch Info:
2026-01-24 10:18:15,213 - experiment_chaotic_lorenz_full_chaotic_run_0 - INFO -   Audio shape: torch.Size([32, 48000])
2026-01-24 10:18:15,213 - experiment_chaotic_lorenz_full_chaotic_run_0 - INFO -   Targets shape: torch.Size([32])
2026-01-24 10:18:15,217 - experiment_chaotic_lorenz_full_chaotic_run_0 - INFO -   Targets (first 8): tensor([24, 16, 12, 13,  9,  3, 12,  1], device='cuda:0')
2026-01-24 10:18:16,055 - experiment_chaotic_lorenz_full_chaotic_run_0 - INFO - ================================================================================

2026-01-24 10:18:16,196 - experiment_chaotic_lorenz_full_chaotic_run_0 - INFO - [STABILITY] Initialized LyapunovStabilityLoss
2026-01-24 10:18:16,202 - experiment_chaotic_lorenz_full_chaotic_run_0 - DEBUG - [STABILITY] lyap=0.095, max_norm=48.2, min_std=7.916
2026-01-24 10:18:16,863 - experiment_chaotic_lorenz_full_chaotic_run_0 - INFO - Train Epoch 0: [0/472 (0.0%)]	Loss: 4.583149
2026-01-24 10:18:21,109 - experiment_chaotic_lorenz_full_chaotic_run_0 - INFO - [SYNC DEBUG] Epoch 0: sync_weight=0.0, desync_weight=0.0, loss_sync=0.000000
2026-01-24 10:18:22,389 - experiment_chaotic_lorenz_full_chaotic_run_0 - INFO - Epoch 0: Train Loss: 4.4136, Train Acc: 0.0536, Val Loss: 4.2434, Val Acc: 0.0449
2026-01-24 10:18:22,466 - experiment_chaotic_lorenz_full_chaotic_run_0 - INFO - Saved new best model at epoch 0
2026-01-24 10:18:23,142 - experiment_chaotic_lorenz_full_chaotic_run_0 - INFO - Train Epoch 1: [0/472 (0.0%)]	Loss: 4.193365
2026-01-24 10:18:27,418 - experiment_chaotic_lorenz_full_chaotic_run_0 - INFO - [SYNC DEBUG] Epoch 1: sync_weight=0.0, desync_weight=0.0, loss_sync=0.000000
2026-01-24 10:18:28,700 - experiment_chaotic_lorenz_full_chaotic_run_0 - INFO - Epoch 1: Train Loss: 3.7683, Train Acc: 0.0737, Val Loss: 4.2060, Val Acc: 0.0449
2026-01-24 10:18:29,247 - experiment_chaotic_lorenz_full_chaotic_run_0 - INFO - Train Epoch 2: [0/472 (0.0%)]	Loss: 2.691515
2026-01-24 10:18:33,545 - experiment_chaotic_lorenz_full_chaotic_run_0 - INFO - [SYNC DEBUG] Epoch 2: sync_weight=0.0, desync_weight=0.0, loss_sync=0.000000
2026-01-24 10:18:34,822 - experiment_chaotic_lorenz_full_chaotic_run_0 - INFO - Epoch 2: Train Loss: 3.0015, Train Acc: 0.1674, Val Loss: 4.0105, Val Acc: 0.0449
2026-01-24 10:18:35,361 - experiment_chaotic_lorenz_full_chaotic_run_0 - INFO - Train Epoch 3: [0/472 (0.0%)]	Loss: 2.630401
2026-01-24 10:18:39,696 - experiment_chaotic_lorenz_full_chaotic_run_0 - INFO - [SYNC DEBUG] Epoch 3: sync_weight=0.0, desync_weight=0.0, loss_sync=0.000000
2026-01-24 10:18:41,023 - experiment_chaotic_lorenz_full_chaotic_run_0 - INFO - Epoch 3: Train Loss: 2.4118, Train Acc: 0.2857, Val Loss: 4.7039, Val Acc: 0.0449
2026-01-24 10:18:41,563 - experiment_chaotic_lorenz_full_chaotic_run_0 - INFO - Train Epoch 4: [0/472 (0.0%)]	Loss: 1.807268
2026-01-24 10:18:45,896 - experiment_chaotic_lorenz_full_chaotic_run_0 - INFO - [SYNC DEBUG] Epoch 4: sync_weight=0.0, desync_weight=0.0, loss_sync=0.000000
2026-01-24 10:18:47,182 - experiment_chaotic_lorenz_full_chaotic_run_0 - INFO - Epoch 4: Train Loss: 1.9754, Train Acc: 0.4107, Val Loss: 4.2912, Val Acc: 0.0449
2026-01-24 10:18:47,721 - experiment_chaotic_lorenz_full_chaotic_run_0 - INFO - Train Epoch 5: [0/472 (0.0%)]	Loss: 1.843720
2026-01-24 10:18:52,065 - experiment_chaotic_lorenz_full_chaotic_run_0 - INFO - [SYNC DEBUG] Epoch 5: sync_weight=0.0, desync_weight=0.0, loss_sync=0.000000
2026-01-24 10:18:53,356 - experiment_chaotic_lorenz_full_chaotic_run_0 - INFO - Epoch 5: Train Loss: 1.7453, Train Acc: 0.4821, Val Loss: 5.7719, Val Acc: 0.0449
2026-01-24 10:18:53,890 - experiment_chaotic_lorenz_full_chaotic_run_0 - INFO - Train Epoch 6: [0/472 (0.0%)]	Loss: 2.182153
2026-01-24 10:18:58,131 - experiment_chaotic_lorenz_full_chaotic_run_0 - INFO - [SYNC DEBUG] Epoch 6: sync_weight=0.0, desync_weight=0.0, loss_sync=0.000000
2026-01-24 10:18:59,394 - experiment_chaotic_lorenz_full_chaotic_run_0 - INFO - Epoch 6: Train Loss: 2.4413, Train Acc: 0.3058, Val Loss: 5.1846, Val Acc: 0.0449
2026-01-24 10:18:59,934 - experiment_chaotic_lorenz_full_chaotic_run_0 - INFO - Train Epoch 7: [0/472 (0.0%)]	Loss: 1.861768
2026-01-24 10:19:00,375 - experiment_chaotic_lorenz_full_chaotic_run_0 - DEBUG - [STABILITY] lyap=0.037, max_norm=36.8, min_std=6.310
2026-01-24 10:19:04,216 - experiment_chaotic_lorenz_full_chaotic_run_0 - INFO - [SYNC DEBUG] Epoch 7: sync_weight=0.0, desync_weight=0.0, loss_sync=0.000000
2026-01-24 10:19:05,482 - experiment_chaotic_lorenz_full_chaotic_run_0 - INFO - Epoch 7: Train Loss: 1.5602, Train Acc: 0.5201, Val Loss: 4.2214, Val Acc: 0.0449
2026-01-24 10:19:06,027 - experiment_chaotic_lorenz_full_chaotic_run_0 - INFO - Train Epoch 8: [0/472 (0.0%)]	Loss: 1.298639
2026-01-24 10:19:10,274 - experiment_chaotic_lorenz_full_chaotic_run_0 - INFO - [SYNC DEBUG] Epoch 8: sync_weight=0.0, desync_weight=0.0, loss_sync=0.000000
2026-01-24 10:19:11,516 - experiment_chaotic_lorenz_full_chaotic_run_0 - INFO - Epoch 8: Train Loss: 1.2562, Train Acc: 0.5915, Val Loss: 4.3853, Val Acc: 0.0899
2026-01-24 10:19:11,595 - experiment_chaotic_lorenz_full_chaotic_run_0 - INFO - Saved new best model at epoch 8
2026-01-24 10:19:12,186 - experiment_chaotic_lorenz_full_chaotic_run_0 - INFO - Train Epoch 9: [0/472 (0.0%)]	Loss: 0.912218
2026-01-24 10:19:16,467 - experiment_chaotic_lorenz_full_chaotic_run_0 - INFO - [SYNC DEBUG] Epoch 9: sync_weight=0.0, desync_weight=0.0, loss_sync=0.000000
2026-01-24 10:19:17,790 - experiment_chaotic_lorenz_full_chaotic_run_0 - INFO - Epoch 9: Train Loss: 0.9874, Train Acc: 0.6808, Val Loss: 5.7403, Val Acc: 0.0449
2026-01-24 10:19:18,363 - experiment_chaotic_lorenz_full_chaotic_run_0 - INFO - Train Epoch 10: [0/472 (0.0%)]	Loss: 0.497814
2026-01-24 10:19:22,617 - experiment_chaotic_lorenz_full_chaotic_run_0 - INFO - [SYNC DEBUG] Epoch 10: sync_weight=0.0, desync_weight=0.0, loss_sync=0.000000
2026-01-24 10:19:23,892 - experiment_chaotic_lorenz_full_chaotic_run_0 - INFO - Epoch 10: Train Loss: 0.8640, Train Acc: 0.6964, Val Loss: 5.3851, Val Acc: 0.0449
2026-01-24 10:19:24,509 - experiment_chaotic_lorenz_full_chaotic_run_0 - INFO - Train Epoch 11: [0/472 (0.0%)]	Loss: 0.372228
2026-01-24 10:19:28,786 - experiment_chaotic_lorenz_full_chaotic_run_0 - INFO - [SYNC DEBUG] Epoch 11: sync_weight=0.0, desync_weight=0.0, loss_sync=0.000000
2026-01-24 10:19:30,037 - experiment_chaotic_lorenz_full_chaotic_run_0 - INFO - Epoch 11: Train Loss: 0.7468, Train Acc: 0.7545, Val Loss: 4.1273, Val Acc: 0.1124
2026-01-24 10:19:30,116 - experiment_chaotic_lorenz_full_chaotic_run_0 - INFO - Saved new best model at epoch 11
2026-01-24 10:19:30,689 - experiment_chaotic_lorenz_full_chaotic_run_0 - INFO - Train Epoch 12: [0/472 (0.0%)]	Loss: 0.679418
2026-01-24 10:19:34,963 - experiment_chaotic_lorenz_full_chaotic_run_0 - INFO - [SYNC DEBUG] Epoch 12: sync_weight=0.0, desync_weight=0.0, loss_sync=0.000000
2026-01-24 10:19:36,264 - experiment_chaotic_lorenz_full_chaotic_run_0 - INFO - Epoch 12: Train Loss: 0.6792, Train Acc: 0.7768, Val Loss: 4.0523, Val Acc: 0.1236
2026-01-24 10:19:36,343 - experiment_chaotic_lorenz_full_chaotic_run_0 - INFO - Saved new best model at epoch 12
2026-01-24 10:19:36,925 - experiment_chaotic_lorenz_full_chaotic_run_0 - INFO - Train Epoch 13: [0/472 (0.0%)]	Loss: 0.378198
2026-01-24 10:19:41,398 - experiment_chaotic_lorenz_full_chaotic_run_0 - INFO - [SYNC DEBUG] Epoch 13: sync_weight=0.0, desync_weight=0.0, loss_sync=0.000000
2026-01-24 10:19:42,657 - experiment_chaotic_lorenz_full_chaotic_run_0 - INFO - Epoch 13: Train Loss: 0.5755, Train Acc: 0.8170, Val Loss: 3.2602, Val Acc: 0.1910
2026-01-24 10:19:42,737 - experiment_chaotic_lorenz_full_chaotic_run_0 - INFO - Saved new best model at epoch 13
2026-01-24 10:19:43,332 - experiment_chaotic_lorenz_full_chaotic_run_0 - INFO - Train Epoch 14: [0/472 (0.0%)]	Loss: 0.364359
2026-01-24 10:19:44,402 - experiment_chaotic_lorenz_full_chaotic_run_0 - DEBUG - [STABILITY] lyap=0.014, max_norm=11.9, min_std=1.716
2026-01-24 10:19:47,609 - experiment_chaotic_lorenz_full_chaotic_run_0 - INFO - [SYNC DEBUG] Epoch 14: sync_weight=0.0, desync_weight=0.0, loss_sync=0.000000
2026-01-24 10:19:48,865 - experiment_chaotic_lorenz_full_chaotic_run_0 - INFO - Epoch 14: Train Loss: 0.4822, Train Acc: 0.8638, Val Loss: 5.2565, Val Acc: 0.1124
2026-01-24 10:19:49,415 - experiment_chaotic_lorenz_full_chaotic_run_0 - INFO - Train Epoch 15: [0/472 (0.0%)]	Loss: 0.230046
2026-01-24 10:19:53,691 - experiment_chaotic_lorenz_full_chaotic_run_0 - INFO - [SYNC DEBUG] Epoch 15: sync_weight=0.0, desync_weight=0.0, loss_sync=0.000000
2026-01-24 10:19:54,962 - experiment_chaotic_lorenz_full_chaotic_run_0 - INFO - Epoch 15: Train Loss: 0.4411, Train Acc: 0.8683, Val Loss: 5.4938, Val Acc: 0.1124
2026-01-24 10:19:55,511 - experiment_chaotic_lorenz_full_chaotic_run_0 - INFO - Train Epoch 16: [0/472 (0.0%)]	Loss: 0.547062
2026-01-24 10:19:59,737 - experiment_chaotic_lorenz_full_chaotic_run_0 - INFO - [SYNC DEBUG] Epoch 16: sync_weight=0.0, desync_weight=0.0, loss_sync=0.000000
2026-01-24 10:20:00,972 - experiment_chaotic_lorenz_full_chaotic_run_0 - INFO - Epoch 16: Train Loss: 0.4587, Train Acc: 0.8415, Val Loss: 5.0214, Val Acc: 0.1348
2026-01-24 10:20:01,538 - experiment_chaotic_lorenz_full_chaotic_run_0 - INFO - Train Epoch 17: [0/472 (0.0%)]	Loss: 0.216181
2026-01-24 10:20:05,783 - experiment_chaotic_lorenz_full_chaotic_run_0 - INFO - [SYNC DEBUG] Epoch 17: sync_weight=0.0, desync_weight=0.0, loss_sync=0.000000
2026-01-24 10:20:07,047 - experiment_chaotic_lorenz_full_chaotic_run_0 - INFO - Epoch 17: Train Loss: 0.3481, Train Acc: 0.8839, Val Loss: 2.2661, Val Acc: 0.3596
2026-01-24 10:20:07,123 - experiment_chaotic_lorenz_full_chaotic_run_0 - INFO - Saved new best model at epoch 17
2026-01-24 10:20:07,711 - experiment_chaotic_lorenz_full_chaotic_run_0 - INFO - Train Epoch 18: [0/472 (0.0%)]	Loss: 0.483985
2026-01-24 10:20:11,999 - experiment_chaotic_lorenz_full_chaotic_run_0 - INFO - [SYNC DEBUG] Epoch 18: sync_weight=0.0, desync_weight=0.0, loss_sync=0.000000
2026-01-24 10:20:13,220 - experiment_chaotic_lorenz_full_chaotic_run_0 - INFO - Epoch 18: Train Loss: 0.2874, Train Acc: 0.8996, Val Loss: 4.2738, Val Acc: 0.0674
2026-01-24 10:20:13,776 - experiment_chaotic_lorenz_full_chaotic_run_0 - INFO - Train Epoch 19: [0/472 (0.0%)]	Loss: 0.260484
2026-01-24 10:20:18,022 - experiment_chaotic_lorenz_full_chaotic_run_0 - INFO - [SYNC DEBUG] Epoch 19: sync_weight=0.0, desync_weight=0.0, loss_sync=0.000000
2026-01-24 10:20:19,286 - experiment_chaotic_lorenz_full_chaotic_run_0 - INFO - Epoch 19: Train Loss: 0.2549, Train Acc: 0.9219, Val Loss: 0.6837, Val Acc: 0.7865
2026-01-24 10:20:19,364 - experiment_chaotic_lorenz_full_chaotic_run_0 - INFO - Saved new best model at epoch 19
2026-01-24 10:20:19,955 - experiment_chaotic_lorenz_full_chaotic_run_0 - INFO - Train Epoch 20: [0/472 (0.0%)]	Loss: 0.333190
2026-01-24 10:20:24,244 - experiment_chaotic_lorenz_full_chaotic_run_0 - INFO - [SYNC DEBUG] Epoch 20: sync_weight=0.0, desync_weight=0.0, loss_sync=0.000000
2026-01-24 10:20:25,452 - experiment_chaotic_lorenz_full_chaotic_run_0 - INFO - Epoch 20: Train Loss: 0.2950, Train Acc: 0.9107, Val Loss: 8.2416, Val Acc: 0.0449
2026-01-24 10:20:26,074 - experiment_chaotic_lorenz_full_chaotic_run_0 - INFO - Train Epoch 21: [0/472 (0.0%)]	Loss: 0.353726
2026-01-24 10:20:27,765 - experiment_chaotic_lorenz_full_chaotic_run_0 - DEBUG - [STABILITY] lyap=0.018, max_norm=14.7, min_std=2.182
2026-01-24 10:20:30,305 - experiment_chaotic_lorenz_full_chaotic_run_0 - INFO - [SYNC DEBUG] Epoch 21: sync_weight=0.0, desync_weight=0.0, loss_sync=0.000000
2026-01-24 10:20:31,577 - experiment_chaotic_lorenz_full_chaotic_run_0 - INFO - Epoch 21: Train Loss: 0.3658, Train Acc: 0.8750, Val Loss: 9.2709, Val Acc: 0.0449
2026-01-24 10:20:32,137 - experiment_chaotic_lorenz_full_chaotic_run_0 - INFO - Train Epoch 22: [0/472 (0.0%)]	Loss: 0.084276
2026-01-24 10:20:36,410 - experiment_chaotic_lorenz_full_chaotic_run_0 - INFO - [SYNC DEBUG] Epoch 22: sync_weight=0.0, desync_weight=0.0, loss_sync=0.000000
2026-01-24 10:20:37,687 - experiment_chaotic_lorenz_full_chaotic_run_0 - INFO - Epoch 22: Train Loss: 0.2478, Train Acc: 0.9286, Val Loss: 8.3019, Val Acc: 0.0449
2026-01-24 10:20:38,222 - experiment_chaotic_lorenz_full_chaotic_run_0 - INFO - Train Epoch 23: [0/472 (0.0%)]	Loss: 0.506624
2026-01-24 10:20:42,438 - experiment_chaotic_lorenz_full_chaotic_run_0 - INFO - [SYNC DEBUG] Epoch 23: sync_weight=0.0, desync_weight=0.0, loss_sync=0.000000
2026-01-24 10:20:43,675 - experiment_chaotic_lorenz_full_chaotic_run_0 - INFO - Epoch 23: Train Loss: 0.2734, Train Acc: 0.9152, Val Loss: 1.8645, Val Acc: 0.5843
2026-01-24 10:20:44,215 - experiment_chaotic_lorenz_full_chaotic_run_0 - INFO - Train Epoch 24: [0/472 (0.0%)]	Loss: 0.085279
2026-01-24 10:20:48,502 - experiment_chaotic_lorenz_full_chaotic_run_0 - INFO - [SYNC DEBUG] Epoch 24: sync_weight=0.0, desync_weight=0.0, loss_sync=0.000000
2026-01-24 10:20:49,772 - experiment_chaotic_lorenz_full_chaotic_run_0 - INFO - Epoch 24: Train Loss: 0.2018, Train Acc: 0.9420, Val Loss: 1.1724, Val Acc: 0.6854
2026-01-24 10:20:50,316 - experiment_chaotic_lorenz_full_chaotic_run_0 - INFO - Train Epoch 25: [0/472 (0.0%)]	Loss: 0.117291
2026-01-24 10:20:54,610 - experiment_chaotic_lorenz_full_chaotic_run_0 - INFO - [SYNC DEBUG] Epoch 25: sync_weight=0.0, desync_weight=0.0, loss_sync=0.000000
2026-01-24 10:20:55,882 - experiment_chaotic_lorenz_full_chaotic_run_0 - INFO - Epoch 25: Train Loss: 0.2206, Train Acc: 0.9375, Val Loss: 1.3503, Val Acc: 0.6180
2026-01-24 10:20:56,425 - experiment_chaotic_lorenz_full_chaotic_run_0 - INFO - Train Epoch 26: [0/472 (0.0%)]	Loss: 0.136365
2026-01-24 10:21:00,631 - experiment_chaotic_lorenz_full_chaotic_run_0 - INFO - [SYNC DEBUG] Epoch 26: sync_weight=0.0, desync_weight=0.0, loss_sync=0.000000
2026-01-24 10:21:01,904 - experiment_chaotic_lorenz_full_chaotic_run_0 - INFO - Epoch 26: Train Loss: 0.1717, Train Acc: 0.9464, Val Loss: 2.5424, Val Acc: 0.3483
2026-01-24 10:21:02,443 - experiment_chaotic_lorenz_full_chaotic_run_0 - INFO - Train Epoch 27: [0/472 (0.0%)]	Loss: 0.142524
2026-01-24 10:21:06,718 - experiment_chaotic_lorenz_full_chaotic_run_0 - INFO - [SYNC DEBUG] Epoch 27: sync_weight=0.0, desync_weight=0.0, loss_sync=0.000000
2026-01-24 10:21:07,992 - experiment_chaotic_lorenz_full_chaotic_run_0 - INFO - Epoch 27: Train Loss: 0.2108, Train Acc: 0.9286, Val Loss: 6.5659, Val Acc: 0.1124
2026-01-24 10:21:08,534 - experiment_chaotic_lorenz_full_chaotic_run_0 - INFO - Train Epoch 28: [0/472 (0.0%)]	Loss: 0.380540
2026-01-24 10:21:10,873 - experiment_chaotic_lorenz_full_chaotic_run_0 - DEBUG - [STABILITY] lyap=0.018, max_norm=14.7, min_std=2.244
2026-01-24 10:21:12,816 - experiment_chaotic_lorenz_full_chaotic_run_0 - INFO - [SYNC DEBUG] Epoch 28: sync_weight=0.0, desync_weight=0.0, loss_sync=0.000000
2026-01-24 10:21:14,073 - experiment_chaotic_lorenz_full_chaotic_run_0 - INFO - Epoch 28: Train Loss: 0.1849, Train Acc: 0.9531, Val Loss: 0.8407, Val Acc: 0.7865
2026-01-24 10:21:14,617 - experiment_chaotic_lorenz_full_chaotic_run_0 - INFO - Train Epoch 29: [0/472 (0.0%)]	Loss: 0.225307
2026-01-24 10:21:18,917 - experiment_chaotic_lorenz_full_chaotic_run_0 - INFO - [SYNC DEBUG] Epoch 29: sync_weight=0.0, desync_weight=0.0, loss_sync=0.000000
2026-01-24 10:21:20,219 - experiment_chaotic_lorenz_full_chaotic_run_0 - INFO - Epoch 29: Train Loss: 0.1831, Train Acc: 0.9397, Val Loss: 5.5944, Val Acc: 0.2135
2026-01-24 10:21:20,754 - experiment_chaotic_lorenz_full_chaotic_run_0 - INFO - Train Epoch 30: [0/472 (0.0%)]	Loss: 0.176787
2026-01-24 10:21:25,078 - experiment_chaotic_lorenz_full_chaotic_run_0 - INFO - [SYNC DEBUG] Epoch 30: sync_weight=0.0, desync_weight=0.0, loss_sync=0.000000
2026-01-24 10:21:26,333 - experiment_chaotic_lorenz_full_chaotic_run_0 - INFO - Epoch 30: Train Loss: 0.1743, Train Acc: 0.9487, Val Loss: 2.5375, Val Acc: 0.4382
2026-01-24 10:21:26,954 - experiment_chaotic_lorenz_full_chaotic_run_0 - INFO - Train Epoch 31: [0/472 (0.0%)]	Loss: 0.079802
2026-01-24 10:21:31,182 - experiment_chaotic_lorenz_full_chaotic_run_0 - INFO - [SYNC DEBUG] Epoch 31: sync_weight=0.0, desync_weight=0.0, loss_sync=0.000000
2026-01-24 10:21:32,475 - experiment_chaotic_lorenz_full_chaotic_run_0 - INFO - Epoch 31: Train Loss: 0.1742, Train Acc: 0.9420, Val Loss: 2.6562, Val Acc: 0.3483
2026-01-24 10:21:33,030 - experiment_chaotic_lorenz_full_chaotic_run_0 - INFO - Train Epoch 32: [0/472 (0.0%)]	Loss: 0.050053
2026-01-24 10:21:37,304 - experiment_chaotic_lorenz_full_chaotic_run_0 - INFO - [SYNC DEBUG] Epoch 32: sync_weight=0.0, desync_weight=0.0, loss_sync=0.000000
2026-01-24 10:21:38,570 - experiment_chaotic_lorenz_full_chaotic_run_0 - INFO - Epoch 32: Train Loss: 0.1291, Train Acc: 0.9665, Val Loss: 1.3137, Val Acc: 0.6517
2026-01-24 10:21:39,095 - experiment_chaotic_lorenz_full_chaotic_run_0 - INFO - Train Epoch 33: [0/472 (0.0%)]	Loss: 0.164608
2026-01-24 10:21:43,373 - experiment_chaotic_lorenz_full_chaotic_run_0 - INFO - [SYNC DEBUG] Epoch 33: sync_weight=0.0, desync_weight=0.0, loss_sync=0.000000
2026-01-24 10:21:44,597 - experiment_chaotic_lorenz_full_chaotic_run_0 - INFO - Epoch 33: Train Loss: 0.1275, Train Acc: 0.9598, Val Loss: 0.9530, Val Acc: 0.7303
2026-01-24 10:21:45,137 - experiment_chaotic_lorenz_full_chaotic_run_0 - INFO - Train Epoch 34: [0/472 (0.0%)]	Loss: 0.145291
2026-01-24 10:21:49,501 - experiment_chaotic_lorenz_full_chaotic_run_0 - INFO - [SYNC DEBUG] Epoch 34: sync_weight=0.0, desync_weight=0.0, loss_sync=0.000000
2026-01-24 10:21:50,777 - experiment_chaotic_lorenz_full_chaotic_run_0 - INFO - Epoch 34: Train Loss: 0.1490, Train Acc: 0.9487, Val Loss: 1.1144, Val Acc: 0.6742
2026-01-24 10:21:51,322 - experiment_chaotic_lorenz_full_chaotic_run_0 - INFO - Train Epoch 35: [0/472 (0.0%)]	Loss: 0.056124
2026-01-24 10:21:54,360 - experiment_chaotic_lorenz_full_chaotic_run_0 - DEBUG - [STABILITY] lyap=0.017, max_norm=14.1, min_std=2.156
2026-01-24 10:21:55,717 - experiment_chaotic_lorenz_full_chaotic_run_0 - INFO - [SYNC DEBUG] Epoch 35: sync_weight=0.0, desync_weight=0.0, loss_sync=0.000000
2026-01-24 10:21:57,049 - experiment_chaotic_lorenz_full_chaotic_run_0 - INFO - Epoch 35: Train Loss: 0.1470, Train Acc: 0.9598, Val Loss: 0.8612, Val Acc: 0.7191
2026-01-24 10:21:57,593 - experiment_chaotic_lorenz_full_chaotic_run_0 - INFO - Train Epoch 36: [0/472 (0.0%)]	Loss: 0.058247
2026-01-24 10:22:01,908 - experiment_chaotic_lorenz_full_chaotic_run_0 - INFO - [SYNC DEBUG] Epoch 36: sync_weight=0.0, desync_weight=0.0, loss_sync=0.000000
2026-01-24 10:22:03,209 - experiment_chaotic_lorenz_full_chaotic_run_0 - INFO - Epoch 36: Train Loss: 0.0989, Train Acc: 0.9688, Val Loss: 3.5946, Val Acc: 0.2472
2026-01-24 10:22:03,746 - experiment_chaotic_lorenz_full_chaotic_run_0 - INFO - Train Epoch 37: [0/472 (0.0%)]	Loss: 0.040133
2026-01-24 10:22:08,060 - experiment_chaotic_lorenz_full_chaotic_run_0 - INFO - [SYNC DEBUG] Epoch 37: sync_weight=0.0, desync_weight=0.0, loss_sync=0.000000
2026-01-24 10:22:09,340 - experiment_chaotic_lorenz_full_chaotic_run_0 - INFO - Epoch 37: Train Loss: 0.1629, Train Acc: 0.9464, Val Loss: 1.4998, Val Acc: 0.6404
2026-01-24 10:22:09,881 - experiment_chaotic_lorenz_full_chaotic_run_0 - INFO - Train Epoch 38: [0/472 (0.0%)]	Loss: 0.200147
2026-01-24 10:22:14,200 - experiment_chaotic_lorenz_full_chaotic_run_0 - INFO - [SYNC DEBUG] Epoch 38: sync_weight=0.0, desync_weight=0.0, loss_sync=0.000000
2026-01-24 10:22:15,486 - experiment_chaotic_lorenz_full_chaotic_run_0 - INFO - Epoch 38: Train Loss: 0.0830, Train Acc: 0.9777, Val Loss: 3.1031, Val Acc: 0.3483
2026-01-24 10:22:16,034 - experiment_chaotic_lorenz_full_chaotic_run_0 - INFO - Train Epoch 39: [0/472 (0.0%)]	Loss: 0.125601
2026-01-24 10:22:20,304 - experiment_chaotic_lorenz_full_chaotic_run_0 - INFO - [SYNC DEBUG] Epoch 39: sync_weight=0.0, desync_weight=0.0, loss_sync=0.000000
2026-01-24 10:22:21,565 - experiment_chaotic_lorenz_full_chaotic_run_0 - INFO - Epoch 39: Train Loss: 0.1267, Train Acc: 0.9576, Val Loss: 3.8497, Val Acc: 0.2135
2026-01-24 10:22:21,568 - experiment_chaotic_lorenz_full_chaotic_run_0 - INFO - Early stopping triggered at epoch 39
2026-01-24 10:22:21,570 - experiment_chaotic_lorenz_full_chaotic_run_0 - INFO - Running final test evaluation...
2026-01-24 10:22:22,362 - experiment_chaotic_lorenz_full_chaotic_run_0 - INFO - Test Results:
2026-01-24 10:22:22,362 - experiment_chaotic_lorenz_full_chaotic_run_0 - INFO -   loss: 4.1686
2026-01-24 10:22:22,362 - experiment_chaotic_lorenz_full_chaotic_run_0 - INFO -   accuracy: 0.2288
2026-01-24 10:22:22,363 - experiment_chaotic_lorenz_full_chaotic_run_0 - INFO -   avg_confidence: 0.9880
2026-01-24 10:22:22,363 - experiment_chaotic_lorenz_full_chaotic_run_0 - INFO -   embedding_diversity: 0.1165
2026-01-24 10:22:22,363 - experiment_chaotic_lorenz_full_chaotic_run_0 - INFO -   embedding_norm_mean: 1.0000
2026-01-24 10:22:22,363 - experiment_chaotic_lorenz_full_chaotic_run_0 - INFO -   embedding_norm_std: 0.0000
2026-01-24 10:22:22,364 - experiment_chaotic_lorenz_full_chaotic_run_0 - INFO - Training completed
2026-01-24 10:22:23,167 - experiment_chaotic_lorenz_full_chaotic_run_0 - INFO - Running comprehensive chaotic network analysis...
2026-01-24 10:22:23,168 - experiment_chaotic_lorenz_full_chaotic_run_0 - INFO - Analyzing chaotic features and dynamics...
2026-01-24 10:22:23,845 - experiment_chaotic_lorenz_full_chaotic_run_0 - INFO - Chaotic analysis completed
2026-01-24 10:22:23,847 - experiment_chaotic_lorenz_full_chaotic_run_0 - INFO - Creating chaotic dynamics visualizations...
2026-01-24 10:22:26,205 - experiment_chaotic_lorenz_full_chaotic_run_0 - WARNING - Embedding plotting failed: boolean index did not match indexed array along dimension 0; dimension is 8 but corresponding boolean dimension is 32
2026-01-24 10:22:26,212 - experiment_chaotic_lorenz_full_chaotic_run_0 - INFO - Chaotic network analysis completed
2026-01-24 10:24:04,587 - experiment_chaotic_lorenz_full_chaotic_run_0 - INFO - Initialized experiment: chaotic_lorenz_full_chaotic_run_0
2026-01-24 10:24:04,590 - experiment_chaotic_lorenz_full_chaotic_run_0 - INFO - Device: cuda
2026-01-24 10:24:04,591 - experiment_chaotic_lorenz_full_chaotic_run_0 - INFO - Output directory: /scratch/project_2003370/yueyao/Model/experiments/configs/Lyapunov_loss/weight_0.001/experiments/chaotic_lorenz_full_chaotic_run_0
2026-01-24 10:24:04,591 - experiment_chaotic_lorenz_full_chaotic_run_0 - INFO - Initialized chaotic network experiment with lorenz system
2026-01-24 10:24:04,591 - experiment_chaotic_lorenz_full_chaotic_run_0 - INFO - Setting up experiment components...
2026-01-24 10:24:04,591 - experiment_chaotic_lorenz_full_chaotic_run_0 - INFO - Creating dataloaders...
2026-01-24 10:24:05,599 - experiment_chaotic_lorenz_full_chaotic_run_0 - INFO - Detected 26 speakers in dataset
2026-01-24 10:24:05,599 - experiment_chaotic_lorenz_full_chaotic_run_0 - INFO - Dataloaders created:
2026-01-24 10:24:05,599 - experiment_chaotic_lorenz_full_chaotic_run_0 - INFO -   Train: 14 batches
2026-01-24 10:24:05,599 - experiment_chaotic_lorenz_full_chaotic_run_0 - INFO -   Val: 3 batches
2026-01-24 10:24:05,599 - experiment_chaotic_lorenz_full_chaotic_run_0 - INFO -   Test: 4 batches
2026-01-24 10:24:05,599 - experiment_chaotic_lorenz_full_chaotic_run_0 - INFO - Creating model...
2026-01-24 10:24:05,599 - experiment_chaotic_lorenz_full_chaotic_run_0 - INFO - Using actual num_speakers from dataset: 26
2026-01-24 10:29:45,727 - experiment_chaotic_lorenz_full_chaotic_run_0 - INFO - Initialized experiment: chaotic_lorenz_full_chaotic_run_0
2026-01-24 10:29:45,727 - experiment_chaotic_lorenz_full_chaotic_run_0 - INFO - Device: cuda
2026-01-24 10:29:45,727 - experiment_chaotic_lorenz_full_chaotic_run_0 - INFO - Output directory: /scratch/project_2003370/yueyao/Model/experiments/configs/Lyapunov_loss/weight_0.001/experiments/chaotic_lorenz_full_chaotic_run_0
2026-01-24 10:29:45,728 - experiment_chaotic_lorenz_full_chaotic_run_0 - INFO - Initialized chaotic network experiment with lorenz system
2026-01-24 10:29:45,728 - experiment_chaotic_lorenz_full_chaotic_run_0 - INFO - Setting up experiment components...
2026-01-24 10:29:45,728 - experiment_chaotic_lorenz_full_chaotic_run_0 - INFO - Creating dataloaders...
2026-01-24 10:29:46,116 - experiment_chaotic_lorenz_full_chaotic_run_0 - INFO - Detected 26 speakers in dataset
2026-01-24 10:29:46,116 - experiment_chaotic_lorenz_full_chaotic_run_0 - INFO - Dataloaders created:
2026-01-24 10:29:46,116 - experiment_chaotic_lorenz_full_chaotic_run_0 - INFO -   Train: 14 batches
2026-01-24 10:29:46,116 - experiment_chaotic_lorenz_full_chaotic_run_0 - INFO -   Val: 3 batches
2026-01-24 10:29:46,117 - experiment_chaotic_lorenz_full_chaotic_run_0 - INFO -   Test: 4 batches
2026-01-24 10:29:46,117 - experiment_chaotic_lorenz_full_chaotic_run_0 - INFO - Creating model...
2026-01-24 10:29:46,117 - experiment_chaotic_lorenz_full_chaotic_run_0 - INFO - Using actual num_speakers from dataset: 26
2026-01-24 10:30:57,090 - experiment_chaotic_lorenz_full_chaotic_run_0 - INFO - Initialized experiment: chaotic_lorenz_full_chaotic_run_0
2026-01-24 10:30:57,090 - experiment_chaotic_lorenz_full_chaotic_run_0 - INFO - Device: cuda
2026-01-24 10:30:57,090 - experiment_chaotic_lorenz_full_chaotic_run_0 - INFO - Output directory: /scratch/project_2003370/yueyao/Model/experiments/configs/Lyapunov_loss/weight_0.001/experiments/chaotic_lorenz_full_chaotic_run_0
2026-01-24 10:30:57,091 - experiment_chaotic_lorenz_full_chaotic_run_0 - INFO - [SYNC LOSS] Enabled with mode: standard
2026-01-24 10:30:57,091 - experiment_chaotic_lorenz_full_chaotic_run_0 - INFO - Initialized chaotic network experiment with lorenz system
2026-01-24 10:30:57,092 - experiment_chaotic_lorenz_full_chaotic_run_0 - INFO - Setting up experiment components...
2026-01-24 10:30:57,092 - experiment_chaotic_lorenz_full_chaotic_run_0 - INFO - Creating dataloaders...
2026-01-24 10:30:57,479 - experiment_chaotic_lorenz_full_chaotic_run_0 - INFO - Detected 26 speakers in dataset
2026-01-24 10:30:57,480 - experiment_chaotic_lorenz_full_chaotic_run_0 - INFO - Dataloaders created:
2026-01-24 10:30:57,480 - experiment_chaotic_lorenz_full_chaotic_run_0 - INFO -   Train: 14 batches
2026-01-24 10:30:57,480 - experiment_chaotic_lorenz_full_chaotic_run_0 - INFO -   Val: 3 batches
2026-01-24 10:30:57,480 - experiment_chaotic_lorenz_full_chaotic_run_0 - INFO -   Test: 4 batches
2026-01-24 10:30:57,480 - experiment_chaotic_lorenz_full_chaotic_run_0 - INFO - Creating model...
2026-01-24 10:30:57,480 - experiment_chaotic_lorenz_full_chaotic_run_0 - INFO - Using actual num_speakers from dataset: 26
2026-01-24 10:32:02,905 - experiment_chaotic_lorenz_full_chaotic_run_0 - INFO - Total parameters: 520,511
2026-01-24 10:32:02,905 - experiment_chaotic_lorenz_full_chaotic_run_0 - INFO - Trainable parameters: 520,511
2026-01-24 10:32:02,905 - experiment_chaotic_lorenz_full_chaotic_run_0 - INFO - Creating optimizer...
2026-01-24 10:32:04,033 - experiment_chaotic_lorenz_full_chaotic_run_0 - INFO - Optimizer: AdamW
2026-01-24 10:32:04,033 - experiment_chaotic_lorenz_full_chaotic_run_0 - INFO - Creating scheduler...
2026-01-24 10:32:04,034 - experiment_chaotic_lorenz_full_chaotic_run_0 - INFO - Scheduler: CosineAnnealingLR
2026-01-24 10:32:04,034 - experiment_chaotic_lorenz_full_chaotic_run_0 - INFO - Creating criterion...
2026-01-24 10:32:04,034 - experiment_chaotic_lorenz_full_chaotic_run_0 - INFO - Criterion: CrossEntropyLoss
2026-01-24 10:32:04,080 - experiment_chaotic_lorenz_full_chaotic_run_0 - INFO - Configuration saved to: /scratch/project_2003370/yueyao/Model/experiments/configs/Lyapunov_loss/weight_0.001/experiments/chaotic_lorenz_full_chaotic_run_0/config.json
2026-01-24 10:32:04,081 - experiment_chaotic_lorenz_full_chaotic_run_0 - INFO - Experiment setup completed
2026-01-24 10:32:04,082 - experiment_chaotic_lorenz_full_chaotic_run_0 - INFO - Starting training for 100 epochs
2026-01-24 10:32:04,082 - experiment_chaotic_lorenz_full_chaotic_run_0 - INFO - [SYNC LOSS] Warmup complete, synchronization loss activated!
2026-01-24 10:32:04,216 - experiment_chaotic_lorenz_full_chaotic_run_0 - INFO - 
================================================================================
2026-01-24 10:32:04,217 - experiment_chaotic_lorenz_full_chaotic_run_0 - INFO - COMPREHENSIVE DEBUG - FIRST BATCH
2026-01-24 10:32:04,217 - experiment_chaotic_lorenz_full_chaotic_run_0 - INFO - ================================================================================
2026-01-24 10:32:04,217 - experiment_chaotic_lorenz_full_chaotic_run_0 - INFO - Batch Info:
2026-01-24 10:32:04,217 - experiment_chaotic_lorenz_full_chaotic_run_0 - INFO -   Audio shape: torch.Size([32, 48000])
2026-01-24 10:32:04,217 - experiment_chaotic_lorenz_full_chaotic_run_0 - INFO -   Targets shape: torch.Size([32])
2026-01-24 10:32:04,222 - experiment_chaotic_lorenz_full_chaotic_run_0 - INFO -   Targets (first 8): tensor([24, 16, 12, 13,  9,  3, 12,  1], device='cuda:0')
2026-01-24 10:32:04,802 - experiment_chaotic_lorenz_full_chaotic_run_0 - INFO - ================================================================================

2026-01-24 10:32:04,941 - experiment_chaotic_lorenz_full_chaotic_run_0 - INFO - [STABILITY] Initialized LyapunovStabilityLoss
2026-01-24 10:32:04,948 - experiment_chaotic_lorenz_full_chaotic_run_0 - DEBUG - [STABILITY] lyap=0.095, max_norm=48.2, min_std=7.916
2026-01-24 10:32:05,604 - experiment_chaotic_lorenz_full_chaotic_run_0 - INFO - Train Epoch 0: [0/472 (0.0%)]	Loss: 4.583103
2026-01-24 10:32:09,863 - experiment_chaotic_lorenz_full_chaotic_run_0 - INFO - [SYNC DEBUG] Epoch 0: sync_weight=0.0, desync_weight=0.0, loss_sync=0.000000
2026-01-24 10:32:11,167 - experiment_chaotic_lorenz_full_chaotic_run_0 - INFO - Epoch 0: Train Loss: 4.2810, Train Acc: 0.0491, Val Loss: 4.0878, Val Acc: 0.0449
2026-01-24 10:32:11,244 - experiment_chaotic_lorenz_full_chaotic_run_0 - INFO - Saved new best model at epoch 0
2026-01-24 10:32:11,887 - experiment_chaotic_lorenz_full_chaotic_run_0 - INFO - Train Epoch 1: [0/472 (0.0%)]	Loss: 4.332905
2026-01-24 10:32:16,102 - experiment_chaotic_lorenz_full_chaotic_run_0 - INFO - [SYNC DEBUG] Epoch 1: sync_weight=0.0, desync_weight=0.0, loss_sync=0.000000
2026-01-24 10:32:17,344 - experiment_chaotic_lorenz_full_chaotic_run_0 - INFO - Epoch 1: Train Loss: 3.5697, Train Acc: 0.1205, Val Loss: 4.0838, Val Acc: 0.0449
2026-01-24 10:32:17,896 - experiment_chaotic_lorenz_full_chaotic_run_0 - INFO - Train Epoch 2: [0/472 (0.0%)]	Loss: 2.531215
2026-01-24 10:32:22,109 - experiment_chaotic_lorenz_full_chaotic_run_0 - INFO - [SYNC DEBUG] Epoch 2: sync_weight=0.0, desync_weight=0.0, loss_sync=0.000000
2026-01-24 10:32:23,364 - experiment_chaotic_lorenz_full_chaotic_run_0 - INFO - Epoch 2: Train Loss: 2.8486, Train Acc: 0.2076, Val Loss: 4.8224, Val Acc: 0.0449
2026-01-24 10:32:23,931 - experiment_chaotic_lorenz_full_chaotic_run_0 - INFO - Train Epoch 3: [0/472 (0.0%)]	Loss: 2.778534
2026-01-24 10:32:28,181 - experiment_chaotic_lorenz_full_chaotic_run_0 - INFO - [SYNC DEBUG] Epoch 3: sync_weight=0.0, desync_weight=0.0, loss_sync=0.000000
2026-01-24 10:32:29,411 - experiment_chaotic_lorenz_full_chaotic_run_0 - INFO - Epoch 3: Train Loss: 2.4065, Train Acc: 0.3125, Val Loss: 4.4515, Val Acc: 0.0562
2026-01-24 10:32:29,493 - experiment_chaotic_lorenz_full_chaotic_run_0 - INFO - Saved new best model at epoch 3
2026-01-24 10:32:30,082 - experiment_chaotic_lorenz_full_chaotic_run_0 - INFO - Train Epoch 4: [0/472 (0.0%)]	Loss: 1.813103
2026-01-24 10:32:34,294 - experiment_chaotic_lorenz_full_chaotic_run_0 - INFO - [SYNC DEBUG] Epoch 4: sync_weight=0.0, desync_weight=0.0, loss_sync=0.000000
2026-01-24 10:32:35,555 - experiment_chaotic_lorenz_full_chaotic_run_0 - INFO - Epoch 4: Train Loss: 1.9808, Train Acc: 0.3817, Val Loss: 4.5137, Val Acc: 0.0449
2026-01-24 10:32:36,099 - experiment_chaotic_lorenz_full_chaotic_run_0 - INFO - Train Epoch 5: [0/472 (0.0%)]	Loss: 2.034137
2026-01-24 10:32:40,349 - experiment_chaotic_lorenz_full_chaotic_run_0 - INFO - [SYNC DEBUG] Epoch 5: sync_weight=0.0, desync_weight=0.0, loss_sync=0.000000
2026-01-24 10:32:41,570 - experiment_chaotic_lorenz_full_chaotic_run_0 - INFO - Epoch 5: Train Loss: 1.8670, Train Acc: 0.4040, Val Loss: 5.0561, Val Acc: 0.0449
2026-01-24 10:32:42,119 - experiment_chaotic_lorenz_full_chaotic_run_0 - INFO - Train Epoch 6: [0/472 (0.0%)]	Loss: 1.551200
2026-01-24 10:32:46,359 - experiment_chaotic_lorenz_full_chaotic_run_0 - INFO - [SYNC DEBUG] Epoch 6: sync_weight=0.0, desync_weight=0.0, loss_sync=0.000000
2026-01-24 10:32:47,630 - experiment_chaotic_lorenz_full_chaotic_run_0 - INFO - Epoch 6: Train Loss: 1.5427, Train Acc: 0.5268, Val Loss: 8.0977, Val Acc: 0.0449
2026-01-24 10:32:48,214 - experiment_chaotic_lorenz_full_chaotic_run_0 - INFO - Train Epoch 7: [0/472 (0.0%)]	Loss: 1.358963
2026-01-24 10:32:48,649 - experiment_chaotic_lorenz_full_chaotic_run_0 - DEBUG - [STABILITY] lyap=0.031, max_norm=38.7, min_std=8.399
2026-01-24 10:32:52,467 - experiment_chaotic_lorenz_full_chaotic_run_0 - INFO - [SYNC DEBUG] Epoch 7: sync_weight=0.0, desync_weight=0.0, loss_sync=0.000000
2026-01-24 10:32:53,686 - experiment_chaotic_lorenz_full_chaotic_run_0 - INFO - Epoch 7: Train Loss: 1.2944, Train Acc: 0.5893, Val Loss: 6.6822, Val Acc: 0.0449
2026-01-24 10:32:54,223 - experiment_chaotic_lorenz_full_chaotic_run_0 - INFO - Train Epoch 8: [0/472 (0.0%)]	Loss: 0.909869
2026-01-24 10:32:58,475 - experiment_chaotic_lorenz_full_chaotic_run_0 - INFO - [SYNC DEBUG] Epoch 8: sync_weight=0.0, desync_weight=0.0, loss_sync=0.000000
2026-01-24 10:32:59,711 - experiment_chaotic_lorenz_full_chaotic_run_0 - INFO - Epoch 8: Train Loss: 1.0822, Train Acc: 0.6607, Val Loss: 5.3086, Val Acc: 0.0449
2026-01-24 10:33:00,246 - experiment_chaotic_lorenz_full_chaotic_run_0 - INFO - Train Epoch 9: [0/472 (0.0%)]	Loss: 1.009941
2026-01-24 10:33:04,507 - experiment_chaotic_lorenz_full_chaotic_run_0 - INFO - [SYNC DEBUG] Epoch 9: sync_weight=0.0, desync_weight=0.0, loss_sync=0.000000
2026-01-24 10:33:05,735 - experiment_chaotic_lorenz_full_chaotic_run_0 - INFO - Epoch 9: Train Loss: 0.9512, Train Acc: 0.6830, Val Loss: 7.6440, Val Acc: 0.0449
2026-01-24 10:33:06,302 - experiment_chaotic_lorenz_full_chaotic_run_0 - INFO - Train Epoch 10: [0/472 (0.0%)]	Loss: 0.739641
2026-01-24 10:33:10,569 - experiment_chaotic_lorenz_full_chaotic_run_0 - INFO - [SYNC DEBUG] Epoch 10: sync_weight=0.0, desync_weight=0.0, loss_sync=0.000000
2026-01-24 10:33:11,859 - experiment_chaotic_lorenz_full_chaotic_run_0 - INFO - Epoch 10: Train Loss: 0.7988, Train Acc: 0.7411, Val Loss: 6.8905, Val Acc: 0.0449
2026-01-24 10:33:12,473 - experiment_chaotic_lorenz_full_chaotic_run_0 - INFO - Train Epoch 11: [0/472 (0.0%)]	Loss: 0.544608
2026-01-24 10:33:16,722 - experiment_chaotic_lorenz_full_chaotic_run_0 - INFO - [SYNC DEBUG] Epoch 11: sync_weight=0.0, desync_weight=0.0, loss_sync=0.000000
2026-01-24 10:33:17,963 - experiment_chaotic_lorenz_full_chaotic_run_0 - INFO - Epoch 11: Train Loss: 0.7612, Train Acc: 0.7411, Val Loss: 5.1916, Val Acc: 0.1236
2026-01-24 10:33:18,043 - experiment_chaotic_lorenz_full_chaotic_run_0 - INFO - Saved new best model at epoch 11
2026-01-24 10:33:18,641 - experiment_chaotic_lorenz_full_chaotic_run_0 - INFO - Train Epoch 12: [0/472 (0.0%)]	Loss: 0.438975
2026-01-24 10:33:22,902 - experiment_chaotic_lorenz_full_chaotic_run_0 - INFO - [SYNC DEBUG] Epoch 12: sync_weight=0.0, desync_weight=0.0, loss_sync=0.000000
2026-01-24 10:33:24,161 - experiment_chaotic_lorenz_full_chaotic_run_0 - INFO - Epoch 12: Train Loss: 0.6203, Train Acc: 0.8058, Val Loss: 5.3672, Val Acc: 0.0449
2026-01-24 10:33:24,704 - experiment_chaotic_lorenz_full_chaotic_run_0 - INFO - Train Epoch 13: [0/472 (0.0%)]	Loss: 0.321055
2026-01-24 10:33:28,912 - experiment_chaotic_lorenz_full_chaotic_run_0 - INFO - [SYNC DEBUG] Epoch 13: sync_weight=0.0, desync_weight=0.0, loss_sync=0.000000
2026-01-24 10:33:30,163 - experiment_chaotic_lorenz_full_chaotic_run_0 - INFO - Epoch 13: Train Loss: 0.5519, Train Acc: 0.8438, Val Loss: 6.5358, Val Acc: 0.0449
2026-01-24 10:33:30,697 - experiment_chaotic_lorenz_full_chaotic_run_0 - INFO - Train Epoch 14: [0/472 (0.0%)]	Loss: 0.328032
2026-01-24 10:33:31,755 - experiment_chaotic_lorenz_full_chaotic_run_0 - DEBUG - [STABILITY] lyap=0.024, max_norm=37.1, min_std=8.009
2026-01-24 10:33:34,894 - experiment_chaotic_lorenz_full_chaotic_run_0 - INFO - [SYNC DEBUG] Epoch 14: sync_weight=0.0, desync_weight=0.0, loss_sync=0.000000
2026-01-24 10:33:36,129 - experiment_chaotic_lorenz_full_chaotic_run_0 - INFO - Epoch 14: Train Loss: 0.5124, Train Acc: 0.8415, Val Loss: 6.1018, Val Acc: 0.0449
2026-01-24 10:33:36,671 - experiment_chaotic_lorenz_full_chaotic_run_0 - INFO - Train Epoch 15: [0/472 (0.0%)]	Loss: 0.347757
2026-01-24 10:33:40,897 - experiment_chaotic_lorenz_full_chaotic_run_0 - INFO - [SYNC DEBUG] Epoch 15: sync_weight=0.0, desync_weight=0.0, loss_sync=0.000000
2026-01-24 10:33:42,189 - experiment_chaotic_lorenz_full_chaotic_run_0 - INFO - Epoch 15: Train Loss: 0.5070, Train Acc: 0.8371, Val Loss: 3.9956, Val Acc: 0.2360
2026-01-24 10:33:42,270 - experiment_chaotic_lorenz_full_chaotic_run_0 - INFO - Saved new best model at epoch 15
2026-01-24 10:33:42,851 - experiment_chaotic_lorenz_full_chaotic_run_0 - INFO - Train Epoch 16: [0/472 (0.0%)]	Loss: 0.499349
2026-01-24 10:33:47,110 - experiment_chaotic_lorenz_full_chaotic_run_0 - INFO - [SYNC DEBUG] Epoch 16: sync_weight=0.0, desync_weight=0.0, loss_sync=0.000000
2026-01-24 10:33:48,422 - experiment_chaotic_lorenz_full_chaotic_run_0 - INFO - Epoch 16: Train Loss: 0.4859, Train Acc: 0.8527, Val Loss: 7.3539, Val Acc: 0.0449
2026-01-24 10:33:48,984 - experiment_chaotic_lorenz_full_chaotic_run_0 - INFO - Train Epoch 17: [0/472 (0.0%)]	Loss: 0.196498
2026-01-24 10:33:53,459 - experiment_chaotic_lorenz_full_chaotic_run_0 - INFO - [SYNC DEBUG] Epoch 17: sync_weight=0.0, desync_weight=0.0, loss_sync=0.000000
2026-01-24 10:33:54,682 - experiment_chaotic_lorenz_full_chaotic_run_0 - INFO - Epoch 17: Train Loss: 0.3621, Train Acc: 0.8906, Val Loss: 5.5837, Val Acc: 0.0899
2026-01-24 10:33:55,217 - experiment_chaotic_lorenz_full_chaotic_run_0 - INFO - Train Epoch 18: [0/472 (0.0%)]	Loss: 0.338467
2026-01-24 10:33:59,479 - experiment_chaotic_lorenz_full_chaotic_run_0 - INFO - [SYNC DEBUG] Epoch 18: sync_weight=0.0, desync_weight=0.0, loss_sync=0.000000
2026-01-24 10:34:00,713 - experiment_chaotic_lorenz_full_chaotic_run_0 - INFO - Epoch 18: Train Loss: 0.3087, Train Acc: 0.9062, Val Loss: 8.1607, Val Acc: 0.0449
2026-01-24 10:34:01,256 - experiment_chaotic_lorenz_full_chaotic_run_0 - INFO - Train Epoch 19: [0/472 (0.0%)]	Loss: 0.292465
2026-01-24 10:34:05,502 - experiment_chaotic_lorenz_full_chaotic_run_0 - INFO - [SYNC DEBUG] Epoch 19: sync_weight=0.0, desync_weight=0.0, loss_sync=0.000000
2026-01-24 10:34:06,707 - experiment_chaotic_lorenz_full_chaotic_run_0 - INFO - Epoch 19: Train Loss: 0.3038, Train Acc: 0.9018, Val Loss: 6.8198, Val Acc: 0.0449
2026-01-24 10:34:07,254 - experiment_chaotic_lorenz_full_chaotic_run_0 - INFO - Train Epoch 20: [0/472 (0.0%)]	Loss: 0.620654
2026-01-24 10:34:11,459 - experiment_chaotic_lorenz_full_chaotic_run_0 - INFO - [SYNC DEBUG] Epoch 20: sync_weight=0.0, desync_weight=0.0, loss_sync=0.000000
2026-01-24 10:34:12,744 - experiment_chaotic_lorenz_full_chaotic_run_0 - INFO - Epoch 20: Train Loss: 0.3789, Train Acc: 0.8795, Val Loss: 5.8750, Val Acc: 0.0899
2026-01-24 10:34:13,380 - experiment_chaotic_lorenz_full_chaotic_run_0 - INFO - Train Epoch 21: [0/472 (0.0%)]	Loss: 0.187069
2026-01-24 10:34:15,056 - experiment_chaotic_lorenz_full_chaotic_run_0 - DEBUG - [STABILITY] lyap=0.024, max_norm=38.9, min_std=8.460
2026-01-24 10:34:17,589 - experiment_chaotic_lorenz_full_chaotic_run_0 - INFO - [SYNC DEBUG] Epoch 21: sync_weight=0.0, desync_weight=0.0, loss_sync=0.000000
2026-01-24 10:34:18,806 - experiment_chaotic_lorenz_full_chaotic_run_0 - INFO - Epoch 21: Train Loss: 0.3267, Train Acc: 0.8906, Val Loss: 6.8976, Val Acc: 0.0787
2026-01-24 10:34:19,380 - experiment_chaotic_lorenz_full_chaotic_run_0 - INFO - Train Epoch 22: [0/472 (0.0%)]	Loss: 0.170021
2026-01-24 10:34:23,577 - experiment_chaotic_lorenz_full_chaotic_run_0 - INFO - [SYNC DEBUG] Epoch 22: sync_weight=0.0, desync_weight=0.0, loss_sync=0.000000
2026-01-24 10:34:24,785 - experiment_chaotic_lorenz_full_chaotic_run_0 - INFO - Epoch 22: Train Loss: 0.2347, Train Acc: 0.9263, Val Loss: 6.1598, Val Acc: 0.0562
2026-01-24 10:34:25,345 - experiment_chaotic_lorenz_full_chaotic_run_0 - INFO - Train Epoch 23: [0/472 (0.0%)]	Loss: 0.479193
2026-01-24 10:34:29,606 - experiment_chaotic_lorenz_full_chaotic_run_0 - INFO - [SYNC DEBUG] Epoch 23: sync_weight=0.0, desync_weight=0.0, loss_sync=0.000000
2026-01-24 10:34:30,900 - experiment_chaotic_lorenz_full_chaotic_run_0 - INFO - Epoch 23: Train Loss: 0.3179, Train Acc: 0.8973, Val Loss: 6.6720, Val Acc: 0.0899
2026-01-24 10:34:31,449 - experiment_chaotic_lorenz_full_chaotic_run_0 - INFO - Train Epoch 24: [0/472 (0.0%)]	Loss: 0.114779
2026-01-24 10:34:35,707 - experiment_chaotic_lorenz_full_chaotic_run_0 - INFO - [SYNC DEBUG] Epoch 24: sync_weight=0.0, desync_weight=0.0, loss_sync=0.000000
2026-01-24 10:34:36,964 - experiment_chaotic_lorenz_full_chaotic_run_0 - INFO - Epoch 24: Train Loss: 0.2332, Train Acc: 0.9263, Val Loss: 5.2495, Val Acc: 0.1011
2026-01-24 10:34:37,500 - experiment_chaotic_lorenz_full_chaotic_run_0 - INFO - Train Epoch 25: [0/472 (0.0%)]	Loss: 0.128117
2026-01-24 10:34:41,694 - experiment_chaotic_lorenz_full_chaotic_run_0 - INFO - [SYNC DEBUG] Epoch 25: sync_weight=0.0, desync_weight=0.0, loss_sync=0.000000
2026-01-24 10:34:42,940 - experiment_chaotic_lorenz_full_chaotic_run_0 - INFO - Epoch 25: Train Loss: 0.1900, Train Acc: 0.9487, Val Loss: 10.5555, Val Acc: 0.0449
2026-01-24 10:34:43,477 - experiment_chaotic_lorenz_full_chaotic_run_0 - INFO - Train Epoch 26: [0/472 (0.0%)]	Loss: 0.240451
2026-01-24 10:34:47,676 - experiment_chaotic_lorenz_full_chaotic_run_0 - INFO - [SYNC DEBUG] Epoch 26: sync_weight=0.0, desync_weight=0.0, loss_sync=0.000000
2026-01-24 10:34:48,938 - experiment_chaotic_lorenz_full_chaotic_run_0 - INFO - Epoch 26: Train Loss: 0.2131, Train Acc: 0.9263, Val Loss: 5.8410, Val Acc: 0.1236
2026-01-24 10:34:49,477 - experiment_chaotic_lorenz_full_chaotic_run_0 - INFO - Train Epoch 27: [0/472 (0.0%)]	Loss: 0.304616
2026-01-24 10:34:53,724 - experiment_chaotic_lorenz_full_chaotic_run_0 - INFO - [SYNC DEBUG] Epoch 27: sync_weight=0.0, desync_weight=0.0, loss_sync=0.000000
2026-01-24 10:34:54,946 - experiment_chaotic_lorenz_full_chaotic_run_0 - INFO - Epoch 27: Train Loss: 0.1988, Train Acc: 0.9397, Val Loss: 7.1647, Val Acc: 0.0562
2026-01-24 10:34:55,524 - experiment_chaotic_lorenz_full_chaotic_run_0 - INFO - Train Epoch 28: [0/472 (0.0%)]	Loss: 0.275292
2026-01-24 10:34:57,845 - experiment_chaotic_lorenz_full_chaotic_run_0 - DEBUG - [STABILITY] lyap=0.022, max_norm=39.0, min_std=8.485
2026-01-24 10:34:59,749 - experiment_chaotic_lorenz_full_chaotic_run_0 - INFO - [SYNC DEBUG] Epoch 28: sync_weight=0.0, desync_weight=0.0, loss_sync=0.000000
2026-01-24 10:35:00,984 - experiment_chaotic_lorenz_full_chaotic_run_0 - INFO - Epoch 28: Train Loss: 0.1616, Train Acc: 0.9643, Val Loss: 6.8771, Val Acc: 0.0899
2026-01-24 10:35:01,534 - experiment_chaotic_lorenz_full_chaotic_run_0 - INFO - Train Epoch 29: [0/472 (0.0%)]	Loss: 0.253325
2026-01-24 10:35:05,727 - experiment_chaotic_lorenz_full_chaotic_run_0 - INFO - [SYNC DEBUG] Epoch 29: sync_weight=0.0, desync_weight=0.0, loss_sync=0.000000
2026-01-24 10:35:06,984 - experiment_chaotic_lorenz_full_chaotic_run_0 - INFO - Epoch 29: Train Loss: 0.1766, Train Acc: 0.9397, Val Loss: 5.0374, Val Acc: 0.1236
2026-01-24 10:35:07,529 - experiment_chaotic_lorenz_full_chaotic_run_0 - INFO - Train Epoch 30: [0/472 (0.0%)]	Loss: 0.170696
2026-01-24 10:35:11,751 - experiment_chaotic_lorenz_full_chaotic_run_0 - INFO - [SYNC DEBUG] Epoch 30: sync_weight=0.0, desync_weight=0.0, loss_sync=0.000000
2026-01-24 10:35:13,000 - experiment_chaotic_lorenz_full_chaotic_run_0 - INFO - Epoch 30: Train Loss: 0.1536, Train Acc: 0.9397, Val Loss: 4.7225, Val Acc: 0.2584
2026-01-24 10:35:13,080 - experiment_chaotic_lorenz_full_chaotic_run_0 - INFO - Saved new best model at epoch 30
2026-01-24 10:35:13,737 - experiment_chaotic_lorenz_full_chaotic_run_0 - INFO - Train Epoch 31: [0/472 (0.0%)]	Loss: 0.205770
2026-01-24 10:35:17,991 - experiment_chaotic_lorenz_full_chaotic_run_0 - INFO - [SYNC DEBUG] Epoch 31: sync_weight=0.0, desync_weight=0.0, loss_sync=0.000000
2026-01-24 10:35:19,270 - experiment_chaotic_lorenz_full_chaotic_run_0 - INFO - Epoch 31: Train Loss: 0.1945, Train Acc: 0.9420, Val Loss: 4.8788, Val Acc: 0.1685
2026-01-24 10:35:19,819 - experiment_chaotic_lorenz_full_chaotic_run_0 - INFO - Train Epoch 32: [0/472 (0.0%)]	Loss: 0.115592
2026-01-24 10:35:24,076 - experiment_chaotic_lorenz_full_chaotic_run_0 - INFO - [SYNC DEBUG] Epoch 32: sync_weight=0.0, desync_weight=0.0, loss_sync=0.000000
2026-01-24 10:35:25,307 - experiment_chaotic_lorenz_full_chaotic_run_0 - INFO - Epoch 32: Train Loss: 0.1453, Train Acc: 0.9464, Val Loss: 5.2241, Val Acc: 0.1910
2026-01-24 10:35:25,855 - experiment_chaotic_lorenz_full_chaotic_run_0 - INFO - Train Epoch 33: [0/472 (0.0%)]	Loss: 0.267735
2026-01-24 10:35:30,116 - experiment_chaotic_lorenz_full_chaotic_run_0 - INFO - [SYNC DEBUG] Epoch 33: sync_weight=0.0, desync_weight=0.0, loss_sync=0.000000
2026-01-24 10:35:31,400 - experiment_chaotic_lorenz_full_chaotic_run_0 - INFO - Epoch 33: Train Loss: 0.1261, Train Acc: 0.9531, Val Loss: 6.1470, Val Acc: 0.1461
2026-01-24 10:35:31,950 - experiment_chaotic_lorenz_full_chaotic_run_0 - INFO - Train Epoch 34: [0/472 (0.0%)]	Loss: 0.087350
2026-01-24 10:35:36,203 - experiment_chaotic_lorenz_full_chaotic_run_0 - INFO - [SYNC DEBUG] Epoch 34: sync_weight=0.0, desync_weight=0.0, loss_sync=0.000000
2026-01-24 10:35:37,435 - experiment_chaotic_lorenz_full_chaotic_run_0 - INFO - Epoch 34: Train Loss: 0.1215, Train Acc: 0.9665, Val Loss: 10.5970, Val Acc: 0.0449
2026-01-24 10:35:37,964 - experiment_chaotic_lorenz_full_chaotic_run_0 - INFO - Train Epoch 35: [0/472 (0.0%)]	Loss: 0.067220
2026-01-24 10:35:40,927 - experiment_chaotic_lorenz_full_chaotic_run_0 - DEBUG - [STABILITY] lyap=0.023, max_norm=38.4, min_std=8.361
2026-01-24 10:35:42,225 - experiment_chaotic_lorenz_full_chaotic_run_0 - INFO - [SYNC DEBUG] Epoch 35: sync_weight=0.0, desync_weight=0.0, loss_sync=0.000000
2026-01-24 10:35:43,487 - experiment_chaotic_lorenz_full_chaotic_run_0 - INFO - Epoch 35: Train Loss: 0.1888, Train Acc: 0.9420, Val Loss: 5.9241, Val Acc: 0.1236
2026-01-24 10:35:44,029 - experiment_chaotic_lorenz_full_chaotic_run_0 - INFO - Train Epoch 36: [0/472 (0.0%)]	Loss: 0.029397
2026-01-24 10:35:48,252 - experiment_chaotic_lorenz_full_chaotic_run_0 - INFO - [SYNC DEBUG] Epoch 36: sync_weight=0.0, desync_weight=0.0, loss_sync=0.000000
2026-01-24 10:35:49,478 - experiment_chaotic_lorenz_full_chaotic_run_0 - INFO - Epoch 36: Train Loss: 0.1246, Train Acc: 0.9643, Val Loss: 7.4289, Val Acc: 0.0899
2026-01-24 10:35:50,021 - experiment_chaotic_lorenz_full_chaotic_run_0 - INFO - Train Epoch 37: [0/472 (0.0%)]	Loss: 0.076523
2026-01-24 10:35:54,245 - experiment_chaotic_lorenz_full_chaotic_run_0 - INFO - [SYNC DEBUG] Epoch 37: sync_weight=0.0, desync_weight=0.0, loss_sync=0.000000
2026-01-24 10:35:55,515 - experiment_chaotic_lorenz_full_chaotic_run_0 - INFO - Epoch 37: Train Loss: 0.1390, Train Acc: 0.9554, Val Loss: 7.2069, Val Acc: 0.0899
2026-01-24 10:35:56,057 - experiment_chaotic_lorenz_full_chaotic_run_0 - INFO - Train Epoch 38: [0/472 (0.0%)]	Loss: 0.395553
2026-01-24 10:36:00,290 - experiment_chaotic_lorenz_full_chaotic_run_0 - INFO - [SYNC DEBUG] Epoch 38: sync_weight=0.0, desync_weight=0.0, loss_sync=0.000000
2026-01-24 10:36:01,543 - experiment_chaotic_lorenz_full_chaotic_run_0 - INFO - Epoch 38: Train Loss: 0.1404, Train Acc: 0.9598, Val Loss: 7.7131, Val Acc: 0.0449
2026-01-24 10:36:02,091 - experiment_chaotic_lorenz_full_chaotic_run_0 - INFO - Train Epoch 39: [0/472 (0.0%)]	Loss: 0.029942
2026-01-24 10:36:06,347 - experiment_chaotic_lorenz_full_chaotic_run_0 - INFO - [SYNC DEBUG] Epoch 39: sync_weight=0.0, desync_weight=0.0, loss_sync=0.000000
2026-01-24 10:36:07,570 - experiment_chaotic_lorenz_full_chaotic_run_0 - INFO - Epoch 39: Train Loss: 0.0994, Train Acc: 0.9665, Val Loss: 7.8567, Val Acc: 0.0562
2026-01-24 10:36:08,113 - experiment_chaotic_lorenz_full_chaotic_run_0 - INFO - Train Epoch 40: [0/472 (0.0%)]	Loss: 0.103735
2026-01-24 10:36:12,375 - experiment_chaotic_lorenz_full_chaotic_run_0 - INFO - [SYNC DEBUG] Epoch 40: sync_weight=0.0, desync_weight=0.0, loss_sync=0.000000
2026-01-24 10:36:13,608 - experiment_chaotic_lorenz_full_chaotic_run_0 - INFO - Epoch 40: Train Loss: 0.0800, Train Acc: 0.9710, Val Loss: 7.3049, Val Acc: 0.1124
2026-01-24 10:36:14,226 - experiment_chaotic_lorenz_full_chaotic_run_0 - INFO - Train Epoch 41: [0/472 (0.0%)]	Loss: 0.142353
2026-01-24 10:36:18,448 - experiment_chaotic_lorenz_full_chaotic_run_0 - INFO - [SYNC DEBUG] Epoch 41: sync_weight=0.0, desync_weight=0.0, loss_sync=0.000000
2026-01-24 10:36:19,678 - experiment_chaotic_lorenz_full_chaotic_run_0 - INFO - Epoch 41: Train Loss: 0.0933, Train Acc: 0.9665, Val Loss: 6.7416, Val Acc: 0.1685
2026-01-24 10:36:20,223 - experiment_chaotic_lorenz_full_chaotic_run_0 - INFO - Train Epoch 42: [0/472 (0.0%)]	Loss: 0.077295
2026-01-24 10:36:23,764 - experiment_chaotic_lorenz_full_chaotic_run_0 - DEBUG - [STABILITY] lyap=0.028, max_norm=31.3, min_std=6.534
2026-01-24 10:36:24,428 - experiment_chaotic_lorenz_full_chaotic_run_0 - INFO - [SYNC DEBUG] Epoch 42: sync_weight=0.0, desync_weight=0.0, loss_sync=0.000000
2026-01-24 10:36:25,672 - experiment_chaotic_lorenz_full_chaotic_run_0 - INFO - Epoch 42: Train Loss: 0.1271, Train Acc: 0.9576, Val Loss: 7.5935, Val Acc: 0.0674
2026-01-24 10:36:26,221 - experiment_chaotic_lorenz_full_chaotic_run_0 - INFO - Train Epoch 43: [0/472 (0.0%)]	Loss: 0.169801
2026-01-24 10:36:30,503 - experiment_chaotic_lorenz_full_chaotic_run_0 - INFO - [SYNC DEBUG] Epoch 43: sync_weight=0.0, desync_weight=0.0, loss_sync=0.000000
2026-01-24 10:36:31,762 - experiment_chaotic_lorenz_full_chaotic_run_0 - INFO - Epoch 43: Train Loss: 0.1091, Train Acc: 0.9598, Val Loss: 6.2282, Val Acc: 0.1798
2026-01-24 10:36:32,312 - experiment_chaotic_lorenz_full_chaotic_run_0 - INFO - Train Epoch 44: [0/472 (0.0%)]	Loss: 0.139386
2026-01-24 10:36:36,535 - experiment_chaotic_lorenz_full_chaotic_run_0 - INFO - [SYNC DEBUG] Epoch 44: sync_weight=0.0, desync_weight=0.0, loss_sync=0.000000
2026-01-24 10:36:37,796 - experiment_chaotic_lorenz_full_chaotic_run_0 - INFO - Epoch 44: Train Loss: 0.1044, Train Acc: 0.9665, Val Loss: 6.8965, Val Acc: 0.1685
2026-01-24 10:36:38,331 - experiment_chaotic_lorenz_full_chaotic_run_0 - INFO - Train Epoch 45: [0/472 (0.0%)]	Loss: 0.065584
2026-01-24 10:36:42,573 - experiment_chaotic_lorenz_full_chaotic_run_0 - INFO - [SYNC DEBUG] Epoch 45: sync_weight=0.0, desync_weight=0.0, loss_sync=0.000000
2026-01-24 10:36:43,808 - experiment_chaotic_lorenz_full_chaotic_run_0 - INFO - Epoch 45: Train Loss: 0.0945, Train Acc: 0.9688, Val Loss: 7.0014, Val Acc: 0.1124
2026-01-24 10:36:44,347 - experiment_chaotic_lorenz_full_chaotic_run_0 - INFO - Train Epoch 46: [0/472 (0.0%)]	Loss: 0.035101
2026-01-24 10:36:48,618 - experiment_chaotic_lorenz_full_chaotic_run_0 - INFO - [SYNC DEBUG] Epoch 46: sync_weight=0.0, desync_weight=0.0, loss_sync=0.000000
2026-01-24 10:36:49,894 - experiment_chaotic_lorenz_full_chaotic_run_0 - INFO - Epoch 46: Train Loss: 0.0609, Train Acc: 0.9844, Val Loss: 7.1322, Val Acc: 0.1011
2026-01-24 10:36:50,467 - experiment_chaotic_lorenz_full_chaotic_run_0 - INFO - Train Epoch 47: [0/472 (0.0%)]	Loss: 0.022382
2026-01-24 10:36:54,722 - experiment_chaotic_lorenz_full_chaotic_run_0 - INFO - [SYNC DEBUG] Epoch 47: sync_weight=0.0, desync_weight=0.0, loss_sync=0.000000
2026-01-24 10:36:55,962 - experiment_chaotic_lorenz_full_chaotic_run_0 - INFO - Epoch 47: Train Loss: 0.0768, Train Acc: 0.9732, Val Loss: 4.3488, Val Acc: 0.2472
2026-01-24 10:36:56,505 - experiment_chaotic_lorenz_full_chaotic_run_0 - INFO - Train Epoch 48: [0/472 (0.0%)]	Loss: 0.092201
2026-01-24 10:37:00,752 - experiment_chaotic_lorenz_full_chaotic_run_0 - INFO - [SYNC DEBUG] Epoch 48: sync_weight=0.0, desync_weight=0.0, loss_sync=0.000000
2026-01-24 10:37:01,987 - experiment_chaotic_lorenz_full_chaotic_run_0 - INFO - Epoch 48: Train Loss: 0.0877, Train Acc: 0.9688, Val Loss: 7.1063, Val Acc: 0.0899
2026-01-24 10:37:02,536 - experiment_chaotic_lorenz_full_chaotic_run_0 - INFO - Train Epoch 49: [0/472 (0.0%)]	Loss: 0.094488
2026-01-24 10:37:06,801 - experiment_chaotic_lorenz_full_chaotic_run_0 - INFO - [SYNC DEBUG] Epoch 49: sync_weight=0.0, desync_weight=0.0, loss_sync=0.000000
2026-01-24 10:37:08,071 - experiment_chaotic_lorenz_full_chaotic_run_0 - INFO - Epoch 49: Train Loss: 0.0464, Train Acc: 0.9866, Val Loss: 5.2902, Val Acc: 0.2247
2026-01-24 10:37:08,417 - experiment_chaotic_lorenz_full_chaotic_run_0 - DEBUG - [STABILITY] lyap=0.027, max_norm=30.8, min_std=6.382
2026-01-24 10:37:08,610 - experiment_chaotic_lorenz_full_chaotic_run_0 - INFO - Train Epoch 50: [0/472 (0.0%)]	Loss: 0.020642
2026-01-24 10:37:12,811 - experiment_chaotic_lorenz_full_chaotic_run_0 - INFO - [SYNC DEBUG] Epoch 50: sync_weight=0.0, desync_weight=0.0, loss_sync=0.000000
2026-01-24 10:37:14,031 - experiment_chaotic_lorenz_full_chaotic_run_0 - INFO - Epoch 50: Train Loss: 0.0518, Train Acc: 0.9844, Val Loss: 6.4712, Val Acc: 0.1124
2026-01-24 10:37:14,104 - experiment_chaotic_lorenz_full_chaotic_run_0 - INFO - Early stopping triggered at epoch 50
2026-01-24 10:37:14,106 - experiment_chaotic_lorenz_full_chaotic_run_0 - INFO - Running final test evaluation...
2026-01-24 10:37:14,878 - experiment_chaotic_lorenz_full_chaotic_run_0 - INFO - Test Results:
2026-01-24 10:37:14,878 - experiment_chaotic_lorenz_full_chaotic_run_0 - INFO -   loss: 6.5975
2026-01-24 10:37:14,879 - experiment_chaotic_lorenz_full_chaotic_run_0 - INFO -   accuracy: 0.1017
2026-01-24 10:37:14,879 - experiment_chaotic_lorenz_full_chaotic_run_0 - INFO -   avg_confidence: 0.9371
2026-01-24 10:37:14,879 - experiment_chaotic_lorenz_full_chaotic_run_0 - INFO -   embedding_diversity: 0.1964
2026-01-24 10:37:14,879 - experiment_chaotic_lorenz_full_chaotic_run_0 - INFO -   embedding_norm_mean: 1.0000
2026-01-24 10:37:14,879 - experiment_chaotic_lorenz_full_chaotic_run_0 - INFO -   embedding_norm_std: 0.0000
2026-01-24 10:37:14,881 - experiment_chaotic_lorenz_full_chaotic_run_0 - INFO - Training completed
2026-01-24 10:37:15,650 - experiment_chaotic_lorenz_full_chaotic_run_0 - INFO - Running comprehensive chaotic network analysis...
2026-01-24 10:37:15,651 - experiment_chaotic_lorenz_full_chaotic_run_0 - INFO - Analyzing chaotic features and dynamics...
2026-01-24 10:37:16,297 - experiment_chaotic_lorenz_full_chaotic_run_0 - INFO - Chaotic analysis completed
2026-01-24 10:37:16,299 - experiment_chaotic_lorenz_full_chaotic_run_0 - INFO - Creating chaotic dynamics visualizations...
2026-01-24 10:37:18,687 - experiment_chaotic_lorenz_full_chaotic_run_0 - WARNING - Embedding plotting failed: boolean index did not match indexed array along dimension 0; dimension is 8 but corresponding boolean dimension is 32
2026-01-24 10:37:18,693 - experiment_chaotic_lorenz_full_chaotic_run_0 - INFO - Chaotic network analysis completed
