2026-01-02 17:15:00,391 - experiment_chaotic_lorenz_full_chaotic_run_0 - INFO - Initialized experiment: chaotic_lorenz_full_chaotic_run_0
2026-01-02 17:15:00,391 - experiment_chaotic_lorenz_full_chaotic_run_0 - INFO - Device: cuda
2026-01-02 17:15:00,391 - experiment_chaotic_lorenz_full_chaotic_run_0 - INFO - Output directory: /scratch/project_2003370/yueyao/Model/experiments/configs/4.2_tau_and_de_experiment/tau/experiments/chaotic_lorenz_full_chaotic_run_0
2026-01-02 17:15:00,392 - experiment_chaotic_lorenz_full_chaotic_run_0 - INFO - Initialized chaotic network experiment with lorenz system
2026-01-02 17:15:00,392 - experiment_chaotic_lorenz_full_chaotic_run_0 - INFO - Setting up experiment components...
2026-01-02 17:15:00,392 - experiment_chaotic_lorenz_full_chaotic_run_0 - INFO - Creating dataloaders...
2026-01-02 17:15:16,201 - experiment_chaotic_lorenz_full_chaotic_run_0 - INFO - Detected 26 speakers in dataset
2026-01-02 17:15:16,201 - experiment_chaotic_lorenz_full_chaotic_run_0 - INFO - Dataloaders created:
2026-01-02 17:15:16,201 - experiment_chaotic_lorenz_full_chaotic_run_0 - INFO -   Train: 14 batches
2026-01-02 17:15:16,201 - experiment_chaotic_lorenz_full_chaotic_run_0 - INFO -   Val: 3 batches
2026-01-02 17:15:16,201 - experiment_chaotic_lorenz_full_chaotic_run_0 - INFO -   Test: 4 batches
2026-01-02 17:15:16,201 - experiment_chaotic_lorenz_full_chaotic_run_0 - INFO - Creating model...
2026-01-02 17:15:16,201 - experiment_chaotic_lorenz_full_chaotic_run_0 - INFO - Using actual num_speakers from dataset: 26
2026-01-02 17:15:16,201 - experiment_chaotic_lorenz_full_chaotic_run_0 - INFO - [BIFURCATION] use_bifurcation_control=True
2026-01-02 17:15:47,103 - experiment_chaotic_lorenz_full_chaotic_run_0 - INFO - [PLDA] Replaced classifier with PLDAClassifier (latent_dim=128)
2026-01-02 17:15:47,106 - experiment_chaotic_lorenz_full_chaotic_run_0 - INFO - Total parameters: 523,208
2026-01-02 17:15:47,107 - experiment_chaotic_lorenz_full_chaotic_run_0 - INFO - Trainable parameters: 523,208
2026-01-02 17:15:47,107 - experiment_chaotic_lorenz_full_chaotic_run_0 - INFO - Creating optimizer...
2026-01-02 17:15:49,819 - experiment_chaotic_lorenz_full_chaotic_run_0 - INFO - Optimizer: AdamW
2026-01-02 17:15:49,820 - experiment_chaotic_lorenz_full_chaotic_run_0 - INFO - Creating scheduler...
2026-01-02 17:15:49,820 - experiment_chaotic_lorenz_full_chaotic_run_0 - INFO - Scheduler: CosineAnnealingLR
2026-01-02 17:15:49,820 - experiment_chaotic_lorenz_full_chaotic_run_0 - INFO - Creating criterion...
2026-01-02 17:15:49,820 - experiment_chaotic_lorenz_full_chaotic_run_0 - INFO - Criterion: CrossEntropyLoss
2026-01-02 17:15:49,865 - experiment_chaotic_lorenz_full_chaotic_run_0 - INFO - Configuration saved to: /scratch/project_2003370/yueyao/Model/experiments/configs/4.2_tau_and_de_experiment/tau/experiments/chaotic_lorenz_full_chaotic_run_0/config.json
2026-01-02 17:15:49,865 - experiment_chaotic_lorenz_full_chaotic_run_0 - INFO - Experiment setup completed
2026-01-02 17:15:49,866 - experiment_chaotic_lorenz_full_chaotic_run_0 - INFO - Starting training for 100 epochs
2026-01-02 17:15:51,557 - experiment_chaotic_lorenz_full_chaotic_run_0 - INFO - 
================================================================================
2026-01-02 17:15:51,558 - experiment_chaotic_lorenz_full_chaotic_run_0 - INFO - COMPREHENSIVE DEBUG - FIRST BATCH
2026-01-02 17:15:51,558 - experiment_chaotic_lorenz_full_chaotic_run_0 - INFO - ================================================================================
2026-01-02 17:15:51,558 - experiment_chaotic_lorenz_full_chaotic_run_0 - INFO - Batch Info:
2026-01-02 17:15:51,558 - experiment_chaotic_lorenz_full_chaotic_run_0 - INFO -   Audio shape: torch.Size([32, 48000])
2026-01-02 17:15:51,558 - experiment_chaotic_lorenz_full_chaotic_run_0 - INFO -   Targets shape: torch.Size([32])
2026-01-02 17:15:51,564 - experiment_chaotic_lorenz_full_chaotic_run_0 - INFO -   Targets (first 8): tensor([ 3,  7, 24,  7, 18, 22, 20, 15], device='cuda:0')
2026-01-02 17:15:55,045 - experiment_chaotic_lorenz_full_chaotic_run_0 - INFO - ================================================================================

2026-01-02 17:15:55,046 - experiment_chaotic_lorenz_full_chaotic_run_0 - INFO - [ADVERSARIAL] Initialized AdversarialChaoticAugmentation
2026-01-02 17:15:55,179 - experiment_chaotic_lorenz_full_chaotic_run_0 - INFO - [SYNC LOSS] Initialized PhaseSynchronizationLoss
2026-01-02 17:15:55,311 - experiment_chaotic_lorenz_full_chaotic_run_0 - INFO - [STABILITY] Initialized LyapunovStabilityLoss
2026-01-02 17:15:56,833 - experiment_chaotic_lorenz_full_chaotic_run_0 - INFO - Train Epoch 0: [0/472 (0.0%)]	Loss: 3.587961
2026-01-02 17:16:06,802 - experiment_chaotic_lorenz_full_chaotic_run_0 - INFO - [ADVERSARIAL] Warmup: epoch 1/5
2026-01-02 17:16:07,602 - experiment_chaotic_lorenz_full_chaotic_run_0 - INFO - Epoch 0: Train Loss: 3.3633, Train Acc: 0.0714, Val Loss: 3.2553, Val Acc: 0.0449
2026-01-02 17:16:07,693 - experiment_chaotic_lorenz_full_chaotic_run_0 - INFO - Saved new best model at epoch 0
2026-01-02 17:16:09,824 - experiment_chaotic_lorenz_full_chaotic_run_0 - INFO - Train Epoch 1: [0/472 (0.0%)]	Loss: 3.143377
2026-01-02 17:16:18,407 - experiment_chaotic_lorenz_full_chaotic_run_0 - INFO - [ADVERSARIAL] Warmup: epoch 2/5
2026-01-02 17:16:19,191 - experiment_chaotic_lorenz_full_chaotic_run_0 - INFO - Epoch 1: Train Loss: 3.1308, Train Acc: 0.2054, Val Loss: 3.2557, Val Acc: 0.0449
2026-01-02 17:16:19,987 - experiment_chaotic_lorenz_full_chaotic_run_0 - INFO - Train Epoch 2: [0/472 (0.0%)]	Loss: 2.880072
2026-01-02 17:16:28,531 - experiment_chaotic_lorenz_full_chaotic_run_0 - INFO - [ADVERSARIAL] Warmup: epoch 3/5
2026-01-02 17:16:29,313 - experiment_chaotic_lorenz_full_chaotic_run_0 - INFO - Epoch 2: Train Loss: 2.9022, Train Acc: 0.3683, Val Loss: 3.2678, Val Acc: 0.0562
2026-01-02 17:16:29,408 - experiment_chaotic_lorenz_full_chaotic_run_0 - INFO - Saved new best model at epoch 2
2026-01-02 17:16:30,243 - experiment_chaotic_lorenz_full_chaotic_run_0 - INFO - Train Epoch 3: [0/472 (0.0%)]	Loss: 2.708463
2026-01-02 17:16:39,035 - experiment_chaotic_lorenz_full_chaotic_run_0 - INFO - [ADVERSARIAL] Warmup: epoch 4/5
2026-01-02 17:16:39,810 - experiment_chaotic_lorenz_full_chaotic_run_0 - INFO - Epoch 3: Train Loss: 2.6234, Train Acc: 0.4576, Val Loss: 3.3442, Val Acc: 0.0449
2026-01-02 17:16:40,600 - experiment_chaotic_lorenz_full_chaotic_run_0 - INFO - Train Epoch 4: [0/472 (0.0%)]	Loss: 2.280133
2026-01-02 17:16:49,142 - experiment_chaotic_lorenz_full_chaotic_run_0 - INFO - [ADVERSARIAL] Warmup: epoch 5/5
2026-01-02 17:16:49,932 - experiment_chaotic_lorenz_full_chaotic_run_0 - INFO - Epoch 4: Train Loss: 2.2984, Train Acc: 0.5312, Val Loss: 3.2728, Val Acc: 0.1011
2026-01-02 17:16:50,023 - experiment_chaotic_lorenz_full_chaotic_run_0 - INFO - Saved new best model at epoch 4
2026-01-02 17:16:50,666 - experiment_chaotic_lorenz_full_chaotic_run_0 - INFO - Train Epoch 5: [0/472 (0.0%)]	Loss: 2.697346
2026-01-02 17:16:56,064 - experiment_chaotic_lorenz_full_chaotic_run_0 - INFO - [ADVERSARIAL] Warmup complete, adversarial training activated!
2026-01-02 17:16:56,837 - experiment_chaotic_lorenz_full_chaotic_run_0 - INFO - Epoch 5: Train Loss: 2.5540, Train Acc: 0.6004, Val Loss: 3.4048, Val Acc: 0.0899
2026-01-02 17:16:57,400 - experiment_chaotic_lorenz_full_chaotic_run_0 - INFO - Train Epoch 6: [0/472 (0.0%)]	Loss: 2.355413
2026-01-02 17:17:03,565 - experiment_chaotic_lorenz_full_chaotic_run_0 - INFO - Epoch 6: Train Loss: 2.1957, Train Acc: 0.6362, Val Loss: 3.2123, Val Acc: 0.1011
2026-01-02 17:17:04,119 - experiment_chaotic_lorenz_full_chaotic_run_0 - INFO - Train Epoch 7: [0/472 (0.0%)]	Loss: 1.914367
2026-01-02 17:17:10,273 - experiment_chaotic_lorenz_full_chaotic_run_0 - INFO - Epoch 7: Train Loss: 1.8761, Train Acc: 0.6987, Val Loss: 3.4245, Val Acc: 0.0899
2026-01-02 17:17:10,817 - experiment_chaotic_lorenz_full_chaotic_run_0 - INFO - Train Epoch 8: [0/472 (0.0%)]	Loss: 1.679754
2026-01-02 17:17:16,985 - experiment_chaotic_lorenz_full_chaotic_run_0 - INFO - Epoch 8: Train Loss: 1.6309, Train Acc: 0.7388, Val Loss: 3.4531, Val Acc: 0.1573
2026-01-02 17:17:17,074 - experiment_chaotic_lorenz_full_chaotic_run_0 - INFO - Saved new best model at epoch 8
2026-01-02 17:17:17,668 - experiment_chaotic_lorenz_full_chaotic_run_0 - INFO - Train Epoch 9: [0/472 (0.0%)]	Loss: 1.436492
2026-01-02 17:17:23,869 - experiment_chaotic_lorenz_full_chaotic_run_0 - INFO - Epoch 9: Train Loss: 1.4208, Train Acc: 0.7634, Val Loss: 3.6010, Val Acc: 0.0449
2026-01-02 17:17:24,416 - experiment_chaotic_lorenz_full_chaotic_run_0 - INFO - Train Epoch 10: [0/472 (0.0%)]	Loss: 1.508571
2026-01-02 17:17:30,634 - experiment_chaotic_lorenz_full_chaotic_run_0 - INFO - Epoch 10: Train Loss: 1.2499, Train Acc: 0.7879, Val Loss: 3.5226, Val Acc: 0.1236
2026-01-02 17:17:31,278 - experiment_chaotic_lorenz_full_chaotic_run_0 - INFO - Train Epoch 11: [0/472 (0.0%)]	Loss: 1.180114
2026-01-02 17:17:37,460 - experiment_chaotic_lorenz_full_chaotic_run_0 - INFO - Epoch 11: Train Loss: 1.0799, Train Acc: 0.8594, Val Loss: 3.9878, Val Acc: 0.0674
2026-01-02 17:17:38,007 - experiment_chaotic_lorenz_full_chaotic_run_0 - INFO - Train Epoch 12: [0/472 (0.0%)]	Loss: 1.039416
2026-01-02 17:17:44,193 - experiment_chaotic_lorenz_full_chaotic_run_0 - INFO - Epoch 12: Train Loss: 0.9404, Train Acc: 0.8884, Val Loss: 3.5565, Val Acc: 0.0674
2026-01-02 17:17:44,745 - experiment_chaotic_lorenz_full_chaotic_run_0 - INFO - Train Epoch 13: [0/472 (0.0%)]	Loss: 0.790382
2026-01-02 17:17:50,938 - experiment_chaotic_lorenz_full_chaotic_run_0 - INFO - Epoch 13: Train Loss: 0.8352, Train Acc: 0.8951, Val Loss: 3.6644, Val Acc: 0.1011
2026-01-02 17:17:51,488 - experiment_chaotic_lorenz_full_chaotic_run_0 - INFO - Train Epoch 14: [0/472 (0.0%)]	Loss: 0.719004
2026-01-02 17:17:57,699 - experiment_chaotic_lorenz_full_chaotic_run_0 - INFO - Epoch 14: Train Loss: 0.8220, Train Acc: 0.8750, Val Loss: 4.4417, Val Acc: 0.1236
2026-01-02 17:17:58,248 - experiment_chaotic_lorenz_full_chaotic_run_0 - INFO - Train Epoch 15: [0/472 (0.0%)]	Loss: 0.749796
2026-01-02 17:18:04,448 - experiment_chaotic_lorenz_full_chaotic_run_0 - INFO - Epoch 15: Train Loss: 0.7334, Train Acc: 0.8839, Val Loss: 3.7358, Val Acc: 0.1348
2026-01-02 17:18:04,993 - experiment_chaotic_lorenz_full_chaotic_run_0 - INFO - Train Epoch 16: [0/472 (0.0%)]	Loss: 0.585109
2026-01-02 17:18:11,170 - experiment_chaotic_lorenz_full_chaotic_run_0 - INFO - Epoch 16: Train Loss: 0.6858, Train Acc: 0.9085, Val Loss: 3.6610, Val Acc: 0.1573
2026-01-02 17:18:11,733 - experiment_chaotic_lorenz_full_chaotic_run_0 - INFO - Train Epoch 17: [0/472 (0.0%)]	Loss: 0.597223
2026-01-02 17:18:17,933 - experiment_chaotic_lorenz_full_chaotic_run_0 - INFO - Epoch 17: Train Loss: 0.6153, Train Acc: 0.9129, Val Loss: 4.8235, Val Acc: 0.0674
2026-01-02 17:18:18,510 - experiment_chaotic_lorenz_full_chaotic_run_0 - INFO - Train Epoch 18: [0/472 (0.0%)]	Loss: 0.597463
2026-01-02 17:18:24,688 - experiment_chaotic_lorenz_full_chaotic_run_0 - INFO - Epoch 18: Train Loss: 0.5708, Train Acc: 0.9353, Val Loss: 5.6868, Val Acc: 0.0449
2026-01-02 17:18:25,232 - experiment_chaotic_lorenz_full_chaotic_run_0 - INFO - Train Epoch 19: [0/472 (0.0%)]	Loss: 0.611617
2026-01-02 17:18:31,396 - experiment_chaotic_lorenz_full_chaotic_run_0 - INFO - Epoch 19: Train Loss: 0.5210, Train Acc: 0.9442, Val Loss: 4.3808, Val Acc: 0.1011
2026-01-02 17:18:31,944 - experiment_chaotic_lorenz_full_chaotic_run_0 - INFO - Train Epoch 20: [0/472 (0.0%)]	Loss: 0.460789
2026-01-02 17:18:38,092 - experiment_chaotic_lorenz_full_chaotic_run_0 - INFO - Epoch 20: Train Loss: 0.4713, Train Acc: 0.9420, Val Loss: 4.8956, Val Acc: 0.1124
2026-01-02 17:18:38,744 - experiment_chaotic_lorenz_full_chaotic_run_0 - INFO - Train Epoch 21: [0/472 (0.0%)]	Loss: 0.541964
2026-01-02 17:18:44,904 - experiment_chaotic_lorenz_full_chaotic_run_0 - INFO - Epoch 21: Train Loss: 0.4359, Train Acc: 0.9621, Val Loss: 5.3375, Val Acc: 0.0562
2026-01-02 17:18:45,456 - experiment_chaotic_lorenz_full_chaotic_run_0 - INFO - Train Epoch 22: [0/472 (0.0%)]	Loss: 0.515289
2026-01-02 17:18:51,654 - experiment_chaotic_lorenz_full_chaotic_run_0 - INFO - Epoch 22: Train Loss: 0.3889, Train Acc: 0.9621, Val Loss: 4.4090, Val Acc: 0.1348
2026-01-02 17:18:52,217 - experiment_chaotic_lorenz_full_chaotic_run_0 - INFO - Train Epoch 23: [0/472 (0.0%)]	Loss: 0.370371
2026-01-02 17:18:58,390 - experiment_chaotic_lorenz_full_chaotic_run_0 - INFO - Epoch 23: Train Loss: 0.3566, Train Acc: 0.9688, Val Loss: 5.3922, Val Acc: 0.0449
2026-01-02 17:18:58,957 - experiment_chaotic_lorenz_full_chaotic_run_0 - INFO - Train Epoch 24: [0/472 (0.0%)]	Loss: 0.352969
2026-01-02 17:19:05,173 - experiment_chaotic_lorenz_full_chaotic_run_0 - INFO - Epoch 24: Train Loss: 0.3648, Train Acc: 0.9576, Val Loss: 3.5340, Val Acc: 0.3034
2026-01-02 17:19:05,266 - experiment_chaotic_lorenz_full_chaotic_run_0 - INFO - Saved new best model at epoch 24
2026-01-02 17:19:05,857 - experiment_chaotic_lorenz_full_chaotic_run_0 - INFO - Train Epoch 25: [0/472 (0.0%)]	Loss: 0.268815
2026-01-02 17:19:12,075 - experiment_chaotic_lorenz_full_chaotic_run_0 - INFO - Epoch 25: Train Loss: 0.3153, Train Acc: 0.9821, Val Loss: 4.1747, Val Acc: 0.0899
2026-01-02 17:19:12,623 - experiment_chaotic_lorenz_full_chaotic_run_0 - INFO - Train Epoch 26: [0/472 (0.0%)]	Loss: 0.295080
2026-01-02 17:19:18,789 - experiment_chaotic_lorenz_full_chaotic_run_0 - INFO - Epoch 26: Train Loss: 0.3466, Train Acc: 0.9576, Val Loss: 3.6924, Val Acc: 0.2135
2026-01-02 17:19:19,339 - experiment_chaotic_lorenz_full_chaotic_run_0 - INFO - Train Epoch 27: [0/472 (0.0%)]	Loss: 0.339187
2026-01-02 17:19:25,551 - experiment_chaotic_lorenz_full_chaotic_run_0 - INFO - Epoch 27: Train Loss: 0.3406, Train Acc: 0.9531, Val Loss: 4.1642, Val Acc: 0.1461
2026-01-02 17:19:26,099 - experiment_chaotic_lorenz_full_chaotic_run_0 - INFO - Train Epoch 28: [0/472 (0.0%)]	Loss: 0.444953
2026-01-02 17:19:32,327 - experiment_chaotic_lorenz_full_chaotic_run_0 - INFO - Epoch 28: Train Loss: 0.3170, Train Acc: 0.9732, Val Loss: 3.9475, Val Acc: 0.2022
2026-01-02 17:19:32,875 - experiment_chaotic_lorenz_full_chaotic_run_0 - INFO - Train Epoch 29: [0/472 (0.0%)]	Loss: 0.442531
2026-01-02 17:19:39,063 - experiment_chaotic_lorenz_full_chaotic_run_0 - INFO - Epoch 29: Train Loss: 0.2817, Train Acc: 0.9799, Val Loss: 3.3815, Val Acc: 0.3258
2026-01-02 17:19:39,157 - experiment_chaotic_lorenz_full_chaotic_run_0 - INFO - Saved new best model at epoch 29
2026-01-02 17:19:39,748 - experiment_chaotic_lorenz_full_chaotic_run_0 - INFO - Train Epoch 30: [0/472 (0.0%)]	Loss: 0.212402
2026-01-02 17:19:45,949 - experiment_chaotic_lorenz_full_chaotic_run_0 - INFO - Epoch 30: Train Loss: 0.2664, Train Acc: 0.9754, Val Loss: 3.1540, Val Acc: 0.2247
2026-01-02 17:19:46,607 - experiment_chaotic_lorenz_full_chaotic_run_0 - INFO - Train Epoch 31: [0/472 (0.0%)]	Loss: 0.411883
2026-01-02 17:19:52,764 - experiment_chaotic_lorenz_full_chaotic_run_0 - INFO - Epoch 31: Train Loss: 0.2526, Train Acc: 0.9777, Val Loss: 7.2224, Val Acc: 0.0674
2026-01-02 17:19:53,323 - experiment_chaotic_lorenz_full_chaotic_run_0 - INFO - Train Epoch 32: [0/472 (0.0%)]	Loss: 0.242482
2026-01-02 17:19:59,697 - experiment_chaotic_lorenz_full_chaotic_run_0 - INFO - Epoch 32: Train Loss: 0.2339, Train Acc: 0.9799, Val Loss: 4.5063, Val Acc: 0.2135
2026-01-02 17:20:00,251 - experiment_chaotic_lorenz_full_chaotic_run_0 - INFO - Train Epoch 33: [0/472 (0.0%)]	Loss: 0.422860
2026-01-02 17:20:06,432 - experiment_chaotic_lorenz_full_chaotic_run_0 - INFO - Epoch 33: Train Loss: 0.2441, Train Acc: 0.9777, Val Loss: 4.6019, Val Acc: 0.1124
2026-01-02 17:20:06,988 - experiment_chaotic_lorenz_full_chaotic_run_0 - INFO - Train Epoch 34: [0/472 (0.0%)]	Loss: 0.295089
2026-01-02 17:20:13,172 - experiment_chaotic_lorenz_full_chaotic_run_0 - INFO - Epoch 34: Train Loss: 0.2156, Train Acc: 0.9799, Val Loss: 4.7294, Val Acc: 0.0787
2026-01-02 17:20:13,723 - experiment_chaotic_lorenz_full_chaotic_run_0 - INFO - Train Epoch 35: [0/472 (0.0%)]	Loss: 0.222506
2026-01-02 17:20:19,914 - experiment_chaotic_lorenz_full_chaotic_run_0 - INFO - Epoch 35: Train Loss: 0.2388, Train Acc: 0.9799, Val Loss: 6.1252, Val Acc: 0.0449
2026-01-02 17:20:20,457 - experiment_chaotic_lorenz_full_chaotic_run_0 - INFO - Train Epoch 36: [0/472 (0.0%)]	Loss: 0.161136
2026-01-02 17:20:26,658 - experiment_chaotic_lorenz_full_chaotic_run_0 - INFO - Epoch 36: Train Loss: 0.2068, Train Acc: 0.9821, Val Loss: 5.3057, Val Acc: 0.0899
2026-01-02 17:20:27,206 - experiment_chaotic_lorenz_full_chaotic_run_0 - INFO - Train Epoch 37: [0/472 (0.0%)]	Loss: 0.195640
2026-01-02 17:20:38,920 - experiment_chaotic_lorenz_full_chaotic_run_0 - INFO - Initialized experiment: chaotic_lorenz_full_chaotic_run_0
2026-01-02 17:20:38,920 - experiment_chaotic_lorenz_full_chaotic_run_0 - INFO - Device: cuda
2026-01-02 17:20:38,920 - experiment_chaotic_lorenz_full_chaotic_run_0 - INFO - Output directory: /scratch/project_2003370/yueyao/Model/experiments/configs/4.2_tau_and_de_experiment/tau/experiments/chaotic_lorenz_full_chaotic_run_0
2026-01-02 17:20:38,920 - experiment_chaotic_lorenz_full_chaotic_run_0 - INFO - Initialized chaotic network experiment with lorenz system
2026-01-02 17:20:38,920 - experiment_chaotic_lorenz_full_chaotic_run_0 - INFO - Setting up experiment components...
2026-01-02 17:20:38,920 - experiment_chaotic_lorenz_full_chaotic_run_0 - INFO - Creating dataloaders...
2026-01-02 17:20:39,303 - experiment_chaotic_lorenz_full_chaotic_run_0 - INFO - Detected 26 speakers in dataset
2026-01-02 17:20:39,303 - experiment_chaotic_lorenz_full_chaotic_run_0 - INFO - Dataloaders created:
2026-01-02 17:20:39,303 - experiment_chaotic_lorenz_full_chaotic_run_0 - INFO -   Train: 14 batches
2026-01-02 17:20:39,303 - experiment_chaotic_lorenz_full_chaotic_run_0 - INFO -   Val: 3 batches
2026-01-02 17:20:39,303 - experiment_chaotic_lorenz_full_chaotic_run_0 - INFO -   Test: 4 batches
2026-01-02 17:20:39,303 - experiment_chaotic_lorenz_full_chaotic_run_0 - INFO - Creating model...
2026-01-02 17:20:39,303 - experiment_chaotic_lorenz_full_chaotic_run_0 - INFO - Using actual num_speakers from dataset: 26
2026-01-02 17:20:39,303 - experiment_chaotic_lorenz_full_chaotic_run_0 - INFO - [BIFURCATION] use_bifurcation_control=True
2026-01-02 17:21:10,407 - experiment_chaotic_lorenz_full_chaotic_run_0 - INFO - [PLDA] Replaced classifier with PLDAClassifier (latent_dim=128)
2026-01-02 17:21:10,410 - experiment_chaotic_lorenz_full_chaotic_run_0 - INFO - Total parameters: 524,360
2026-01-02 17:21:10,411 - experiment_chaotic_lorenz_full_chaotic_run_0 - INFO - Trainable parameters: 524,360
2026-01-02 17:21:10,411 - experiment_chaotic_lorenz_full_chaotic_run_0 - INFO - Creating optimizer...
2026-01-02 17:21:11,511 - experiment_chaotic_lorenz_full_chaotic_run_0 - INFO - Optimizer: AdamW
2026-01-02 17:21:11,512 - experiment_chaotic_lorenz_full_chaotic_run_0 - INFO - Creating scheduler...
2026-01-02 17:21:11,512 - experiment_chaotic_lorenz_full_chaotic_run_0 - INFO - Scheduler: CosineAnnealingLR
2026-01-02 17:21:11,512 - experiment_chaotic_lorenz_full_chaotic_run_0 - INFO - Creating criterion...
2026-01-02 17:21:11,512 - experiment_chaotic_lorenz_full_chaotic_run_0 - INFO - Criterion: CrossEntropyLoss
2026-01-02 17:21:11,557 - experiment_chaotic_lorenz_full_chaotic_run_0 - INFO - Configuration saved to: /scratch/project_2003370/yueyao/Model/experiments/configs/4.2_tau_and_de_experiment/tau/experiments/chaotic_lorenz_full_chaotic_run_0/config.json
2026-01-02 17:21:11,557 - experiment_chaotic_lorenz_full_chaotic_run_0 - INFO - Experiment setup completed
2026-01-02 17:21:11,558 - experiment_chaotic_lorenz_full_chaotic_run_0 - INFO - Starting training for 100 epochs
2026-01-02 17:21:11,667 - experiment_chaotic_lorenz_full_chaotic_run_0 - INFO - 
================================================================================
2026-01-02 17:21:11,668 - experiment_chaotic_lorenz_full_chaotic_run_0 - INFO - COMPREHENSIVE DEBUG - FIRST BATCH
2026-01-02 17:21:11,668 - experiment_chaotic_lorenz_full_chaotic_run_0 - INFO - ================================================================================
2026-01-02 17:21:11,668 - experiment_chaotic_lorenz_full_chaotic_run_0 - INFO - Batch Info:
2026-01-02 17:21:11,668 - experiment_chaotic_lorenz_full_chaotic_run_0 - INFO -   Audio shape: torch.Size([32, 48000])
2026-01-02 17:21:11,668 - experiment_chaotic_lorenz_full_chaotic_run_0 - INFO -   Targets shape: torch.Size([32])
2026-01-02 17:21:11,672 - experiment_chaotic_lorenz_full_chaotic_run_0 - INFO -   Targets (first 8): tensor([21, 24,  1,  1, 24, 13,  0,  1], device='cuda:0')
2026-01-02 17:21:12,255 - experiment_chaotic_lorenz_full_chaotic_run_0 - INFO - ================================================================================

2026-01-02 17:21:12,256 - experiment_chaotic_lorenz_full_chaotic_run_0 - INFO - [ADVERSARIAL] Initialized AdversarialChaoticAugmentation
2026-01-02 17:21:12,391 - experiment_chaotic_lorenz_full_chaotic_run_0 - INFO - [SYNC LOSS] Initialized PhaseSynchronizationLoss
2026-01-02 17:21:12,537 - experiment_chaotic_lorenz_full_chaotic_run_0 - INFO - [STABILITY] Initialized LyapunovStabilityLoss
2026-01-02 17:21:13,421 - experiment_chaotic_lorenz_full_chaotic_run_0 - INFO - Train Epoch 0: [0/472 (0.0%)]	Loss: 3.426806
2026-01-02 17:21:22,576 - experiment_chaotic_lorenz_full_chaotic_run_0 - INFO - [ADVERSARIAL] Warmup: epoch 1/5
2026-01-02 17:21:23,479 - experiment_chaotic_lorenz_full_chaotic_run_0 - INFO - Epoch 0: Train Loss: 3.3404, Train Acc: 0.0558, Val Loss: 3.2466, Val Acc: 0.0337
2026-01-02 17:21:23,571 - experiment_chaotic_lorenz_full_chaotic_run_0 - INFO - Saved new best model at epoch 0
2026-01-02 17:21:24,554 - experiment_chaotic_lorenz_full_chaotic_run_0 - INFO - Train Epoch 1: [0/472 (0.0%)]	Loss: 3.226657
2026-01-02 17:21:33,703 - experiment_chaotic_lorenz_full_chaotic_run_0 - INFO - [ADVERSARIAL] Warmup: epoch 2/5
2026-01-02 17:21:34,590 - experiment_chaotic_lorenz_full_chaotic_run_0 - INFO - Epoch 1: Train Loss: 3.2462, Train Acc: 0.1071, Val Loss: 3.2699, Val Acc: 0.0449
2026-01-02 17:21:34,682 - experiment_chaotic_lorenz_full_chaotic_run_0 - INFO - Saved new best model at epoch 1
2026-01-02 17:21:35,582 - experiment_chaotic_lorenz_full_chaotic_run_0 - INFO - Train Epoch 2: [0/472 (0.0%)]	Loss: 3.197992
2026-01-02 17:21:44,799 - experiment_chaotic_lorenz_full_chaotic_run_0 - INFO - [ADVERSARIAL] Warmup: epoch 3/5
2026-01-02 17:21:45,686 - experiment_chaotic_lorenz_full_chaotic_run_0 - INFO - Epoch 2: Train Loss: 3.1155, Train Acc: 0.1674, Val Loss: 3.2244, Val Acc: 0.0449
2026-01-02 17:21:46,547 - experiment_chaotic_lorenz_full_chaotic_run_0 - INFO - Train Epoch 3: [0/472 (0.0%)]	Loss: 2.937527
2026-01-02 17:21:55,908 - experiment_chaotic_lorenz_full_chaotic_run_0 - INFO - [ADVERSARIAL] Warmup: epoch 4/5
2026-01-02 17:21:56,808 - experiment_chaotic_lorenz_full_chaotic_run_0 - INFO - Epoch 3: Train Loss: 2.9120, Train Acc: 0.2612, Val Loss: 3.2971, Val Acc: 0.0449
2026-01-02 17:21:57,674 - experiment_chaotic_lorenz_full_chaotic_run_0 - INFO - Train Epoch 4: [0/472 (0.0%)]	Loss: 2.798249
2026-01-02 17:22:06,848 - experiment_chaotic_lorenz_full_chaotic_run_0 - INFO - [ADVERSARIAL] Warmup: epoch 5/5
2026-01-02 17:22:07,730 - experiment_chaotic_lorenz_full_chaotic_run_0 - INFO - Epoch 4: Train Loss: 2.6882, Train Acc: 0.3594, Val Loss: 3.3704, Val Acc: 0.0449
2026-01-02 17:22:08,344 - experiment_chaotic_lorenz_full_chaotic_run_0 - INFO - Train Epoch 5: [0/472 (0.0%)]	Loss: 3.453755
2026-01-02 17:22:14,088 - experiment_chaotic_lorenz_full_chaotic_run_0 - INFO - [ADVERSARIAL] Warmup complete, adversarial training activated!
2026-01-02 17:22:14,969 - experiment_chaotic_lorenz_full_chaotic_run_0 - INFO - Epoch 5: Train Loss: 3.1171, Train Acc: 0.3728, Val Loss: 3.4043, Val Acc: 0.0449
2026-01-02 17:22:15,565 - experiment_chaotic_lorenz_full_chaotic_run_0 - INFO - Train Epoch 6: [0/472 (0.0%)]	Loss: 2.689333
2026-01-02 17:22:22,151 - experiment_chaotic_lorenz_full_chaotic_run_0 - INFO - Epoch 6: Train Loss: 2.7696, Train Acc: 0.4464, Val Loss: 3.4155, Val Acc: 0.0449
2026-01-02 17:22:22,754 - experiment_chaotic_lorenz_full_chaotic_run_0 - INFO - Train Epoch 7: [0/472 (0.0%)]	Loss: 2.425942
2026-01-02 17:22:29,386 - experiment_chaotic_lorenz_full_chaotic_run_0 - INFO - Epoch 7: Train Loss: 2.4836, Train Acc: 0.5156, Val Loss: 2.9440, Val Acc: 0.1573
2026-01-02 17:22:29,477 - experiment_chaotic_lorenz_full_chaotic_run_0 - INFO - Saved new best model at epoch 7
2026-01-02 17:22:30,128 - experiment_chaotic_lorenz_full_chaotic_run_0 - INFO - Train Epoch 8: [0/472 (0.0%)]	Loss: 2.506159
2026-01-02 17:22:36,771 - experiment_chaotic_lorenz_full_chaotic_run_0 - INFO - Epoch 8: Train Loss: 2.2843, Train Acc: 0.5625, Val Loss: 3.8216, Val Acc: 0.0449
2026-01-02 17:22:37,366 - experiment_chaotic_lorenz_full_chaotic_run_0 - INFO - Train Epoch 9: [0/472 (0.0%)]	Loss: 1.925978
2026-01-02 17:22:43,974 - experiment_chaotic_lorenz_full_chaotic_run_0 - INFO - Epoch 9: Train Loss: 2.0436, Train Acc: 0.6094, Val Loss: 3.9459, Val Acc: 0.0449
2026-01-02 17:22:44,574 - experiment_chaotic_lorenz_full_chaotic_run_0 - INFO - Train Epoch 10: [0/472 (0.0%)]	Loss: 2.073063
2026-01-02 17:22:51,198 - experiment_chaotic_lorenz_full_chaotic_run_0 - INFO - Epoch 10: Train Loss: 1.8679, Train Acc: 0.6451, Val Loss: 4.0143, Val Acc: 0.0449
2026-01-02 17:22:51,882 - experiment_chaotic_lorenz_full_chaotic_run_0 - INFO - Train Epoch 11: [0/472 (0.0%)]	Loss: 1.827353
2026-01-02 17:22:58,555 - experiment_chaotic_lorenz_full_chaotic_run_0 - INFO - Epoch 11: Train Loss: 1.7653, Train Acc: 0.6696, Val Loss: 3.5630, Val Acc: 0.0449
2026-01-02 17:22:59,157 - experiment_chaotic_lorenz_full_chaotic_run_0 - INFO - Train Epoch 12: [0/472 (0.0%)]	Loss: 1.499556
2026-01-02 17:23:05,824 - experiment_chaotic_lorenz_full_chaotic_run_0 - INFO - Epoch 12: Train Loss: 1.5914, Train Acc: 0.7344, Val Loss: 3.6504, Val Acc: 0.1124
2026-01-02 17:23:06,437 - experiment_chaotic_lorenz_full_chaotic_run_0 - INFO - Train Epoch 13: [0/472 (0.0%)]	Loss: 1.378923
2026-01-02 17:23:13,101 - experiment_chaotic_lorenz_full_chaotic_run_0 - INFO - Epoch 13: Train Loss: 1.4013, Train Acc: 0.7612, Val Loss: 3.7633, Val Acc: 0.0449
2026-01-02 17:23:13,707 - experiment_chaotic_lorenz_full_chaotic_run_0 - INFO - Train Epoch 14: [0/472 (0.0%)]	Loss: 1.239545
2026-01-02 17:23:20,352 - experiment_chaotic_lorenz_full_chaotic_run_0 - INFO - Epoch 14: Train Loss: 1.2694, Train Acc: 0.7946, Val Loss: 4.1490, Val Acc: 0.0674
2026-01-02 17:23:20,959 - experiment_chaotic_lorenz_full_chaotic_run_0 - INFO - Train Epoch 15: [0/472 (0.0%)]	Loss: 1.343605
2026-01-02 17:23:27,662 - experiment_chaotic_lorenz_full_chaotic_run_0 - INFO - Epoch 15: Train Loss: 1.1810, Train Acc: 0.8080, Val Loss: 4.8180, Val Acc: 0.0449
2026-01-02 17:23:28,282 - experiment_chaotic_lorenz_full_chaotic_run_0 - INFO - Train Epoch 16: [0/472 (0.0%)]	Loss: 1.094204
2026-01-02 17:23:34,875 - experiment_chaotic_lorenz_full_chaotic_run_0 - INFO - Epoch 16: Train Loss: 1.0050, Train Acc: 0.8415, Val Loss: 4.5096, Val Acc: 0.0674
2026-01-02 17:23:35,483 - experiment_chaotic_lorenz_full_chaotic_run_0 - INFO - Train Epoch 17: [0/472 (0.0%)]	Loss: 0.886513
2026-01-02 17:23:42,084 - experiment_chaotic_lorenz_full_chaotic_run_0 - INFO - Epoch 17: Train Loss: 0.8313, Train Acc: 0.8906, Val Loss: 4.3653, Val Acc: 0.1011
2026-01-02 17:23:42,684 - experiment_chaotic_lorenz_full_chaotic_run_0 - INFO - Train Epoch 18: [0/472 (0.0%)]	Loss: 0.882500
2026-01-02 17:23:49,338 - experiment_chaotic_lorenz_full_chaotic_run_0 - INFO - Epoch 18: Train Loss: 0.8184, Train Acc: 0.8750, Val Loss: 4.5964, Val Acc: 0.0674
2026-01-02 17:23:49,942 - experiment_chaotic_lorenz_full_chaotic_run_0 - INFO - Train Epoch 19: [0/472 (0.0%)]	Loss: 0.696723
2026-01-02 17:23:56,987 - experiment_chaotic_lorenz_full_chaotic_run_0 - INFO - Initialized experiment: chaotic_lorenz_full_chaotic_run_0
2026-01-02 17:23:56,987 - experiment_chaotic_lorenz_full_chaotic_run_0 - INFO - Device: cuda
2026-01-02 17:23:56,987 - experiment_chaotic_lorenz_full_chaotic_run_0 - INFO - Output directory: /scratch/project_2003370/yueyao/Model/experiments/configs/4.2_tau_and_de_experiment/tau/experiments/chaotic_lorenz_full_chaotic_run_0
2026-01-02 17:23:56,987 - experiment_chaotic_lorenz_full_chaotic_run_0 - INFO - Initialized chaotic network experiment with lorenz system
2026-01-02 17:23:56,987 - experiment_chaotic_lorenz_full_chaotic_run_0 - INFO - Setting up experiment components...
2026-01-02 17:23:56,987 - experiment_chaotic_lorenz_full_chaotic_run_0 - INFO - Creating dataloaders...
2026-01-02 17:23:57,370 - experiment_chaotic_lorenz_full_chaotic_run_0 - INFO - Detected 26 speakers in dataset
2026-01-02 17:23:57,370 - experiment_chaotic_lorenz_full_chaotic_run_0 - INFO - Dataloaders created:
2026-01-02 17:23:57,370 - experiment_chaotic_lorenz_full_chaotic_run_0 - INFO -   Train: 14 batches
2026-01-02 17:23:57,370 - experiment_chaotic_lorenz_full_chaotic_run_0 - INFO -   Val: 3 batches
2026-01-02 17:23:57,370 - experiment_chaotic_lorenz_full_chaotic_run_0 - INFO -   Test: 4 batches
2026-01-02 17:23:57,370 - experiment_chaotic_lorenz_full_chaotic_run_0 - INFO - Creating model...
2026-01-02 17:23:57,370 - experiment_chaotic_lorenz_full_chaotic_run_0 - INFO - Using actual num_speakers from dataset: 26
2026-01-02 17:23:57,370 - experiment_chaotic_lorenz_full_chaotic_run_0 - INFO - [BIFURCATION] use_bifurcation_control=True
2026-01-02 17:24:03,477 - experiment_chaotic_lorenz_full_chaotic_run_0 - INFO - Initialized experiment: chaotic_lorenz_full_chaotic_run_0
2026-01-02 17:24:03,477 - experiment_chaotic_lorenz_full_chaotic_run_0 - INFO - Device: cuda
2026-01-02 17:24:03,477 - experiment_chaotic_lorenz_full_chaotic_run_0 - INFO - Output directory: /scratch/project_2003370/yueyao/Model/experiments/configs/4.2_tau_and_de_experiment/tau/experiments/chaotic_lorenz_full_chaotic_run_0
2026-01-02 17:24:03,477 - experiment_chaotic_lorenz_full_chaotic_run_0 - INFO - Initialized chaotic network experiment with lorenz system
2026-01-02 17:24:03,477 - experiment_chaotic_lorenz_full_chaotic_run_0 - INFO - Setting up experiment components...
2026-01-02 17:24:03,477 - experiment_chaotic_lorenz_full_chaotic_run_0 - INFO - Creating dataloaders...
2026-01-02 17:24:03,861 - experiment_chaotic_lorenz_full_chaotic_run_0 - INFO - Detected 26 speakers in dataset
2026-01-02 17:24:03,861 - experiment_chaotic_lorenz_full_chaotic_run_0 - INFO - Dataloaders created:
2026-01-02 17:24:03,861 - experiment_chaotic_lorenz_full_chaotic_run_0 - INFO -   Train: 14 batches
2026-01-02 17:24:03,861 - experiment_chaotic_lorenz_full_chaotic_run_0 - INFO -   Val: 3 batches
2026-01-02 17:24:03,861 - experiment_chaotic_lorenz_full_chaotic_run_0 - INFO -   Test: 4 batches
2026-01-02 17:24:03,861 - experiment_chaotic_lorenz_full_chaotic_run_0 - INFO - Creating model...
2026-01-02 17:24:03,861 - experiment_chaotic_lorenz_full_chaotic_run_0 - INFO - Using actual num_speakers from dataset: 26
2026-01-02 17:24:03,861 - experiment_chaotic_lorenz_full_chaotic_run_0 - INFO - [BIFURCATION] use_bifurcation_control=True
2026-01-02 17:24:09,786 - experiment_chaotic_lorenz_full_chaotic_run_0 - INFO - Initialized experiment: chaotic_lorenz_full_chaotic_run_0
2026-01-02 17:24:09,786 - experiment_chaotic_lorenz_full_chaotic_run_0 - INFO - Device: cuda
2026-01-02 17:24:09,786 - experiment_chaotic_lorenz_full_chaotic_run_0 - INFO - Output directory: /scratch/project_2003370/yueyao/Model/experiments/configs/4.2_tau_and_de_experiment/tau/experiments/chaotic_lorenz_full_chaotic_run_0
2026-01-02 17:24:09,786 - experiment_chaotic_lorenz_full_chaotic_run_0 - INFO - Initialized chaotic network experiment with lorenz system
2026-01-02 17:24:09,786 - experiment_chaotic_lorenz_full_chaotic_run_0 - INFO - Setting up experiment components...
2026-01-02 17:24:09,786 - experiment_chaotic_lorenz_full_chaotic_run_0 - INFO - Creating dataloaders...
2026-01-02 17:24:10,181 - experiment_chaotic_lorenz_full_chaotic_run_0 - INFO - Detected 26 speakers in dataset
2026-01-02 17:24:10,181 - experiment_chaotic_lorenz_full_chaotic_run_0 - INFO - Dataloaders created:
2026-01-02 17:24:10,181 - experiment_chaotic_lorenz_full_chaotic_run_0 - INFO -   Train: 14 batches
2026-01-02 17:24:10,181 - experiment_chaotic_lorenz_full_chaotic_run_0 - INFO -   Val: 3 batches
2026-01-02 17:24:10,181 - experiment_chaotic_lorenz_full_chaotic_run_0 - INFO -   Test: 4 batches
2026-01-02 17:24:10,181 - experiment_chaotic_lorenz_full_chaotic_run_0 - INFO - Creating model...
2026-01-02 17:24:10,181 - experiment_chaotic_lorenz_full_chaotic_run_0 - INFO - Using actual num_speakers from dataset: 26
2026-01-02 17:24:10,182 - experiment_chaotic_lorenz_full_chaotic_run_0 - INFO - [BIFURCATION] use_bifurcation_control=True
2026-01-02 17:25:24,291 - experiment_chaotic_lorenz_full_chaotic_run_0 - INFO - Initialized experiment: chaotic_lorenz_full_chaotic_run_0
2026-01-02 17:25:24,291 - experiment_chaotic_lorenz_full_chaotic_run_0 - INFO - Device: cuda
2026-01-02 17:25:24,291 - experiment_chaotic_lorenz_full_chaotic_run_0 - INFO - Output directory: /scratch/project_2003370/yueyao/Model/experiments/configs/4.2_tau_and_de_experiment/tau/experiments/chaotic_lorenz_full_chaotic_run_0
2026-01-02 17:25:24,291 - experiment_chaotic_lorenz_full_chaotic_run_0 - INFO - Initialized chaotic network experiment with lorenz system
2026-01-02 17:25:24,291 - experiment_chaotic_lorenz_full_chaotic_run_0 - INFO - Setting up experiment components...
2026-01-02 17:25:24,291 - experiment_chaotic_lorenz_full_chaotic_run_0 - INFO - Creating dataloaders...
2026-01-02 17:25:24,673 - experiment_chaotic_lorenz_full_chaotic_run_0 - INFO - Detected 26 speakers in dataset
2026-01-02 17:25:24,673 - experiment_chaotic_lorenz_full_chaotic_run_0 - INFO - Dataloaders created:
2026-01-02 17:25:24,673 - experiment_chaotic_lorenz_full_chaotic_run_0 - INFO -   Train: 14 batches
2026-01-02 17:25:24,673 - experiment_chaotic_lorenz_full_chaotic_run_0 - INFO -   Val: 3 batches
2026-01-02 17:25:24,673 - experiment_chaotic_lorenz_full_chaotic_run_0 - INFO -   Test: 4 batches
2026-01-02 17:25:24,673 - experiment_chaotic_lorenz_full_chaotic_run_0 - INFO - Creating model...
2026-01-02 17:25:24,673 - experiment_chaotic_lorenz_full_chaotic_run_0 - INFO - Using actual num_speakers from dataset: 26
2026-01-02 17:25:24,673 - experiment_chaotic_lorenz_full_chaotic_run_0 - INFO - [BIFURCATION] use_bifurcation_control=True
2026-01-02 17:25:55,627 - experiment_chaotic_lorenz_full_chaotic_run_0 - INFO - [PLDA] Replaced classifier with PLDAClassifier (latent_dim=128)
2026-01-02 17:25:55,631 - experiment_chaotic_lorenz_full_chaotic_run_0 - INFO - Total parameters: 524,360
2026-01-02 17:25:55,631 - experiment_chaotic_lorenz_full_chaotic_run_0 - INFO - Trainable parameters: 524,360
2026-01-02 17:25:55,631 - experiment_chaotic_lorenz_full_chaotic_run_0 - INFO - Creating optimizer...
2026-01-02 17:25:56,735 - experiment_chaotic_lorenz_full_chaotic_run_0 - INFO - Optimizer: AdamW
2026-01-02 17:25:56,735 - experiment_chaotic_lorenz_full_chaotic_run_0 - INFO - Creating scheduler...
2026-01-02 17:25:56,735 - experiment_chaotic_lorenz_full_chaotic_run_0 - INFO - Scheduler: CosineAnnealingLR
2026-01-02 17:25:56,735 - experiment_chaotic_lorenz_full_chaotic_run_0 - INFO - Creating criterion...
2026-01-02 17:25:56,736 - experiment_chaotic_lorenz_full_chaotic_run_0 - INFO - Criterion: CrossEntropyLoss
2026-01-02 17:25:56,779 - experiment_chaotic_lorenz_full_chaotic_run_0 - INFO - Configuration saved to: /scratch/project_2003370/yueyao/Model/experiments/configs/4.2_tau_and_de_experiment/tau/experiments/chaotic_lorenz_full_chaotic_run_0/config.json
2026-01-02 17:25:56,779 - experiment_chaotic_lorenz_full_chaotic_run_0 - INFO - Experiment setup completed
2026-01-02 17:25:56,780 - experiment_chaotic_lorenz_full_chaotic_run_0 - INFO - Starting training for 100 epochs
2026-01-02 17:25:56,891 - experiment_chaotic_lorenz_full_chaotic_run_0 - INFO - 
================================================================================
2026-01-02 17:25:56,891 - experiment_chaotic_lorenz_full_chaotic_run_0 - INFO - COMPREHENSIVE DEBUG - FIRST BATCH
2026-01-02 17:25:56,891 - experiment_chaotic_lorenz_full_chaotic_run_0 - INFO - ================================================================================
2026-01-02 17:25:56,891 - experiment_chaotic_lorenz_full_chaotic_run_0 - INFO - Batch Info:
2026-01-02 17:25:56,891 - experiment_chaotic_lorenz_full_chaotic_run_0 - INFO -   Audio shape: torch.Size([32, 48000])
2026-01-02 17:25:56,891 - experiment_chaotic_lorenz_full_chaotic_run_0 - INFO -   Targets shape: torch.Size([32])
2026-01-02 17:25:56,895 - experiment_chaotic_lorenz_full_chaotic_run_0 - INFO -   Targets (first 8): tensor([21, 24,  1,  1, 24, 13,  0,  1], device='cuda:0')
2026-01-02 17:25:57,476 - experiment_chaotic_lorenz_full_chaotic_run_0 - INFO - ================================================================================

2026-01-02 17:25:57,478 - experiment_chaotic_lorenz_full_chaotic_run_0 - INFO - [ADVERSARIAL] Initialized AdversarialChaoticAugmentation
2026-01-02 17:25:57,612 - experiment_chaotic_lorenz_full_chaotic_run_0 - INFO - [SYNC LOSS] Initialized PhaseSynchronizationLoss
2026-01-02 17:25:57,757 - experiment_chaotic_lorenz_full_chaotic_run_0 - INFO - [STABILITY] Initialized LyapunovStabilityLoss
2026-01-02 17:25:58,619 - experiment_chaotic_lorenz_full_chaotic_run_0 - INFO - Train Epoch 0: [0/472 (0.0%)]	Loss: 3.426806
2026-01-02 17:26:07,749 - experiment_chaotic_lorenz_full_chaotic_run_0 - INFO - [ADVERSARIAL] Warmup: epoch 1/5
2026-01-02 17:26:08,645 - experiment_chaotic_lorenz_full_chaotic_run_0 - INFO - Epoch 0: Train Loss: 3.3404, Train Acc: 0.0558, Val Loss: 3.2466, Val Acc: 0.0337
2026-01-02 17:26:08,739 - experiment_chaotic_lorenz_full_chaotic_run_0 - INFO - Saved new best model at epoch 0
2026-01-02 17:26:09,727 - experiment_chaotic_lorenz_full_chaotic_run_0 - INFO - Train Epoch 1: [0/472 (0.0%)]	Loss: 3.226657
2026-01-02 17:26:18,846 - experiment_chaotic_lorenz_full_chaotic_run_0 - INFO - [ADVERSARIAL] Warmup: epoch 2/5
2026-01-02 17:26:19,725 - experiment_chaotic_lorenz_full_chaotic_run_0 - INFO - Epoch 1: Train Loss: 3.2462, Train Acc: 0.1071, Val Loss: 3.2699, Val Acc: 0.0449
2026-01-02 17:26:19,819 - experiment_chaotic_lorenz_full_chaotic_run_0 - INFO - Saved new best model at epoch 1
2026-01-02 17:26:20,726 - experiment_chaotic_lorenz_full_chaotic_run_0 - INFO - Train Epoch 2: [0/472 (0.0%)]	Loss: 3.197992
2026-01-02 17:26:29,786 - experiment_chaotic_lorenz_full_chaotic_run_0 - INFO - [ADVERSARIAL] Warmup: epoch 3/5
2026-01-02 17:26:30,670 - experiment_chaotic_lorenz_full_chaotic_run_0 - INFO - Epoch 2: Train Loss: 3.1155, Train Acc: 0.1674, Val Loss: 3.2244, Val Acc: 0.0449
2026-01-02 17:26:31,526 - experiment_chaotic_lorenz_full_chaotic_run_0 - INFO - Train Epoch 3: [0/472 (0.0%)]	Loss: 2.937527
2026-01-02 17:26:40,795 - experiment_chaotic_lorenz_full_chaotic_run_0 - INFO - [ADVERSARIAL] Warmup: epoch 4/5
2026-01-02 17:26:41,682 - experiment_chaotic_lorenz_full_chaotic_run_0 - INFO - Epoch 3: Train Loss: 2.9120, Train Acc: 0.2612, Val Loss: 3.2971, Val Acc: 0.0449
2026-01-02 17:26:42,540 - experiment_chaotic_lorenz_full_chaotic_run_0 - INFO - Train Epoch 4: [0/472 (0.0%)]	Loss: 2.798249
2026-01-02 17:26:51,605 - experiment_chaotic_lorenz_full_chaotic_run_0 - INFO - [ADVERSARIAL] Warmup: epoch 5/5
2026-01-02 17:26:52,511 - experiment_chaotic_lorenz_full_chaotic_run_0 - INFO - Epoch 4: Train Loss: 2.6882, Train Acc: 0.3594, Val Loss: 3.3704, Val Acc: 0.0449
2026-01-02 17:26:53,126 - experiment_chaotic_lorenz_full_chaotic_run_0 - INFO - Train Epoch 5: [0/472 (0.0%)]	Loss: 3.453755
2026-01-02 17:26:58,848 - experiment_chaotic_lorenz_full_chaotic_run_0 - INFO - [ADVERSARIAL] Warmup complete, adversarial training activated!
2026-01-02 17:26:59,752 - experiment_chaotic_lorenz_full_chaotic_run_0 - INFO - Epoch 5: Train Loss: 3.1171, Train Acc: 0.3728, Val Loss: 3.4043, Val Acc: 0.0449
2026-01-02 17:27:00,351 - experiment_chaotic_lorenz_full_chaotic_run_0 - INFO - Train Epoch 6: [0/472 (0.0%)]	Loss: 2.689333
2026-01-02 17:27:06,936 - experiment_chaotic_lorenz_full_chaotic_run_0 - INFO - Epoch 6: Train Loss: 2.7696, Train Acc: 0.4464, Val Loss: 3.4155, Val Acc: 0.0449
2026-01-02 17:27:07,542 - experiment_chaotic_lorenz_full_chaotic_run_0 - INFO - Train Epoch 7: [0/472 (0.0%)]	Loss: 2.425942
2026-01-02 17:27:14,131 - experiment_chaotic_lorenz_full_chaotic_run_0 - INFO - Epoch 7: Train Loss: 2.4836, Train Acc: 0.5156, Val Loss: 2.9440, Val Acc: 0.1573
2026-01-02 17:27:14,222 - experiment_chaotic_lorenz_full_chaotic_run_0 - INFO - Saved new best model at epoch 7
2026-01-02 17:27:14,879 - experiment_chaotic_lorenz_full_chaotic_run_0 - INFO - Train Epoch 8: [0/472 (0.0%)]	Loss: 2.506159
2026-01-02 17:27:21,540 - experiment_chaotic_lorenz_full_chaotic_run_0 - INFO - Epoch 8: Train Loss: 2.2843, Train Acc: 0.5625, Val Loss: 3.8216, Val Acc: 0.0449
2026-01-02 17:27:22,135 - experiment_chaotic_lorenz_full_chaotic_run_0 - INFO - Train Epoch 9: [0/472 (0.0%)]	Loss: 1.925978
2026-01-02 17:27:28,751 - experiment_chaotic_lorenz_full_chaotic_run_0 - INFO - Epoch 9: Train Loss: 2.0436, Train Acc: 0.6094, Val Loss: 3.9459, Val Acc: 0.0449
2026-01-02 17:27:29,344 - experiment_chaotic_lorenz_full_chaotic_run_0 - INFO - Train Epoch 10: [0/472 (0.0%)]	Loss: 2.073063
2026-01-02 17:27:35,880 - experiment_chaotic_lorenz_full_chaotic_run_0 - INFO - Epoch 10: Train Loss: 1.8679, Train Acc: 0.6451, Val Loss: 4.0143, Val Acc: 0.0449
2026-01-02 17:27:36,578 - experiment_chaotic_lorenz_full_chaotic_run_0 - INFO - Train Epoch 11: [0/472 (0.0%)]	Loss: 1.827353
2026-01-02 17:27:43,224 - experiment_chaotic_lorenz_full_chaotic_run_0 - INFO - Epoch 11: Train Loss: 1.7653, Train Acc: 0.6696, Val Loss: 3.5630, Val Acc: 0.0449
2026-01-02 17:27:43,826 - experiment_chaotic_lorenz_full_chaotic_run_0 - INFO - Train Epoch 12: [0/472 (0.0%)]	Loss: 1.499556
2026-01-02 17:27:50,379 - experiment_chaotic_lorenz_full_chaotic_run_0 - INFO - Epoch 12: Train Loss: 1.5914, Train Acc: 0.7344, Val Loss: 3.6504, Val Acc: 0.1124
2026-01-02 17:27:50,981 - experiment_chaotic_lorenz_full_chaotic_run_0 - INFO - Train Epoch 13: [0/472 (0.0%)]	Loss: 1.378923
2026-01-02 17:27:57,561 - experiment_chaotic_lorenz_full_chaotic_run_0 - INFO - Epoch 13: Train Loss: 1.4013, Train Acc: 0.7612, Val Loss: 3.7633, Val Acc: 0.0449
2026-01-02 17:27:58,164 - experiment_chaotic_lorenz_full_chaotic_run_0 - INFO - Train Epoch 14: [0/472 (0.0%)]	Loss: 1.239545
2026-01-02 17:28:04,781 - experiment_chaotic_lorenz_full_chaotic_run_0 - INFO - Epoch 14: Train Loss: 1.2694, Train Acc: 0.7946, Val Loss: 4.1490, Val Acc: 0.0674
2026-01-02 17:28:05,389 - experiment_chaotic_lorenz_full_chaotic_run_0 - INFO - Train Epoch 15: [0/472 (0.0%)]	Loss: 1.343605
2026-01-02 17:28:11,988 - experiment_chaotic_lorenz_full_chaotic_run_0 - INFO - Epoch 15: Train Loss: 1.1810, Train Acc: 0.8080, Val Loss: 4.8180, Val Acc: 0.0449
2026-01-02 17:28:12,583 - experiment_chaotic_lorenz_full_chaotic_run_0 - INFO - Train Epoch 16: [0/472 (0.0%)]	Loss: 1.094204
2026-01-02 17:28:19,170 - experiment_chaotic_lorenz_full_chaotic_run_0 - INFO - Epoch 16: Train Loss: 1.0050, Train Acc: 0.8415, Val Loss: 4.5096, Val Acc: 0.0674
2026-01-02 17:28:19,773 - experiment_chaotic_lorenz_full_chaotic_run_0 - INFO - Train Epoch 17: [0/472 (0.0%)]	Loss: 0.886513
2026-01-02 17:28:26,403 - experiment_chaotic_lorenz_full_chaotic_run_0 - INFO - Epoch 17: Train Loss: 0.8313, Train Acc: 0.8906, Val Loss: 4.3653, Val Acc: 0.1011
2026-01-02 17:28:27,011 - experiment_chaotic_lorenz_full_chaotic_run_0 - INFO - Train Epoch 18: [0/472 (0.0%)]	Loss: 0.882500
2026-01-02 17:28:33,584 - experiment_chaotic_lorenz_full_chaotic_run_0 - INFO - Epoch 18: Train Loss: 0.8184, Train Acc: 0.8750, Val Loss: 4.5964, Val Acc: 0.0674
2026-01-02 17:28:34,185 - experiment_chaotic_lorenz_full_chaotic_run_0 - INFO - Train Epoch 19: [0/472 (0.0%)]	Loss: 0.696723
2026-01-02 17:28:40,783 - experiment_chaotic_lorenz_full_chaotic_run_0 - INFO - Epoch 19: Train Loss: 0.7571, Train Acc: 0.8929, Val Loss: 4.8007, Val Acc: 0.0449
2026-01-02 17:28:41,387 - experiment_chaotic_lorenz_full_chaotic_run_0 - INFO - Train Epoch 20: [0/472 (0.0%)]	Loss: 0.825931
2026-01-02 17:28:47,921 - experiment_chaotic_lorenz_full_chaotic_run_0 - INFO - Epoch 20: Train Loss: 0.7448, Train Acc: 0.8638, Val Loss: 3.1152, Val Acc: 0.2584
2026-01-02 17:28:48,015 - experiment_chaotic_lorenz_full_chaotic_run_0 - INFO - Saved new best model at epoch 20
2026-01-02 17:28:48,748 - experiment_chaotic_lorenz_full_chaotic_run_0 - INFO - Train Epoch 21: [0/472 (0.0%)]	Loss: 0.727474
2026-01-02 17:28:55,285 - experiment_chaotic_lorenz_full_chaotic_run_0 - INFO - Epoch 21: Train Loss: 0.6012, Train Acc: 0.9263, Val Loss: 5.5861, Val Acc: 0.0449
2026-01-02 17:28:55,893 - experiment_chaotic_lorenz_full_chaotic_run_0 - INFO - Train Epoch 22: [0/472 (0.0%)]	Loss: 0.570169
2026-01-02 17:29:02,486 - experiment_chaotic_lorenz_full_chaotic_run_0 - INFO - Epoch 22: Train Loss: 0.6235, Train Acc: 0.9018, Val Loss: 5.9088, Val Acc: 0.0449
2026-01-02 17:29:03,094 - experiment_chaotic_lorenz_full_chaotic_run_0 - INFO - Train Epoch 23: [0/472 (0.0%)]	Loss: 0.603700
2026-01-02 17:29:09,757 - experiment_chaotic_lorenz_full_chaotic_run_0 - INFO - Epoch 23: Train Loss: 0.5385, Train Acc: 0.9330, Val Loss: 5.5462, Val Acc: 0.0449
2026-01-02 17:29:10,376 - experiment_chaotic_lorenz_full_chaotic_run_0 - INFO - Train Epoch 24: [0/472 (0.0%)]	Loss: 0.626282
2026-01-02 17:29:16,919 - experiment_chaotic_lorenz_full_chaotic_run_0 - INFO - Epoch 24: Train Loss: 0.4860, Train Acc: 0.9464, Val Loss: 6.2609, Val Acc: 0.0449
2026-01-02 17:29:17,515 - experiment_chaotic_lorenz_full_chaotic_run_0 - INFO - Train Epoch 25: [0/472 (0.0%)]	Loss: 0.404649
2026-01-02 17:29:24,158 - experiment_chaotic_lorenz_full_chaotic_run_0 - INFO - Epoch 25: Train Loss: 0.4845, Train Acc: 0.9263, Val Loss: 6.2908, Val Acc: 0.0449
2026-01-02 17:29:24,764 - experiment_chaotic_lorenz_full_chaotic_run_0 - INFO - Train Epoch 26: [0/472 (0.0%)]	Loss: 0.400478
2026-01-02 17:29:31,396 - experiment_chaotic_lorenz_full_chaotic_run_0 - INFO - Epoch 26: Train Loss: 0.4308, Train Acc: 0.9420, Val Loss: 4.3383, Val Acc: 0.1236
2026-01-02 17:29:32,002 - experiment_chaotic_lorenz_full_chaotic_run_0 - INFO - Train Epoch 27: [0/472 (0.0%)]	Loss: 0.428476
2026-01-02 17:29:38,629 - experiment_chaotic_lorenz_full_chaotic_run_0 - INFO - Epoch 27: Train Loss: 0.4140, Train Acc: 0.9509, Val Loss: 6.2162, Val Acc: 0.0449
2026-01-02 17:29:39,243 - experiment_chaotic_lorenz_full_chaotic_run_0 - INFO - Train Epoch 28: [0/472 (0.0%)]	Loss: 0.480359
2026-01-02 17:29:45,857 - experiment_chaotic_lorenz_full_chaotic_run_0 - INFO - Epoch 28: Train Loss: 0.4290, Train Acc: 0.9353, Val Loss: 2.7075, Val Acc: 0.3596
2026-01-02 17:29:45,951 - experiment_chaotic_lorenz_full_chaotic_run_0 - INFO - Saved new best model at epoch 28
2026-01-02 17:29:46,596 - experiment_chaotic_lorenz_full_chaotic_run_0 - INFO - Train Epoch 29: [0/472 (0.0%)]	Loss: 0.369077
2026-01-02 17:29:53,176 - experiment_chaotic_lorenz_full_chaotic_run_0 - INFO - Epoch 29: Train Loss: 0.4224, Train Acc: 0.9353, Val Loss: 4.7740, Val Acc: 0.1236
2026-01-02 17:29:53,780 - experiment_chaotic_lorenz_full_chaotic_run_0 - INFO - Train Epoch 30: [0/472 (0.0%)]	Loss: 0.485645
2026-01-02 17:30:00,418 - experiment_chaotic_lorenz_full_chaotic_run_0 - INFO - Epoch 30: Train Loss: 0.3638, Train Acc: 0.9487, Val Loss: 5.8228, Val Acc: 0.0674
2026-01-02 17:30:01,116 - experiment_chaotic_lorenz_full_chaotic_run_0 - INFO - Train Epoch 31: [0/472 (0.0%)]	Loss: 0.387334
2026-01-02 17:30:07,941 - experiment_chaotic_lorenz_full_chaotic_run_0 - INFO - Epoch 31: Train Loss: 0.3460, Train Acc: 0.9531, Val Loss: 0.8289, Val Acc: 0.7191
2026-01-02 17:30:08,035 - experiment_chaotic_lorenz_full_chaotic_run_0 - INFO - Saved new best model at epoch 31
2026-01-02 17:30:08,680 - experiment_chaotic_lorenz_full_chaotic_run_0 - INFO - Train Epoch 32: [0/472 (0.0%)]	Loss: 0.221415
2026-01-02 17:30:15,291 - experiment_chaotic_lorenz_full_chaotic_run_0 - INFO - Epoch 32: Train Loss: 0.3100, Train Acc: 0.9710, Val Loss: 6.1797, Val Acc: 0.0674
2026-01-02 17:30:15,904 - experiment_chaotic_lorenz_full_chaotic_run_0 - INFO - Train Epoch 33: [0/472 (0.0%)]	Loss: 0.218736
2026-01-02 17:30:22,570 - experiment_chaotic_lorenz_full_chaotic_run_0 - INFO - Epoch 33: Train Loss: 0.3143, Train Acc: 0.9732, Val Loss: 5.2891, Val Acc: 0.1798
2026-01-02 17:30:23,181 - experiment_chaotic_lorenz_full_chaotic_run_0 - INFO - Train Epoch 34: [0/472 (0.0%)]	Loss: 0.274397
2026-01-02 17:30:29,767 - experiment_chaotic_lorenz_full_chaotic_run_0 - INFO - Epoch 34: Train Loss: 0.2475, Train Acc: 0.9799, Val Loss: 6.5391, Val Acc: 0.0449
2026-01-02 17:30:30,370 - experiment_chaotic_lorenz_full_chaotic_run_0 - INFO - Train Epoch 35: [0/472 (0.0%)]	Loss: 0.342787
2026-01-02 17:30:36,973 - experiment_chaotic_lorenz_full_chaotic_run_0 - INFO - Epoch 35: Train Loss: 0.2287, Train Acc: 0.9844, Val Loss: 1.1632, Val Acc: 0.6404
2026-01-02 17:30:37,577 - experiment_chaotic_lorenz_full_chaotic_run_0 - INFO - Train Epoch 36: [0/472 (0.0%)]	Loss: 0.264432
2026-01-02 17:30:44,127 - experiment_chaotic_lorenz_full_chaotic_run_0 - INFO - Epoch 36: Train Loss: 0.2335, Train Acc: 0.9821, Val Loss: 4.1958, Val Acc: 0.3820
2026-01-02 17:30:44,725 - experiment_chaotic_lorenz_full_chaotic_run_0 - INFO - Train Epoch 37: [0/472 (0.0%)]	Loss: 0.176308
2026-01-02 17:30:51,305 - experiment_chaotic_lorenz_full_chaotic_run_0 - INFO - Epoch 37: Train Loss: 0.2528, Train Acc: 0.9777, Val Loss: 5.9263, Val Acc: 0.1124
2026-01-02 17:30:51,909 - experiment_chaotic_lorenz_full_chaotic_run_0 - INFO - Train Epoch 38: [0/472 (0.0%)]	Loss: 0.372523
2026-01-02 17:30:58,546 - experiment_chaotic_lorenz_full_chaotic_run_0 - INFO - Epoch 38: Train Loss: 0.2303, Train Acc: 0.9777, Val Loss: 3.4439, Val Acc: 0.2135
2026-01-02 17:30:59,142 - experiment_chaotic_lorenz_full_chaotic_run_0 - INFO - Train Epoch 39: [0/472 (0.0%)]	Loss: 0.346679
2026-01-02 17:31:05,738 - experiment_chaotic_lorenz_full_chaotic_run_0 - INFO - Epoch 39: Train Loss: 0.2236, Train Acc: 0.9777, Val Loss: 5.8636, Val Acc: 0.1461
2026-01-02 17:31:06,340 - experiment_chaotic_lorenz_full_chaotic_run_0 - INFO - Train Epoch 40: [0/472 (0.0%)]	Loss: 0.247429
2026-01-02 17:31:12,932 - experiment_chaotic_lorenz_full_chaotic_run_0 - INFO - Epoch 40: Train Loss: 0.2148, Train Acc: 0.9799, Val Loss: 3.5751, Val Acc: 0.3146
2026-01-02 17:31:13,619 - experiment_chaotic_lorenz_full_chaotic_run_0 - INFO - Train Epoch 41: [0/472 (0.0%)]	Loss: 0.157655
2026-01-02 17:31:20,258 - experiment_chaotic_lorenz_full_chaotic_run_0 - INFO - Epoch 41: Train Loss: 0.1874, Train Acc: 0.9911, Val Loss: 5.7572, Val Acc: 0.1461
2026-01-02 17:31:20,865 - experiment_chaotic_lorenz_full_chaotic_run_0 - INFO - Train Epoch 42: [0/472 (0.0%)]	Loss: 0.218860
2026-01-02 17:31:27,499 - experiment_chaotic_lorenz_full_chaotic_run_0 - INFO - Epoch 42: Train Loss: 0.2160, Train Acc: 0.9688, Val Loss: 5.5185, Val Acc: 0.1011
2026-01-02 17:31:28,119 - experiment_chaotic_lorenz_full_chaotic_run_0 - INFO - Train Epoch 43: [0/472 (0.0%)]	Loss: 0.218620
2026-01-02 17:31:34,708 - experiment_chaotic_lorenz_full_chaotic_run_0 - INFO - Epoch 43: Train Loss: 0.1707, Train Acc: 0.9933, Val Loss: 7.3920, Val Acc: 0.0899
2026-01-02 17:31:35,321 - experiment_chaotic_lorenz_full_chaotic_run_0 - INFO - Train Epoch 44: [0/472 (0.0%)]	Loss: 0.165006
2026-01-02 17:31:41,942 - experiment_chaotic_lorenz_full_chaotic_run_0 - INFO - Epoch 44: Train Loss: 0.1813, Train Acc: 0.9866, Val Loss: 3.1547, Val Acc: 0.4157
2026-01-02 17:31:42,541 - experiment_chaotic_lorenz_full_chaotic_run_0 - INFO - Train Epoch 45: [0/472 (0.0%)]	Loss: 0.139783
2026-01-02 17:31:49,163 - experiment_chaotic_lorenz_full_chaotic_run_0 - INFO - Epoch 45: Train Loss: 0.1572, Train Acc: 0.9911, Val Loss: 7.6535, Val Acc: 0.0449
2026-01-02 17:31:49,771 - experiment_chaotic_lorenz_full_chaotic_run_0 - INFO - Train Epoch 46: [0/472 (0.0%)]	Loss: 0.215768
2026-01-02 17:31:56,382 - experiment_chaotic_lorenz_full_chaotic_run_0 - INFO - Epoch 46: Train Loss: 0.1718, Train Acc: 0.9888, Val Loss: 8.5497, Val Acc: 0.0449
2026-01-02 17:31:56,991 - experiment_chaotic_lorenz_full_chaotic_run_0 - INFO - Train Epoch 47: [0/472 (0.0%)]	Loss: 0.184837
2026-01-02 17:32:03,598 - experiment_chaotic_lorenz_full_chaotic_run_0 - INFO - Epoch 47: Train Loss: 0.1770, Train Acc: 0.9844, Val Loss: 4.2289, Val Acc: 0.3258
2026-01-02 17:32:04,204 - experiment_chaotic_lorenz_full_chaotic_run_0 - INFO - Train Epoch 48: [0/472 (0.0%)]	Loss: 0.162946
2026-01-02 17:32:10,819 - experiment_chaotic_lorenz_full_chaotic_run_0 - INFO - Epoch 48: Train Loss: 0.1852, Train Acc: 0.9866, Val Loss: 3.6275, Val Acc: 0.2921
2026-01-02 17:32:11,426 - experiment_chaotic_lorenz_full_chaotic_run_0 - INFO - Train Epoch 49: [0/472 (0.0%)]	Loss: 0.192864
2026-01-02 17:32:18,034 - experiment_chaotic_lorenz_full_chaotic_run_0 - INFO - Epoch 49: Train Loss: 0.1554, Train Acc: 0.9911, Val Loss: 3.5930, Val Acc: 0.3483
2026-01-02 17:32:18,635 - experiment_chaotic_lorenz_full_chaotic_run_0 - INFO - Train Epoch 50: [0/472 (0.0%)]	Loss: 0.147203
2026-01-02 17:32:25,282 - experiment_chaotic_lorenz_full_chaotic_run_0 - INFO - Epoch 50: Train Loss: 0.1574, Train Acc: 0.9955, Val Loss: 7.7825, Val Acc: 0.0449
2026-01-02 17:32:25,979 - experiment_chaotic_lorenz_full_chaotic_run_0 - INFO - Train Epoch 51: [0/472 (0.0%)]	Loss: 0.185785
2026-01-02 17:32:32,569 - experiment_chaotic_lorenz_full_chaotic_run_0 - INFO - Epoch 51: Train Loss: 0.1372, Train Acc: 0.9978, Val Loss: 3.7484, Val Acc: 0.3146
2026-01-02 17:32:33,175 - experiment_chaotic_lorenz_full_chaotic_run_0 - INFO - Train Epoch 52: [0/472 (0.0%)]	Loss: 0.131586
2026-01-02 17:32:39,903 - experiment_chaotic_lorenz_full_chaotic_run_0 - INFO - Epoch 52: Train Loss: 0.1526, Train Acc: 0.9888, Val Loss: 3.1699, Val Acc: 0.4719
2026-01-02 17:32:40,520 - experiment_chaotic_lorenz_full_chaotic_run_0 - INFO - Train Epoch 53: [0/472 (0.0%)]	Loss: 0.188823
2026-01-02 17:32:47,344 - experiment_chaotic_lorenz_full_chaotic_run_0 - INFO - Epoch 53: Train Loss: 0.1431, Train Acc: 0.9933, Val Loss: 3.7051, Val Acc: 0.3933
2026-01-02 17:32:47,961 - experiment_chaotic_lorenz_full_chaotic_run_0 - INFO - Train Epoch 54: [0/472 (0.0%)]	Loss: 0.131882
2026-01-02 17:32:54,723 - experiment_chaotic_lorenz_full_chaotic_run_0 - INFO - Epoch 54: Train Loss: 0.1413, Train Acc: 0.9911, Val Loss: 2.5050, Val Acc: 0.4719
2026-01-02 17:32:55,372 - experiment_chaotic_lorenz_full_chaotic_run_0 - INFO - Train Epoch 55: [0/472 (0.0%)]	Loss: 0.142689
2026-01-02 17:33:01,946 - experiment_chaotic_lorenz_full_chaotic_run_0 - INFO - Epoch 55: Train Loss: 0.1443, Train Acc: 0.9933, Val Loss: 6.4694, Val Acc: 0.1798
2026-01-02 17:33:02,567 - experiment_chaotic_lorenz_full_chaotic_run_0 - INFO - Train Epoch 56: [0/472 (0.0%)]	Loss: 0.129910
2026-01-02 17:33:09,257 - experiment_chaotic_lorenz_full_chaotic_run_0 - INFO - Epoch 56: Train Loss: 0.1318, Train Acc: 0.9978, Val Loss: 2.6824, Val Acc: 0.5056
2026-01-02 17:33:09,858 - experiment_chaotic_lorenz_full_chaotic_run_0 - INFO - Train Epoch 57: [0/472 (0.0%)]	Loss: 0.112679
2026-01-02 17:33:16,501 - experiment_chaotic_lorenz_full_chaotic_run_0 - INFO - Epoch 57: Train Loss: 0.1330, Train Acc: 0.9955, Val Loss: 4.4313, Val Acc: 0.2921
2026-01-02 17:33:17,109 - experiment_chaotic_lorenz_full_chaotic_run_0 - INFO - Train Epoch 58: [0/472 (0.0%)]	Loss: 0.129250
2026-01-02 17:33:23,704 - experiment_chaotic_lorenz_full_chaotic_run_0 - INFO - Epoch 58: Train Loss: 0.1473, Train Acc: 0.9933, Val Loss: 0.8127, Val Acc: 0.7865
2026-01-02 17:33:23,801 - experiment_chaotic_lorenz_full_chaotic_run_0 - INFO - Saved new best model at epoch 58
2026-01-02 17:33:24,449 - experiment_chaotic_lorenz_full_chaotic_run_0 - INFO - Train Epoch 59: [0/472 (0.0%)]	Loss: 0.125228
2026-01-02 17:33:31,102 - experiment_chaotic_lorenz_full_chaotic_run_0 - INFO - Epoch 59: Train Loss: 0.1294, Train Acc: 1.0000, Val Loss: 0.3747, Val Acc: 0.9213
2026-01-02 17:33:31,196 - experiment_chaotic_lorenz_full_chaotic_run_0 - INFO - Saved new best model at epoch 59
2026-01-02 17:33:31,846 - experiment_chaotic_lorenz_full_chaotic_run_0 - INFO - Train Epoch 60: [0/472 (0.0%)]	Loss: 0.112943
2026-01-02 17:33:38,497 - experiment_chaotic_lorenz_full_chaotic_run_0 - INFO - Epoch 60: Train Loss: 0.1225, Train Acc: 1.0000, Val Loss: 1.9214, Val Acc: 0.5730
2026-01-02 17:33:39,198 - experiment_chaotic_lorenz_full_chaotic_run_0 - INFO - Train Epoch 61: [0/472 (0.0%)]	Loss: 0.113726
2026-01-02 17:33:45,819 - experiment_chaotic_lorenz_full_chaotic_run_0 - INFO - Epoch 61: Train Loss: 0.1324, Train Acc: 0.9933, Val Loss: 0.8897, Val Acc: 0.8090
2026-01-02 17:33:46,437 - experiment_chaotic_lorenz_full_chaotic_run_0 - INFO - Train Epoch 62: [0/472 (0.0%)]	Loss: 0.126112
2026-01-02 17:33:53,090 - experiment_chaotic_lorenz_full_chaotic_run_0 - INFO - Epoch 62: Train Loss: 0.1221, Train Acc: 0.9955, Val Loss: 0.5070, Val Acc: 0.8539
2026-01-02 17:33:53,700 - experiment_chaotic_lorenz_full_chaotic_run_0 - INFO - Train Epoch 63: [0/472 (0.0%)]	Loss: 0.111125
2026-01-02 17:34:00,325 - experiment_chaotic_lorenz_full_chaotic_run_0 - INFO - Epoch 63: Train Loss: 0.1435, Train Acc: 0.9933, Val Loss: 0.9849, Val Acc: 0.7753
2026-01-02 17:34:00,933 - experiment_chaotic_lorenz_full_chaotic_run_0 - INFO - Train Epoch 64: [0/472 (0.0%)]	Loss: 0.124297
2026-01-02 17:34:07,543 - experiment_chaotic_lorenz_full_chaotic_run_0 - INFO - Epoch 64: Train Loss: 0.1318, Train Acc: 0.9933, Val Loss: 0.8182, Val Acc: 0.6966
2026-01-02 17:34:08,149 - experiment_chaotic_lorenz_full_chaotic_run_0 - INFO - Train Epoch 65: [0/472 (0.0%)]	Loss: 0.108393
2026-01-02 17:34:14,768 - experiment_chaotic_lorenz_full_chaotic_run_0 - INFO - Epoch 65: Train Loss: 0.1177, Train Acc: 1.0000, Val Loss: 4.6539, Val Acc: 0.2809
2026-01-02 17:34:15,374 - experiment_chaotic_lorenz_full_chaotic_run_0 - INFO - Train Epoch 66: [0/472 (0.0%)]	Loss: 0.110442
2026-01-02 17:34:22,047 - experiment_chaotic_lorenz_full_chaotic_run_0 - INFO - Epoch 66: Train Loss: 0.1214, Train Acc: 0.9978, Val Loss: 7.1032, Val Acc: 0.1011
2026-01-02 17:34:22,645 - experiment_chaotic_lorenz_full_chaotic_run_0 - INFO - Train Epoch 67: [0/472 (0.0%)]	Loss: 0.111262
2026-01-02 17:34:29,444 - experiment_chaotic_lorenz_full_chaotic_run_0 - INFO - Epoch 67: Train Loss: 0.1272, Train Acc: 0.9978, Val Loss: 5.2163, Val Acc: 0.2697
2026-01-02 17:34:30,047 - experiment_chaotic_lorenz_full_chaotic_run_0 - INFO - Train Epoch 68: [0/472 (0.0%)]	Loss: 0.111250
2026-01-02 17:34:36,630 - experiment_chaotic_lorenz_full_chaotic_run_0 - INFO - Epoch 68: Train Loss: 0.1131, Train Acc: 1.0000, Val Loss: 0.1173, Val Acc: 0.9663
2026-01-02 17:34:36,724 - experiment_chaotic_lorenz_full_chaotic_run_0 - INFO - Saved new best model at epoch 68
2026-01-02 17:34:37,375 - experiment_chaotic_lorenz_full_chaotic_run_0 - INFO - Train Epoch 69: [0/472 (0.0%)]	Loss: 0.117670
2026-01-02 17:34:43,993 - experiment_chaotic_lorenz_full_chaotic_run_0 - INFO - Epoch 69: Train Loss: 0.1220, Train Acc: 0.9978, Val Loss: 1.4740, Val Acc: 0.6742
2026-01-02 17:34:44,596 - experiment_chaotic_lorenz_full_chaotic_run_0 - INFO - Train Epoch 70: [0/472 (0.0%)]	Loss: 0.118415
2026-01-02 17:34:51,218 - experiment_chaotic_lorenz_full_chaotic_run_0 - INFO - Epoch 70: Train Loss: 0.1160, Train Acc: 1.0000, Val Loss: 0.5219, Val Acc: 0.8427
2026-01-02 17:34:51,929 - experiment_chaotic_lorenz_full_chaotic_run_0 - INFO - Train Epoch 71: [0/472 (0.0%)]	Loss: 0.119664
2026-01-02 17:34:58,562 - experiment_chaotic_lorenz_full_chaotic_run_0 - INFO - Epoch 71: Train Loss: 0.1321, Train Acc: 0.9911, Val Loss: 0.3048, Val Acc: 0.8989
2026-01-02 17:34:59,176 - experiment_chaotic_lorenz_full_chaotic_run_0 - INFO - Train Epoch 72: [0/472 (0.0%)]	Loss: 0.114776
2026-01-02 17:35:05,849 - experiment_chaotic_lorenz_full_chaotic_run_0 - INFO - Epoch 72: Train Loss: 0.1258, Train Acc: 0.9955, Val Loss: 1.0096, Val Acc: 0.7978
2026-01-02 17:35:06,461 - experiment_chaotic_lorenz_full_chaotic_run_0 - INFO - Train Epoch 73: [0/472 (0.0%)]	Loss: 0.121422
2026-01-02 17:35:13,088 - experiment_chaotic_lorenz_full_chaotic_run_0 - INFO - Epoch 73: Train Loss: 0.1136, Train Acc: 0.9978, Val Loss: 0.2765, Val Acc: 0.8876
2026-01-02 17:35:13,691 - experiment_chaotic_lorenz_full_chaotic_run_0 - INFO - Train Epoch 74: [0/472 (0.0%)]	Loss: 0.109289
2026-01-02 17:35:20,284 - experiment_chaotic_lorenz_full_chaotic_run_0 - INFO - Epoch 74: Train Loss: 0.1147, Train Acc: 1.0000, Val Loss: 2.9852, Val Acc: 0.4719
2026-01-02 17:35:20,892 - experiment_chaotic_lorenz_full_chaotic_run_0 - INFO - Train Epoch 75: [0/472 (0.0%)]	Loss: 0.145792
2026-01-02 17:35:27,549 - experiment_chaotic_lorenz_full_chaotic_run_0 - INFO - Epoch 75: Train Loss: 0.1327, Train Acc: 0.9911, Val Loss: 0.1005, Val Acc: 0.9775
2026-01-02 17:35:27,642 - experiment_chaotic_lorenz_full_chaotic_run_0 - INFO - Saved new best model at epoch 75
2026-01-02 17:35:28,286 - experiment_chaotic_lorenz_full_chaotic_run_0 - INFO - Train Epoch 76: [0/472 (0.0%)]	Loss: 0.106531
2026-01-02 17:35:34,985 - experiment_chaotic_lorenz_full_chaotic_run_0 - INFO - Epoch 76: Train Loss: 0.1159, Train Acc: 0.9978, Val Loss: 0.8209, Val Acc: 0.7865
2026-01-02 17:35:35,582 - experiment_chaotic_lorenz_full_chaotic_run_0 - INFO - Train Epoch 77: [0/472 (0.0%)]	Loss: 0.108590
2026-01-02 17:35:42,227 - experiment_chaotic_lorenz_full_chaotic_run_0 - INFO - Epoch 77: Train Loss: 0.1120, Train Acc: 1.0000, Val Loss: 0.2378, Val Acc: 0.9438
2026-01-02 17:35:42,825 - experiment_chaotic_lorenz_full_chaotic_run_0 - INFO - Train Epoch 78: [0/472 (0.0%)]	Loss: 0.103951
2026-01-02 17:35:49,469 - experiment_chaotic_lorenz_full_chaotic_run_0 - INFO - Epoch 78: Train Loss: 0.1140, Train Acc: 1.0000, Val Loss: 0.4759, Val Acc: 0.9213
2026-01-02 17:35:50,095 - experiment_chaotic_lorenz_full_chaotic_run_0 - INFO - Train Epoch 79: [0/472 (0.0%)]	Loss: 0.104077
2026-01-02 17:35:56,721 - experiment_chaotic_lorenz_full_chaotic_run_0 - INFO - Epoch 79: Train Loss: 0.1128, Train Acc: 1.0000, Val Loss: 0.0282, Val Acc: 1.0000
2026-01-02 17:35:56,816 - experiment_chaotic_lorenz_full_chaotic_run_0 - INFO - Saved new best model at epoch 79
2026-01-02 17:35:57,486 - experiment_chaotic_lorenz_full_chaotic_run_0 - INFO - Train Epoch 80: [0/472 (0.0%)]	Loss: 0.105468
2026-01-02 17:36:04,164 - experiment_chaotic_lorenz_full_chaotic_run_0 - INFO - Epoch 80: Train Loss: 0.1104, Train Acc: 1.0000, Val Loss: 0.0213, Val Acc: 0.9888
2026-01-02 17:36:04,862 - experiment_chaotic_lorenz_full_chaotic_run_0 - INFO - Train Epoch 81: [0/472 (0.0%)]	Loss: 0.187361
2026-01-02 17:36:11,517 - experiment_chaotic_lorenz_full_chaotic_run_0 - INFO - Epoch 81: Train Loss: 0.1206, Train Acc: 0.9978, Val Loss: 0.0700, Val Acc: 0.9775
2026-01-02 17:36:12,119 - experiment_chaotic_lorenz_full_chaotic_run_0 - INFO - Train Epoch 82: [0/472 (0.0%)]	Loss: 0.118107
2026-01-02 17:36:18,721 - experiment_chaotic_lorenz_full_chaotic_run_0 - INFO - Epoch 82: Train Loss: 0.1151, Train Acc: 1.0000, Val Loss: 0.2257, Val Acc: 0.9213
2026-01-02 17:36:19,337 - experiment_chaotic_lorenz_full_chaotic_run_0 - INFO - Train Epoch 83: [0/472 (0.0%)]	Loss: 0.106488
2026-01-02 17:36:25,970 - experiment_chaotic_lorenz_full_chaotic_run_0 - INFO - Epoch 83: Train Loss: 0.1083, Train Acc: 1.0000, Val Loss: 0.2569, Val Acc: 0.9213
2026-01-02 17:36:26,571 - experiment_chaotic_lorenz_full_chaotic_run_0 - INFO - Train Epoch 84: [0/472 (0.0%)]	Loss: 0.104372
2026-01-02 17:36:33,195 - experiment_chaotic_lorenz_full_chaotic_run_0 - INFO - Epoch 84: Train Loss: 0.1106, Train Acc: 1.0000, Val Loss: 0.0494, Val Acc: 0.9888
2026-01-02 17:36:33,803 - experiment_chaotic_lorenz_full_chaotic_run_0 - INFO - Train Epoch 85: [0/472 (0.0%)]	Loss: 0.105697
2026-01-02 17:36:40,385 - experiment_chaotic_lorenz_full_chaotic_run_0 - INFO - Epoch 85: Train Loss: 0.1083, Train Acc: 1.0000, Val Loss: 0.2175, Val Acc: 0.9326
2026-01-02 17:36:40,987 - experiment_chaotic_lorenz_full_chaotic_run_0 - INFO - Train Epoch 86: [0/472 (0.0%)]	Loss: 0.103778
2026-01-02 17:36:47,592 - experiment_chaotic_lorenz_full_chaotic_run_0 - INFO - Epoch 86: Train Loss: 0.1131, Train Acc: 0.9978, Val Loss: 0.3809, Val Acc: 0.9326
2026-01-02 17:36:48,194 - experiment_chaotic_lorenz_full_chaotic_run_0 - INFO - Train Epoch 87: [0/472 (0.0%)]	Loss: 0.103614
2026-01-02 17:36:54,813 - experiment_chaotic_lorenz_full_chaotic_run_0 - INFO - Epoch 87: Train Loss: 0.1105, Train Acc: 1.0000, Val Loss: 0.0982, Val Acc: 0.9551
2026-01-02 17:36:55,412 - experiment_chaotic_lorenz_full_chaotic_run_0 - INFO - Train Epoch 88: [0/472 (0.0%)]	Loss: 0.107995
2026-01-02 17:37:02,033 - experiment_chaotic_lorenz_full_chaotic_run_0 - INFO - Epoch 88: Train Loss: 0.1094, Train Acc: 0.9978, Val Loss: 0.1089, Val Acc: 0.9551
2026-01-02 17:37:02,634 - experiment_chaotic_lorenz_full_chaotic_run_0 - INFO - Train Epoch 89: [0/472 (0.0%)]	Loss: 0.108840
2026-01-02 17:37:09,241 - experiment_chaotic_lorenz_full_chaotic_run_0 - INFO - Epoch 89: Train Loss: 0.1091, Train Acc: 1.0000, Val Loss: 0.1935, Val Acc: 0.9326
2026-01-02 17:37:09,852 - experiment_chaotic_lorenz_full_chaotic_run_0 - INFO - Train Epoch 90: [0/472 (0.0%)]	Loss: 0.104526
2026-01-02 17:37:16,488 - experiment_chaotic_lorenz_full_chaotic_run_0 - INFO - Epoch 90: Train Loss: 0.1103, Train Acc: 0.9978, Val Loss: 0.0892, Val Acc: 0.9438
2026-01-02 17:37:17,186 - experiment_chaotic_lorenz_full_chaotic_run_0 - INFO - Train Epoch 91: [0/472 (0.0%)]	Loss: 0.132213
2026-01-02 17:37:23,807 - experiment_chaotic_lorenz_full_chaotic_run_0 - INFO - Epoch 91: Train Loss: 0.1132, Train Acc: 1.0000, Val Loss: 0.1994, Val Acc: 0.9326
2026-01-02 17:37:24,409 - experiment_chaotic_lorenz_full_chaotic_run_0 - INFO - Train Epoch 92: [0/472 (0.0%)]	Loss: 0.109904
2026-01-02 17:37:30,995 - experiment_chaotic_lorenz_full_chaotic_run_0 - INFO - Epoch 92: Train Loss: 0.1091, Train Acc: 1.0000, Val Loss: 0.0560, Val Acc: 0.9663
2026-01-02 17:37:31,591 - experiment_chaotic_lorenz_full_chaotic_run_0 - INFO - Train Epoch 93: [0/472 (0.0%)]	Loss: 0.116519
2026-01-02 17:37:38,227 - experiment_chaotic_lorenz_full_chaotic_run_0 - INFO - Epoch 93: Train Loss: 0.1125, Train Acc: 1.0000, Val Loss: 0.0340, Val Acc: 0.9888
2026-01-02 17:37:38,834 - experiment_chaotic_lorenz_full_chaotic_run_0 - INFO - Train Epoch 94: [0/472 (0.0%)]	Loss: 0.126385
2026-01-02 17:37:45,433 - experiment_chaotic_lorenz_full_chaotic_run_0 - INFO - Epoch 94: Train Loss: 0.1142, Train Acc: 0.9978, Val Loss: 0.0286, Val Acc: 0.9888
2026-01-02 17:37:46,048 - experiment_chaotic_lorenz_full_chaotic_run_0 - INFO - Train Epoch 95: [0/472 (0.0%)]	Loss: 0.113157
2026-01-02 17:37:52,598 - experiment_chaotic_lorenz_full_chaotic_run_0 - INFO - Epoch 95: Train Loss: 0.1123, Train Acc: 1.0000, Val Loss: 0.0353, Val Acc: 0.9888
2026-01-02 17:37:53,208 - experiment_chaotic_lorenz_full_chaotic_run_0 - INFO - Train Epoch 96: [0/472 (0.0%)]	Loss: 0.119860
2026-01-02 17:37:59,857 - experiment_chaotic_lorenz_full_chaotic_run_0 - INFO - Epoch 96: Train Loss: 0.1081, Train Acc: 1.0000, Val Loss: 0.0350, Val Acc: 0.9888
2026-01-02 17:38:00,464 - experiment_chaotic_lorenz_full_chaotic_run_0 - INFO - Train Epoch 97: [0/472 (0.0%)]	Loss: 0.103344
2026-01-02 17:38:07,092 - experiment_chaotic_lorenz_full_chaotic_run_0 - INFO - Epoch 97: Train Loss: 0.1086, Train Acc: 1.0000, Val Loss: 0.0331, Val Acc: 0.9888
2026-01-02 17:38:07,704 - experiment_chaotic_lorenz_full_chaotic_run_0 - INFO - Train Epoch 98: [0/472 (0.0%)]	Loss: 0.110736
2026-01-02 17:38:14,346 - experiment_chaotic_lorenz_full_chaotic_run_0 - INFO - Epoch 98: Train Loss: 0.1160, Train Acc: 0.9978, Val Loss: 0.0358, Val Acc: 0.9888
2026-01-02 17:38:14,948 - experiment_chaotic_lorenz_full_chaotic_run_0 - INFO - Train Epoch 99: [0/472 (0.0%)]	Loss: 0.104980
2026-01-02 17:38:21,568 - experiment_chaotic_lorenz_full_chaotic_run_0 - INFO - Epoch 99: Train Loss: 0.1088, Train Acc: 1.0000, Val Loss: 0.0441, Val Acc: 0.9888
2026-01-02 17:38:21,573 - experiment_chaotic_lorenz_full_chaotic_run_0 - INFO - Running final test evaluation...
2026-01-02 17:38:23,820 - experiment_chaotic_lorenz_full_chaotic_run_0 - INFO - Test Results:
2026-01-02 17:38:23,820 - experiment_chaotic_lorenz_full_chaotic_run_0 - INFO -   loss: 0.1068
2026-01-02 17:38:23,820 - experiment_chaotic_lorenz_full_chaotic_run_0 - INFO -   accuracy: 0.9746
2026-01-02 17:38:23,820 - experiment_chaotic_lorenz_full_chaotic_run_0 - INFO -   avg_confidence: 0.3423
2026-01-02 17:38:23,820 - experiment_chaotic_lorenz_full_chaotic_run_0 - INFO -   embedding_diversity: 0.3713
2026-01-02 17:38:23,820 - experiment_chaotic_lorenz_full_chaotic_run_0 - INFO -   embedding_norm_mean: 1.0000
2026-01-02 17:38:23,820 - experiment_chaotic_lorenz_full_chaotic_run_0 - INFO -   embedding_norm_std: 0.0000
2026-01-02 17:38:23,822 - experiment_chaotic_lorenz_full_chaotic_run_0 - INFO - Training completed
2026-01-02 17:38:24,590 - experiment_chaotic_lorenz_full_chaotic_run_0 - INFO - Running comprehensive chaotic network analysis...
2026-01-02 17:38:24,590 - experiment_chaotic_lorenz_full_chaotic_run_0 - INFO - Analyzing chaotic features and dynamics...
2026-01-02 17:38:25,708 - experiment_chaotic_lorenz_full_chaotic_run_0 - INFO - Chaotic analysis completed
2026-01-02 17:38:25,710 - experiment_chaotic_lorenz_full_chaotic_run_0 - INFO - Creating chaotic dynamics visualizations...
2026-01-02 17:38:28,025 - experiment_chaotic_lorenz_full_chaotic_run_0 - WARNING - Embedding plotting failed: boolean index did not match indexed array along dimension 0; dimension is 8 but corresponding boolean dimension is 32
2026-01-02 17:38:28,031 - experiment_chaotic_lorenz_full_chaotic_run_0 - INFO - Chaotic network analysis completed
